{
  "rawProbe": {
    "error": "spawnSync /tmp/bb-2343-shell-yowrTD/slow-login-shell ETIMEDOUT",
    "signal": null,
    "status": 0,
    "stdout": "/opt/user-tools:/usr/bin:/bin:/usr/sbin:/sbin"
  },
  "elapsedMs": 2002,
  "expectedPath": "/opt/user-tools:/usr/bin:/bin:/usr/sbin:/sbin",
  "actualPath": "/usr/bin:/bin:/usr/sbin:/sbin",
  "childPath": "/usr/bin:/bin:/usr/sbin:/sbin",
  "result": {
    "kind": "unchanged",
    "reason": "shell-error"
  },
  "warning": "Could not load the user shell PATH for the packaged desktop app: spawnSync /tmp/bb-2343-shell-yowrTD/slow-login-shell ETIMEDOUT. Continuing with the inherited PATH.",
  "node": {
    "status": 127,
    "stderr": "env: 'node': No such file or directory\nenv: use -[v]S to pass options in shebang lines"
  },
  "gh": {
    "status": 127,
    "stderr": "env: 'gh': No such file or directory\nenv: use -[v]S to pass options in shebang lines"
  }
}
