{"node":"v22.22.3","platform":"darwin","arch":"arm64","mode":"generation","typescript":false}
(node:17929) ExperimentalWarning: stripTypeScriptTypes is an experimental feature and might change at any time
(Use `node --trace-warnings ...` to show where the warning was created)
{"load":1,"heapGrowthMiB":2.1}
{"load":2,"heapGrowthMiB":4.13}
{"load":3,"heapGrowthMiB":6.17}
{"load":4,"heapGrowthMiB":8.21}
{"load":5,"heapGrowthMiB":10.24}
{"load":6,"heapGrowthMiB":12.28}
{"load":7,"heapGrowthMiB":14.31}
{"load":8,"heapGrowthMiB":16.36}
{"afterForget":true,"liveReferences":8,"uniqueRetainedStates":8}
node:internal/modules/run_main:123
    triggerUncaughtException(
    ^

AssertionError [ERR_ASSERTION]: Disposed generations should not retain all prior module states

8 !== 1

    at file:///REPORT/retention.mjs:56:59 {
  generatedMessage: false,
  code: 'ERR_ASSERTION',
  actual: 8,
  expected: 1,
  operator: 'strictEqual',
  diff: 'simple'
}

Node.js v22.22.3
