• turbo 2.10.12

   • Packages in scope: bb-plugin-ask-user-question
   • Running test, typecheck in 1 packages
   • Remote caching disabled, using shared worktree cache

//:ensure-native-modules: cache bypass, force executing 84749a15ba830f21
@bb/templates:generate:plugin-scaffold: cache hit, replaying logs 71ac8451c7ac284d
@bb/templates:generate:plugin-scaffold: 
@bb/templates:generate:plugin-scaffold: > @bb/templates@0.0.1 generate:plugin-scaffold <checkout>
@bb/templates:generate:plugin-scaffold: > node ./scripts/generate-plugin-scaffold.mjs
@bb/templates:generate:plugin-scaffold: 
@bb/templates:generate:templates: cache hit, replaying logs 9c7c901b24446637
@bb/templates:generate:templates: 
@bb/templates:generate:templates: > @bb/templates@0.0.1 generate:templates <checkout>
@bb/templates:generate:templates: > node ./scripts/generate-templates.mjs
@bb/templates:generate:templates: 
@bb/plugin-build:generate: cache hit, replaying logs b4c102742ba20ef1
@bb/plugin-build:generate: 
@bb/plugin-build:generate: > @bb/plugin-build@0.0.1 generate <checkout>
@bb/plugin-build:generate: > node ./scripts/generate-plugin-theme.mjs && node ./scripts/generate-runtime-export-manifest.mjs
@bb/plugin-build:generate: 
@bb/plugin-build:generate: wrote packages/plugin-build/src/generated/plugin-theme.generated.ts
@bb/plugin-build:generate: wrote <checkout> (react@19.2.4)
@get-bb/plugin-sdk:build:types: cache hit, replaying logs 791d62e6e1f2e460
@get-bb/plugin-sdk:build:types: 
@get-bb/plugin-sdk:build:types: > @get-bb/plugin-sdk@0.4.99 build:types <checkout>
@get-bb/plugin-sdk:build:types: > node scripts/build-bundled-dts.mjs
@get-bb/plugin-sdk:build:types: 
@get-bb/plugin-sdk:build:types: Wrote bundled-types/bb-plugin-sdk.d.ts
@get-bb/plugin-sdk:build:types: Wrote bundled-types/bb-plugin-sdk-ai-services.d.ts
@get-bb/plugin-sdk:build:types: Wrote bundled-types/bb-plugin-sdk-provider-bridge.d.ts
@get-bb/plugin-sdk:build:types: Wrote bundled-types/bb-plugin-sdk-provider-bridge-testing.d.ts
@get-bb/plugin-sdk:build:types: Wrote bundled-types/bb-plugin-sdk-provider-bridge-acp.d.ts
@get-bb/plugin-sdk:build:types: Wrote bundled-types/bb-plugin-sdk-environment-provider.d.ts
@get-bb/plugin-sdk:build:types: Wrote bundled-types/bb-plugin-sdk-machine-provider.d.ts
@get-bb/plugin-sdk:build:types: Wrote bundled-types/bb-plugin-sdk-app.d.ts
@get-bb/plugin-sdk:build:types: Wrote bundled-types/bb-plugin-sdk-host.d.ts
@get-bb/plugin-sdk:build:types: Wrote bundled-types/bb-plugin-sdk-internal-composer-customization-validation.d.ts
@get-bb/plugin-sdk:build:types: Wrote bundled-types/bb-plugin-sdk-internal-composer-view.d.ts
@get-bb/plugin-sdk:build:types: Wrote bundled-types/bb-plugin-sdk-internal-file-navigation-validation.d.ts
@get-bb/plugin-sdk:build:types: Wrote bundled-types/bb-plugin-sdk-internal-host-policy.d.ts
@get-bb/plugin-sdk:build:types: Wrote bundled-types/bb-plugin-sdk-internal-plugin-app-collector.d.ts
@get-bb/plugin-sdk:build:types: Wrote bundled-types/bb-plugin-sdk-testing.d.ts
@get-bb/plugin-sdk:build:types: Wrote bundled-types/bb-plugin-sdk-testing-app.d.ts
@get-bb/plugin-sdk:build:types: Wrote bundled-types/bb-plugin-sdk-testing-host.d.ts
bb-plugin-ask-user-question:typecheck: cache miss, executing db7f3597976a4363
//:ensure-native-modules: 
//:ensure-native-modules: > bb@ ensure-native-modules <checkout>
//:ensure-native-modules: > node scripts/ensure-native-modules.mjs
//:ensure-native-modules: 
bb-plugin-ask-user-question:typecheck: 
bb-plugin-ask-user-question:typecheck: > bb-plugin-ask-user-question@0.1.0 typecheck <checkout>
bb-plugin-ask-user-question:typecheck: > tsc --noEmit
bb-plugin-ask-user-question:typecheck: 
bb-plugin-ask-user-question:test: cache miss, executing c10dc320e494c863
bb-plugin-ask-user-question:test: 
bb-plugin-ask-user-question:test: > bb-plugin-ask-user-question@0.1.0 test <checkout>
bb-plugin-ask-user-question:test: > vitest run --config vitest.config.ts
bb-plugin-ask-user-question:test: 
bb-plugin-ask-user-question:test: 
bb-plugin-ask-user-question:test:  RUN  v4.1.1 <checkout>
bb-plugin-ask-user-question:test: 
bb-plugin-ask-user-question:test:  ✓ src/translate.test.ts (15 tests) 7ms
bb-plugin-ask-user-question:test:  ✓ src/server-harness.test.ts (19 tests) 20ms
bb-plugin-ask-user-question:test:  ✓ app.test.tsx (3 tests) 45ms
bb-plugin-ask-user-question:test: 
bb-plugin-ask-user-question:test:  Test Files  3 passed (3)
bb-plugin-ask-user-question:test:       Tests  37 passed (37)
bb-plugin-ask-user-question:test:    Start at  04:59:28
bb-plugin-ask-user-question:test:    Duration  1.10s (transform 578ms, setup 0ms, import 1.07s, tests 71ms, environment 644ms)
bb-plugin-ask-user-question:test: 

 Tasks:    7 successful, 7 total
Cached:    4 cached, 7 total
  Time:    2.08s 

