225:@bb/server:dev: [08:15:05] ERROR: [server] [plugin:automations] Skipping due automation auto_mcgeq09mobi with invalid stored configuration: [
226-@bb/server:dev:   {
227-@bb/server:dev:     "origin": "string",
228-@bb/server:dev:     "code": "too_big",
229-@bb/server:dev:     "maximum": 8000,
230-@bb/server:dev:     "inclusive": true,
231-@bb/server:dev:     "path": [
232-@bb/server:dev:       "prompt"
233-@bb/server:dev:     ],
234-@bb/server:dev:     "message": "Too big: expected string to have <=8000 characters"
235-@bb/server:dev:   }
236-@bb/server:dev: ]
237:@bb/server:dev: [08:15:15] ERROR: [server] [plugin:automations] Skipping due automation auto_mcgeq09mobi with invalid stored configuration: [
238-@bb/server:dev:   {
239-@bb/server:dev:     "origin": "string",
240-@bb/server:dev:     "code": "too_big",
auto_yhtjhct4oum|healthy-A|0|0||
auto_mcgeq09mobi|victim-B|1|0|2026-08-21 15:15:00|
0
Fri Aug 21 15:15:36 UTC 2026
