• turbo 2.8.3
• Packages in scope: @bb/host-daemon
• Running test in 1 packages
• Remote caching disabled, using shared worktree cache
@bb/templates:generate:plugin-scaffold: cache bypass, force executing 1859d188fcb9a264
@bb/templates:generate:templates: cache bypass, force executing 905d7d460043aa29
@bb/plugin-build:generate: cache bypass, force executing bd0094d87b2caa00
//:ensure-native-modules: cache bypass, force executing 3223e1d12aacc0cb
@get-bb/plugin-sdk:build:types: cache bypass, force executing 4a9b69a50d3981b8
@bb/templates:generate:templates: 
@bb/templates:generate:templates: > @bb/templates@0.0.1 generate:templates /tmp/bb-report-2370-revise-aZHD4M/packages/templates
@bb/templates:generate:templates: > node ./scripts/generate-templates.mjs
@bb/templates:generate:templates: 
@bb/templates:generate:plugin-scaffold: 
@bb/templates:generate:plugin-scaffold: > @bb/templates@0.0.1 generate:plugin-scaffold /tmp/bb-report-2370-revise-aZHD4M/packages/templates
@bb/templates:generate:plugin-scaffold: > node ./scripts/generate-plugin-scaffold.mjs
@bb/templates:generate:plugin-scaffold: 
@bb/plugin-build:generate: 
@bb/plugin-build:generate: > @bb/plugin-build@0.0.1 generate /tmp/bb-report-2370-revise-aZHD4M/packages/plugin-build
@bb/plugin-build:generate: > node ./scripts/generate-plugin-theme.mjs && node ./scripts/generate-runtime-export-manifest.mjs
@bb/plugin-build:generate: 
@get-bb/plugin-sdk:build:types: 
@get-bb/plugin-sdk:build:types: > @get-bb/plugin-sdk@0.4.24 build:types /tmp/bb-report-2370-revise-aZHD4M/packages/plugin-sdk
@get-bb/plugin-sdk:build:types: > node scripts/build-bundled-dts.mjs
@get-bb/plugin-sdk:build:types: 
//:ensure-native-modules: 
//:ensure-native-modules: > bb@ ensure-native-modules /tmp/bb-report-2370-revise-aZHD4M
//:ensure-native-modules: > node scripts/ensure-native-modules.mjs
//:ensure-native-modules: 
@bb/plugin-build:generate: plugin-theme.generated.ts up to date
@bb/plugin-build:generate: wrote /tmp/bb-report-2370-revise-aZHD4M/packages/plugin-build/src/generated/runtime-export-manifest.generated.ts (react@19.2.4)
@get-bb/plugin-sdk:build:types: Unchanged bundled-types/bb-plugin-sdk.d.ts
@get-bb/plugin-sdk:build:types: Unchanged bundled-types/bb-plugin-sdk-app.d.ts
@get-bb/plugin-sdk:build:types: Unchanged bundled-types/bb-plugin-sdk-provider-bridge.d.ts
@get-bb/plugin-sdk:build:types: Unchanged bundled-types/bb-plugin-sdk-ai-services.d.ts
@get-bb/plugin-sdk:build:types: Unchanged bundled-types/bb-plugin-sdk-provider-bridge-testing.d.ts
@get-bb/plugin-sdk:build:types: Unchanged bundled-types/bb-plugin-sdk-provider-bridge-acp.d.ts
@get-bb/plugin-sdk:build:types: Unchanged bundled-types/bb-plugin-sdk-host.d.ts
@get-bb/plugin-sdk:build:types: Unchanged bundled-types/bb-plugin-sdk-internal-composer-customization-validation.d.ts
@get-bb/plugin-sdk:build:types: Unchanged bundled-types/bb-plugin-sdk-internal-composer-view.d.ts
@get-bb/plugin-sdk:build:types: Unchanged bundled-types/bb-plugin-sdk-internal-file-navigation-validation.d.ts
@get-bb/plugin-sdk:build:types: Unchanged bundled-types/bb-plugin-sdk-internal-host-policy.d.ts
@get-bb/plugin-sdk:build:types: Unchanged bundled-types/bb-plugin-sdk-internal-plugin-app-collector.d.ts
@get-bb/plugin-sdk:build:types: Unchanged bundled-types/bb-plugin-sdk-testing.d.ts
@get-bb/plugin-sdk:build:types: Unchanged bundled-types/bb-plugin-sdk-testing-app.d.ts
@get-bb/plugin-sdk:build:types: Unchanged bundled-types/bb-plugin-sdk-testing-host.d.ts
@get-bb/plugin-sdk:build: cache bypass, force executing 64ab4cd0f966515b
@get-bb/plugin-sdk:build: 
@get-bb/plugin-sdk:build: > @get-bb/plugin-sdk@0.4.24 build /tmp/bb-report-2370-revise-aZHD4M/packages/plugin-sdk
@get-bb/plugin-sdk:build: > node scripts/build-runtime.mjs
@get-bb/plugin-sdk:build: 
@get-bb/plugin-sdk:build: Built 17 @get-bb/plugin-sdk runtime entries.
@bb/host-daemon:test: cache bypass, force executing 602b7f5a3306cc04
@bb/host-daemon:test: 
@bb/host-daemon:test: > @bb/host-daemon@0.0.1 test /tmp/bb-report-2370-revise-aZHD4M/apps/host-daemon
@bb/host-daemon:test: > vitest run --config vitest.config.ts "src/command-dispatch.test.ts" "-t" "steers an auto submit when the active turn appears after the server snapshot|rebases auto input onto the daemon's newer active turn|rejects auto input when a pending turn still has no id after the wait"
@bb/host-daemon:test: 
@bb/host-daemon:test: 
@bb/host-daemon:test:  RUN  v4.1.1 /tmp/bb-report-2370-revise-aZHD4M/apps/host-daemon
@bb/host-daemon:test: 
@bb/host-daemon:test:  ✓ |@bb/host-daemon| src/command-dispatch.test.ts (40 tests | 37 skipped) 8ms
@bb/host-daemon:test: 
@bb/host-daemon:test:  Test Files  1 passed (1)
@bb/host-daemon:test:       Tests  3 passed | 37 skipped (40)
@bb/host-daemon:test:    Start at  16:13:07
@bb/host-daemon:test:    Duration  1.06s (transform 634ms, setup 0ms, import 969ms, tests 8ms, environment 0ms)
@bb/host-daemon:test: 

 Tasks:    7 successful, 7 total
Cached:    0 cached, 7 total
  Time:    21.429s 

