• turbo 2.10.12

   • Packages in scope: @bb/server
   • Running test in 1 packages
   • Remote caching disabled, using shared worktree cache

@bb/templates:generate:templates: cache bypass, force executing 63894cdf9ae44700
@bb/server:generate:bb-official-marketplace: cache bypass, force executing 4ce69094044d8c35
@bb/plugin-build:generate: cache bypass, force executing bc6ffaaaacda3b52
@bb/templates:generate:plugin-scaffold: cache bypass, force executing 99c82f9a1552f0e0
//:ensure-native-modules: cache bypass, force executing ae2232f04ba2a465
//:ensure-native-modules: 
//:ensure-native-modules: > bb@ ensure-native-modules CHECKOUT
//:ensure-native-modules: > node scripts/ensure-native-modules.mjs
//:ensure-native-modules: 
@bb/templates:generate:plugin-scaffold: 
@bb/templates:generate:plugin-scaffold: > @bb/templates@0.0.1 generate:plugin-scaffold CHECKOUT/packages/templates
@bb/templates:generate:plugin-scaffold: > node ./scripts/generate-plugin-scaffold.mjs
@bb/templates:generate:plugin-scaffold: 
@bb/templates:generate:templates: 
@bb/templates:generate:templates: > @bb/templates@0.0.1 generate:templates CHECKOUT/packages/templates
@bb/templates:generate:templates: > node ./scripts/generate-templates.mjs
@bb/templates:generate:templates: 
@bb/plugin-build:generate: 
@bb/plugin-build:generate: > @bb/plugin-build@0.0.1 generate CHECKOUT/packages/plugin-build
@bb/plugin-build:generate: > node ./scripts/generate-plugin-theme.mjs && node ./scripts/generate-runtime-export-manifest.mjs
@bb/plugin-build:generate: 
@bb/server:generate:bb-official-marketplace: 
@bb/server:generate:bb-official-marketplace: > @bb/server@0.0.1 generate:bb-official-marketplace CHECKOUT/apps/server
@bb/server:generate:bb-official-marketplace: > node --conditions=source --import tsx scripts/generate-bb-official-marketplace.ts
@bb/server:generate:bb-official-marketplace: 
@bb/plugin-build:generate: plugin-theme.generated.ts up to date
@get-bb/plugin-sdk:build:types: cache bypass, force executing dd69c86dd9d0b876
@get-bb/plugin-sdk:build: cache bypass, force executing 90eef1f09d82a7e0
@bb/plugin-build:generate: wrote CHECKOUT/packages/plugin-build/src/generated/runtime-export-manifest.generated.ts (react@19.2.4)
@bb/agent-runtime:generate:test-bridges: cache bypass, force executing 7bdfafe470aba03e
@get-bb/plugin-sdk:build: 
@get-bb/plugin-sdk:build: > @get-bb/plugin-sdk@0.5.29 build CHECKOUT/packages/plugin-sdk
@get-bb/plugin-sdk:build: > node scripts/build-runtime.mjs
@get-bb/plugin-sdk:build: 
@get-bb/plugin-sdk:build:types: 
@get-bb/plugin-sdk:build:types: > @get-bb/plugin-sdk@0.5.29 build:types CHECKOUT/packages/plugin-sdk
@get-bb/plugin-sdk:build:types: > node scripts/build-bundled-dts.mjs
@get-bb/plugin-sdk:build:types: 
@get-bb/plugin-sdk:build: Built 18 @get-bb/plugin-sdk runtime entries.
@bb/agent-runtime:generate:test-bridges: 
@bb/agent-runtime:generate:test-bridges: > @bb/agent-runtime@0.0.1 generate:test-bridges CHECKOUT/packages/agent-runtime
@bb/agent-runtime:generate:test-bridges: > node ./scripts/build-test-bridges.mjs
@bb/agent-runtime:generate:test-bridges: 
@get-bb/plugin-sdk:build:types: Unchanged bundled-types/bb-plugin-sdk.d.ts
@get-bb/plugin-sdk:build:types: Unchanged bundled-types/bb-plugin-sdk-provider-bridge.d.ts
@get-bb/plugin-sdk:build:types: Unchanged bundled-types/bb-plugin-sdk-provider-bridge-testing.d.ts
@get-bb/plugin-sdk:build:types: Unchanged bundled-types/bb-plugin-sdk-provider-bridge-acp.d.ts
@get-bb/plugin-sdk:build:types: Unchanged bundled-types/bb-plugin-sdk-environment-provider.d.ts
@get-bb/plugin-sdk:build:types: Unchanged bundled-types/bb-plugin-sdk-machine-provider.d.ts
@get-bb/plugin-sdk:build:types: Unchanged bundled-types/bb-plugin-sdk-app.d.ts
@get-bb/plugin-sdk:build:types: Unchanged bundled-types/bb-plugin-sdk-host.d.ts
@get-bb/plugin-sdk:build:types: Unchanged bundled-types/bb-plugin-sdk-internal-composer-customization-validation.d.ts
@get-bb/plugin-sdk:build:types: Unchanged bundled-types/bb-plugin-sdk-internal-composer-view.d.ts
@get-bb/plugin-sdk:build:types: Unchanged bundled-types/bb-plugin-sdk-internal-file-navigation-validation.d.ts
@get-bb/plugin-sdk:build:types: Unchanged bundled-types/bb-plugin-sdk-internal-host-policy.d.ts
@get-bb/plugin-sdk:build:types: Unchanged bundled-types/bb-plugin-sdk-internal-plugin-app-collector.d.ts
@get-bb/plugin-sdk:build:types: Unchanged bundled-types/bb-plugin-sdk-testing.d.ts
@get-bb/plugin-sdk:build:types: Unchanged bundled-types/bb-plugin-sdk-testing-app.d.ts
@get-bb/plugin-sdk:build:types: Unchanged bundled-types/bb-plugin-sdk-testing-host.d.ts
@bb/server:test: cache bypass, force executing f5ce875765e8e3c8
@bb/server:test: 
@bb/server:test: > @bb/server@0.0.1 test CHECKOUT/apps/server
@bb/server:test: > vitest run --config vitest.config.ts "test/hosts/daemon-file-stream.test.ts" "test/public/public-thread-data.test.ts"
@bb/server:test: 
@bb/server:test: 
@bb/server:test:  RUN  v4.1.1 CHECKOUT/apps/server
@bb/server:test: 
@bb/server:test:  ✓ |@bb/server| test/hosts/daemon-file-stream.test.ts (33 tests) 26ms
@bb/server:test:  ✓ |@bb/server:isolated| test/public/public-thread-data.test.ts (88 tests) 2378ms
@bb/server:test:      ✓ expands the newest slice when a large delegation parent completes last  428ms
@bb/server:test: 
@bb/server:test:  Test Files  2 passed (2)
@bb/server:test:       Tests  121 passed (121)
@bb/server:test:    Start at  15:03:36
@bb/server:test:    Duration  4.80s (transform 2.55s, setup 1.27s, import 2.63s, tests 2.40s, environment 0ms)
@bb/server:test: 

 Tasks:    9 successful, 9 total
Cached:    0 cached, 9 total
  Time:    15.25s 

