
> check
> node scripts/build.mjs --liveness

npm error code E404
npm error 404 Unpublished on 2026-08-26T23:00:34.123Z
npm error 404
npm error 404  The requested resource 'bb-plugin-taskboard' could not be found or you do not have permission to access it.
npm error 404
npm error 404 Note that you can also install from a
npm error 404 tarball, folder, http url, or git url.
npm error A complete log of this run can be found in: /home/sawyer/.npm/_logs/2026-08-27T16_42_13_704Z-debug-0.log
npm error code E404
npm error 404 Unpublished on 2026-08-26T23:00:13.963Z
npm error 404
npm error 404  The requested resource 'bb-plugin-usage-tracker' could not be found or you do not have permission to access it.
npm error 404
npm error 404 Note that you can also install from a
npm error 404 tarball, folder, http url, or git url.
npm error A complete log of this run can be found in: /home/sawyer/.npm/_logs/2026-08-27T16_42_19_707Z-debug-0.log
error: schema: /plugins/0 must NOT have additional properties
error: taskboard: liveness check failed (Command failed: npm view bb-plugin-taskboard name)
error: usage-tracker: liveness check failed (Command failed: npm view bb-plugin-usage-tracker name)
