
 RUN  v4.1.1 <checkout-a>/packages/thread-view

 ❯ |@bb/thread-view| test/repro/issue-3144.test.ts (1 test | 1 failed) 4ms
   × keeps assistant prose visible across completed-turn work 4ms

⎯⎯⎯⎯⎯⎯⎯ Failed Tests 1 ⎯⎯⎯⎯⎯⎯⎯

 FAIL  |@bb/thread-view| test/repro/issue-3144.test.ts > keeps assistant prose visible across completed-turn work
AssertionError: expected [ Array(1) ] to deeply equal [ 'visible:first-analysis', …(3) ]

- Expected
+ Received

  [
-   "visible:first-analysis",
-   "summary:first-read",
-   "visible:second-analysis",
-   "summary:second-read",
+   "summary:first-analysis,first-read,second-analysis,second-read",
  ]

 ❯ test/repro/issue-3144.test.ts:88:5
     86|         : `summary:${item.sourceMessages.map((message) => message.id).…
     87|     ),
     88|   ).toEqual([
       |     ^
     89|     "visible:first-analysis",
     90|     "summary:first-read",

⎯⎯⎯⎯⎯⎯⎯⎯⎯⎯⎯⎯⎯⎯⎯⎯⎯⎯⎯⎯⎯⎯⎯⎯[1/1]⎯


 Test Files  1 failed (1)
      Tests  1 failed (1)
   Start at  13:31:34
   Duration  339ms (transform 158ms, setup 0ms, import 254ms, tests 4ms, environment 0ms)

