[
 {
  "parent": "TimelineRowsList",
  "same": true,
  "curType": "object",
  "start": 3950.5999999940395,
  "altStart": 4053.4000000059605
 },
 {
  "parent": "10",
  "same": true,
  "curType": "object",
  "start": 3950.5999999940395,
  "altStart": 4053.4000000059605
 },
 {
  "parent": "10",
  "same": true,
  "curType": "string",
  "start": 3950.5999999940395,
  "altStart": 4053.4000000059605
 },
 {
  "parent": "10",
  "same": true,
  "curType": "string",
  "start": 3950.5999999940395,
  "altStart": 4053.4000000059605
 },
 {
  "parent": "10",
  "same": true,
  "curType": "object",
  "start": 3950.5999999940395,
  "altStart": 4053.4000000059605
 },
 {
  "parent": "10",
  "same": true,
  "curType": "object",
  "start": 3950.5999999940395,
  "altStart": 4053.4000000059605
 },
 {
  "parent": "MessageDirectiveRegistryProvider",
  "same": true,
  "curType": "object",
  "start": 3950.5999999940395,
  "altStart": 4053.4000000059605
 },
 {
  "parent": "BottomAnchoredScrollBody",
  "same": true,
  "curType": "object",
  "start": 46727.69999998808,
  "altStart": 46740.30000001192
 },
 {
  "parent": "PanelGroupWithForwardedRef",
  "same": true,
  "curType": "object",
  "start": 46724.09999999404,
  "altStart": 46740.30000001192
 },
 {
  "parent": "PluginComposerHostScopeProvider",
  "same": true,
  "curType": "object",
  "start": 46723.40000000596,
  "altStart": 46740.09999999404
 },
 {
  "parent": "UrlOpenRoutingProvider",
  "same": true,
  "curType": "object",
  "start": 46723.19999998808,
  "altStart": 46740.09999999404
 },
 {
  "parent": "10",
  "same": true,
  "curType": "function",
  "curName": "",
  "altName": "",
  "curSrc": "(link_0) => {\n\t\tconst extension = getFileExtension(link_0.path);\n\t\tconst matchin",
  "altSrc": "(link_0) => {\n\t\tconst extension = getFileExtension(link_0.path);\n\t\tconst matchin",
  "start": 46723.19999998808,
  "altStart": 46740.09999999404
 },
 {
  "parent": "PluginThreadPanelNavigationProvider",
  "same": true,
  "curType": "function",
  "curName": "",
  "altName": "",
  "curSrc": "({ pluginId, actionId, title, params }) => {\n\t\tconst action = pluginThreadPanelA",
  "altSrc": "({ pluginId, actionId, title, params }) => {\n\t\tconst action = pluginThreadPanelA",
  "start": 46723.19999998808,
  "altStart": 46740.09999999404
 },
 {
  "parent": "WorkspacePaneContent",
  "same": true,
  "curType": "object",
  "start": 46719,
  "altStart": 46740.09999999404
 },
 {
  "parent": "WorkerPoolContextProvider",
  "same": true,
  "curType": "object",
  "start": 46719,
  "altStart": 46740.09999999404
 },
 {
  "parent": "RenderedRoute",
  "same": true,
  "curType": "object",
  "start": 46719,
  "altStart": 46740.09999999404
 },
 {
  "parent": "Provider",
  "same": true,
  "curType": "object",
  "start": 46719,
  "altStart": 46740.09999999404
 },
 {
  "parent": "11",
  "same": true,
  "curType": "object",
  "start": 46719,
  "altStart": 46740.09999999404
 },
 {
  "parent": "ThreadActionsProvider",
  "same": true,
  "curType": "object",
  "start": 46719,
  "altStart": 46740.09999999404
 },
 {
  "parent": "10",
  "same": true,
  "curType": "object",
  "start": 46719,
  "altStart": 46740.09999999404
 },
 {
  "parent": "RawThreadMentionResolverProvider",
  "same": true,
  "curType": "object",
  "start": 46719,
  "altStart": 46740.09999999404
 },
 {
  "parent": "ProjectActionsProvider",
  "same": true,
  "curType": "object",
  "start": 46719,
  "altStart": 46740.09999999404
 },
 {
  "parent": "RenderedRoute",
  "same": true,
  "curType": "object",
  "start": 46719,
  "altStart": 46740.09999999404
 },
 {
  "parent": "RouteNavigationProvider",
  "same": true,
  "curType": "function",
  "curName": "t1",
  "altName": "t1",
  "curSrc": "(path) => {\n\t\t\tnavigate(path);\n\t\t}",
  "altSrc": "(path) => {\n\t\t\tnavigate(path);\n\t\t}",
  "start": 46719,
  "altStart": 46740.09999999404
 },
 {
  "parent": "10",
  "same": true,
  "curType": "boolean",
  "start": 46719,
  "altStart": 46740.09999999404
 },
 {
  "parent": "AppCommandProvider",
  "same": true,
  "curType": "object",
  "start": 46719,
  "altStart": 46740.09999999404
 },
 {
  "parent": "QuickCreateProjectProvider",
  "same": true,
  "curType": "object",
  "start": 46719,
  "altStart": 46740.09999999404
 },
 {
  "parent": "10",
  "same": true,
  "curType": "object",
  "start": 46719,
  "altStart": 46740.09999999404
 },
 {
  "parent": "Router",
  "same": true,
  "curType": "object",
  "start": 46719,
  "altStart": 46740.09999999404
 },
 {
  "parent": "QueryClientProvider",
  "same": true,
  "curType": "object",
  "start": 46719,
  "altStart": 46740.09999999404
 }
]
