mounted: {"rows":70,"nodes":2526}
{
 "dbg": {
  "v": 6035,
  "t": 128084
 },
 "mounted": {
  "rows": 70,
  "nodes": 2526
 },
 "chars": 71,
 "commits": 142,
 "changedProviders": [
  [
   "ctx @ PluginThreadPanelNavigationProvider < ThreadDetailViewInternal < ThreadDetailView < WorkspacePaneContent",
   {
    "changes": 71,
    "subtree": 6615,
    "sample": "fn:(link_0) => { const extension = getFileExtension(link_0.path); const matching = extension === null ? [] : pluginFileOpeners.filter((opener) => opener.extensions"
   }
  ],
  [
   "ctx @ Dialog < ThreadGitActionDialog < UrlOpenRoutingProvider < PluginThreadPanelNavigationProvider",
   {
    "changes": 71,
    "subtree": 9,
    "sample": "{isCompactViewport,open,onOpenChange,titleId,descriptionId,registerTitleId,registerDescriptionId}"
   }
  ],
  [
   "ctx @ PluginComposerViewProvider < FollowUpPromptBoxWithComposer < FollowUpPromptBox < ThreadDetailPromptArea",
   {
    "changes": 71,
    "subtree": 272,
    "sample": "{scope,layout,draft,run}"
   }
  ],
  [
   "ctx @ PluginComposerHostProvider < PluginComposerViewProvider < FollowUpPromptBoxWithComposer < FollowUpPromptBox",
   {
    "changes": 71,
    "subtree": 270,
    "sample": "{scope,textEffectKey,getCurrent,setDraft,focus,draft}"
   }
  ],
  [
   "ctx @ PluginComposerViewProvider < PromptBoxInternal < PromptBoxWithScrollAnchor < PluginComposerHostProvider",
   {
    "changes": 71,
    "subtree": 94,
    "sample": "{scope,layout,draft,run}"
   }
  ]
 ]
}
