== npm: 12.0.2  node: v24.18.0  HOME=/tmp/1120v/home-npm12-allow  prefix=/tmp/1120v/g-npm12-allow
== ~/.npmrc present? no
== $ /tmp/1120v/npm12/node_modules/.bin/npm install -g --prefix /tmp/1120v/g-npm12-allow bb-app@latest --allow-scripts=better-sqlite3,node-pty,@parcel/watcher
npm warn deprecated prebuild-install@7.1.3: No longer maintained. Please contact the author of the relevant native addon; alternatives are available.
npm warn deprecated node-domexception@1.0.0: Use your platform's native DOMException instead

added 200 packages in 13s

26 packages are looking for funding
  run `npm fund` for details
npm warn install-scripts 2 packages had install scripts blocked because they are not covered by allowScripts:
npm warn install-scripts   @google/genai@1.52.0 (preinstall: echo 'preinstall: no-op')
npm warn install-scripts   protobufjs@7.6.5 (postinstall: node scripts/postinstall)
npm warn install-scripts
npm warn install-scripts Run `npm install -g --allow-scripts=@google/genai,protobufjs` to allow these scripts once, or `npm config set allow-scripts=@google/genai,protobufjs --location=user` to allow them for all global installs.
== npm exit code: 0
== installed bb-app version: 0.38.0
== PRESENT better-sqlite3/build/Release/better_sqlite3.node
== PRESENT node-pty/build/Release/pty.node
== @parcel/watcher-* prebuilt platform packages: 1
== $ BB_DATA_DIR=/tmp/1120v/data-npm12-allow BB_SERVER_PORT=39881 /tmp/1120v/g-npm12-allow/bin/bb-server   (background, then curl /api/v1/hosts after 6s)
== curl http://127.0.0.1:39881/api/v1/hosts -> HTTP 200
== bb-server exit: 1
== first 20 lines of bb-server stdout/stderr:
[08:34:04] INFO: [server] Server listening {"bindHost":"127.0.0.1","port":39881,"dataDir":"/tmp/1120v/data-npm12-allow"}
node:events:487
      throw er; // Unhandled 'error' event
      ^

Error: listen EADDRINUSE: address already in use 127.0.0.1:39881
    at Server.setupListenHandle [as _listen2] (node:net:2009:16)
    at listenInCluster (node:net:2066:12)
    at node:net:2275:7
    at process.processTicksAndRejections (node:internal/process/task_queues:90:21)
Emitted 'error' event on Server instance at:
    at emitErrorNT (node:net:2045:8)
    at process.processTicksAndRejections (node:internal/process/task_queues:90:21) {
  code: 'EADDRINUSE',
  errno: -98,
  syscall: 'listen',
  address: '127.0.0.1',
  port: 39881
}

