== npm: 11.16.0  node: v24.18.0  HOME=/tmp/1120v/home-npm11  prefix=/tmp/1120v/g-npm11
== ~/.npmrc present? no
== $ npm install -g --prefix /tmp/1120v/g-npm11 bb-app@latest 
npm warn deprecated prebuild-install@7.1.3: No longer maintained. Please contact the author of the relevant native addon; alternatives are available.
npm warn deprecated node-domexception@1.0.0: Use your platform's native DOMException instead
npm warn deprecated node-domexception@1.0.0: Use your platform's native DOMException instead

added 316 packages in 11s

26 packages are looking for funding
  run `npm fund` for details
npm warn allow-scripts 7 packages have install scripts not yet covered by allowScripts:
npm warn allow-scripts   @parcel/watcher@2.5.6 (install: node scripts/build-from-source.js)
npm warn allow-scripts   better-sqlite3@12.10.0 (install: prebuild-install || node-gyp rebuild --release)
npm warn allow-scripts   node-pty@1.1.0 (install: node scripts/prebuild.js || node-gyp rebuild; postinstall: node scripts/post-install.js)
npm warn allow-scripts   @google/genai@1.52.0 (preinstall: echo 'preinstall: no-op')
npm warn allow-scripts   protobufjs@7.6.5 (postinstall: node scripts/postinstall)
npm warn allow-scripts   @google/genai@1.52.0 (preinstall: echo 'preinstall: no-op')
npm warn allow-scripts   protobufjs@7.6.5 (postinstall: node scripts/postinstall)
npm warn allow-scripts
npm warn allow-scripts Run `npm approve-scripts --allow-scripts-pending` to review, or `npm approve-scripts <pkg>` to allow.
== npm exit code: 0
== installed bb-app version: 0.38.0
== PRESENT better-sqlite3/build/Release/better_sqlite3.node
== PRESENT node-pty/build/Release/pty.node
== @parcel/watcher-* prebuilt platform packages: 1
== $ BB_DATA_DIR=/tmp/1120v/data-npm11 BB_SERVER_PORT=39881 /tmp/1120v/g-npm11/bin/bb-server   (background, then curl /api/v1/hosts after 6s)
== curl http://127.0.0.1:39881/api/v1/hosts -> HTTP 200
== bb-server exit: 143
== first 20 lines of bb-server stdout/stderr:
[08:33:44] INFO: [server] Server listening {"bindHost":"127.0.0.1","port":39881,"dataDir":"/tmp/1120v/data-npm11"}
[08:33:46] INFO: [server] plugin automations@0.1.0 loaded
[08:33:47] INFO: [server] plugin connect@0.1.0 loaded
[08:33:48] INFO: [server] plugin custom-instructions@0.1.0 loaded
[08:33:49] INFO: [server] plugin inline-vis@0.1.0 loaded
[08:33:49] WARN: [server] marketplace bb-community entry "cascade" icon https://getbb.app/marketplace/v1/icons/cascade-7b651515.svg was rejected: 
[08:33:49] WARN: [server] marketplace bb-community entry "ntfy" icon https://getbb.app/marketplace/v1/icons/ntfy-2ef77317.svg was rejected: 
[08:33:49] WARN: [server] marketplace bb-community entry "slopcop" icon https://getbb.app/marketplace/v1/icons/slopcop-35963518.svg was rejected: 
[08:33:49] WARN: [server] marketplace bb-community entry "sticky-notes" icon https://getbb.app/marketplace/v1/icons/sticky-notes-5dc1948a.svg was rejected: 
[08:33:49] INFO: [server] plugin secrets@0.1.0 loaded
