== npm on PATH: /tmp/1120w/npm12/node_modules/.bin/npm -> 12.0.2; node v24.18.0; HOME=/tmp/1120w/home-inst-npm12-fixed; BB_DATA_DIR=/tmp/1120w/machine-inst-npm12-fixed
== join code response: {"joinCode":"bbde_puPfxZbqtPhHZwNCsrJkebVZXKENPfoCmToYJQBMIRyTVgkMPeIpauohYqncfoug","hostId":"host_9huk5jufmv","expiresAt":1787063686364}
== $ curl -fsSL http://localhost:20338/install.sh | sh -s -- --join-code <code> --host-id host_9huk5jufmv --server http://localhost:20338

  bb machine setup

  ○  Setting up this machine as host_9huk5jufmv for http://localhost:20338
  ✓  Using local host-daemon port 38888
  ○  Downloading the server's bb-app package (timeout: 5 minutes)
  ✓  Downloaded the server's bb-app package
  ○  Installing the server's bb-app build
npm warn deprecated node-domexception@1.0.0: Use your platform's native DOMException instead
npm warn deprecated prebuild-install@7.1.3: No longer maintained. Please contact the author of the relevant native addon; alternatives are available.

added 200 packages in 11s

26 packages are looking for funding
  run `npm fund` for details
npm warn install-scripts 2 packages had install scripts blocked because they are not covered by allowScripts:
npm warn install-scripts   @google/genai@1.52.0 (preinstall: echo 'preinstall: no-op')
npm warn install-scripts   protobufjs@7.6.5 (postinstall: node scripts/postinstall)
npm warn install-scripts
npm warn install-scripts Run `npm install -g --allow-scripts=@google/genai,protobufjs` to allow these scripts once, or `npm config set allow-scripts=@google/genai,protobufjs --location=user` to allow them for all global installs.
  ✓  Installed the server's bb-app build
  ○  Joining http://localhost:20338 as host_9huk5jufmv
     Join progress is logged to /tmp/1120w/machine-inst-npm12-fixed/install-join.log
  ○  Waiting for the temporary host daemon to connect (up to about 2 minutes)
  ✓  Joined successfully
  !  Service installation skipped; daemon PID 3326028 is still running.
== installer exit: 0
== PRESENT better-sqlite3/build/Release/better_sqlite3.node
== PRESENT node-pty/build/Release/pty.node
== install-join.log:

  [1mbb host-daemon[0m

[2K  [2m○[0m  Enrolling and starting daemon[2K  [32m✓[0m  Host daemon running

  [32m●[0m  [1mbb host-daemon is ready[0m

     [2mserver[0m [36mhttp://localhost:20338[0m
     [2mdaemon[0m 38888
     [2mdata  [0m /tmp/1120w/machine-inst-npm12-fixed
     [2mlogs  [0m /tmp/1120w/machine-inst-npm12-fixed/logs/
     [2mlock  [0m /tmp/1120w/machine-inst-npm12-fixed/daemon.lock
== killed temporary daemon
== host status on server:
{"id":"host_9huk5jufmv","name":"bee","type":"persistent","status":"connected","maxPermissionMode":"full","lastSeenAt":1787062799323,"lastRejectedProtocolVersion":null,"createdAt":1787062799071,"updatedAt":1787062799323}
