== npm on PATH: /tmp/1120w/npm12/node_modules/.bin/npm -> 12.0.2; node v24.18.0; HOME=/tmp/1120w/home-inst-npm12; BB_DATA_DIR=/tmp/1120w/machine-inst-npm12
== join code response: {"joinCode":"bbde_fSdhuKSCOMhTWuNfuTZcyiEFbiiqvqZJMEezJRXTTTbctMDCWYWkKdZFrgHXlONb","hostId":"host_c57c2b33vt","expiresAt":1787063518108}
== $ curl -fsSL http://localhost:20338/install.sh | sh -s -- --join-code <code> --host-id host_c57c2b33vt --server http://localhost:20338

  bb machine setup

  ○  Setting up this machine as host_c57c2b33vt for http://localhost:20338
  ✓  Using local host-daemon port 38889
  ○  Downloading the server's bb-app package (timeout: 5 minutes)
  ✓  Downloaded the server's bb-app package
  ○  Installing the server's bb-app build
npm warn deprecated prebuild-install@7.1.3: No longer maintained. Please contact the author of the relevant native addon; alternatives are available.
npm warn deprecated node-domexception@1.0.0: Use your platform's native DOMException instead

added 200 packages in 10s

26 packages are looking for funding
  run `npm fund` for details
npm warn install-scripts 5 packages had install scripts blocked because they are not covered by allowScripts:
npm warn install-scripts   @parcel/watcher@2.5.6 (install: node scripts/build-from-source.js)
npm warn install-scripts   better-sqlite3@12.10.0 (install: prebuild-install || node-gyp rebuild --release)
npm warn install-scripts   node-pty@1.1.0 (install: node scripts/prebuild.js || node-gyp rebuild; postinstall: node scripts/post-install.js)
npm warn install-scripts   @google/genai@1.52.0 (preinstall: echo 'preinstall: no-op')
npm warn install-scripts   protobufjs@7.6.5 (postinstall: node scripts/postinstall)
npm warn install-scripts
npm warn install-scripts Run `npm install -g --allow-scripts=@parcel/watcher,better-sqlite3,node-pty,@google/genai,protobufjs` to allow these scripts once, or `npm config set allow-scripts=@parcel/watcher,better-sqlite3,node-pty,@google/genai,protobufjs --location=user` to allow them for all global installs.
  ✓  Installed the server's bb-app build
  ○  Joining http://localhost:20338 as host_c57c2b33vt
     Join progress is logged to /tmp/1120w/machine-inst-npm12/install-join.log
  ○  Waiting for the temporary host daemon to connect (up to about 2 minutes)
  ✗  bb host daemon exited before it connected to http://localhost:20338.
     See /tmp/1120w/machine-inst-npm12/install-join.log
== installer exit: 1
== MISSING better-sqlite3/build/Release/better_sqlite3.node
== MISSING node-pty/build/Release/pty.node
== install-join.log:

  [1mbb host-daemon[0m

[2K  [2m○[0m  Enrolling and starting daemon/tmp/1120w/machine-inst-npm12/npm/lib/node_modules/bb-app/node_modules/node-pty/lib/utils.js:36
    throw new Error("Failed to load native module: " + name + ".node, checked: " + dirs.join(', ') + ": " + lastError);
          ^

Error: Failed to load native module: pty.node, checked: build/Release, build/Debug, prebuilds/linux-x64: Error: Cannot find module './prebuilds/linux-x64//pty.node'
Require stack:
- /tmp/1120w/machine-inst-npm12/npm/lib/node_modules/bb-app/node_modules/node-pty/lib/utils.js
- /tmp/1120w/machine-inst-npm12/npm/lib/node_modules/bb-app/node_modules/node-pty/lib/index.js
    at Object.loadNativeModule (/tmp/1120w/machine-inst-npm12/npm/lib/node_modules/bb-app/node_modules/node-pty/lib/utils.js:36:11)
== killed temporary daemon
== host status on server:
{"code":"host_not_found","message":"Host not found"}
