== npm: 12.0.2  node: v24.18.0  HOME=/tmp/1120w/home-npm12-allow  prefix=/tmp/1120w/g-npm12-allow
== ~/.npmrc present? no
== $ /tmp/1120w/npm12/node_modules/.bin/npm install -g --prefix /tmp/1120w/g-npm12-allow bb-app@latest --allow-scripts=better-sqlite3,node-pty,@parcel/watcher
npm warn deprecated prebuild-install@7.1.3: No longer maintained. Please contact the author of the relevant native addon; alternatives are available.
npm warn deprecated node-domexception@1.0.0: Use your platform's native DOMException instead

added 200 packages in 10s

26 packages are looking for funding
  run `npm fund` for details
npm warn install-scripts 2 packages had install scripts blocked because they are not covered by allowScripts:
npm warn install-scripts   @google/genai@1.52.0 (preinstall: echo 'preinstall: no-op')
npm warn install-scripts   protobufjs@7.6.5 (postinstall: node scripts/postinstall)
npm warn install-scripts
npm warn install-scripts Run `npm install -g --allow-scripts=@google/genai,protobufjs` to allow these scripts once, or `npm config set allow-scripts=@google/genai,protobufjs --location=user` to allow them for all global installs.
== npm exit code: 0
== installed bb-app version: 0.38.0
== PRESENT better-sqlite3/build/Release/better_sqlite3.node
== PRESENT node-pty/build/Release/pty.node
== @parcel/watcher-* prebuilt platform packages: 1
== $ BB_DATA_DIR=/tmp/1120w/data-npm12-allow BB_SERVER_PORT=41873 /tmp/1120w/g-npm12-allow/bin/bb-server   (background, then curl /api/v1/hosts after 6s)
== curl http://127.0.0.1:41873/api/v1/hosts -> HTTP 200
== bb-server exit: 143
== first 20 lines of bb-server stdout/stderr:
[14:12:32] INFO: [server] Server listening {"bindHost":"127.0.0.1","port":41873,"dataDir":"/tmp/1120w/data-npm12-allow"}
[14:12:34] INFO: [server] plugin automations@0.1.0 loaded
[14:12:35] INFO: [server] plugin connect@0.1.0 loaded
[14:12:35] INFO: [server] plugin custom-instructions@0.1.0 loaded
[14:12:36] INFO: [server] plugin inline-vis@0.1.0 loaded
[14:12:36] WARN: [server] marketplace bb-community entry "cascade" icon https://getbb.app/marketplace/v1/icons/cascade-7b651515.svg was rejected: 
[14:12:36] WARN: [server] marketplace bb-community entry "ntfy" icon https://getbb.app/marketplace/v1/icons/ntfy-2ef77317.svg was rejected: 
[14:12:36] WARN: [server] marketplace bb-community entry "slopcop" icon https://getbb.app/marketplace/v1/icons/slopcop-35963518.svg was rejected: 
[14:12:36] WARN: [server] marketplace bb-community entry "sticky-notes" icon https://getbb.app/marketplace/v1/icons/sticky-notes-5dc1948a.svg was rejected: 
[14:12:36] INFO: [server] plugin secrets@0.1.0 loaded
