== npm: 12.0.2  node: v24.18.0  HOME=/tmp/1120w/home-npm12  prefix=/tmp/1120w/g-npm12
== ~/.npmrc present? no
== $ /tmp/1120w/npm12/node_modules/.bin/npm install -g --prefix /tmp/1120w/g-npm12 bb-app@latest 
npm warn deprecated prebuild-install@7.1.3: No longer maintained. Please contact the author of the relevant native addon; alternatives are available.
npm warn deprecated node-domexception@1.0.0: Use your platform's native DOMException instead

added 200 packages in 5s

26 packages are looking for funding
  run `npm fund` for details
npm warn install-scripts 5 packages had install scripts blocked because they are not covered by allowScripts:
npm warn install-scripts   @parcel/watcher@2.5.6 (install: node scripts/build-from-source.js)
npm warn install-scripts   better-sqlite3@12.10.0 (install: prebuild-install || node-gyp rebuild --release)
npm warn install-scripts   node-pty@1.1.0 (install: node scripts/prebuild.js || node-gyp rebuild; postinstall: node scripts/post-install.js)
npm warn install-scripts   @google/genai@1.52.0 (preinstall: echo 'preinstall: no-op')
npm warn install-scripts   protobufjs@7.6.5 (postinstall: node scripts/postinstall)
npm warn install-scripts
npm warn install-scripts Run `npm install -g --allow-scripts=@parcel/watcher,better-sqlite3,node-pty,@google/genai,protobufjs` to allow these scripts once, or `npm config set allow-scripts=@parcel/watcher,better-sqlite3,node-pty,@google/genai,protobufjs --location=user` to allow them for all global installs.
== npm exit code: 0
== installed bb-app version: 0.38.0
== MISSING better-sqlite3/build/Release/better_sqlite3.node
== MISSING node-pty/build/Release/pty.node
== @parcel/watcher-* prebuilt platform packages: 1
== $ BB_DATA_DIR=/tmp/1120w/data-npm12 BB_SERVER_PORT=41872 /tmp/1120w/g-npm12/bin/bb-server   (background, then curl /api/v1/hosts after 6s)
== curl http://127.0.0.1:41872/api/v1/hosts -> HTTP 000
== bb-server exit: 1
== first 20 lines of bb-server stdout/stderr:
Error: Could not locate the bindings file. Tried:
 → /tmp/1120w/g-npm12/lib/node_modules/bb-app/node_modules/better-sqlite3/build/better_sqlite3.node
 → /tmp/1120w/g-npm12/lib/node_modules/bb-app/node_modules/better-sqlite3/build/Debug/better_sqlite3.node
 → /tmp/1120w/g-npm12/lib/node_modules/bb-app/node_modules/better-sqlite3/build/Release/better_sqlite3.node
 → /tmp/1120w/g-npm12/lib/node_modules/bb-app/node_modules/better-sqlite3/out/Debug/better_sqlite3.node
 → /tmp/1120w/g-npm12/lib/node_modules/bb-app/node_modules/better-sqlite3/Debug/better_sqlite3.node
 → /tmp/1120w/g-npm12/lib/node_modules/bb-app/node_modules/better-sqlite3/out/Release/better_sqlite3.node
 → /tmp/1120w/g-npm12/lib/node_modules/bb-app/node_modules/better-sqlite3/Release/better_sqlite3.node
 → /tmp/1120w/g-npm12/lib/node_modules/bb-app/node_modules/better-sqlite3/build/default/better_sqlite3.node
 → /tmp/1120w/g-npm12/lib/node_modules/bb-app/node_modules/better-sqlite3/compiled/24.18.0/linux/x64/better_sqlite3.node
 → /tmp/1120w/g-npm12/lib/node_modules/bb-app/node_modules/better-sqlite3/addon-build/release/install-root/better_sqlite3.node
 → /tmp/1120w/g-npm12/lib/node_modules/bb-app/node_modules/better-sqlite3/addon-build/debug/install-root/better_sqlite3.node
 → /tmp/1120w/g-npm12/lib/node_modules/bb-app/node_modules/better-sqlite3/addon-build/default/install-root/better_sqlite3.node
 → /tmp/1120w/g-npm12/lib/node_modules/bb-app/node_modules/better-sqlite3/lib/binding/node-v137-linux-x64/better_sqlite3.node
    at bindings (/tmp/1120w/g-npm12/lib/node_modules/bb-app/node_modules/bindings/bindings.js:126:9)
    at new Database (/tmp/1120w/g-npm12/lib/node_modules/bb-app/node_modules/better-sqlite3/lib/database.js:48:64)
    at createConnection (file:///tmp/1120w/g-npm12/lib/node_modules/bb-app/server/dist/start-server.js:28217:18)
    at initDb (file:///tmp/1120w/g-npm12/lib/node_modules/bb-app/server/dist/start-server.js:284058:14)
    at Module.runServer (file:///tmp/1120w/g-npm12/lib/node_modules/bb-app/server/dist/start-server.js:324008:14)
    at main (file:///tmp/1120w/g-npm12/lib/node_modules/bb-app/server/dist/index.js:18499:22)
