
 RUN  v4.1.1 <first-checkout>/apps/app

 ❯ |@bb/app:isolated| src/hooks/issue-3812.test.tsx (2 tests | 1 failed) 25ms
   × plugin registry overlay must hide the same native view while open 5ms

⎯⎯⎯⎯⎯⎯⎯ Failed Tests 1 ⎯⎯⎯⎯⎯⎯⎯

 FAIL  |@bb/app:isolated| src/hooks/issue-3812.test.tsx > plugin registry overlay must hide the same native view while open
AssertionError: expected 'visible' to be 'hidden' // Object.is equality

Expected: "hidden"
Received: "visible"

 ❯ src/hooks/issue-3812.test.tsx:35:56
     33|   expect(screen.getByTestId("visibility").textContent).toBe("visible");
     34|   view.rerender(<Provider store={store}><Probe active={true} plugin={t…
     35|   expect(screen.getByTestId("visibility").textContent).toBe("hidden");
       |                                                        ^
     36| });
     37|

⎯⎯⎯⎯⎯⎯⎯⎯⎯⎯⎯⎯⎯⎯⎯⎯⎯⎯⎯⎯⎯⎯⎯⎯[1/1]⎯


 Test Files  1 failed (1)
      Tests  1 failed | 1 passed (2)
   Start at  16:07:30
   Duration  669ms (transform 26ms, setup 76ms, import 130ms, tests 25ms, environment 342ms)

