• turbo 2.8.3
• Packages in scope: @bb/db
• Running test in 1 packages
• Remote caching disabled, using shared worktree cache
//:ensure-native-modules: cache bypass, force executing 113508dd17d4fbbc
//:ensure-native-modules: 
//:ensure-native-modules: > bb@ ensure-native-modules <temporary-directory>/second
//:ensure-native-modules: > node scripts/ensure-native-modules.mjs
//:ensure-native-modules: 
@bb/db:test: cache miss, executing a1dcd8b741446b19
@bb/db:test: 
@bb/db:test: > @bb/db@0.0.1 test <temporary-directory>/second/packages/db
@bb/db:test: > vitest run --config vitest.config.ts "--run" "test/data/issue-3463.test.ts" "test/data/project-execution-defaults.test.ts"
@bb/db:test: 
@bb/db:test: 
@bb/db:test:  RUN  v4.1.1 <temporary-directory>/second/packages/db
@bb/db:test: 
@bb/db:test: stdout | test/data/issue-3463.test.ts > retains the first provider settings after remembering a second provider
@bb/db:test: Remembered provider rows: [{"providerId":"provider-two","model":"model-two"}]
@bb/db:test: 
@bb/db:test:  ❯ |@bb/db| test/data/issue-3463.test.ts (1 test | 1 failed) 2052ms
@bb/db:test:    × retains the first provider settings after remembering a second provider 2051ms
@bb/db:test:  ✓ |@bb/db| test/data/project-execution-defaults.test.ts (5 tests) 1854ms
@bb/db:test:      ✓ returns null when a project has no stored defaults for a provider  1766ms
@bb/db:test: 
@bb/db:test: ⎯⎯⎯⎯⎯⎯⎯ Failed Tests 1 ⎯⎯⎯⎯⎯⎯⎯
@bb/db:test: 
@bb/db:test:  FAIL  |@bb/db| test/data/issue-3463.test.ts > retains the first provider settings after remembering a second provider
@bb/db:test: AssertionError: expected [ Array(1) ] to deeply equal ArrayContaining{…}
@bb/db:test: 
@bb/db:test: - Expected
@bb/db:test: + Received
@bb/db:test: 
@bb/db:test: - ArrayContaining [
@bb/db:test: + [
@bb/db:test:     {
@bb/db:test: -     "model": "model-one",
@bb/db:test: -     "providerId": "provider-one",
@bb/db:test: +     "model": "model-two",
@bb/db:test: +     "providerId": "provider-two",
@bb/db:test:     },
@bb/db:test:   ]
@bb/db:test: 
@bb/db:test:  ❯ test/data/issue-3463.test.ts:30:18
@bb/db:test:      28|       .from(projectExecutionDefaults).where(eq(projectExecutionDefault…
@bb/db:test:      29|     console.log("Remembered provider rows:", JSON.stringify(rows));
@bb/db:test:      30|     expect(rows).toEqual(expect.arrayContaining([{ providerId: "provid…
@bb/db:test:        |                  ^
@bb/db:test:      31|   } finally {
@bb/db:test:      32|     db.$client.close();
@bb/db:test: 
@bb/db:test: ⎯⎯⎯⎯⎯⎯⎯⎯⎯⎯⎯⎯⎯⎯⎯⎯⎯⎯⎯⎯⎯⎯⎯⎯[1/1]⎯
@bb/db:test: 
@bb/db:test: 
@bb/db:test:  Test Files  1 failed | 1 passed (2)
@bb/db:test:       Tests  1 failed | 5 passed (6)
@bb/db:test:    Start at  20:32:31
@bb/db:test:    Duration  14.67s (transform 11.10s, setup 0ms, import 20.10s, tests 3.91s, environment 1ms)
@bb/db:test: 
@bb/db:test:  ELIFECYCLE  Test failed. See above for more details.
@bb/db:test: ERROR: command finished with error: command (<temporary-directory>/second/packages/db) <temporary-directory>/bin/pnpm run test --run test/data/issue-3463.test.ts test/data/project-execution-defaults.test.ts exited (1)
@bb/db#test: command (<temporary-directory>/second/packages/db) <temporary-directory>/bin/pnpm run test --run test/data/issue-3463.test.ts test/data/project-execution-defaults.test.ts exited (1)

 Tasks:    1 successful, 2 total
Cached:    0 cached, 2 total
  Time:    31.13s 
Failed:    @bb/db#test

 ERROR  run failed: command  exited (1)
