• turbo 2.10.12

   • Packages in scope: bb-plugin-thread-list
   • Running test in 1 packages
   • Remote caching disabled, using shared worktree cache

//:ensure-native-modules: cache bypass, force executing 273839eb64156a98
@bb/plugin-build:generate: cache bypass, force executing b7aaba28d60a723f
@bb/templates:generate:templates: cache bypass, force executing 537430eb0b2e9e08
@bb/templates:generate:plugin-scaffold: cache bypass, force executing 573e9335f5649ee6
//:ensure-native-modules: 
//:ensure-native-modules: > bb@ ensure-native-modules CHECKOUT_B
//:ensure-native-modules: > node scripts/ensure-native-modules.mjs
//:ensure-native-modules: 
@bb/templates:generate:plugin-scaffold: 
@bb/templates:generate:plugin-scaffold: > @bb/templates@0.0.1 generate:plugin-scaffold CHECKOUT_B/packages/templates
@bb/templates:generate:plugin-scaffold: > node ./scripts/generate-plugin-scaffold.mjs
@bb/templates:generate:plugin-scaffold: 
@bb/templates:generate:templates: 
@bb/templates:generate:templates: > @bb/templates@0.0.1 generate:templates CHECKOUT_B/packages/templates
@bb/templates:generate:templates: > node ./scripts/generate-templates.mjs
@bb/templates:generate:templates: 
@bb/plugin-build:generate: 
@bb/plugin-build:generate: > @bb/plugin-build@0.0.1 generate CHECKOUT_B/packages/plugin-build
@bb/plugin-build:generate: > node ./scripts/generate-plugin-theme.mjs && node ./scripts/generate-runtime-export-manifest.mjs
@bb/plugin-build:generate: 
@bb/plugin-build:generate: plugin-theme.generated.ts up to date
@get-bb/plugin-sdk:build: cache bypass, force executing 2f7c01aa96ed48ec
@bb/plugin-build:generate: wrote CHECKOUT_B/packages/plugin-build/src/generated/runtime-export-manifest.generated.ts (react@19.2.4)
@get-bb/plugin-sdk:build: 
@get-bb/plugin-sdk:build: > @get-bb/plugin-sdk@0.5.25 build CHECKOUT_B/packages/plugin-sdk
@get-bb/plugin-sdk:build: > node scripts/build-runtime.mjs
@get-bb/plugin-sdk:build: 
@get-bb/plugin-sdk:build: Built 18 @get-bb/plugin-sdk runtime entries.
bb-plugin-thread-list:test: cache bypass, force executing 1f58e91a155e9e30
bb-plugin-thread-list:test: 
bb-plugin-thread-list:test: > bb-plugin-thread-list@0.1.0 test CHECKOUT_B/plugins/thread-list
bb-plugin-thread-list:test: > vitest run --config vitest.config.ts "issue4281.touch.test.tsx"
bb-plugin-thread-list:test: 
bb-plugin-thread-list:test: 
bb-plugin-thread-list:test:  RUN  v4.1.1 CHECKOUT_B/plugins/thread-list
bb-plugin-thread-list:test: 
bb-plugin-thread-list:test:  ❯ |bb-plugin-thread-list| app/dnd/issue4281.touch.test.tsx (2 tests | 1 failed) 522ms
bb-plugin-thread-list:test:    ✓ a 100 ms touch with 4px drift must preserve pin state 130ms
bb-plugin-thread-list:test:    × a 210 ms touch with 4px drift must preserve pin state 387ms
bb-plugin-thread-list:test: 
bb-plugin-thread-list:test: ⎯⎯⎯⎯⎯⎯⎯ Failed Tests 1 ⎯⎯⎯⎯⎯⎯⎯
bb-plugin-thread-list:test: 
bb-plugin-thread-list:test:  FAIL  |bb-plugin-thread-list| app/dnd/issue4281.touch.test.tsx > a 210 ms touch with 4px drift must preserve pin state
bb-plugin-thread-list:test: AssertionError: expected [ { method: 'setPinned', …(2) } ] to deeply equal []
bb-plugin-thread-list:test: 
bb-plugin-thread-list:test: - Expected
bb-plugin-thread-list:test: + Received
bb-plugin-thread-list:test: 
bb-plugin-thread-list:test: - []
bb-plugin-thread-list:test: + [
bb-plugin-thread-list:test: +   {
bb-plugin-thread-list:test: +     "method": "setPinned",
bb-plugin-thread-list:test: +     "pinned": false,
bb-plugin-thread-list:test: +     "threadId": "pinned-thread",
bb-plugin-thread-list:test: +   },
bb-plugin-thread-list:test: + ]
bb-plugin-thread-list:test: 
bb-plugin-thread-list:test:  ❯ app/dnd/issue4281.touch.test.tsx:65:46
bb-plugin-thread-list:test:      63|   fireEvent.touchEnd(row, { touches: [], changedTouches: [touch(43)] }…
bb-plugin-thread-list:test:      64|   await act(async () => {});
bb-plugin-thread-list:test:      65|   expect(slot.inspection.sidebarActionCalls).toEqual([]);
bb-plugin-thread-list:test:        |                                              ^
bb-plugin-thread-list:test:      66| });
bb-plugin-thread-list:test:      67|
bb-plugin-thread-list:test: 
bb-plugin-thread-list:test: ⎯⎯⎯⎯⎯⎯⎯⎯⎯⎯⎯⎯⎯⎯⎯⎯⎯⎯⎯⎯⎯⎯⎯⎯[1/1]⎯
bb-plugin-thread-list:test: 
bb-plugin-thread-list:test: 
bb-plugin-thread-list:test:  Test Files  1 failed (1)
bb-plugin-thread-list:test:       Tests  1 failed | 1 passed (2)
bb-plugin-thread-list:test:    Start at  12:04:09
bb-plugin-thread-list:test:    Duration  6.28s (transform 987ms, setup 0ms, import 2.12s, tests 522ms, environment 2.86s)
bb-plugin-thread-list:test: 
bb-plugin-thread-list:test:  ELIFECYCLE  Test failed. See above for more details.
bb-plugin-thread-list#test:  ERROR  command (CHECKOUT_B/plugins/thread-list) pnpm run test issue4281.touch.test.tsx exited (1)

 Tasks:    5 successful, 6 total
Cached:    0 cached, 6 total
  Time:    14.699s 
Failed:    bb-plugin-thread-list#test

 ERROR  run failed: command  exited (1)
