== dist/assets/abap-BtXDhIo4.js (15845 bytes)
    \(\?<[=!]: 25
== dist/assets/actionscript-3-x-KGCnaz.js (15198 bytes)
    \(\?<[=!]: 7
== dist/assets/ada-bamqK3YS.js (48075 bytes)
    \(\?<[=!]: 18
== dist/assets/addon-unicode11-BzD_MlIW.js (29471 bytes)
    findLast\(: 1
    for await: 1
    /[gimsuyd]*v[gimsuyd]*[,;)\.\s]: 1
== dist/assets/addon-webgl-DZ9hMKC1.js (250517 bytes)
    requestIdleCallback: 2
    ResizeObserver: 1
== dist/assets/angular-html-CLpHnMCQ.js (24238 bytes)
    \(\?<[=!]: 67
== dist/assets/angular-ts-TghX_SR7.js (183731 bytes)
    \(\?<[=!]: 632
== dist/assets/apache-BKWgsu5P.js (12449 bytes)
    \(\?<[=!]: 5
== dist/assets/apex-C2ML5DId.js (46978 bytes)
    \(\?<[=!]: 48
    navigation\.: 1
== dist/assets/apl-DhLvD-Zm.js (24029 bytes)
    \(\?<[=!]: 21
== dist/assets/applescript-DHugLj9J.js (29564 bytes)
    \(\?<[=!]: 18
== dist/assets/ara-CKl7nNeK.js (6355 bytes)
    \(\?<[=!]: 3
== dist/assets/architectureDiagram-3BPJPVTR-FeMWzi9y.js (146928 bytes)
    \.union\(: 2
    \.intersection\(: 10
    static\s*\{: 1
== dist/assets/asciidoc-B961kjIH.js (131520 bytes)
    \(\?<[=!]: 121
== dist/assets/astro-aXeW4Jl5.js (24025 bytes)
    \(\?<[=!]: 16
== dist/assets/atomFamily-SooyRm32.js (707301 bytes)
    checkVisibility\(: 2
    URLSearchParams.*\.size: 2
    IntersectionObserver: 1
    inert: 10
    Object\.hasOwn: 2
    navigation\.: 2
== dist/assets/ballerina-CY106-Bs.js (58686 bytes)
    \(\?<[=!]: 90
== dist/assets/bat-HCAceH1N.js (12881 bytes)
    \(\?<[=!]: 18
== dist/assets/beancount-oIQRN6Qg.js (10366 bytes)
    \(\?<[=!]: 1
== dist/assets/bicep-CZgWnaAu.js (5375 bytes)
    \(\?<[=!]: 2
== dist/assets/blade-kv3AF7oo.js (104976 bytes)
    \(\?<[=!]: 19
== dist/assets/blockDiagram-GPEHLZMM-CJKB4NvZ.js (72677 bytes)
    Object\.hasOwn: 3
== dist/assets/bsl-CaNYCj2M.js (33864 bytes)
    \(\?<[=!]: 52
== dist/assets/c3-C9UzLAbm.js (25624 bytes)
    \(\?<[=!]: 14
== dist/assets/c4Diagram-AAUBKEIU-B8a5E8Hb.js (69165 bytes)
    static\s*\{: 2
== dist/assets/cadence-Dp_KBd8j.js (23662 bytes)
    \(\?<[=!]: 44
== dist/assets/c-B3vefi0f.js (72168 bytes)
    \(\?<[=!]: 144
== dist/assets/chunk-4EGX6M5U-CZhCc9JW.js (906 bytes)
    static\s*\{: 2
== dist/assets/chunk-5DO6E6H7-xxpTok5t.js (456 bytes)
    static\s*\{: 1
== dist/assets/chunk-5ZQYHXKU-BMpbrHZS.js (30833 bytes)
    static\s*\{: 1
    structuredClone: 2
    Object\.hasOwn: 2
== dist/assets/chunk-727SXJPM-pmAGQ5BX.js (48574 bytes)
    static\s*\{: 2
== dist/assets/chunk-AQP2D5EJ-CraWJA_1.js (36715 bytes)
    static\s*\{: 2
== dist/assets/chunk-BR22UD5L-ei0EnN_e.js (1467 bytes)
    static\s*\{: 3
== dist/assets/chunk-BSJP7CBP-PJ8iDAB4.js (2094 bytes)
    Object\.hasOwn: 4
== dist/assets/chunk-CSCIHK7Q-CVEfYV9r.js (228684 bytes)
    static\s*\{: 13
    inert: 1
    Object\.hasOwn: 1
== dist/assets/chunk-FHYWG6QK-BECE2rqB.js (454 bytes)
    static\s*\{: 1
== dist/assets/chunk-MPE355IW-CElfwzXH.js (458 bytes)
    static\s*\{: 1
== dist/assets/chunk-MZUSXYTE-CY8bJYdB.js (603 bytes)
    static\s*\{: 2
== dist/assets/chunk-N66VUXT2-BrsS8PFI.js (1675 bytes)
    static\s*\{: 2
== dist/assets/chunk-NNHCCRGN-VXpLg9GF.js (593667 bytes)
    \.with\(: 4
    \.entries\(\)\.(map|filter|find|some|every|flatMap|reduce|forEach|take|drop|toArray)\(: 1
    static\s*\{: 194
    /[gimsuyd]*v[gimsuyd]*[,;)\.\s]: 90
    inert: 8
== dist/assets/chunk-O5CBEL6O-gVgZD9-q.js (52530 bytes)
    \(\?<[=!]: 1
    Intl\.Segmenter: 2
== dist/assets/chunk-PUPMXCY4-Dj7JzCg6.js (500 bytes)
    static\s*\{: 1
== dist/assets/chunk-QZHKN3VN-Dr6gSsz3.js (180 bytes)
    static\s*\{: 1
== dist/assets/chunk-UIBZB4QT-C1PTkovG.js (466 bytes)
    static\s*\{: 1
== dist/assets/chunk-WCWK7LTN-CMMirRNp.js (658 bytes)
    static\s*\{: 2
== dist/assets/clarity-D_xB-wbW.js (14268 bytes)
    \(\?<[=!]: 7
== dist/assets/clojure-Bv-Q3xnm.js (6406 bytes)
    \(\?<[=!]: 8
== dist/assets/cobol-CPl7C_dM.js (39091 bytes)
    \(\?<[=!]: 61
== dist/assets/codeql-DTRr2VtR.js (26876 bytes)
    \(\?<[=!]: 19
== dist/assets/coffee-BzN3q36b.js (27424 bytes)
    caretPositionFromPoint: 1
    \(\?<[=!]: 44
== dist/assets/common-lisp-BseGmWqe.js (22574 bytes)
    \(\?<[=!]: 44
== dist/assets/cpp-DsZ630eC.js (626126 bytes)
    \(\?<[=!]: 1582
== dist/assets/crystal-CnjvWIRC.js (29410 bytes)
    \(\?<[=!]: 24
== dist/assets/csharp-BglvZ_7Y.js (89680 bytes)
    \(\?<[=!]: 101
== dist/assets/css-evmNNWhX.js (49078 bytes)
    \(\?<[=!]: 66
== dist/assets/cue-BcvRPtu_.js (16197 bytes)
    \(\?<[=!]: 29
== dist/assets/cytoscape.esm-Cyf_3KdK.js (435413 bytes)
    \.intersection\(: 6
    structuredClone: 1
    ResizeObserver: 2
== dist/assets/dagre-BM42HDAG-Cs_bm9AD.js (11248 bytes)
    structuredClone: 3
== dist/assets/dart-BRyI124S.js (7805 bytes)
    \(\?<[=!]: 21
== dist/assets/dax-DQyGeHz-.js (5358 bytes)
    \(\?<[=!]: 2
== dist/assets/d-DdvdfzEe.js (43788 bytes)
    \(\?<[=!]: 17
== dist/assets/desktop-QwNdizKe.js (1826 bytes)
    \(\?<[=!]: 18
== dist/assets/diagram-2AECGRRQ-CStf4X8q.js (5769 bytes)
    structuredClone: 2
== dist/assets/diagram-LMA3HP47-B6mw6ks2.js (4240 bytes)
    static\s*\{: 1
== dist/assets/diagram-OG6HWLK6-BqK9Ujdr.js (15523 bytes)
    static\s*\{: 1
== dist/assets/dist-CEJs0r2y.js (2162 bytes)
    URL\.canParse: 1
== dist/assets/dracula-lf234xqk.js (21063 bytes)
    navigation\.: 1
== dist/assets/dracula-soft-DESRz73k.js (21073 bytes)
    navigation\.: 1
== dist/assets/dream-maker-Cu6mUFYf.js (10462 bytes)
    \(\?<[=!]: 13
== dist/assets/elixir-CGwKybgq.js (16264 bytes)
    \(\?<[=!]: 5
== dist/assets/emacs-lisp-BgiygJLe.js (779847 bytes)
    \(\?<[=!]: 96
    /[gimsuyd]*v[gimsuyd]*[,;)\.\s]: 1
== dist/assets/erDiagram-TEJ5UH35-BiI_ndb9.js (26814 bytes)
    static\s*\{: 1
== dist/assets/erlang-CL-dc1_A.js (37477 bytes)
    \(\?<[=!]: 2
== dist/assets/everforest-dark-DQyNAgwY.js (53742 bytes)
    navigation\.: 1
== dist/assets/everforest-light-l2brxf4s.js (53745 bytes)
    navigation\.: 1
== dist/assets/fish-CdVB7YaE.js (13031 bytes)
    \(\?<[=!]: 29
== dist/assets/flowDiagram-I6XJVG4X-B4Zw7h9r.js (60230 bytes)
    static\s*\{: 1
== dist/assets/foreign-dom-mutation-guard-0BNPNIfU.js (185467 bytes)
    scrollend: 6
    inert: 1
    navigation\.: 9
== dist/assets/fortran-fixed-form-qeKsrUkE.js (1662 bytes)
    \(\?<[=!]: 2
== dist/assets/fortran-free-form-BcHuJQGx.js (88962 bytes)
    \(\?<[=!]: 95
== dist/assets/fsharp-Ce-kq5Ho.js (25302 bytes)
    \(\?<[=!]: 16
== dist/assets/gdresource-BetKSUlv.js (5282 bytes)
    \(\?<[=!]: 14
== dist/assets/gdscript-CRmVaiP6.js (18985 bytes)
    \(\?<[=!]: 8
== dist/assets/gdshader-Cv78S_l-.js (6319 bytes)
    \(\?<[=!]: 3
== dist/assets/genie-CEFr4cJK.js (3349 bytes)
    \(\?<[=!]: 3
== dist/assets/gherkin-Cs6n0DFJ.js (11939 bytes)
    \(\?<[=!]: 2
== dist/assets/glimmer-js-pPBXsbsS.js (20083 bytes)
    \(\?<[=!]: 2
== dist/assets/glimmer-ts-C57abfqq.js (20083 bytes)
    \(\?<[=!]: 2
== dist/assets/gnuplot-DMhGXcV7.js (14776 bytes)
    \(\?<[=!]: 31
== dist/assets/go-doeyyHTi.js (46801 bytes)
    \(\?<[=!]: 72
== dist/assets/graphql-DRPEZl0m.js (18076 bytes)
    \(\?<[=!]: 3
== dist/assets/groovy-B6NijnPi.js (19172 bytes)
    \(\?<[=!]: 12
    navigation\.: 2
== dist/assets/hack-YoE2tq2h.js (80184 bytes)
    \(\?<[=!]: 13
== dist/assets/haml-eE8UiNa5.js (8327 bytes)
    \(\?<[=!]: 2
== dist/assets/handlebars-CsQ6Me-n.js (12162 bytes)
    \(\?<[=!]: 7
== dist/assets/haskell-BNWTOT6Z.js (41483 bytes)
    \(\?<[=!]: 80
== dist/assets/haxe-DFOx9O36.js (35157 bytes)
    \(\?<[=!]: 33
    navigation\.: 1
== dist/assets/hcl-ClhiIREg.js (10046 bytes)
    \(\?<[=!]: 1
== dist/assets/hjson-CnC8UuHT.js (12046 bytes)
    \(\?<[=!]: 7
== dist/assets/hlsl-D0_zrvUO.js (7257 bytes)
    \(\?<[=!]: 4
== dist/assets/html-derivative-BS3vL_MF.js (843 bytes)
    \(\?<[=!]: 1
== dist/assets/html-Le7nFAx-.js (57311 bytes)
    \(\?<[=!]: 16
== dist/assets/hxml-rquNGxGS.js (1740 bytes)
    \(\?<[=!]: 4
== dist/assets/hy-UJ8ekxtj.js (2641 bytes)
    \(\?<[=!]: 9
== dist/assets/imba-ma8v2BzQ.js (49923 bytes)
    \(\?<[=!]: 70
== dist/assets/index-BrddeseY.js (401704 bytes)
    URLSearchParams.*\.size: 1
    ResizeObserver: 1
    IntersectionObserver: 3
    inert: 2
== dist/assets/ishikawaDiagram-YF4QCWOH-DnI2-4N8.js (17310 bytes)
    static\s*\{: 1
== dist/assets/java-DM_kh7YR.js (27274 bytes)
    \(\?<[=!]: 20
== dist/assets/javascript-BgirlH_E.js (174882 bytes)
    \(\?<[=!]: 651
== dist/assets/jinja-BmbR30o_.js (5628 bytes)
    \(\?<[=!]: 1
== dist/assets/jison-C82DdRT_.js (9692 bytes)
    \(\?<[=!]: 6
== dist/assets/jsx-DhqWMm73.js (177847 bytes)
    \(\?<[=!]: 651
== dist/assets/julia-DW4-FmVL.js (30998 bytes)
    \(\?<[=!]: 26
== dist/assets/just-pbjXtPEr.js (10769 bytes)
    \(\?<[=!]: 10
== dist/assets/kdl-BMiEqdKD.js (3622 bytes)
    \(\?<[=!]: 6
== dist/assets/kotlin-B4nYxr2g.js (8778 bytes)
    \(\?<[=!]: 8
== dist/assets/kusto-ID9PHgsD.js (15166 bytes)
    \(\?<[=!]: 4
== dist/assets/latex-AsfG04bK.js (72617 bytes)
    \(\?<[=!]: 85
== dist/assets/lean-CnF9zpRZ.js (5777 bytes)
    \(\?<[=!]: 5
== dist/assets/less-COe4Pcbs.js (97626 bytes)
    \(\?<[=!]: 1
== dist/assets/liquid-CboLoCAk.js (18101 bytes)
    \(\?<[=!]: 76
== dist/assets/llvm-_IEjoA_d.js (5043 bytes)
    \(\?<[=!]: 1
== dist/assets/log-C9ICsS1G.js (2845 bytes)
    \(\?<[=!]: 8
== dist/assets/lua-CLpDGTza.js (15589 bytes)
    \(\?<[=!]: 43
== dist/assets/luau-Dcf5_7xn.js (13957 bytes)
    \(\?<[=!]: 18
== dist/assets/make-BEKIMZvb.js (8954 bytes)
    \(\?<[=!]: 16
== dist/assets/markdown-B5qQHOss.js (59328 bytes)
    \(\?<[=!]: 27
== dist/assets/marko-CU6H9b_o.js (25486 bytes)
    \(\?<[=!]: 28
== dist/assets/matlab-D2fv4esO.js (16079 bytes)
    \(\?<[=!]: 14
== dist/assets/mdc-xPRJhlM9.js (19543 bytes)
    \(\?<[=!]: 1
== dist/assets/mdx-BROU_NM5.js (136107 bytes)
    \(\?<[=!]: 27
== dist/assets/mermaid-Cb28ByTn.js (29504 bytes)
    \(\?<[=!]: 2
== dist/assets/mermaid.core-Fx25-5ia.js (33120 bytes)
    static\s*\{: 1
== dist/assets/mermaid-parser.core-DQYyRwwD.js (4716 bytes)
    static\s*\{: 1
== dist/assets/mindmap-definition-RKZ34NQL-DUxbRDnf.js (23414 bytes)
    static\s*\{: 1
    crypto\.randomUUID: 2
== dist/assets/mojo-C3dvK2E_.js (69792 bytes)
    \(\?<[=!]: 70
== dist/assets/moonbit-BMRJ6hB0.js (5893 bytes)
    \(\?<[=!]: 5
== dist/assets/move-BR2fhcN8.js (17498 bytes)
    \(\?<[=!]: 23
== dist/assets/narrat-DN1tyLY5.js (3665 bytes)
    \(\?<[=!]: 1
== dist/assets/nextflow-eRBy1SJe.js (4507 bytes)
    \(\?<[=!]: 2
== dist/assets/nextflow-groovy-BaY_lnuX.js (10399 bytes)
    \(\?<[=!]: 6
    navigation\.: 2
== dist/assets/nginx-Bdkvgoxe.js (35352 bytes)
    \(\?<[=!]: 3
== dist/assets/nim-K5cOLIGE.js (22455 bytes)
    \(\?<[=!]: 26
== dist/assets/nix-YH73sRn9.js (15504 bytes)
    \(\?<[=!]: 7
== dist/assets/nushell-Dhyy4hVZ.js (20406 bytes)
    \(\?<[=!]: 17
== dist/assets/objective-c-D7sLtswT.js (105406 bytes)
    \(\?<[=!]: 102
== dist/assets/objective-cpp-DTGlKQ6I.js (171965 bytes)
    \(\?<[=!]: 194
== dist/assets/ocaml-BUR5P7tf.js (62442 bytes)
    \(\?<[=!]: 138
== dist/assets/odin-8Sz5MAan.js (16506 bytes)
    \(\?<[=!]: 4
== dist/assets/openscad-CfYhiKyy.js (2817 bytes)
    \(\?<[=!]: 1
== dist/assets/page-shell-C9N9VtLZ.js (12668 bytes)
    ResizeObserver: 2
== dist/assets/path-C9dpkmpC.js (2314 bytes)
    /[gimsuyd]*v[gimsuyd]*[,;)\.\s]: 1
== dist/assets/perl-BhrCtVUf.js (43146 bytes)
    \(\?<[=!]: 17
== dist/assets/php-C2ENAWhS.js (111053 bytes)
    \(\?<[=!]: 13
== dist/assets/pieDiagram-4H26LBE5-BiGG-bd1.js (5224 bytes)
    structuredClone: 2
== dist/assets/pill-v01_1v1X.js (73415 bytes)
    /[gimsuyd]*v[gimsuyd]*[,;)\.\s]: 4
    ResizeObserver: 3
    IntersectionObserver: 3
== dist/assets/plsql-C5SqKEI4.js (8505 bytes)
    \(\?<[=!]: 2
== dist/assets/plugin-frontend-h5V6qVZW.js (108025 bytes)
    ResizeObserver: 1
== dist/assets/postcss-71Z6AbWU.js (6410 bytes)
    \(\?<[=!]: 11
== dist/assets/powerquery-Biu76yyR.js (5896 bytes)
    \(\?<[=!]: 5
== dist/assets/powershell-X3mDeEcz.js (20144 bytes)
    \(\?<[=!]: 28
== dist/assets/prolog-DUqdodOz.js (11349 bytes)
    \(\?<[=!]: 6
== dist/assets/pug-DGJB_rvD.js (13849 bytes)
    \(\?<[=!]: 15
== dist/assets/puppet-BzDBEi26.js (11430 bytes)
    \(\?<[=!]: 6
== dist/assets/purescript-D00Il27v.js (24679 bytes)
    \(\?<[=!]: 4
== dist/assets/python-D4cpzUQ4.js (69945 bytes)
    \(\?<[=!]: 71
== dist/assets/qml-DBqqTyJL.js (5338 bytes)
    \(\?<[=!]: 8
== dist/assets/quadrantDiagram-W4KKPZXB-BVTJAMrX.js (33517 bytes)
    static\s*\{: 2
== dist/assets/racket-CwsTxrjP.js (92382 bytes)
    \(\?<[=!]: 42
== dist/assets/raku-B83oF1P2.js (10465 bytes)
    \(\?<[=!]: 1
== dist/assets/razor-DOpVzMS1.js (27453 bytes)
    \(\?<[=!]: 51
== dist/assets/requirementDiagram-4Y6WPE33-CZXRLeL0.js (30960 bytes)
    static\s*\{: 1
== dist/assets/rosmsg-D3Sanwg-.js (4516 bytes)
    \(\?<[=!]: 2
== dist/assets/rst-CGbcXQD8.js (10310 bytes)
    \(\?<[=!]: 4
== dist/assets/ruby-CsCf-1h0.js (45837 bytes)
    \(\?<[=!]: 27
== dist/assets/rust-whgeCqmX.js (15062 bytes)
    \(\?<[=!]: 8
== dist/assets/sankeyDiagram-5OEKKPKP-cYAxYvaY.js (22782 bytes)
    static\s*\{: 4
== dist/assets/sas-DmA0yEPz.js (9064 bytes)
    \(\?<[=!]: 4
== dist/assets/sass-icPLY4Df.js (9282 bytes)
    \(\?<[=!]: 11
== dist/assets/scala-BFtlWmsd.js (28877 bytes)
    \(\?<[=!]: 52
== dist/assets/scheme-aoA09HtF.js (7162 bytes)
    \(\?<[=!]: 17
== dist/assets/scss-sOIMRKxP.js (27258 bytes)
    \(\?<[=!]: 16
== dist/assets/sdbl-0TDjsAZ0.js (4695 bytes)
    \(\?<[=!]: 13
== dist/assets/sequenceDiagram-3UESZ5HK-CBieplSI.js (115738 bytes)
    static\s*\{: 1
    /[gimsuyd]*v[gimsuyd]*[,;)\.\s]: 1
== dist/assets/shellscript-OnmwANj9.js (41534 bytes)
    \(\?<[=!]: 78
== dist/assets/smalltalk-co1SXsX2.js (6580 bytes)
    \(\?<[=!]: 6
== dist/assets/solidity-CMDm-AAw.js (16067 bytes)
    \(\?<[=!]: 3
== dist/assets/sparql-DqkJ0i_2.js (1477 bytes)
    \(\?<[=!]: 1
== dist/assets/SplitWorkspaceRoute-BtH4wpTK.js (822938 bytes)
    adoptedStyleSheets: 2
    toSorted\(: 1
    findLast\(: 1
    scrollend: 3
    ResizeObserver: 18
    inert: 3
    crypto\.randomUUID: 1
== dist/assets/splunk-DvPDyq9E.js (3429 bytes)
    \(\?<[=!]: 10
== dist/assets/sql-BL1jHsE7.js (23462 bytes)
    \(\?<[=!]: 2
== dist/assets/stata-rVmmvdQ7.js (56993 bytes)
    \(\?<[=!]: 13
== dist/assets/stylus-RoXc_kp3.js (31067 bytes)
    \(\?<[=!]: 24
== dist/assets/surrealql-C7cH3tO5.js (22585 bytes)
    \(\?<[=!]: 8
== dist/assets/svelte-cJ89wg31.js (18249 bytes)
    \(\?<[=!]: 47
== dist/assets/swift-CP5-u1t-.js (86680 bytes)
    \(\?<[=!]: 78
== dist/assets/systemd-BT0QIkWB.js (7862 bytes)
    \(\?<[=!]: 15
== dist/assets/system-verilog-CBQPfB6I.js (26196 bytes)
    \(\?<[=!]: 11
== dist/assets/talonscript-DRp7CkRK.js (6750 bytes)
    \(\?<[=!]: 1
== dist/assets/tcl-CH7u5ibP.js (4422 bytes)
    \(\?<[=!]: 11
== dist/assets/templ-BKbcWeM8.js (24066 bytes)
    \(\?<[=!]: 32
== dist/assets/terraform-CC883Dur.js (11382 bytes)
    \(\?<[=!]: 1
== dist/assets/tex-BONSh0CK.js (9671 bytes)
    \(\?<[=!]: 11
== dist/assets/toml-JPT6u6wn.js (6419 bytes)
    \(\?<[=!]: 8
== dist/assets/ToolsView-CCgxFyOF.js (167811 bytes)
    ResizeObserver: 2
    IntersectionObserver: 2
== dist/assets/ts-tags-tsG0oNc3.js (8924 bytes)
    \(\?<[=!]: 5
== dist/assets/tsx-BPZcDUXp.js (175591 bytes)
    \(\?<[=!]: 651
== dist/assets/twig-6FeLDS69.js (20903 bytes)
    \(\?<[=!]: 37
== dist/assets/typescript-D11XI94u.js (181135 bytes)
    \(\?<[=!]: 632
== dist/assets/typespec-CafGsaYb.js (24013 bytes)
    \(\?<[=!]: 9
== dist/assets/typst-gQV8-Hpo.js (8380 bytes)
    \(\?<[=!]: 12
== dist/assets/useAppTheme-C8TEs0O9.js (154386 bytes)
    ResizeObserver: 2
== dist/assets/useTheme-Blk5ve81.js (98273 bytes)
    ResizeObserver: 2
    IntersectionObserver: 2
== dist/assets/vala-Sqo9yMp2.js (3363 bytes)
    \(\?<[=!]: 3
== dist/assets/vb-DsWCYIxq.js (6086 bytes)
    \(\?<[=!]: 2
== dist/assets/v-B-oGDEH8.js (13207 bytes)
    \(\?<[=!]: 10
== dist/assets/verilog-BuIAU6GS.js (5924 bytes)
    \(\?<[=!]: 1
== dist/assets/vhdl-oMZcdkHy.js (24257 bytes)
    \(\?<[=!]: 3
    inert: 1
== dist/assets/viml-BpAJMb5j.js (20358 bytes)
    \(\?<[=!]: 2
== dist/assets/vue-C6Pf2gx7.js (24489 bytes)
    \(\?<[=!]: 44
== dist/assets/vue-html-DfZCf1dH.js (8474 bytes)
    \(\?<[=!]: 5
== dist/assets/vue-vine-DJ-xeQ18.js (190058 bytes)
    \(\?<[=!]: 619
== dist/assets/vyper-DVlvkyu8.js (74641 bytes)
    \(\?<[=!]: 87
== dist/assets/wardleyDiagram-YWT4CUSO-CO3xX_5J.js (25182 bytes)
    static\s*\{: 1
    inert: 4
== dist/assets/wasm-CwMHc1ln.js (12000 bytes)
    \(\?<[=!]: 7
== dist/assets/wgsl-CjSh2oHn.js (5137 bytes)
    \(\?<[=!]: 5
== dist/assets/wikitext-T9ocHggM.js (55878 bytes)
    \(\?<[=!]: 2
== dist/assets/wit-B3axSSWc.js (21460 bytes)
    \(\?<[=!]: 33
== dist/assets/worker-portable-DaFcwpf8.js (833577 bytes)
    Symbol\.dispose: 1
    \(\?<[=!]: 9
    hasIndices: 9
    unicodeSets: 5
    inert: 1
== dist/assets/workspace-checkout-display-2ZaYoVXJ.js (2200956 bytes)
    Symbol\.dispose: 1
    Float16Array: 1
    caretPositionFromPoint: 2
    getComposedRanges: 2
    adoptedStyleSheets: 1
    findLast\(: 1
    \(\?<[=!]: 10
    navigator\.wakeLock: 1
    structuredClone: 2
    hasIndices: 9
    unicodeSets: 5
    ResizeObserver: 30
    IntersectionObserver: 4
    inert: 8
    Object\.hasOwn: 4
== dist/assets/workspace-open-target-preference-BJnPOKmu.js (35188 bytes)
    Object\.hasOwn: 2
== dist/assets/xterm-BpaqgOy-.js (343062 bytes)
    requestIdleCallback: 2
    structuredClone: 4
    IntersectionObserver: 5
    inert: 3
== dist/assets/xychartDiagram-2RQKCTM6-C3gpohNZ.js (40042 bytes)
    static\s*\{: 10
== dist/assets/zig-D0hfVg1Q.js (5333 bytes)
    \(\?<[=!]: 1
