• turbo 2.10.12

   • Packages in scope: bb-plugin-provider-pi
   • Running test in 1 packages
   • Remote caching disabled

//:ensure-native-modules: cache bypass, force executing ecc089c4e847e470
@bb/templates:generate:plugin-scaffold: cache hit, replaying logs 1ae00da0140a535f
@bb/templates:generate:plugin-scaffold: 
@bb/templates:generate:plugin-scaffold: > @bb/templates@0.0.1 generate:plugin-scaffold <fix-checkout>/packages/templates
@bb/templates:generate:plugin-scaffold: > node ./scripts/generate-plugin-scaffold.mjs
@bb/templates:generate:plugin-scaffold: 
@bb/templates:generate:templates: cache hit, replaying logs 4bafdf2c481540f9
@bb/templates:generate:templates: 
@bb/templates:generate:templates: > @bb/templates@0.0.1 generate:templates <fix-checkout>/packages/templates
@bb/templates:generate:templates: > node ./scripts/generate-templates.mjs
@bb/templates:generate:templates: 
@bb/plugin-build:generate: cache hit, replaying logs c2ba17c7b4194dc9
@bb/plugin-build:generate: 
@bb/plugin-build:generate: > @bb/plugin-build@0.0.1 generate <fix-checkout>/packages/plugin-build
@bb/plugin-build:generate: > node ./scripts/generate-plugin-theme.mjs && node ./scripts/generate-runtime-export-manifest.mjs
@bb/plugin-build:generate: 
@bb/plugin-build:generate: plugin-theme.generated.ts up to date
@bb/plugin-build:generate: wrote <fix-checkout>/packages/plugin-build/src/generated/runtime-export-manifest.generated.ts (react@19.2.4)
@get-bb/plugin-sdk:build: cache hit, replaying logs abedadb1b95bc8e0
@get-bb/plugin-sdk:build: 
@get-bb/plugin-sdk:build: > @get-bb/plugin-sdk@0.6.19 build <fix-checkout>/packages/plugin-sdk
@get-bb/plugin-sdk:build: > node scripts/build-runtime.mjs
@get-bb/plugin-sdk:build: 
@get-bb/plugin-sdk:build: Built 19 @get-bb/plugin-sdk runtime entries.
//:ensure-native-modules: 
//:ensure-native-modules: > bb@ ensure-native-modules <fix-checkout>
//:ensure-native-modules: > node scripts/ensure-native-modules.mjs
//:ensure-native-modules: 
bb-plugin-provider-pi:test: cache miss, executing 05c35460417ccc72
bb-plugin-provider-pi:test: 
bb-plugin-provider-pi:test: > bb-plugin-provider-pi@0.1.0 test <fix-checkout>/plugins/provider-pi
bb-plugin-provider-pi:test: > vitest run --config vitest.config.ts "src/image-read.test.ts"
bb-plugin-provider-pi:test: 
bb-plugin-provider-pi:test: 
bb-plugin-provider-pi:test:  RUN  v4.1.1 <fix-checkout>/plugins/provider-pi
bb-plugin-provider-pi:test: 
bb-plugin-provider-pi:test:  ✓ |bb-plugin-provider-pi| src/image-read.test.ts (16 tests) 25ms
bb-plugin-provider-pi:test: 
bb-plugin-provider-pi:test:  Test Files  1 passed (1)
bb-plugin-provider-pi:test:       Tests  16 passed (16)
bb-plugin-provider-pi:test:    Start at  19:54:43
bb-plugin-provider-pi:test:    Duration  800ms (transform 420ms, setup 0ms, import 618ms, tests 25ms, environment 0ms)
bb-plugin-provider-pi:test: 

 Tasks:    6 successful, 6 total
Cached:    4 cached, 6 total
  Time:    2.275s 


