• turbo 2.10.12

   • Packages in scope: bb-plugin-provider-pi
   • Running test, typecheck, lint in 1 packages
   • Remote caching disabled

//:ensure-native-modules: cache bypass, force executing 3b2a86746916bf33
bb-plugin-provider-pi:lint: cache miss, executing c85f8da3112dff82
@bb/templates:generate:plugin-scaffold: cache hit, replaying logs 62f5a3e942fb6b01
@bb/templates:generate:templates: cache hit, replaying logs a9cda7915dd974b2
@bb/templates:generate:plugin-scaffold: 
@bb/templates:generate:plugin-scaffold: > @bb/templates@0.0.1 generate:plugin-scaffold <fix-checkout>/packages/templates
@bb/templates:generate:plugin-scaffold: > node ./scripts/generate-plugin-scaffold.mjs
@bb/templates:generate:plugin-scaffold: 
@bb/templates:generate:templates: 
@bb/templates:generate:templates: > @bb/templates@0.0.1 generate:templates <fix-checkout>/packages/templates
@bb/templates:generate:templates: > node ./scripts/generate-templates.mjs
@bb/templates:generate:templates: 
@bb/plugin-build:generate: cache hit, replaying logs 40e85c76e4be4601
@bb/plugin-build:generate: 
@bb/plugin-build:generate: > @bb/plugin-build@0.0.1 generate <fix-checkout>/packages/plugin-build
@bb/plugin-build:generate: > node ./scripts/generate-plugin-theme.mjs && node ./scripts/generate-runtime-export-manifest.mjs
@bb/plugin-build:generate: 
@bb/plugin-build:generate: wrote packages/plugin-build/src/generated/plugin-theme.generated.ts
@bb/plugin-build:generate: wrote <fix-checkout>/packages/plugin-build/src/generated/runtime-export-manifest.generated.ts (react@19.2.4)
@get-bb/plugin-sdk:build: cache hit, replaying logs 5938c4368ee75fa3
@get-bb/plugin-sdk:build: 
@get-bb/plugin-sdk:build: > @get-bb/plugin-sdk@0.6.19 build <fix-checkout>/packages/plugin-sdk
@get-bb/plugin-sdk:build: > node scripts/build-runtime.mjs
@get-bb/plugin-sdk:build: 
@get-bb/plugin-sdk:build: Built 19 @get-bb/plugin-sdk runtime entries.
@get-bb/plugin-sdk:build:types: cache hit, replaying logs cb87244aee70030b
@get-bb/plugin-sdk:build:types: 
@get-bb/plugin-sdk:build:types: > @get-bb/plugin-sdk@0.6.19 build:types <fix-checkout>/packages/plugin-sdk
@get-bb/plugin-sdk:build:types: > node scripts/build-bundled-dts.mjs
@get-bb/plugin-sdk:build:types: 
@get-bb/plugin-sdk:build:types: Wrote bundled-types/bb-plugin-sdk.d.ts
@get-bb/plugin-sdk:build:types: Wrote bundled-types/bb-plugin-sdk-provider-bridge.d.ts
@get-bb/plugin-sdk:build:types: Wrote bundled-types/bb-plugin-sdk-provider-bridge-testing.d.ts
@get-bb/plugin-sdk:build:types: Wrote bundled-types/bb-plugin-sdk-provider-bridge-acp.d.ts
@get-bb/plugin-sdk:build:types: Wrote bundled-types/bb-plugin-sdk-environment-provider.d.ts
@get-bb/plugin-sdk:build:types: Wrote bundled-types/bb-plugin-sdk-machine-provider.d.ts
@get-bb/plugin-sdk:build:types: Wrote bundled-types/bb-plugin-sdk-app.d.ts
@get-bb/plugin-sdk:build:types: Wrote bundled-types/bb-plugin-sdk-host.d.ts
@get-bb/plugin-sdk:build:types: Wrote bundled-types/bb-plugin-sdk-internal-composer-customization-validation.d.ts
@get-bb/plugin-sdk:build:types: Wrote bundled-types/bb-plugin-sdk-internal-composer-handle.d.ts
@get-bb/plugin-sdk:build:types: Wrote bundled-types/bb-plugin-sdk-internal-composer-view.d.ts
@get-bb/plugin-sdk:build:types: Wrote bundled-types/bb-plugin-sdk-internal-file-navigation-validation.d.ts
@get-bb/plugin-sdk:build:types: Wrote bundled-types/bb-plugin-sdk-internal-host-policy.d.ts
@get-bb/plugin-sdk:build:types: Wrote bundled-types/bb-plugin-sdk-internal-plugin-app-collector.d.ts
@get-bb/plugin-sdk:build:types: Wrote bundled-types/bb-plugin-sdk-testing.d.ts
@get-bb/plugin-sdk:build:types: Wrote bundled-types/bb-plugin-sdk-testing-app.d.ts
@get-bb/plugin-sdk:build:types: Wrote bundled-types/bb-plugin-sdk-testing-host.d.ts
bb-plugin-provider-pi:typecheck: cache miss, executing 51f43074bfc5815e
bb-plugin-provider-pi:lint: 
bb-plugin-provider-pi:lint: > bb-plugin-provider-pi@0.1.0 lint <fix-checkout>/plugins/provider-pi
bb-plugin-provider-pi:lint: > oxlint --ignore-pattern node_modules --ignore-pattern dist .
bb-plugin-provider-pi:lint: 
//:ensure-native-modules: 
//:ensure-native-modules: > bb@ ensure-native-modules <fix-checkout>
//:ensure-native-modules: > node scripts/ensure-native-modules.mjs
//:ensure-native-modules: 
bb-plugin-provider-pi:test: cache miss, executing e83f7e821f3c6460
bb-plugin-provider-pi:typecheck: 
bb-plugin-provider-pi:typecheck: > bb-plugin-provider-pi@0.1.0 typecheck <fix-checkout>/plugins/provider-pi
bb-plugin-provider-pi:typecheck: > tsc --noEmit
bb-plugin-provider-pi:typecheck: 
bb-plugin-provider-pi:test: 
bb-plugin-provider-pi:test: > bb-plugin-provider-pi@0.1.0 test <fix-checkout>/plugins/provider-pi
bb-plugin-provider-pi:test: > vitest run --config vitest.config.ts
bb-plugin-provider-pi:test: 
bb-plugin-provider-pi:lint: Found 0 warnings and 0 errors.
bb-plugin-provider-pi:lint: Finished in 432ms on 52 files with 21 rules using 20 threads.
bb-plugin-provider-pi:test: 
bb-plugin-provider-pi:test:  RUN  v4.1.1 <fix-checkout>/plugins/provider-pi
bb-plugin-provider-pi:test: 
bb-plugin-provider-pi:test:  ✓ |bb-plugin-provider-pi| src/model-list.test.ts (7 tests) 7ms
bb-plugin-provider-pi:test:  ✓ |bb-plugin-provider-pi| src/bridge/turn-input.test.ts (14 tests) 16ms
bb-plugin-provider-pi:test:  ✓ |bb-plugin-provider-pi| src/native-roots.test.ts (4 tests) 25ms
bb-plugin-provider-pi:test:  ✓ |bb-plugin-provider-pi| src/image-read.test.ts (16 tests) 26ms
bb-plugin-provider-pi:test:  ✓ |bb-plugin-provider-pi| src/bridge/provider-maintenance.bun.test.ts (1 test) 65ms
bb-plugin-provider-pi:test:  ↓ |bb-plugin-provider-pi| src/bridge/bridge.bun-runtime.test.ts (1 test | 1 skipped)
bb-plugin-provider-pi:test:  ✓ |bb-plugin-provider-pi| src/delta-translation.test.ts (64 tests) 127ms
bb-plugin-provider-pi:test:  ✓ |bb-plugin-provider-pi| src/session-params.test.ts (4 tests) 6ms
bb-plugin-provider-pi:test:  ✓ |bb-plugin-provider-pi| src/bridge/session-cwd.test.ts (2 tests) 27ms
bb-plugin-provider-pi:test:  ✓ |bb-plugin-provider-pi| server.test.ts (2 tests) 10ms
bb-plugin-provider-pi:test:  ✓ |bb-plugin-provider-pi| src/bridge/rpc-session.extension-ui.test.ts (1 test) 1048ms
bb-plugin-provider-pi:test:    ✓ auto-cancels extension dialogs in a helper session without a UI handler  1047ms
bb-plugin-provider-pi:test:  ✓ |bb-plugin-provider-pi| src/bridge/provider-maintenance.test.ts (3 tests) 3ms
bb-plugin-provider-pi:test:  ✓ |bb-plugin-provider-pi| src/visibility.test.ts (1 test) 3ms
bb-plugin-provider-pi:test:  ✓ |bb-plugin-provider-pi| src/bridge/rpc-session.retry.test.ts (1 test) 4ms
bb-plugin-provider-pi:test:  ✓ |bb-plugin-provider-pi| src/bridge/bridge.framing.test.ts (1 test) 4278ms
bb-plugin-provider-pi:test:    ✓ carries U+2028/U+2029 through stdout events, RPC responses, and both channel directions  4277ms
bb-plugin-provider-pi:test:  ✓ |bb-plugin-provider-pi| src/bridge/bridge.tool-schema.test.ts (1 test) 4690ms
bb-plugin-provider-pi:test:    ✓ carries descriptions, unions, constants, integers, and closed objects into the registered tool  4689ms
bb-plugin-provider-pi:test:  ✓ |bb-plugin-provider-pi| app.test.tsx (8 tests) 113ms
bb-plugin-provider-pi:test:  ✓ |bb-plugin-provider-pi| src/bridge/bridge.compaction.test.ts (1 test) 4735ms
bb-plugin-provider-pi:test:    ✓ reports a refused manual compaction as skipped, after the compaction_end delivery  4734ms
bb-plugin-provider-pi:test:  ✓ |bb-plugin-provider-pi| src/bridge/bridge.install-gate.test.ts (5 tests) 8249ms
bb-plugin-provider-pi:test:    ✓ reports ready with the installed version after the get_state probe  4432ms
bb-plugin-provider-pi:test:    ✓ memoizes the install gate per launch path across health polls  3650ms
bb-plugin-provider-pi:test:  ✓ |bb-plugin-provider-pi| src/bridge/bridge.checkpoint-fork.test.ts (2 tests) 6662ms
bb-plugin-provider-pi:test:    ✓ branches the source session at the checkpoint and leaves the source untouched  6655ms
bb-plugin-provider-pi:test: pi bridge: restarting the model catalog child: unsupported
bb-plugin-provider-pi:test:  ✓ |bb-plugin-provider-pi| src/bridge/bridge.conformance.test.ts (1 test) 18092ms
bb-plugin-provider-pi:test:    ✓ passes the canonical protocol suite against a scripted pi rpc child  18091ms
bb-plugin-provider-pi:test:  ✓ |bb-plugin-provider-pi| src/bridge/bridge.settings.test.ts (1 test) 21388ms
bb-plugin-provider-pi:test:    ✓ pins model and thinking at spawn and never sends set_model or set_thinking_level  21387ms
bb-plugin-provider-pi:test:  ✓ |bb-plugin-provider-pi| src/bridge/extension-ui.test.ts (8 tests) 25552ms
bb-plugin-provider-pi:test:    ✓ forwards a select dialog to the runtime and returns the chosen option to pi  4289ms
bb-plugin-provider-pi:test:    ✓ maps a boolean answer to confirmed for a confirm dialog  3479ms
bb-plugin-provider-pi:test:    ✓ answers an invalid select value 42 as cancelled  3354ms
bb-plugin-provider-pi:test:    ✓ answers an invalid select value "not-an-option" as cancelled  3159ms
bb-plugin-provider-pi:test:    ✓ answers an interaction error as cancelled  3193ms
bb-plugin-provider-pi:test:    ✓ cancels a pending dialog when the thread is stopped mid-prompt  3072ms
bb-plugin-provider-pi:test:    ✓ answers an invalid dialog request cancelled instead of forwarding it  2657ms
bb-plugin-provider-pi:test:    ✓ drops fire-and-forget extension ui requests without a runtime round trip  2346ms
bb-plugin-provider-pi:test: pi bridge: restarting the model catalog child: pi did not answer refresh-models in time
bb-plugin-provider-pi:test: pi bridge: restarting the model catalog child: scripted refresh failure
bb-plugin-provider-pi:test:  ✓ |bb-plugin-provider-pi| src/bridge/catalog.test.ts (6 tests) 34153ms
bb-plugin-provider-pi:test:      ✓ re-reads model scope after the catalog child restarts  7591ms
bb-plugin-provider-pi:test:      ✓ serves models added after the child started without respawning it  3283ms
bb-plugin-provider-pi:test:      ✓ shares one model refresh between concurrent reads  2852ms
bb-plugin-provider-pi:test:      ✓ falls back to a new child when Pi exposes no model registry  5890ms
bb-plugin-provider-pi:test:      ✓ replaces the child when the model refresh hangs  10053ms
bb-plugin-provider-pi:test:      ✓ replaces the child when the model refresh rejects  4482ms
bb-plugin-provider-pi:test:  ✓ |bb-plugin-provider-pi| src/bridge/bridge.round2.test.ts (10 tests) 38161ms
bb-plugin-provider-pi:test:    ✓ a child that dies mid-run does not take the bridge down: the next write is answered, not thrown  7579ms
bb-plugin-provider-pi:test:    ✓ refuses a manual compaction while pi reports a run still streaming  3295ms
bb-plugin-provider-pi:test:    ✓ a steer consumed by the run is reported accepted and named in the reply  2831ms
bb-plugin-provider-pi:test:    ✓ a steer's ack precedes the event pi wrote in the same chunk as the prompt response  2901ms
bb-plugin-provider-pi:test:    ✓ a steer still queued when the run ends is reported dropped through the delivery barrier, not a timer  3107ms
bb-plugin-provider-pi:test:    ✓ recovers from one transient model mismatch by respawning  7656ms
bb-plugin-provider-pi:test:    ✓ a child whose extension never reports ready is a construction error, not a hung tool call  3760ms
bb-plugin-provider-pi:test:    ✓ evicts an idle catalog child  4874ms
bb-plugin-provider-pi:test:    ✓ reports a bash call's cwd as the thread's working directory, never an empty string  2139ms
bb-plugin-provider-pi:test:  ✓ |bb-plugin-provider-pi| src/bridge/bridge.lifecycle.test.ts (10 tests) 46679ms
bb-plugin-provider-pi:test:    ✓ stop{release} ends the child after a local-file-only turn  4168ms
bb-plugin-provider-pi:test:    ✓ stop{interrupt} of a live run ends the child, and the turn settled before the result  3533ms
bb-plugin-provider-pi:test:    ✓ discard ends the child and removes the session file  3335ms
bb-plugin-provider-pi:test:    ✓ the fork helper child exits once the fork is done  9170ms
bb-plugin-provider-pi:test:    ✓ start_after_release_selects_fresh_pi_session  5166ms
bb-plugin-provider-pi:test:    ✓ release_resume_preserves_pi_session_and_replaces_configuration  4433ms
bb-plugin-provider-pi:test:    ✓ resume_legacy_pi_session  2221ms
bb-plugin-provider-pi:test:    ✓ a child's tool and prompt files go with the child after release and failed construction  2384ms
bb-plugin-provider-pi:test:    ✓ closing the catalog waits for its child to exit  2192ms
bb-plugin-provider-pi:test:    ✓ a child that ignores EOF and SIGTERM is SIGKILLed  10074ms
bb-plugin-provider-pi:test:  ✓ |bb-plugin-provider-pi| src/bridge/bridge.relocation.test.ts (4 tests) 51338ms
bb-plugin-provider-pi:test:    ✓ relocates a real Pi session with the previous directory retained  15834ms
bb-plugin-provider-pi:test:    ✓ relocates a real Pi session with the previous directory removed before relocation  11203ms
bb-plugin-provider-pi:test:    ✓ relocates a real Pi session with the previous directory removed after relocation  9369ms
bb-plugin-provider-pi:test:    ✓ keeps the original session and discards an unsuccessful relocation before retrying  14930ms
bb-plugin-provider-pi:test:  ✓ |bb-plugin-provider-pi| src/bridge/bridge.turn-options.test.ts (7 tests) 53916ms
bb-plugin-provider-pi:test:    ✓ rebuilds the session with environment from a later turn  11218ms
bb-plugin-provider-pi:test:    ✓ rebuilds the session on the model a later turn carries  9334ms
bb-plugin-provider-pi:test:    ✓ rebuilds the session on the reasoning level a later turn carries  7202ms
bb-plugin-provider-pi:test:    ✓ compacts with the model the compaction turn selected  6946ms
bb-plugin-provider-pi:test:    ✓ fails a turn whose model cannot be resolved and keeps the live session  4152ms
bb-plugin-provider-pi:test:    ✓ keeps serving the thread when the replacement child never starts  8245ms
bb-plugin-provider-pi:test:    ✓ steers the running turn without rebuilding on its options  6817ms
bb-plugin-provider-pi:test:  ✓ |bb-plugin-provider-pi| src/bridge/bridge.model-resolution.test.ts (14 tests) 57339ms
bb-plugin-provider-pi:test:    ✓ starts the exact model fake-gateway/vendor/slash-model with a cold catalog  8413ms
bb-plugin-provider-pi:test:    ✓ starts the exact model vendor/slash-model with a cold catalog  6573ms
bb-plugin-provider-pi:test:    ✓ starts the exact model fake-provider/fake-model with a cold catalog  6020ms
bb-plugin-provider-pi:test:    ✓ starts the exact model fake-gateway/vendor/shared-model with a cold catalog  4702ms
bb-plugin-provider-pi:test:    ✓ rejects vendor/shared-model during resolution with a cold catalog  2288ms
bb-plugin-provider-pi:test:    ✓ rejects fake-provider/missing during resolution with a cold catalog  2155ms
bb-plugin-provider-pi:test:    ✓ rejects unknown/missing during resolution with a cold catalog  2388ms
bb-plugin-provider-pi:test:    ✓ starts the exact model fake-gateway/vendor/slash-model with a warm catalog  4303ms
bb-plugin-provider-pi:test:    ✓ starts the exact model vendor/slash-model with a warm catalog  4394ms
bb-plugin-provider-pi:test:    ✓ starts the exact model fake-provider/fake-model with a warm catalog  10703ms
bb-plugin-provider-pi:test:    ✓ starts the exact model fake-gateway/vendor/shared-model with a warm catalog  2347ms
bb-plugin-provider-pi:test:    ✓ rejects vendor/shared-model during resolution with a warm catalog  1014ms
bb-plugin-provider-pi:test:    ✓ rejects fake-provider/missing during resolution with a warm catalog  1020ms
bb-plugin-provider-pi:test:    ✓ rejects unknown/missing during resolution with a warm catalog  1019ms
bb-plugin-provider-pi:test: 
bb-plugin-provider-pi:test:  Test Files  28 passed | 1 skipped (29)
bb-plugin-provider-pi:test:       Tests  199 passed | 1 skipped (200)
bb-plugin-provider-pi:test:    Start at  19:54:46
bb-plugin-provider-pi:test:    Duration  59.69s (transform 6.09s, setup 0ms, import 25.29s, tests 376.71s, environment 3.56s)
bb-plugin-provider-pi:test: 

 Tasks:    9 successful, 9 total
Cached:    5 cached, 9 total
  Time:    1m1.168s 


