{"status":"active","mode":"queue","canSteer":true,"disabled":false}
{"status":"host-reconnecting","mode":"queue","canSteer":false,"disabled":true}
host-reconnecting should allow submission

true !== false

{"status":"waiting-for-host","mode":"queue","canSteer":false,"disabled":true}
waiting-for-host should allow submission

true !== false

node:internal/modules/run_main:107
    triggerUncaughtException(
    ^

AssertionError [ERR_ASSERTION]: All runtime states should retain a submit path

2 !== 0

    at file://REPORT_WORK/reports/issues/4353/repro/repro.mjs:39:8 {
  generatedMessage: false,
  code: 'ERR_ASSERTION',
  actual: 2,
  expected: 0,
  operator: 'strictEqual',
  diff: 'simple'
}

Node.js v26.8.1
