• turbo 2.10.12

   • Packages in scope: bb-plugin-workflows
   • Running test in 1 packages
   • Remote caching disabled, using shared worktree cache

//:ensure-native-modules: cache bypass, force executing edfdc0b4de20e079
@bb/plugin-build:generate: cache miss, executing bfa02562e8da1472
@bb/templates:generate:plugin-scaffold: cache hit, replaying logs 42e42f6f91db3f61
@bb/templates:generate:plugin-scaffold: 
@bb/templates:generate:plugin-scaffold: > @bb/templates@0.0.1 generate:plugin-scaffold <temporary-root>/first/packages/templates
@bb/templates:generate:plugin-scaffold: > node ./scripts/generate-plugin-scaffold.mjs
@bb/templates:generate:plugin-scaffold: 
@bb/templates:generate:templates: cache hit, replaying logs 6fcdfb3bbb4837d5
@bb/templates:generate:templates: 
@bb/templates:generate:templates: > @bb/templates@0.0.1 generate:templates <temporary-root>/first/packages/templates
@bb/templates:generate:templates: > node ./scripts/generate-templates.mjs
@bb/templates:generate:templates: 
@bb/plugin-build:generate: 
@bb/plugin-build:generate: > @bb/plugin-build@0.0.1 generate <temporary-root>/second/packages/plugin-build
@bb/plugin-build:generate: > node ./scripts/generate-plugin-theme.mjs && node ./scripts/generate-runtime-export-manifest.mjs
@bb/plugin-build:generate: 
//:ensure-native-modules: 
//:ensure-native-modules: > bb@ ensure-native-modules <temporary-root>/second
//:ensure-native-modules: > node scripts/ensure-native-modules.mjs
//:ensure-native-modules: 
@bb/plugin-build:generate: plugin-theme.generated.ts up to date
@bb/plugin-build:generate: wrote <temporary-root>/second/packages/plugin-build/src/generated/runtime-export-manifest.generated.ts (react@19.2.4)
bb-plugin-workflows:test: cache miss, executing 4348335e062118e8
bb-plugin-workflows:test: 
bb-plugin-workflows:test: > bb-plugin-workflows@0.1.0 test <temporary-root>/second/plugins/workflows
bb-plugin-workflows:test: > vitest run --config vitest.config.ts "--run" "src/issue-3835.test.ts"
bb-plugin-workflows:test: 
bb-plugin-workflows:test: 
bb-plugin-workflows:test:  RUN  v4.1.1 <temporary-root>/second/plugins/workflows
bb-plugin-workflows:test: 
bb-plugin-workflows:test: stdout | src/issue-3835.test.ts > exposes JSON value type constraints to provider schema consumers
bb-plugin-workflows:test: {"tool":"bb_workflow_run","property":"args","node":{"default":null,"description":"Optional input value exposed to the script as the global `args`, verbatim. Pass arrays/objects as actual JSON values, NOT as a JSON-encoded string — a stringified list breaks `args.filter`/`args.map` in the script. Use for parameterized named workflows (e.g. a research question)."}}
bb-plugin-workflows:test: {"tool":"bb_workflow_result","property":"value","node":{"description":"The final value matching the requested JSON Schema."}}
bb-plugin-workflows:test: 
bb-plugin-workflows:test:  ❯ |bb-plugin-workflows| src/issue-3835.test.ts (1 test | 1 failed) 15ms
bb-plugin-workflows:test:    × exposes JSON value type constraints to provider schema consumers 14ms
bb-plugin-workflows:test: 
bb-plugin-workflows:test: ⎯⎯⎯⎯⎯⎯⎯ Failed Tests 1 ⎯⎯⎯⎯⎯⎯⎯
bb-plugin-workflows:test: 
bb-plugin-workflows:test:  FAIL  |bb-plugin-workflows| src/issue-3835.test.ts > exposes JSON value type constraints to provider schema consumers
bb-plugin-workflows:test: AssertionError: Provider-facing parameters missing JSON type constraints: expected [ 'bb_workflow_run.args', …(1) ] to deeply equal []
bb-plugin-workflows:test: 
bb-plugin-workflows:test: - Expected
bb-plugin-workflows:test: + Received
bb-plugin-workflows:test: 
bb-plugin-workflows:test: - []
bb-plugin-workflows:test: + [
bb-plugin-workflows:test: +   "bb_workflow_run.args",
bb-plugin-workflows:test: +   "bb_workflow_result.value",
bb-plugin-workflows:test: + ]
bb-plugin-workflows:test: 
bb-plugin-workflows:test:  ❯ src/issue-3835.test.ts:33:82
bb-plugin-workflows:test:      31|       }
bb-plugin-workflows:test:      32|     }
bb-plugin-workflows:test:      33|     expect(failures, "Provider-facing parameters missing JSON type con…
bb-plugin-workflows:test:        |                                                                                  ^
bb-plugin-workflows:test:      34|   } finally {
bb-plugin-workflows:test:      35|     await harness.dispose();
bb-plugin-workflows:test: 
bb-plugin-workflows:test: ⎯⎯⎯⎯⎯⎯⎯⎯⎯⎯⎯⎯⎯⎯⎯⎯⎯⎯⎯⎯⎯⎯⎯⎯[1/1]⎯
bb-plugin-workflows:test: 
bb-plugin-workflows:test: 
bb-plugin-workflows:test:  Test Files  1 failed (1)
bb-plugin-workflows:test:       Tests  1 failed (1)
bb-plugin-workflows:test:    Start at  05:03:26
bb-plugin-workflows:test:    Duration  621ms (transform 296ms, setup 0ms, import 498ms, tests 15ms, environment 0ms)
bb-plugin-workflows:test: 
bb-plugin-workflows:test:  ELIFECYCLE  Test failed. See above for more details.
bb-plugin-workflows#test:  ERROR  command (<temporary-root>/second/plugins/workflows) <temporary-root>/bin/pnpm run test --run src/issue-3835.test.ts exited (1)

 Tasks:    4 successful, 5 total
Cached:    2 cached, 5 total
  Time:    3.216s 
Failed:    bb-plugin-workflows#test

 ERROR  run failed: command  exited (1)
