$ bb thread show thr_3wbj638q94 --json | jq '{archivedAt,status,env,path}'
{
  "archivedAt": 1787037567622,
  "status": "idle",
  "env": "destroyed",
  "path": null
}
$ bb thread unarchive thr_3wbj638q94
Thread thr_3wbj638q94 unarchived
exit=0
$ bb thread show thr_3wbj638q94 --json | jq '{archivedAt,status,env,path}'
{
  "archivedAt": null,
  "status": "idle",
  "env": "destroyed",
  "path": null
}
$ bb thread tell thr_3wbj638q94 'Reply only with ok.'
Error: HTTP 409: Thread environment is unavailable
exit=1
$ curl -X POST $BB_SERVER_URL/api/v1/threads/thr_3wbj638q94/send   (raw server response)
{"code":"thread_environment_unavailable","message":"Thread environment is unavailable","details":{"reason":"destroyed","environmentStatus":"destroyed"}}
