(node:960011) [DEP0205] DeprecationWarning: `module.register()` is deprecated. Use `module.registerHooks()` instead.
(Use `node --trace-deprecation ...` to show where the warning was created)

 RUN  v4.1.1 TRUSTED_CHECKOUT/apps/app

 ❯ |@bb/app| src/hooks/thread-creation-options/issue-4370.test.ts (1 test | 1 failed) 5ms
   × preserves the current model and its implicit source after a catalog refresh 4ms

⎯⎯⎯⎯⎯⎯⎯ Failed Tests 1 ⎯⎯⎯⎯⎯⎯⎯

 FAIL  |@bb/app| src/hooks/thread-creation-options/issue-4370.test.ts > preserves the current model and its implicit source after a catalog refresh
AssertionError: expected { …(2) } to deeply equal { …(2) }

- Expected
+ Received

  {
-   "modelSource": undefined,
-   "selectedModel": "chosen-model[1m]",
+   "modelSource": "explicit",
+   "selectedModel": "catalog-default",
  }

 ❯ src/hooks/thread-creation-options/issue-4370.test.ts:52:6
     50|     selectedModel: refreshed.selectedModel,
     51|     modelSource: sources.model,
     52|   }).toEqual({
       |      ^
     53|     selectedModel: current.model,
     54|     modelSource: undefined,

⎯⎯⎯⎯⎯⎯⎯⎯⎯⎯⎯⎯⎯⎯⎯⎯⎯⎯⎯⎯⎯⎯⎯⎯[1/1]⎯


 Test Files  1 failed (1)
      Tests  1 failed (1)
   Start at  14:24:32
   Duration  330ms (transform 137ms, setup 57ms, import 189ms, tests 5ms, environment 0ms)
