
  bb

  ○  Starting server  ✓  Server listening on http://127.0.0.1:45886
  ○  Starting host daemonnode:events:487
      throw er; // Unhandled 'error' event
      ^

Error: listen EADDRINUSE: address already in use 127.0.0.1:45886
    at Server.setupListenHandle [as _listen2] (node:net:2009:16)
    at listenInCluster (node:net:2066:12)
    at node:net:2275:7
    at process.processTicksAndRejections (node:internal/process/task_queues:90:21)
Emitted 'error' event on Server instance at:
    at emitErrorNT (node:net:2045:8)
    at process.processTicksAndRejections (node:internal/process/task_queues:90:21) {
  code: 'EADDRINUSE',
  errno: -98,
  syscall: 'listen',
  address: '127.0.0.1',
  port: 45886
}

Node.js v24.18.0
  ✓  Host daemon running

  ●  bb is ready

     app    http://127.0.0.1:45886
     daemon 45889
     data   /tmp/bb1558-two
     db     /tmp/bb1558-two/bb.db
     logs   /tmp/bb1558-two/logs/
     lock   /tmp/bb1558-two/daemon.lock

     Press Ctrl+C to stop

[07:44:11] INFO: [server] Server listening {"bindHost":"127.0.0.1","port":45886,"dataDir":"/tmp/bb1558-two"}
  !  server exited with code 1 - restarting server
[07:44:11] INFO: [host-daemon] Host daemon connecting {"serverUrl":"http://127.0.0.1:45886","dataDir":"/tmp/bb1558-two"}
[07:44:11] INFO: [host-daemon] Connected to server {"serverUrl":"http://127.0.0.1:45886","sessionId":"hses_3yj4izin5i"}
[07:44:11] INFO: [host-daemon] Host daemon started {"serverUrl":"http://127.0.0.1:45886","identity":{"hostId":"host_2t69e294wf","hostName":"bee","instanceId":"457dd088-30ee-45de-bf1d-a05653bdd965"}}
[07:44:11] INFO: [host-daemon] Host plugin worker ready {"serverUrl":"http://127.0.0.1:45886","pluginId":"keep-awake","startupDurationMs":41}
  ○  Restarting server  ✓  Server restarted
[07:44:13] INFO: [server] Server listening {"bindHost":"127.0.0.1","port":45886,"dataDir":"/tmp/bb1558-two"}
node:events:487
      throw er; // Unhandled 'error' event
      ^

Error: listen EADDRINUSE: address already in use 127.0.0.1:45886
    at Server.setupListenHandle [as _listen2] (node:net:2009:16)
    at listenInCluster (node:net:2066:12)
    at node:net:2275:7
    at process.processTicksAndRejections (node:internal/process/task_queues:90:21)
Emitted 'error' event on Server instance at:
    at emitErrorNT (node:net:2045:8)
    at process.processTicksAndRejections (node:internal/process/task_queues:90:21) {
  code: 'EADDRINUSE',
  errno: -98,
  syscall: 'listen',
  address: '127.0.0.1',
  port: 45886
}

Node.js v24.18.0
  !  server exited with code 1 - restarting server
  ○  Restarting server  ✓  Server restarted
[07:44:14] INFO: [server] Server listening {"bindHost":"127.0.0.1","port":45886,"dataDir":"/tmp/bb1558-two"}
node:events:487
      throw er; // Unhandled 'error' event
      ^

Error: listen EADDRINUSE: address already in use 127.0.0.1:45886
    at Server.setupListenHandle [as _listen2] (node:net:2009:16)
    at listenInCluster (node:net:2066:12)
    at node:net:2275:7
    at process.processTicksAndRejections (node:internal/process/task_queues:90:21)
Emitted 'error' event on Server instance at:
    at emitErrorNT (node:net:2045:8)
    at process.processTicksAndRejections (node:internal/process/task_queues:90:21) {
  code: 'EADDRINUSE',
  errno: -98,
  syscall: 'listen',
  address: '127.0.0.1',
  port: 45886
}

Node.js v24.18.0
  !  server exited with code 1 - restarting server
  ○  Restarting server  ✓  Server restarted
[07:44:16] INFO: [server] Server listening {"bindHost":"127.0.0.1","port":45886,"dataDir":"/tmp/bb1558-two"}
node:events:487
      throw er; // Unhandled 'error' event
      ^

Error: listen EADDRINUSE: address already in use 127.0.0.1:45886
    at Server.setupListenHandle [as _listen2] (node:net:2009:16)
    at listenInCluster (node:net:2066:12)
    at node:net:2275:7
    at process.processTicksAndRejections (node:internal/process/task_queues:90:21)
Emitted 'error' event on Server instance at:
    at emitErrorNT (node:net:2045:8)
    at process.processTicksAndRejections (node:internal/process/task_queues:90:21) {
  code: 'EADDRINUSE',
  errno: -98,
  syscall: 'listen',
  address: '127.0.0.1',
  port: 45886
}

Node.js v24.18.0
  !  server exited with code 1 - restarting server
  ○  Restarting server  ✓  Server restarted
[07:44:18] INFO: [server] Server listening {"bindHost":"127.0.0.1","port":45886,"dataDir":"/tmp/bb1558-two"}
node:events:487
      throw er; // Unhandled 'error' event
      ^

Error: listen EADDRINUSE: address already in use 127.0.0.1:45886
    at Server.setupListenHandle [as _listen2] (node:net:2009:16)
    at listenInCluster (node:net:2066:12)
    at node:net:2275:7
    at process.processTicksAndRejections (node:internal/process/task_queues:90:21)
Emitted 'error' event on Server instance at:
    at emitErrorNT (node:net:2045:8)
    at process.processTicksAndRejections (node:internal/process/task_queues:90:21) {
  code: 'EADDRINUSE',
  errno: -98,
  syscall: 'listen',
  address: '127.0.0.1',
  port: 45886
}

Node.js v24.18.0
  !  server exited with code 1 - restarting server
  ○  Restarting server  ✓  Server restarted
[07:44:20] INFO: [server] Server listening {"bindHost":"127.0.0.1","port":45886,"dataDir":"/tmp/bb1558-two"}
node:events:487
      throw er; // Unhandled 'error' event
      ^

Error: listen EADDRINUSE: address already in use 127.0.0.1:45886
    at Server.setupListenHandle [as _listen2] (node:net:2009:16)
    at listenInCluster (node:net:2066:12)
    at node:net:2275:7
    at process.processTicksAndRejections (node:internal/process/task_queues:90:21)
Emitted 'error' event on Server instance at:
    at emitErrorNT (node:net:2045:8)
    at process.processTicksAndRejections (node:internal/process/task_queues:90:21) {
  code: 'EADDRINUSE',
  errno: -98,
  syscall: 'listen',
  address: '127.0.0.1',
  port: 45886
}

Node.js v24.18.0
  !  server exited with code 1 - restarting server
  ○  Restarting server  ✓  Server restarted
[07:44:22] INFO: [server] Server listening {"bindHost":"127.0.0.1","port":45886,"dataDir":"/tmp/bb1558-two"}
node:events:487
      throw er; // Unhandled 'error' event
      ^

Error: listen EADDRINUSE: address already in use 127.0.0.1:45886
    at Server.setupListenHandle [as _listen2] (node:net:2009:16)
    at listenInCluster (node:net:2066:12)
    at node:net:2275:7
    at process.processTicksAndRejections (node:internal/process/task_queues:90:21)
Emitted 'error' event on Server instance at:
    at emitErrorNT (node:net:2045:8)
    at process.processTicksAndRejections (node:internal/process/task_queues:90:21) {
  code: 'EADDRINUSE',
  errno: -98,
  syscall: 'listen',
  address: '127.0.0.1',
  port: 45886
}

Node.js v24.18.0
  !  server exited with code 1 - restarting server
  ○  Restarting server  ✓  Server restarted
[07:44:24] INFO: [server] Server listening {"bindHost":"127.0.0.1","port":45886,"dataDir":"/tmp/bb1558-two"}
node:events:487
      throw er; // Unhandled 'error' event
      ^

Error: listen EADDRINUSE: address already in use 127.0.0.1:45886
    at Server.setupListenHandle [as _listen2] (node:net:2009:16)
    at listenInCluster (node:net:2066:12)
    at node:net:2275:7
    at process.processTicksAndRejections (node:internal/process/task_queues:90:21)
Emitted 'error' event on Server instance at:
    at emitErrorNT (node:net:2045:8)
    at process.processTicksAndRejections (node:internal/process/task_queues:90:21) {
  code: 'EADDRINUSE',
  errno: -98,
  syscall: 'listen',
  address: '127.0.0.1',
  port: 45886
}

Node.js v24.18.0
  !  server exited with code 1 - restarting server
  ○  Restarting server  ✓  Server restarted
[07:44:26] INFO: [server] Server listening {"bindHost":"127.0.0.1","port":45886,"dataDir":"/tmp/bb1558-two"}
node:events:487
      throw er; // Unhandled 'error' event
      ^

Error: listen EADDRINUSE: address already in use 127.0.0.1:45886
    at Server.setupListenHandle [as _listen2] (node:net:2009:16)
    at listenInCluster (node:net:2066:12)
    at node:net:2275:7
    at process.processTicksAndRejections (node:internal/process/task_queues:90:21)
Emitted 'error' event on Server instance at:
    at emitErrorNT (node:net:2045:8)
    at process.processTicksAndRejections (node:internal/process/task_queues:90:21) {
  code: 'EADDRINUSE',
  errno: -98,
  syscall: 'listen',
  address: '127.0.0.1',
  port: 45886
}

Node.js v24.18.0
  !  server exited with code 1 - restarting server
  ○  Restarting server  ✓  Server restarted
