--- git worktree list
/tmp/bb-1595-verify/cosmos/.bare     (bare)
/tmp/bb-1595-verify/cosmos/feature-a 48cae6b [feature-a]
/tmp/bb-1595-verify/cosmos/feature-b 48cae6b [feature-b]
--- rev-parse --is-inside-work-tree
false
exit=0
--- rev-parse --is-bare-repository
true
--- rev-parse --is-inside-git-dir
false
--- rev-parse --git-dir
/tmp/bb-1595-verify/cosmos/.bare
--- symbolic-ref --short HEAD
main
--- rev-parse --verify HEAD
48cae6b53160ea841853dd29b9d984c7399ef29a
--- status --porcelain (fails in a bare repo)
fatal: this operation must be run in a work tree
exit=128
