• turbo 2.10.12

   • Packages in scope: bb-plugin-account-pool
   • Running test in 1 packages
   • Remote caching disabled, using shared worktree cache

//:ensure-native-modules: cache bypass, force executing 17290d1c1ba9a7c3
@bb/templates:generate:templates: cache hit, replaying logs 527fd0034df74b8b
@bb/plugin-build:generate: cache hit, replaying logs 95e61aaaf18ede7f
@bb/templates:generate:templates: 
@bb/templates:generate:templates: > @bb/templates@0.0.1 generate:templates <checkout>/packages/templates
@bb/templates:generate:templates: > node ./scripts/generate-templates.mjs
@bb/templates:generate:templates: 
@bb/plugin-build:generate: 
@bb/plugin-build:generate: > @bb/plugin-build@0.0.1 generate <checkout>/packages/plugin-build
@bb/plugin-build:generate: > node ./scripts/generate-plugin-theme.mjs && node ./scripts/generate-runtime-export-manifest.mjs
@bb/plugin-build:generate: 
@bb/plugin-build:generate: plugin-theme.generated.ts up to date
@bb/plugin-build:generate: wrote <checkout>/packages/plugin-build/src/generated/runtime-export-manifest.generated.ts (react@19.2.4)
@bb/templates:generate:plugin-scaffold: cache hit, replaying logs fc698f386ba76251
@bb/templates:generate:plugin-scaffold: 
@bb/templates:generate:plugin-scaffold: > @bb/templates@0.0.1 generate:plugin-scaffold <checkout>/packages/templates
@bb/templates:generate:plugin-scaffold: > node ./scripts/generate-plugin-scaffold.mjs
@bb/templates:generate:plugin-scaffold: 
@get-bb/plugin-sdk:build: cache hit, replaying logs 91454923eb2a827f
@get-bb/plugin-sdk:build: 
@get-bb/plugin-sdk:build: > @get-bb/plugin-sdk@0.6.32 build <checkout>/packages/plugin-sdk
@get-bb/plugin-sdk:build: > node scripts/build-runtime.mjs
@get-bb/plugin-sdk:build: 
@get-bb/plugin-sdk:build: Built 19 @get-bb/plugin-sdk runtime entries.
//:ensure-native-modules: 
//:ensure-native-modules: > bb@ ensure-native-modules <checkout>
//:ensure-native-modules: > node scripts/ensure-native-modules.mjs
//:ensure-native-modules: 
bb-plugin-account-pool:test: cache miss, executing 187984e9b9140b6a
bb-plugin-account-pool:test: 
bb-plugin-account-pool:test: > bb-plugin-account-pool@0.1.0 test <checkout>/plugins/account-pool
bb-plugin-account-pool:test: > vitest run --config vitest.config.ts "src/server.test.ts" "-t" "quota exhaustion and reset with session affinity"
bb-plugin-account-pool:test: 
bb-plugin-account-pool:test: 
bb-plugin-account-pool:test:  RUN  v4.1.1 <checkout>/plugins/account-pool
bb-plugin-account-pool:test: 
bb-plugin-account-pool:test:  ✓ |bb-plugin-account-pool| src/server.test.ts (176 tests | 174 skipped) 155ms
bb-plugin-account-pool:test: 
bb-plugin-account-pool:test:  Test Files  1 passed (1)
bb-plugin-account-pool:test:       Tests  2 passed | 174 skipped (176)
bb-plugin-account-pool:test:    Start at  19:27:41
bb-plugin-account-pool:test:    Duration  1.09s (transform 499ms, setup 0ms, import 774ms, tests 155ms, environment 0ms)
bb-plugin-account-pool:test: 

 Tasks:    6 successful, 6 total
Cached:    4 cached, 6 total
  Time:    2.555s 

