• turbo 2.8.3
• Packages in scope: @bb/app
• Running test in 1 packages
• Remote caching disabled, using shared worktree cache
//:ensure-native-modules: cache bypass, force executing ed9090c265e0a87e
@bb/templates:generate:templates: cache miss, executing 7593058d13d24d25
@bb/templates:generate:plugin-scaffold: cache miss, executing 40aa182762221d78
@bb/templates:generate:templates: 
@bb/templates:generate:templates: > @bb/templates@0.0.1 generate:templates <checkout>/packages/templates
@bb/templates:generate:templates: > node ./scripts/generate-templates.mjs
@bb/templates:generate:templates: 
//:ensure-native-modules: 
//:ensure-native-modules: > bb@ ensure-native-modules <checkout>
//:ensure-native-modules: > node scripts/ensure-native-modules.mjs
//:ensure-native-modules: 
@bb/templates:generate:plugin-scaffold: 
@bb/templates:generate:plugin-scaffold: > @bb/templates@0.0.1 generate:plugin-scaffold <checkout>/packages/templates
@bb/templates:generate:plugin-scaffold: > node ./scripts/generate-plugin-scaffold.mjs
@bb/templates:generate:plugin-scaffold: 
@bb/app:test: cache miss, executing 7dbed5a38ef8cd6f
@bb/app:test: 
@bb/app:test: > @bb/app@0.0.1 test <checkout>/apps/app
@bb/app:test: > node scripts/generate-pwa-icons.mjs --check && vitest run --config vitest.config.ts "src/components/commands"
@bb/app:test: 
@bb/app:test: 
@bb/app:test:  RUN  v4.1.1 <checkout>/apps/app
@bb/app:test: 
@bb/app:test:  ✓ |@bb/app:isolated| src/components/commands/AppCommandProvider.availability.test.tsx (8 tests) 45ms
@bb/app:test:  ✓ |@bb/app:isolated| src/components/commands/AppCommandProvider.test.tsx (19 tests) 87ms
@bb/app:test:  ✓ |@bb/app:isolated| src/components/commands/ThreadPaletteResults.test.tsx (4 tests) 105ms
@bb/app:test:  ✓ |@bb/app:isolated| src/components/commands/CommandPalette.test.tsx (24 tests) 1708ms
@bb/app:test: 
@bb/app:test:  Test Files  4 passed (4)
@bb/app:test:       Tests  55 passed (55)
@bb/app:test:    Start at  08:55:08
@bb/app:test:    Duration  6.46s (transform 6.66s, setup 630ms, import 9.93s, tests 1.94s, environment 3.96s)
@bb/app:test: 

 Tasks:    4 successful, 4 total
Cached:    0 cached, 4 total
  Time:    9.422s 

