• turbo 2.10.12

   • Packages in scope: @bb/server
   • Running test in 1 packages
   • Remote caching disabled, using shared worktree cache

//:ensure-native-modules: cache bypass, force executing 69af9be12f024813
@bb/server:generate:bb-official-marketplace: cache miss, executing babd3ed4b6749a54
@bb/templates:generate:templates: cache miss, executing a329cba774b58a6f
@bb/plugin-build:generate: cache miss, executing 46e858bb52630b85
@bb/templates:generate:plugin-scaffold: cache miss, executing d619064f5c71f74a
@bb/server:generate:bb-official-marketplace: 
@bb/server:generate:bb-official-marketplace: > @bb/server@0.0.1 generate:bb-official-marketplace <checkout>/apps/server
@bb/server:generate:bb-official-marketplace: > node --conditions=source --import tsx scripts/generate-bb-official-marketplace.ts
@bb/server:generate:bb-official-marketplace: 
@bb/templates:generate:templates: 
@bb/templates:generate:templates: > @bb/templates@0.0.1 generate:templates <checkout>/packages/templates
@bb/templates:generate:templates: > node ./scripts/generate-templates.mjs
@bb/templates:generate:templates: 
@bb/plugin-build:generate: 
@bb/plugin-build:generate: > @bb/plugin-build@0.0.1 generate <checkout>/packages/plugin-build
@bb/plugin-build:generate: > node ./scripts/generate-plugin-theme.mjs && node ./scripts/generate-runtime-export-manifest.mjs
@bb/plugin-build:generate: 
@bb/templates:generate:plugin-scaffold: 
@bb/templates:generate:plugin-scaffold: > @bb/templates@0.0.1 generate:plugin-scaffold <checkout>/packages/templates
@bb/templates:generate:plugin-scaffold: > node ./scripts/generate-plugin-scaffold.mjs
@bb/templates:generate:plugin-scaffold: 
//:ensure-native-modules: 
//:ensure-native-modules: > bb@ ensure-native-modules <checkout>
//:ensure-native-modules: > node scripts/ensure-native-modules.mjs
//:ensure-native-modules: 
@bb/plugin-build:generate: plugin-theme.generated.ts up to date
@get-bb/plugin-sdk:build:types: cache miss, executing 29fe9734a57995fc
@get-bb/plugin-sdk:build:types: 
@get-bb/plugin-sdk:build:types: > @get-bb/plugin-sdk@0.4.94 build:types <checkout>/packages/plugin-sdk
@get-bb/plugin-sdk:build:types: > node scripts/build-bundled-dts.mjs
@get-bb/plugin-sdk:build:types: 
@bb/plugin-build:generate: wrote <checkout>/packages/plugin-build/src/generated/runtime-export-manifest.generated.ts (react@19.2.4)
@bb/agent-runtime:generate:test-bridges: cache miss, executing ab4da4cda1b45e28
@bb/agent-runtime:generate:test-bridges: 
@bb/agent-runtime:generate:test-bridges: > @bb/agent-runtime@0.0.1 generate:test-bridges <checkout>/packages/agent-runtime
@bb/agent-runtime:generate:test-bridges: > node ./scripts/build-test-bridges.mjs
@bb/agent-runtime:generate:test-bridges: 
@get-bb/plugin-sdk:build:types: Unchanged bundled-types/bb-plugin-sdk.d.ts
@get-bb/plugin-sdk:build:types: Unchanged bundled-types/bb-plugin-sdk-ai-services.d.ts
@get-bb/plugin-sdk:build:types: Unchanged bundled-types/bb-plugin-sdk-provider-bridge.d.ts
@get-bb/plugin-sdk:build:types: Unchanged bundled-types/bb-plugin-sdk-provider-bridge-testing.d.ts
@get-bb/plugin-sdk:build:types: Unchanged bundled-types/bb-plugin-sdk-provider-bridge-acp.d.ts
@get-bb/plugin-sdk:build:types: Unchanged bundled-types/bb-plugin-sdk-environment-provider.d.ts
@get-bb/plugin-sdk:build:types: Unchanged bundled-types/bb-plugin-sdk-machine-provider.d.ts
@get-bb/plugin-sdk:build:types: Unchanged bundled-types/bb-plugin-sdk-app.d.ts
@get-bb/plugin-sdk:build:types: Unchanged bundled-types/bb-plugin-sdk-host.d.ts
@get-bb/plugin-sdk:build:types: Unchanged bundled-types/bb-plugin-sdk-internal-composer-customization-validation.d.ts
@get-bb/plugin-sdk:build:types: Unchanged bundled-types/bb-plugin-sdk-internal-composer-view.d.ts
@get-bb/plugin-sdk:build:types: Unchanged bundled-types/bb-plugin-sdk-internal-file-navigation-validation.d.ts
@get-bb/plugin-sdk:build:types: Unchanged bundled-types/bb-plugin-sdk-internal-host-policy.d.ts
@get-bb/plugin-sdk:build:types: Unchanged bundled-types/bb-plugin-sdk-internal-plugin-app-collector.d.ts
@get-bb/plugin-sdk:build:types: Unchanged bundled-types/bb-plugin-sdk-testing.d.ts
@get-bb/plugin-sdk:build:types: Unchanged bundled-types/bb-plugin-sdk-testing-app.d.ts
@get-bb/plugin-sdk:build:types: Unchanged bundled-types/bb-plugin-sdk-testing-host.d.ts
@get-bb/plugin-sdk:build: cache miss, executing 519fe30f2711ed9c
@get-bb/plugin-sdk:build: 
@get-bb/plugin-sdk:build: > @get-bb/plugin-sdk@0.4.94 build <checkout>/packages/plugin-sdk
@get-bb/plugin-sdk:build: > node scripts/build-runtime.mjs
@get-bb/plugin-sdk:build: 
@get-bb/plugin-sdk:build: Built 19 @get-bb/plugin-sdk runtime entries.
@bb/server:test: cache miss, executing ec1ae0c1f1fe5574
@bb/server:test: 
@bb/server:test: > @bb/server@0.0.1 test <checkout>/apps/server
@bb/server:test: > vitest run --config vitest.config.ts "test/threads/thread-send-dispatch.test.ts" "test/threads/dispatch-hooks.test.ts" "test/threads/thread-send-error-recovery.test.ts"
@bb/server:test: 
@bb/server:test: 
@bb/server:test:  RUN  v4.1.1 <checkout>/apps/server
@bb/server:test: 
@bb/server:test: (node:95805) ExperimentalWarning: SQLite is an experimental feature and might change at any time
@bb/server:test: (Use `node --trace-warnings ...` to show where the warning was created)
@bb/server:test: (node:95807) ExperimentalWarning: SQLite is an experimental feature and might change at any time
@bb/server:test: (Use `node --trace-warnings ...` to show where the warning was created)
@bb/server:test: (node:95806) ExperimentalWarning: SQLite is an experimental feature and might change at any time
@bb/server:test: (Use `node --trace-warnings ...` to show where the warning was created)
@bb/server:test:  ✓ |@bb/server| test/threads/thread-send-error-recovery.test.ts (2 tests) 427ms
@bb/server:test:      ✓ starts a recovery turn for steer-if-active  398ms
@bb/server:test:  ✓ |@bb/server| test/threads/dispatch-hooks.test.ts (15 tests) 860ms
@bb/server:test:      ✓ passes plugin submission data through a new thread's first dispatch  407ms
@bb/server:test:  ✓ |@bb/server| test/threads/thread-send-dispatch.test.ts (27 tests) 1238ms
@bb/server:test:      ✓ rolls back and sends no host command when the idle thread was archived between claim and dispatch  384ms
@bb/server:test: 
@bb/server:test:  Test Files  3 passed (3)
@bb/server:test:       Tests  44 passed (44)
@bb/server:test:    Start at  03:00:11
@bb/server:test:    Duration  4.04s (transform 4.97s, setup 1.96s, import 6.14s, tests 2.52s, environment 0ms)
@bb/server:test: 

 Tasks:    9 successful, 9 total
Cached:    0 cached, 9 total
  Time:    18.269s 

