• turbo 2.10.12

   • Packages in scope: @bb/server
   • Running typecheck in 1 packages
   • Remote caching disabled, using shared worktree cache

@bb/templates:generate:templates: cache hit, replaying logs 055b0e8f93cf2817
@bb/templates:generate:templates: 
@bb/templates:generate:templates: > @bb/templates@0.0.1 generate:templates <checkout>/packages/templates
@bb/templates:generate:templates: > node ./scripts/generate-templates.mjs
@bb/templates:generate:templates: 
@bb/plugin-build:generate: cache hit, replaying logs a32d935610106a40
@bb/plugin-build:generate: 
@bb/plugin-build:generate: > @bb/plugin-build@0.0.1 generate <checkout>/packages/plugin-build
@bb/plugin-build:generate: > node ./scripts/generate-plugin-theme.mjs && node ./scripts/generate-runtime-export-manifest.mjs
@bb/plugin-build:generate: 
@bb/plugin-build:generate: wrote packages/plugin-build/src/generated/plugin-theme.generated.ts
@bb/plugin-build:generate: wrote <checkout>/packages/plugin-build/src/generated/runtime-export-manifest.generated.ts (react@19.2.4)
@bb/server:generate:bb-official-marketplace: cache hit, replaying logs 80c4ea9a9d04515f
@bb/templates:generate:plugin-scaffold: cache hit, replaying logs f24df3dc3347bb9c
@bb/server:generate:bb-official-marketplace: 
@bb/server:generate:bb-official-marketplace: > @bb/server@0.0.1 generate:bb-official-marketplace <local-path>
@bb/server:generate:bb-official-marketplace: > node --conditions=source --import tsx scripts/generate-bb-official-marketplace.ts
@bb/server:generate:bb-official-marketplace: 
@bb/templates:generate:plugin-scaffold: 
@bb/templates:generate:plugin-scaffold: > @bb/templates@0.0.1 generate:plugin-scaffold /private/tmp/slopcop-3673.uKbWhz/base/packages/templates
@bb/templates:generate:plugin-scaffold: > node ./scripts/generate-plugin-scaffold.mjs
@bb/templates:generate:plugin-scaffold: 
@bb/server:typecheck: cache miss, executing 9b513b1fbdc32dbb
@bb/server:typecheck: 
@bb/server:typecheck: > @bb/server@0.0.1 typecheck <checkout>/apps/server
@bb/server:typecheck: > tsc --noEmit
@bb/server:typecheck: 

 Tasks:    5 successful, 5 total
Cached:    4 cached, 5 total
  Time:    4.177s 

