cpuThrottle=1x {"longTasksMs":[519,149,2344],"longTaskTotalMs":3012,"maxLongTaskMs":2344,"heapBeforeMB":69,"heapAfterMB":69,"td":50000}
Error: QuickJS promise rejected: Target page, context or browser has been closed
Call log:
[2m  - waiting for getByRole('button', { name: /New tab/i }).first()
    - locator resolved to <button type="button" aria-keyshortcuts="Control+T" aria-label="Open new tab (Ctrl + T)" class="inline-flex cursor-pointer items-center justify-center gap-2 whitespace-nowrap font-medium transition-colors duration-150 hover:duration-0 focus-visible:outline-none focus-visible:ring-1 focus-visible:ring-ring disabled:pointer-events-none disabled:opacity-50 [&_svg]:pointer-events-none [&_svg]:shrink-0 hover:bg-state-hover aria-pressed:bg-state-active aria-pressed:text-foreground aria-pressed:hover:bg-stat…>…</button>
  - attempting click action
    - waiting for element to be visible, enabled and stable
    - element is visible, enabled and stable
    - scrolling into view if needed
    - done scrolling
    - performing click action[22m

Target page, context or browser has been closed
Call log:
[2m  - waiting for getByRole('button', { name: /New tab/i }).first()
    - locator resolved to <button type="button" aria-keyshortcuts="Control+T" aria-label="Open new tab (Ctrl + T)" class="inline-flex cursor-pointer items-center justify-center gap-2 whitespace-nowrap font-medium transition-colors duration-150 hover:duration-0 focus-visible:outline-none focus-visible:ring-1 focus-visible:ring-ring disabled:pointer-events-none disabled:opacity-50 [&_svg]:pointer-events-none [&_svg]:shrink-0 hover:bg-state-hover aria-pressed:bg-state-active aria-pressed:text-foreground aria-pressed:hover:bg-stat…>…</button>
  - attempting click action
    - waiting for element to be visible, enabled and stable
    - element is visible, enabled and stable
    - scrolling into view if needed
    - done scrolling
    - performing click action[22m

    at captureRawStack (<input>:4145:28)
    at captureLibraryStackTrace (<input>:4226:34)
    at _wrapApiCall (<input>:4401:50)
    at <anonymous> (<input>:4364:47)
    at click (<input>:10349:39)
    at click (<input>:7968:37)
    at measure (user-script.js:29:69)
cpuThrottle=4x {"longTasksMs":[1092,2605,70,627,8080,89,190],"longTaskTotalMs":12753,"maxLongTaskMs":8080,"heapBeforeMB":73,"heapAfterMB":73,"td":50000}
CDP metrics before: {"Nodes":46037,"LayoutCount":0,"RecalcStyleCount":1,"JSHeapUsedSize":60445508} after: {"Nodes":182615,"LayoutCount":4,"RecalcStyleCount":19,"JSHeapUsedSize":90912052} heap delta MB: 29
