npm warn Unknown env config "manage-package-manager-versions". This will stop working in the next major version of npm. See `npm help npmrc` for supported config options.
• turbo 2.10.12

   • Packages in scope: @bb/app
   • Running test in 1 packages
   • Remote caching disabled, using shared worktree cache

//:ensure-native-modules: cache bypass, force executing bba53928e04981ab
@bb/templates:generate:templates: cache miss, executing cfaed236f4222693
@bb/templates:generate:plugin-scaffold: cache miss, executing 9657376454a0d730
@bb/plugin-build:generate: cache miss, executing 0fdcdf6113904185
@bb/templates:generate:plugin-scaffold:
@bb/templates:generate:plugin-scaffold: > @bb/templates@0.0.1 generate:plugin-scaffold /tmp/issue-3948/first/packages/templates
@bb/templates:generate:plugin-scaffold: > node ./scripts/generate-plugin-scaffold.mjs
@bb/templates:generate:plugin-scaffold:
@bb/plugin-build:generate:
@bb/plugin-build:generate: > @bb/plugin-build@0.0.1 generate /tmp/issue-3948/first/packages/plugin-build
@bb/plugin-build:generate: > node ./scripts/generate-plugin-theme.mjs && node ./scripts/generate-runtime-export-manifest.mjs
@bb/plugin-build:generate:
//:ensure-native-modules:
//:ensure-native-modules: > bb@ ensure-native-modules /tmp/issue-3948/first
//:ensure-native-modules: > node scripts/ensure-native-modules.mjs
//:ensure-native-modules:
@bb/templates:generate:templates:
@bb/templates:generate:templates: > @bb/templates@0.0.1 generate:templates /tmp/issue-3948/first/packages/templates
@bb/templates:generate:templates: > node ./scripts/generate-templates.mjs
@bb/templates:generate:templates:
@bb/plugin-build:generate: plugin-theme.generated.ts up to date
@bb/plugin-build:generate: wrote /tmp/issue-3948/first/packages/plugin-build/src/generated/runtime-export-manifest.generated.ts (react@19.2.4)
@bb/app:test: cache miss, executing af23a676e6de4cd7
@bb/app:test:
@bb/app:test: > @bb/app@0.0.1 test /tmp/issue-3948/first/apps/app
@bb/app:test: > node scripts/generate-pwa-icons.mjs --check && vitest run --config vitest.config.ts "src/lib/ui-preferences" "src/components/sidebar/ProjectList.modes.test.tsx"
@bb/app:test:
@bb/app:test:
@bb/app:test:  RUN  v4.1.1 /tmp/issue-3948/first/apps/app
@bb/app:test:
@bb/app:test:  ✓ |@bb/app:isolated| src/lib/ui-preferences/legacy-local-preferences.test.ts (4 tests) 60ms
@bb/app:test:  ✓ |@bb/app:isolated| src/lib/ui-preferences/ui-preferences-sync.test.ts (25 tests) 1133ms
@bb/app:test:  ✓ |@bb/app:isolated| src/lib/ui-preferences/UiPreferencesSync.test.tsx (2 tests) 1190ms
@bb/app:test:      ✓ stays not ready until the preferences query resolves  1060ms
@bb/app:test:  ✓ |@bb/app:isolated| src/components/sidebar/ProjectList.modes.test.tsx (7 tests) 16269ms
@bb/app:test:      ✓ does not mount inactive ordering or machine-grouping work  953ms
@bb/app:test:      ✓ collapses and expands empty-machine Threads  4320ms
@bb/app:test:      ✓ renames a resolved machine heading without expanding the group  1330ms
@bb/app:test:      ✓ keeps hidden machine activity in More and restores the saved collapse state  8995ms
@bb/app:test:
@bb/app:test:  Test Files  4 passed (4)
@bb/app:test:       Tests  38 passed (38)
@bb/app:test:    Start at  16:59:42
@bb/app:test:    Duration  147.65s (transform 162.95s, setup 18.68s, import 278.37s, tests 18.65s, environment 111.01s)
@bb/app:test:

 Tasks:    5 successful, 5 total
Cached:    0 cached, 5 total
  Time:    3m37.803s
