npm warn Unknown env config "manage-package-manager-versions". This will stop working in the next major version of npm. See `npm help npmrc` for supported config options.
• turbo 2.10.12

   • Packages in scope: @bb/server
   • Running test in 1 packages
   • Remote caching disabled, using shared worktree cache

//:ensure-native-modules: cache bypass, force executing 6d3a7e935039bf1b
@bb/templates:generate:plugin-scaffold: cache hit, replaying logs ac3fdcf7a29b25f5
@bb/templates:generate:plugin-scaffold:
@bb/templates:generate:plugin-scaffold: > @bb/templates@0.0.1 generate:plugin-scaffold /private/tmp/slopcop-3949.xmaePM/base/packages/templates
@bb/templates:generate:plugin-scaffold: > node ./scripts/generate-plugin-scaffold.mjs
@bb/templates:generate:plugin-scaffold:
@bb/server:generate:bb-official-marketplace: cache hit, replaying logs 2d47d9be227852fb
@bb/server:generate:bb-official-marketplace:
@bb/server:generate:bb-official-marketplace: > @bb/server@0.0.1 generate:bb-official-marketplace /private/tmp/slopcop-3949.xmaePM/base/apps/server
@bb/server:generate:bb-official-marketplace: > node --conditions=source --import tsx scripts/generate-bb-official-marketplace.ts
@bb/server:generate:bb-official-marketplace:
@bb/plugin-build:generate: cache hit, replaying logs 714c6002e3dea706
@bb/templates:generate:templates: cache hit, replaying logs 8a0498895d17e818
@bb/templates:generate:templates:
@bb/templates:generate:templates: > @bb/templates@0.0.1 generate:templates /private/tmp/slopcop-3949.xmaePM/base/packages/templates
@bb/plugin-build:generate:
@bb/plugin-build:generate: > @bb/plugin-build@0.0.1 generate /private/tmp/slopcop-3949.xmaePM/base/packages/plugin-build
@bb/plugin-build:generate: > node ./scripts/generate-plugin-theme.mjs && node ./scripts/generate-runtime-export-manifest.mjs
@bb/plugin-build:generate:
@bb/plugin-build:generate: plugin-theme.generated.ts up to date
@bb/plugin-build:generate: wrote /private/tmp/slopcop-3949.xmaePM/base/packages/plugin-build/src/generated/runtime-export-manifest.generated.ts (react@19.2.4)
@bb/plugin-build:generate: st.generated.ts (react@19.2.4)
@bb/templates:generate:templates: > node ./scripts/generate-templates.mjs
@bb/templates:generate:templates:
@get-bb/plugin-sdk:build:types: cache miss, executing a36c1ea8bb6d3aa3
@bb/agent-runtime:generate:test-bridges: cache hit, replaying logs a4bd1f0feb8ff655
@bb/agent-runtime:generate:test-bridges:
@bb/agent-runtime:generate:test-bridges: > @bb/agent-runtime@0.0.1 generate:test-bridges /private/tmp/slopcop-3949.xmaePM/base/packages/agent-runtime
@bb/agent-runtime:generate:test-bridges: > node ./scripts/build-test-bridges.mjs
@bb/agent-runtime:generate:test-bridges:
@get-bb/plugin-sdk:build: cache hit, replaying logs 2defdba622e7fd54
@get-bb/plugin-sdk:build:
@get-bb/plugin-sdk:build: > @get-bb/plugin-sdk@0.4.110 build /private/tmp/slopcop-3949.xmaePM/base/packages/plugin-sdk
@get-bb/plugin-sdk:build: > node scripts/build-runtime.mjs
@get-bb/plugin-sdk:build:
@get-bb/plugin-sdk:build: Built 19 @get-bb/plugin-sdk runtime entries.
//:ensure-native-modules:
//:ensure-native-modules: > bb@ ensure-native-modules /tmp/issue-3948/first
//:ensure-native-modules: > node scripts/ensure-native-modules.mjs
//:ensure-native-modules:
@get-bb/plugin-sdk:build:types:
@get-bb/plugin-sdk:build:types: > @get-bb/plugin-sdk@0.4.110 build:types /tmp/issue-3948/first/packages/plugin-sdk
@get-bb/plugin-sdk:build:types: > node scripts/build-bundled-dts.mjs
@get-bb/plugin-sdk:build:types:
Shutting down Turborepo tasks...
@get-bb/plugin-sdk:build:types:  ELIFECYCLE  Command failed.

 Tasks:    7 successful, 8 total
Cached:    6 cached, 8 total
  Time:    6m55.8s
