• turbo 2.8.3
• Packages in scope: bb-plugin-provider-pi
• Running test in 1 packages
• Remote caching disabled
@bb/templates:generate:templates: cache miss, executing 8988f0cd20c38b5e
@bb/templates:generate:plugin-scaffold: cache miss, executing 77d63a34d2d47416
//:ensure-native-modules: cache bypass, force executing 3774fb122cd4b16d
@bb/templates:generate:templates:
@bb/templates:generate:templates: > @bb/templates@0.0.1 generate:templates /private/tmp/bb-3187-report.hCnxaU/bb-second/packages/templates
@bb/templates:generate:templates: > node ./scripts/generate-templates.mjs
@bb/templates:generate:templates:
//:ensure-native-modules:
//:ensure-native-modules: > bb@ ensure-native-modules /private/tmp/bb-3187-report.hCnxaU/bb-second
//:ensure-native-modules: > node scripts/ensure-native-modules.mjs
//:ensure-native-modules:
@bb/templates:generate:plugin-scaffold:
@bb/templates:generate:plugin-scaffold: > @bb/templates@0.0.1 generate:plugin-scaffold /private/tmp/bb-3187-report.hCnxaU/bb-second/packages/templates
@bb/templates:generate:plugin-scaffold: > node ./scripts/generate-plugin-scaffold.mjs
@bb/templates:generate:plugin-scaffold:
bb-plugin-provider-pi:test: cache miss, executing 96004fa7e2f9a46f
bb-plugin-provider-pi:test:
bb-plugin-provider-pi:test: > bb-plugin-provider-pi@0.1.0 test /private/tmp/bb-3187-report.hCnxaU/bb-second/plugins/provider-pi
bb-plugin-provider-pi:test: > vitest run --config vitest.config.ts "src/bridge/bridge.environment-switch.test.ts"
bb-plugin-provider-pi:test:
bb-plugin-provider-pi:test:
bb-plugin-provider-pi:test:  RUN  v4.1.1 /private/tmp/bb-3187-report.hCnxaU/bb-second/plugins/provider-pi
bb-plugin-provider-pi:test:
bb-plugin-provider-pi:test:  ❯ |bb-plugin-provider-pi:isolated| src/bridge/bridge.environment-switch.test.ts (1 test | 1 failed) 558ms
bb-plugin-provider-pi:test:    × uses the requested environment cwd after resuming a persisted session 558ms
bb-plugin-provider-pi:test:
bb-plugin-provider-pi:test: ⎯⎯⎯⎯⎯⎯⎯ Failed Tests 1 ⎯⎯⎯⎯⎯⎯⎯
bb-plugin-provider-pi:test:
bb-plugin-provider-pi:test:  FAIL  |bb-plugin-provider-pi:isolated| src/bridge/bridge.environment-switch.test.ts > uses the requested environment cwd after resuming a persisted session
bb-plugin-provider-pi:test: AssertionError: expected { type: 'command', …(2) } to match object { type: 'command', …(2) }
bb-plugin-provider-pi:test:
bb-plugin-provider-pi:test: - Expected
bb-plugin-provider-pi:test: + Received
bb-plugin-provider-pi:test:
bb-plugin-provider-pi:test:   {
bb-plugin-provider-pi:test:     "command": "pwd",
bb-plugin-provider-pi:test: -   "cwd": "/tmp/bb-pi-environment-switch-HCG4q9",
bb-plugin-provider-pi:test: +   "cwd": "/tmp/bb-pi-old-cwd-dNDzPS",
bb-plugin-provider-pi:test:     "type": "command",
bb-plugin-provider-pi:test:   }
bb-plugin-provider-pi:test:
bb-plugin-provider-pi:test:  ❯ src/bridge/bridge.environment-switch.test.ts:67:27
bb-plugin-provider-pi:test:      65|       .deltasOf(threadId)
bb-plugin-provider-pi:test:      66|       .find((delta) => delta.kind === "item.open");
bb-plugin-provider-pi:test:      67|     expect(command?.item).toMatchObject({
bb-plugin-provider-pi:test:        |                           ^
bb-plugin-provider-pi:test:      68|       type: "command",
bb-plugin-provider-pi:test:      69|       command: "pwd",
bb-plugin-provider-pi:test:
bb-plugin-provider-pi:test: ⎯⎯⎯⎯⎯⎯⎯⎯⎯⎯⎯⎯⎯⎯⎯⎯⎯⎯⎯⎯⎯⎯⎯⎯[1/1]⎯
bb-plugin-provider-pi:test:
bb-plugin-provider-pi:test:
bb-plugin-provider-pi:test:  Test Files  1 failed (1)
bb-plugin-provider-pi:test:       Tests  1 failed (1)
bb-plugin-provider-pi:test:    Start at  14:53:44
bb-plugin-provider-pi:test:    Duration  1.07s (transform 296ms, setup 0ms, import 426ms, tests 558ms, environment 0ms)
bb-plugin-provider-pi:test:
bb-plugin-provider-pi:test:  ELIFECYCLE  Test failed. See above for more details.
bb-plugin-provider-pi:test: ERROR: command finished with error: command (/private/tmp/bb-3187-report.hCnxaU/bb-second/plugins/provider-pi) <HOME>/Library/pnpm/.tools/pnpm/9.15.0/bin/pnpm run test src/bridge/bridge.environment-switch.test.ts exited (1)
bb-plugin-provider-pi#test: command (/private/tmp/bb-3187-report.hCnxaU/bb-second/plugins/provider-pi) <HOME>/Library/pnpm/.tools/pnpm/9.15.0/bin/pnpm run test src/bridge/bridge.environment-switch.test.ts exited (1)

 Tasks:    3 successful, 4 total
Cached:    0 cached, 4 total
  Time:    2.43s
Failed:    bb-plugin-provider-pi#test

 ERROR  run failed: command  exited (1)
