Selection QA

Run the shell command: echo hello-1440. Then reply only with ok.

Provisioned thread
Worked for
6s

ok

Use your shell tool to run exactly: echo hello-1440 && cat README.md. Then reply only with ok.

Worked for
8s

ok

Working...




5.6-Sol
Medium
Project:
qa
Environment:
Local
main
Accept Edits
Info
Diff
Parent
None
Environment
Local
Directory
/tmp/1440-qa
Branch
main
Git status
Up to date
No local changes relative to main.
--- Ctrl+A after clicking inside a user message ---
""
--- elements mentioning the command ---
[
  {
    "tag": "P",
    "text": "Run the shell command: echo hello-1440. Then reply only with ok.",
    "us": "text",
    "inButton": false
  },
  {
    "tag": "P",
    "text": "Use your shell tool to run exactly: echo hello-1440 && cat README.md. Then reply",
    "us": "text",
    "inButton": false
  }
]
