--- selection after click in message ---
{"rangeCount":1,"type":"Caret","anchor":"Use your shell tool to run exactly: echo","offset":71,"active":"BODY"}
--- after Ctrl+A ---
{"rangeCount":1,"type":"Range","text":""}
--- tool call rows after expanding ---
[
  {
    "tag": "P",
    "text": "Run the shell command: echo hello-1440. Then reply only with ok.",
    "us": "text",
    "inButton": false
  },
  {
    "tag": "P",
    "text": "Use your shell tool to run exactly: echo hello-1440 && cat README.md. Then reply only with ok.",
    "us": "text",
    "inButton": false
  },
  {
    "tag": "SPAN",
    "text": "README.md",
    "us": "none",
    "inButton": false
  }
]
