--- Ctrl+A from empty sidebar space ---
""
--- drag across sidebar ---
""
--- computed user-select ---
{
  "body": "none",
  "sidebar 'New thread' label": "none",
  "thread title header": "none",
  "user message text": "text",
  "assistant 'ok'": "text",
  "'Provisioned thread' system row": "none",
  "'Worked for' label": "none",
  "prompt editor (contenteditable)": "text",
  "footer 'main' branch label": "none"
}
message box {"x":796,"y":75,"w":411,"h":21.125}
--- drag from gutter (200px left of message) across message text ---
""
--- drag starting inside message text ---
"un the shell command: echo hello-1440. Then reply only with ok"
--- drag from message text down to 'ok' ---
"un the shell command: echo hello-1440. Then reply only with ok.\n\nok"
--- Ctrl+A inside prompt editor ---
"draft text"
