mounted: {"rows":13,"nodes":840,"markdownAnchors":0}
{
 "cfg": {
  "pageName": "a-base-small-clean3-1787065656",
  "url": "http://localhost:16950/projects/proj_n2izyamrfz/threads/thr_in7agg4344",
  "loadAll": false,
  "hook": false,
  "text": "The quick brown fox jumps over the lazy dog and keeps typing more words",
  "out": "1304-all-base-small-clean3.json",
  "shot": "1304-all-base-small-clean3.png"
 },
 "mounted": {
  "rows": 13,
  "nodes": 840,
  "markdownAnchors": 0
 },
 "chars": 71,
 "wallMs": 3184,
 "scheduleMs": 1775,
 "overheadPerKeyMs": 19.8,
 "metricsDelta": {
  "ScriptDuration": 1078,
  "LayoutDuration": 18,
  "RecalcStyleDuration": 1,
  "TaskDuration": 1709,
  "LayoutCount": 71,
  "RecalcStyleCount": 43
 },
 "cpuBusyMs": 1691,
 "cpuBusyPerKeyMs": 23.8,
 "commits": 0,
 "renderedFibersPerKey": 0,
 "renderedTop": [],
 "renderedMarkdown": [],
 "changedProviders": [],
 "probes": {
  "ThreadDetailViewInternal": 142,
  "ThreadDetailSecondaryContentBody": 284,
  "ThreadTimelinePane": 142,
  "EmbeddedThreadChatHostedFooter": 142,
  "ThreadTimelineSurface": 142,
  "ThreadDetailPromptArea": 142,
  "PromptBoxInternal": 284
 },
 "longTasks": [],
 "namedSelfMs": {
  "ThreadDetailViewInternal": 10.5,
  "PromptBoxInternal": 5,
  "propagateParentContextChanges": 11.9,
  "ThreadDetailPromptArea": 3.4,
  "caretPositionFromPoint": 4.7
 },
 "topSelf": [
  "  2306.4 ms  (idle) @ ",
  "   574.0 ms  (program) @ ",
  "   413.1 ms  exports.jsxDEV @ react_jsx-dev-runtime.js",
  "    72.2 ms  exports.jsx @ react_jsx-runtime.js",
  "    56.7 ms  run @ ",
  "    49.9 ms  (garbage collector) @ ",
  "    24.6 ms  react_stack_bottom_frame @ react-dom_client.js",
  "    17.7 ms  createTask @ ",
  "    17.3 ms  ReactElement @ react_jsx-dev-runtime.js",
  "    12.9 ms  prepareFreshStack @ react-dom_client.js",
  "    11.9 ms  propagateParentContextChanges @ react-dom_client.js",
  "    11.3 ms  updateEffectImpl @ react-dom_client.js",
  "    10.5 ms  ThreadDetailViewInternal @ ThreadDetailView.tsx",
  "    10.5 ms  measure @ ",
  "    10.3 ms  useBaseQuery @ @tanstack_react-query.js",
  "     8.6 ms  exports.createElement @ react.js",
  "     8.2 ms  addObjectDiffToProperties @ react-dom_client.js",
  "     7.6 ms  (anonymous) @ react-dom_client.js",
  "     6.9 ms  runWithFiberInDEV @ react-dom_client.js",
  "     6.9 ms  ReactElement @ react_jsx-runtime.js",
  "     6.5 ms  hashQueryKeyByOptions @ @tanstack_react-query.js",
  "     6.4 ms  now @ ",
  "     5.9 ms  (anonymous) @ chunk-C-Qwzh9l.js",
  "     5.2 ms  areHookInputsEqual @ react-dom_client.js",
  "     5.0 ms  PromptBoxInternal @ PromptBoxInternal.tsx"
 ]
}
shot: /home/sawyer/.dev-browser/tmp/1304-all-base-small-clean3.png
