mounted: {"rows":197,"nodes":5925,"markdownAnchors":0}
{
 "cfg": {
  "pageName": "a-base-big-clean4-1787065635",
  "url": "http://localhost:16950/projects/proj_rgsz9s6cf9/threads/thr_e5upw3jres",
  "loadAll": true,
  "hook": false,
  "text": "The quick brown fox jumps over the lazy dog and keeps typing more words",
  "out": "1304-all-base-big-clean4.json",
  "shot": "1304-all-base-big-clean4.png"
 },
 "mounted": {
  "rows": 197,
  "nodes": 5925,
  "markdownAnchors": 0
 },
 "chars": 71,
 "wallMs": 3634,
 "scheduleMs": 1775,
 "overheadPerKeyMs": 26.2,
 "metricsDelta": {
  "ScriptDuration": 1360,
  "LayoutDuration": 19,
  "RecalcStyleDuration": 2,
  "TaskDuration": 2291,
  "LayoutCount": 81,
  "RecalcStyleCount": 69
 },
 "cpuBusyMs": 2263,
 "cpuBusyPerKeyMs": 31.9,
 "commits": 0,
 "renderedFibersPerKey": 0,
 "renderedTop": [],
 "renderedMarkdown": [],
 "changedProviders": [],
 "probes": {
  "ThreadDetailViewInternal": 142,
  "ThreadDetailSecondaryContentBody": 284,
  "ThreadTimelinePane": 142,
  "EmbeddedThreadChatHostedFooter": 142,
  "ThreadTimelineSurface": 142,
  "ThreadDetailPromptArea": 142,
  "PromptBoxInternal": 284
 },
 "longTasks": [],
 "namedSelfMs": {
  "ThreadDetailViewInternal": 8.3,
  "propagateParentContextChanges": 114.6,
  "caretPositionFromPoint": 23.5,
  "ThreadDetailPromptArea": 5.7,
  "PromptBoxInternal": 4.4
 },
 "topSelf": [
  "  2292.2 ms  (idle) @ ",
  "   850.3 ms  (program) @ ",
  "   450.0 ms  exports.jsxDEV @ react_jsx-dev-runtime.js",
  "   114.6 ms  propagateParentContextChanges @ react-dom_client.js",
  "    99.3 ms  exports.jsx @ react_jsx-runtime.js",
  "    60.2 ms  (garbage collector) @ ",
  "    56.0 ms  run @ ",
  "    30.3 ms  jsxDEVImpl @ react_jsx-dev-runtime.js",
  "    23.5 ms  caretPositionFromPoint @ ",
  "    18.7 ms  createTask @ ",
  "    18.5 ms  renderWithHooks @ react-dom_client.js",
  "    18.4 ms  measure @ ",
  "    16.1 ms  addEventListener @ ",
  "    14.1 ms  addObjectDiffToProperties @ react-dom_client.js",
  "    14.0 ms  prepareFreshStack @ react-dom_client.js",
  "    12.4 ms  useBaseQuery @ @tanstack_react-query.js",
  "    12.4 ms  jsxDEVImpl @ react_jsx-runtime.js",
  "     8.9 ms  logComponentRender @ react-dom_client.js",
  "     8.3 ms  ThreadDetailViewInternal @ ThreadDetailView.tsx",
  "     8.3 ms  updateEffectImpl @ react-dom_client.js",
  "     8.0 ms  intersectsNode @ ",
  "     7.9 ms  exports.createElement @ react.js",
  "     7.2 ms  (anonymous) @ react-dom_client.js",
  "     6.4 ms  createWorkInProgress @ react-dom_client.js",
  "     6.4 ms  updateWorkInProgressHook @ react-dom_client.js"
 ]
}
shot: /home/sawyer/.dev-browser/tmp/1304-all-base-big-clean4.png
