mounted: {"rows":197,"nodes":5925,"markdownAnchors":0}
{
 "cfg": {
  "pageName": "a-base-big-clean2-1787065318",
  "url": "http://localhost:16950/projects/proj_rgsz9s6cf9/threads/thr_e5upw3jres",
  "loadAll": true,
  "hook": false,
  "text": "The quick brown fox jumps over the lazy dog and keeps typing more words",
  "out": "1304-all-base-big-clean2.json",
  "shot": "1304-all-base-big-clean2.png"
 },
 "mounted": {
  "rows": 197,
  "nodes": 5925,
  "markdownAnchors": 0
 },
 "chars": 71,
 "wallMs": 3710,
 "scheduleMs": 1775,
 "overheadPerKeyMs": 27.3,
 "metricsDelta": {
  "ScriptDuration": 1419,
  "LayoutDuration": 19,
  "RecalcStyleDuration": 1,
  "TaskDuration": 2268,
  "LayoutCount": 71,
  "RecalcStyleCount": 73
 },
 "cpuBusyMs": 2238,
 "cpuBusyPerKeyMs": 31.5,
 "commits": 0,
 "renderedFibersPerKey": 0,
 "renderedTop": [],
 "renderedMarkdown": [],
 "changedProviders": [],
 "probes": {
  "ThreadDetailViewInternal": 142,
  "ThreadDetailSecondaryContentBody": 284,
  "ThreadTimelinePane": 142,
  "EmbeddedThreadChatHostedFooter": 142,
  "ThreadTimelineSurface": 142,
  "ThreadDetailPromptArea": 142,
  "PromptBoxInternal": 284
 },
 "longTasks": [],
 "namedSelfMs": {
  "propagateParentContextChanges": 136.6,
  "caretPositionFromPoint": 20.6,
  "ThreadDetailViewInternal": 12.7,
  "PromptBoxInternal": 2.4,
  "ThreadDetailPromptArea": 2.8
 },
 "topSelf": [
  "  2318.6 ms  (idle) @ ",
  "   775.0 ms  (program) @ ",
  "   473.7 ms  exports.jsxDEV @ react_jsx-dev-runtime.js",
  "   136.6 ms  propagateParentContextChanges @ react-dom_client.js",
  "   109.0 ms  exports.jsx @ react_jsx-runtime.js",
  "    52.6 ms  run @ ",
  "    52.1 ms  (garbage collector) @ ",
  "    27.6 ms  jsxDEVImpl @ react_jsx-dev-runtime.js",
  "    23.3 ms  renderWithHooks @ react-dom_client.js",
  "    20.6 ms  createTask @ ",
  "    20.6 ms  caretPositionFromPoint @ ",
  "    18.7 ms  addEventListener @ ",
  "    16.1 ms  exports.createElement @ react.js",
  "    15.7 ms  prepareFreshStack @ react-dom_client.js",
  "    14.8 ms  useBaseQuery @ @tanstack_react-query.js",
  "    13.5 ms  measure @ ",
  "    12.7 ms  ThreadDetailViewInternal @ ThreadDetailView.tsx",
  "    11.4 ms  addObjectDiffToProperties @ react-dom_client.js",
  "    10.0 ms  jsxDEVImpl @ react_jsx-runtime.js",
  "     9.9 ms  runWithFiberInDEV @ react-dom_client.js",
  "     8.8 ms  createWorkInProgress @ react-dom_client.js",
  "     8.6 ms  updateEffectImpl @ react-dom_client.js",
  "     7.9 ms  logComponentRender @ react-dom_client.js",
  "     7.7 ms  beginWork @ react-dom_client.js",
  "     7.3 ms  now @ "
 ]
}
shot: /home/sawyer/.dev-browser/tmp/1304-all-base-big-clean2.png
