mounted: {"rows":197,"nodes":5925,"markdownAnchors":0}
{
 "cfg": {
  "pageName": "a-fixfinal-big-clean-1787065959",
  "url": "http://localhost:16950/projects/proj_rgsz9s6cf9/threads/thr_e5upw3jres",
  "loadAll": true,
  "hook": false,
  "text": "The quick brown fox jumps over the lazy dog and keeps typing more words",
  "out": "1304-all-fixfinal-big-clean.json",
  "shot": "1304-all-fixfinal-big-clean.png"
 },
 "mounted": {
  "rows": 197,
  "nodes": 5925,
  "markdownAnchors": 0
 },
 "chars": 71,
 "wallMs": 3224,
 "scheduleMs": 1775,
 "overheadPerKeyMs": 20.4,
 "metricsDelta": {
  "ScriptDuration": 974,
  "LayoutDuration": 21,
  "RecalcStyleDuration": 2,
  "TaskDuration": 1821,
  "LayoutCount": 82,
  "RecalcStyleCount": 55
 },
 "cpuBusyMs": 1801,
 "cpuBusyPerKeyMs": 25.4,
 "commits": 0,
 "renderedFibersPerKey": 0,
 "renderedTop": [],
 "renderedMarkdown": [],
 "changedProviders": [],
 "probes": {
  "ThreadDetailPromptArea": 142,
  "PromptBoxInternal": 284,
  "ThreadDetailSecondaryContentBody": 142
 },
 "longTasks": [],
 "namedSelfMs": {
  "ThreadDetailPromptArea": 5.4,
  "PromptBoxInternal": 4.4,
  "caretPositionFromPoint": 20.6,
  "propagateParentContextChanges": 2.6
 },
 "topSelf": [
  "  2271.9 ms  (idle) @ ",
  "   788.7 ms  (program) @ ",
  "   429.9 ms  exports.jsxDEV @ react_jsx-dev-runtime.js",
  "    59.8 ms  exports.jsx @ react_jsx-runtime.js",
  "    44.4 ms  (garbage collector) @ ",
  "    42.2 ms  run @ ",
  "    20.6 ms  caretPositionFromPoint @ ",
  "    17.9 ms  addEventListener @ ",
  "    17.1 ms  prepareFreshStack @ react-dom_client.js",
  "    16.6 ms  jsxDEVImpl @ react_jsx-dev-runtime.js",
  "    15.7 ms  createTask @ ",
  "    10.9 ms  measure @ ",
  "    10.3 ms  renderWithHooks @ react-dom_client.js",
  "     7.0 ms  intersectsNode @ ",
  "     7.0 ms  checkIfContextChanged @ react-dom_client.js",
  "     6.8 ms  addEventListener @ foreign-dom-mutation-guard.ts",
  "     6.4 ms  now @ ",
  "     6.0 ms  handleKeyDown @ dist-H4yHTft2.js",
  "     5.9 ms  (anonymous) @ react-dom_client.js",
  "     5.4 ms  ThreadDetailPromptArea @ ThreadDetailPromptArea.tsx",
  "     5.1 ms  createWorkInProgress @ react-dom_client.js",
  "     5.0 ms  addObjectDiffToProperties @ react-dom_client.js",
  "     4.7 ms  setIsStrictModeForDevtools @ react-dom_client.js",
  "     4.4 ms  PromptBoxInternal @ PromptBoxInternal.tsx",
  "     4.4 ms  updateEffectImpl @ react-dom_client.js"
 ]
}
shot: /home/sawyer/.dev-browser/tmp/1304-all-fixfinal-big-clean.png
