mounted: {"rows":13,"nodes":840,"markdownAnchors":0}
{
 "cfg": {
  "pageName": "a-fix-small-clean-1787065520",
  "url": "http://localhost:16950/projects/proj_n2izyamrfz/threads/thr_in7agg4344",
  "loadAll": false,
  "hook": false,
  "text": "The quick brown fox jumps over the lazy dog and keeps typing more words",
  "out": "1304-all-fix-small-clean.json",
  "shot": "1304-all-fix-small-clean.png"
 },
 "mounted": {
  "rows": 13,
  "nodes": 840,
  "markdownAnchors": 0
 },
 "chars": 71,
 "wallMs": 3414,
 "scheduleMs": 1775,
 "overheadPerKeyMs": 23.1,
 "metricsDelta": {
  "ScriptDuration": 1063,
  "LayoutDuration": 22,
  "RecalcStyleDuration": 1,
  "TaskDuration": 1974,
  "LayoutCount": 71,
  "RecalcStyleCount": 52
 },
 "cpuBusyMs": 1949,
 "cpuBusyPerKeyMs": 27.4,
 "commits": 0,
 "renderedFibersPerKey": 0,
 "renderedTop": [],
 "renderedMarkdown": [],
 "changedProviders": [],
 "probes": {
  "ThreadDetailPromptArea": 142,
  "PromptBoxInternal": 284,
  "ThreadDetailSecondaryContentBody": 142
 },
 "longTasks": [],
 "namedSelfMs": {
  "propagateParentContextChanges": 3.6,
  "PromptBoxInternal": 7,
  "caretPositionFromPoint": 6.2,
  "ThreadDetailPromptArea": 5.6
 },
 "topSelf": [
  "  2513.1 ms  (idle) @ ",
  "   847.5 ms  (program) @ ",
  "   422.9 ms  exports.jsxDEV @ react_jsx-dev-runtime.js",
  "    67.7 ms  run @ ",
  "    64.0 ms  exports.jsx @ react_jsx-runtime.js",
  "    48.3 ms  (garbage collector) @ ",
  "    21.1 ms  react_stack_bottom_frame @ react-dom_client.js",
  "    18.3 ms  prepareFreshStack @ react-dom_client.js",
  "    17.8 ms  createTask @ ",
  "    13.4 ms  ReactElement @ react_jsx-dev-runtime.js",
  "    11.8 ms  measure @ ",
  "     8.6 ms  checkIfContextChanged @ react-dom_client.js",
  "     8.3 ms  createWorkInProgress @ react-dom_client.js",
  "     7.2 ms  runWithFiberInDEV @ react-dom_client.js",
  "     7.1 ms  useBaseQuery @ @tanstack_react-query.js",
  "     7.0 ms  addObjectDiffToProperties @ react-dom_client.js",
  "     7.0 ms  PromptBoxInternal @ PromptBoxInternal.tsx",
  "     6.7 ms  getTaskName @ react_jsx-dev-runtime.js",
  "     6.6 ms  updateEffectImpl @ react-dom_client.js",
  "     6.2 ms  caretPositionFromPoint @ ",
  "     5.9 ms  (anonymous) @ react-dom_client.js",
  "     5.6 ms  ThreadDetailPromptArea @ ThreadDetailPromptArea.tsx",
  "     5.2 ms  getComponentNameFromType @ react_jsx-dev-runtime.js",
  "     5.0 ms  ReactStrictModeWarnings.recordLegacyContextWarning @ react-dom_client.js",
  "     4.7 ms  logComponentRender @ react-dom_client.js"
 ]
}
shot: /home/sawyer/.dev-browser/tmp/1304-all-fix-small-clean.png
