mounted: {"rows":13,"nodes":840,"markdownAnchors":0}
{
 "cfg": {
  "pageName": "a-base-small-clean-1787065280",
  "url": "http://localhost:16950/projects/proj_n2izyamrfz/threads/thr_in7agg4344",
  "loadAll": false,
  "hook": false,
  "text": "The quick brown fox jumps over the lazy dog and keeps typing more words",
  "out": "1304-all-base-small-clean.json",
  "shot": "1304-all-base-small-clean.png"
 },
 "mounted": {
  "rows": 13,
  "nodes": 840,
  "markdownAnchors": 0
 },
 "chars": 71,
 "wallMs": 3105,
 "scheduleMs": 1775,
 "overheadPerKeyMs": 18.7,
 "cpuBusyMs": 1715,
 "cpuBusyPerKeyMs": 24.2,
 "commits": 0,
 "renderedFibersPerKey": 0,
 "renderedTop": [],
 "renderedMarkdown": [],
 "changedProviders": [],
 "probes": {
  "ThreadDetailViewInternal": 142,
  "ThreadDetailSecondaryContentBody": 284,
  "ThreadTimelinePane": 142,
  "EmbeddedThreadChatHostedFooter": 142,
  "ThreadTimelineSurface": 142,
  "ThreadDetailPromptArea": 142,
  "PromptBoxInternal": 284
 },
 "longTasks": [],
 "namedSelfMs": {
  "caretPositionFromPoint": 5.7,
  "ThreadDetailViewInternal": 10.1,
  "propagateParentContextChanges": 10.4,
  "ThreadDetailPromptArea": 2.9,
  "PromptBoxInternal": 3.4
 },
 "topSelf": [
  "  2208.0 ms  (idle) @ ",
  "   577.4 ms  (program) @ ",
  "   431.0 ms  exports.jsxDEV @ react_jsx-dev-runtime.js",
  "    74.3 ms  exports.jsx @ react_jsx-runtime.js",
  "    52.1 ms  (garbage collector) @ ",
  "    30.3 ms  react_stack_bottom_frame @ react-dom_client.js",
  "    28.0 ms  run @ ",
  "    17.5 ms  ReactElement @ react_jsx-dev-runtime.js",
  "    17.2 ms  createTask @ ",
  "    14.5 ms  measure @ ",
  "    11.1 ms  addObjectDiffToProperties @ react-dom_client.js",
  "    10.8 ms  useBaseQuery @ @tanstack_react-query.js",
  "    10.6 ms  updateEffectImpl @ react-dom_client.js",
  "    10.4 ms  propagateParentContextChanges @ react-dom_client.js",
  "    10.1 ms  ThreadDetailViewInternal @ ThreadDetailView.tsx",
  "     9.6 ms  ReactElement @ react_jsx-runtime.js",
  "     9.0 ms  exports.createElement @ react.js",
  "     8.7 ms  runWithFiberInDEV @ react-dom_client.js",
  "     8.3 ms  hashQueryKeyByOptions @ @tanstack_react-query.js",
  "     7.9 ms  (anonymous) @ react-dom_client.js",
  "     6.3 ms  getComponentNameFromType @ react_jsx-dev-runtime.js",
  "     6.1 ms  (anonymous) @ @tanstack_react-query.js",
  "     6.0 ms  now @ ",
  "     5.7 ms  caretPositionFromPoint @ ",
  "     5.7 ms  areHookInputsEqual @ react-dom_client.js"
 ]
}
shot: /home/sawyer/.dev-browser/tmp/1304-all-base-small-clean.png
