mounted: {"rows":197,"nodes":5925,"markdownAnchors":0}
{
 "cfg": {
  "pageName": "a-fixfinal-big-1787065937",
  "url": "http://localhost:16950/projects/proj_rgsz9s6cf9/threads/thr_e5upw3jres",
  "loadAll": true,
  "hook": true,
  "text": "The quick brown fox jumps over the lazy dog and keeps typing more words",
  "out": "1304-all-fixfinal-big.json",
  "shot": "1304-all-fixfinal-big.png"
 },
 "mounted": {
  "rows": 197,
  "nodes": 5925,
  "markdownAnchors": 0
 },
 "chars": 71,
 "wallMs": 3536,
 "scheduleMs": 1775,
 "overheadPerKeyMs": 24.8,
 "metricsDelta": {
  "ScriptDuration": 1257,
  "LayoutDuration": 20,
  "RecalcStyleDuration": 3,
  "TaskDuration": 2136,
  "LayoutCount": 80,
  "RecalcStyleCount": 60
 },
 "cpuBusyMs": 2111,
 "cpuBusyPerKeyMs": 29.7,
 "commits": 143,
 "renderedFibersPerKey": 81,
 "renderedTop": [
  [
   "Button",
   426
  ],
  [
   "Icon",
   426
  ],
  [
   "DropdownMenu",
   284
  ],
  [
   "MenuProvider",
   284
  ],
  [
   "PluginComposerViewProvider",
   213
  ],
  [
   "Popper",
   213
  ],
  [
   "PopperProvider",
   213
  ],
  [
   "Presence",
   213
  ],
  [
   "PromptBoxInternal",
   142
  ],
  [
   "ComposerActionsSlot",
   142
  ],
  [
   "ComposerPlusMenuSlot",
   142
  ],
  [
   "Popover",
   142
  ],
  [
   "PromptBoxActionsMenu",
   142
  ],
  [
   "DropdownMenuProvider",
   142
  ],
  [
   "Menu",
   142
  ],
  [
   "DropdownMenuContent",
   142
  ],
  [
   "DropdownMenuPortal",
   142
  ],
  [
   "MenuPortal",
   142
  ],
  [
   "MenuPortalProvider",
   142
  ],
  [
   "AttachmentPreview",
   142
  ],
  [
   "ComposerEditorSlot",
   142
  ],
  [
   "AppCommandShortcutHint",
   142
  ],
  [
   "ThreadDetailPromptArea",
   71
  ],
  [
   "FollowUpPromptBox",
   71
  ],
  [
   "FollowUpPromptBoxWithComposer",
   71
  ],
  [
   "PluginComposerHostProvider",
   71
  ],
  [
   "PromptBoxWithScrollAnchor",
   71
  ],
  [
   "ExecutionControls",
   71
  ],
  [
   "ModelReasoningPicker",
   71
  ],
  [
   "PopoverProvider",
   71
  ],
  [
   "PopoverContent",
   71
  ],
  [
   "PopoverPortal",
   71
  ],
  [
   "PopoverPortalProvider",
   71
  ],
  [
   "ComposerBannersSlot",
   71
  ],
  [
   "ComposerBannerRows",
   71
  ],
  [
   "ThreadBackgroundCommandsCard",
   71
  ],
  [
   "ThreadPromptModeCard",
   71
  ],
  [
   "ThreadGoalCard",
   71
  ],
  [
   "ThreadTodoCard",
   71
  ],
  [
   "ThreadPromptContextBanner",
   71
  ],
  [
   "QueuedMessagesList",
   71
  ],
  [
   "ThreadDetailSecondaryContentBody",
   71
  ],
  [
   "SecondaryPanelLayout",
   71
  ],
  [
   "ThreadTableOfContents",
   1
  ]
 ],
 "renderedMarkdown": [
  [
   "PromptBoxWithScrollAnchor",
   71
  ],
  [
   "ComposerBannerRows",
   71
  ]
 ],
 "changedProviders": [
  [
   "Provider under PluginComposerViewProvider < FollowUpPromptBoxWithComposer < FollowUpPromptBox",
   {
    "changes": 71,
    "subtree": 272,
    "sample": "{scope,layout,draft,run}"
   }
  ],
  [
   "Provider under PluginComposerHostProvider < PluginComposerViewProvider < FollowUpPromptBoxWithComposer",
   {
    "changes": 71,
    "subtree": 270,
    "sample": "{scope,textEffectKey,getCurrent,setDraft,focus,draft}"
   }
  ],
  [
   "Provider under PluginComposerViewProvider < PromptBoxInternal < PromptBoxWithScrollAnchor",
   {
    "changes": 71,
    "subtree": 94,
    "sample": "{scope,layout,draft,run}"
   }
  ]
 ],
 "probes": {
  "ThreadDetailPromptArea": 142,
  "PromptBoxInternal": 284,
  "ThreadDetailSecondaryContentBody": 142
 },
 "longTasks": [],
 "namedSelfMs": {
  "caretPositionFromPoint": 23.7,
  "ThreadDetailPromptArea": 3.7,
  "propagateParentContextChanges": 4.2,
  "PromptBoxInternal": 1
 },
 "topSelf": [
  "  2282.1 ms  (idle) @ ",
  "   807.8 ms  (program) @ ",
  "   357.2 ms  exports.jsxDEV @ react_jsx-dev-runtime.js",
  "   345.2 ms  onCommitFiberRoot @ ",
  "    58.5 ms  (garbage collector) @ ",
  "    53.4 ms  exports.jsx @ react_jsx-runtime.js",
  "    46.6 ms  run @ ",
  "    23.7 ms  caretPositionFromPoint @ ",
  "    17.3 ms  addEventListener @ ",
  "    16.9 ms  prepareFreshStack @ react-dom_client.js",
  "    15.3 ms  createTask @ ",
  "    12.6 ms  measure @ ",
  "    11.9 ms  jsxDEVImpl @ react_jsx-dev-runtime.js",
  "     7.4 ms  (anonymous) @ react-dom_client.js",
  "     6.9 ms  runWithFiberInDEV @ react-dom_client.js",
  "     6.8 ms  intersectsNode @ ",
  "     6.5 ms  renderWithHooks @ react-dom_client.js",
  "     5.8 ms  logComponentRender @ react-dom_client.js",
  "     5.5 ms  addObjectDiffToProperties @ react-dom_client.js",
  "     5.4 ms  (anonymous) @ @tanstack_react-query.js",
  "     5.2 ms  now @ ",
  "     4.9 ms  getTaskName @ react_jsx-dev-runtime.js",
  "     4.7 ms  useBaseQuery @ @tanstack_react-query.js",
  "     4.7 ms  updateEffectImpl @ react-dom_client.js",
  "     4.6 ms  addEventListener @ foreign-dom-mutation-guard.ts"
 ]
}
shot: /home/sawyer/.dev-browser/tmp/1304-all-fixfinal-big.png
