probe installed at 72 ms; root children: 0
[
 {
  "t": 80,
  "pulse": 0,
  "header": "",
  "markers": [],
  "main": ""
 },
 {
  "t": 909,
  "pulse": 4,
  "header": "",
  "markers": [],
  "main": ""
 },
 {
  "t": 970,
  "pulse": 0,
  "header": "",
  "markers": [
   "1676 target"
  ],
  "main": ""
 },
 {
  "t": 1776,
  "pulse": 0,
  "header": "",
  "markers": [
   "This plugin panel is not available",
   "1676 target",
   "not available"
  ],
  "main": "This plugin panel is not available. The plugin may still be loading, or it has been disabled or removed."
 },
 {
  "t": 2130,
  "pulse": 2,
  "header": "",
  "markers": [
   "Loading models",
   "Reply only with ok",
   "1676 target",
   "Tasks"
  ],
  "main": "1676 target Reply only with ok. NEW Provisioned thread ok Working... Loading models Project: qa Environment: Local Info "
 },
 {
  "t": 2528,
  "pulse": 2,
  "header": "",
  "markers": [
   "Loading models",
   "Reply only with ok",
   "1676 target",
   "Tasks",
   "Automations"
  ],
  "main": "1676 target Reply only with ok. NEW Provisioned thread ok Working... Loading models Project: qa Environment: Local Info "
 },
 {
  "t": 2603,
  "pulse": 2,
  "header": "",
  "markers": [
   "Loading models",
   "Reply only with ok",
   "1676 target",
   "Tasks",
   "Automations"
  ],
  "main": "1676 target Reply only with ok. NEW Provisioned thread ok Working... Loading models Project: qa Environment: Local Accep"
 },
 {
  "t": 2678,
  "pulse": 2,
  "header": "",
  "markers": [
   "Loading models",
   "Reply only with ok",
   "1676 target",
   "Tasks",
   "Automations"
  ],
  "main": "1676 target Reply only with ok. NEW Provisioned thread ok Working... Loading models Project: qa Environment: Local main "
 },
 {
  "t": 2913,
  "pulse": 0,
  "header": "",
  "markers": [
   "Extra High",
   "5.6-Sol",
   "Reply only with ok",
   "1676 target",
   "Tasks",
   "Automations"
  ],
  "main": "1676 target Reply only with ok. NEW Provisioned thread ok Working... 5.6-Sol Extra High Project: qa Environment: Local m"
 }
]

