probe installed at 69.09999999403954 ms; root children: 0
[
 {
  "t": 77,
  "pulse": 0,
  "header": "",
  "markers": [],
  "main": ""
 },
 {
  "t": 920,
  "pulse": 4,
  "header": "",
  "markers": [],
  "main": ""
 },
 {
  "t": 973,
  "pulse": 0,
  "header": "",
  "markers": [
   "1676 target"
  ],
  "main": ""
 },
 {
  "t": 2051,
  "pulse": 0,
  "header": "",
  "markers": [
   "This plugin panel is not available",
   "1676 target",
   "not available"
  ],
  "main": "This plugin panel is not available. The plugin may still be loading, or it has been disabled or removed."
 },
 {
  "t": 2140,
  "pulse": 0,
  "header": "",
  "markers": [
   "This plugin panel is not available",
   "1676 target",
   "Automations",
   "not available"
  ],
  "main": "This plugin panel is not available. The plugin may still be loading, or it has been disabled or removed."
 },
 {
  "t": 2371,
  "pulse": 39,
  "header": "Tasks",
  "markers": [
   "1676 target",
   "Tasks",
   "Automations"
  ],
  "main": "Tasks All tasks Active Manage All tasks New task Status Priority Sort"
 },
 {
  "t": 2409,
  "pulse": 0,
  "header": "Tasks",
  "markers": [
   "No projects yet",
   "1676 target",
   "Tasks",
   "Automations"
  ],
  "main": "Tasks All tasks 0 Active 0 Agent presets No presets yet. New preset Manage All tasks New task No projects yet Create a p"
 }
]

