probe installed at 151.2000000178814 ms; root children: 0
[
 {
  "t": 160,
  "pulse": 0,
  "header": "",
  "markers": [],
  "main": ""
 },
 {
  "t": 972,
  "pulse": 4,
  "header": "",
  "markers": [],
  "main": ""
 },
 {
  "t": 1018,
  "pulse": 0,
  "header": "",
  "markers": [
   "1676 target"
  ],
  "main": ""
 },
 {
  "t": 1904,
  "pulse": 0,
  "header": "",
  "markers": [
   "1676 target",
   "Automations"
  ],
  "main": ""
 },
 {
  "t": 1964,
  "pulse": 0,
  "header": "",
  "markers": [
   "1676 target",
   "Tasks",
   "Automations"
  ],
  "main": ""
 },
 {
  "t": 2078,
  "pulse": 2,
  "header": "",
  "markers": [
   "Loading models",
   "1676 target",
   "Tasks",
   "Automations"
  ],
  "main": " Loading models Work in a project Approve for me No thread details available."
 },
 {
  "t": 2635,
  "pulse": 0,
  "header": "",
  "markers": [
   "5.6-Sol",
   "Medium",
   "1676 target",
   "Tasks",
   "Automations"
  ],
  "main": " 5.6-Sol Medium Work in a project Approve for me No thread details available."
 },
 {
  "t": 3071,
  "pulse": 2,
  "header": "",
  "markers": [
   "Loading models",
   "1676 target",
   "Tasks",
   "Automations"
  ],
  "main": " Loading models Work in a project Approve for me No thread details available."
 }
]

