probe installed at 375 ms; root children: 0
[
 {
  "t": 383,
  "pulse": 0,
  "header": "",
  "markers": [],
  "main": ""
 },
 {
  "t": 1466,
  "pulse": 4,
  "header": "",
  "markers": [],
  "main": ""
 },
 {
  "t": 1529,
  "pulse": 0,
  "header": "",
  "markers": [
   "1676 target"
  ],
  "main": ""
 },
 {
  "t": 2630,
  "pulse": 0,
  "header": "",
  "markers": [
   "1676 target",
   "Tasks"
  ],
  "main": ""
 },
 {
  "t": 2774,
  "pulse": 0,
  "header": "",
  "markers": [
   "1676 target",
   "Tasks",
   "Automations"
  ],
  "main": ""
 },
 {
  "t": 3002,
  "pulse": 2,
  "header": "",
  "markers": [
   "Loading models",
   "Reply only with ok",
   "1676 target",
   "Tasks",
   "Automations"
  ],
  "main": "1676 target Reply only with ok. Provisioned thread ok Working... Loading models Project: qa Environment: Local Info Diff"
 },
 {
  "t": 3289,
  "pulse": 2,
  "header": "",
  "markers": [
   "Loading models",
   "Reply only with ok",
   "1676 target",
   "Tasks",
   "Automations"
  ],
  "main": "1676 target Reply only with ok. Provisioned thread ok Working... Loading models Project: qa Environment: Local main Info"
 },
 {
  "t": 3676,
  "pulse": 0,
  "header": "",
  "markers": [
   "5.6-Sol",
   "Medium",
   "Reply only with ok",
   "1676 target",
   "Tasks",
   "Automations"
  ],
  "main": "1676 target Reply only with ok. Provisioned thread ok Working... 5.6-Sol Medium Project: qa Environment: Local main Info"
 },
 {
  "t": 8043,
  "pulse": 0,
  "header": "",
  "markers": [
   "Extra High",
   "5.6-Sol",
   "Reply only with ok",
   "1676 target",
   "Tasks",
   "Automations"
  ],
  "main": "1676 target Reply only with ok. Provisioned thread ok Working... 5.6-Sol Extra High Project: qa Environment: Local main "
 }
]
/home/sawyer/.dev-browser/tmp/v1676-at4500.png (page time 4880 ms)
/home/sawyer/.dev-browser/tmp/v1676-at12000.png (page time 12378 ms)
