probe installed at 479.7999999821186 ms; root children: 0
[
 {
  "t": 489,
  "pulse": 0,
  "header": "",
  "markers": [],
  "main": ""
 },
 {
  "t": 1328,
  "pulse": 4,
  "header": "",
  "markers": [],
  "main": ""
 },
 {
  "t": 1396,
  "pulse": 0,
  "header": "",
  "markers": [
   "1676 target"
  ],
  "main": ""
 },
 {
  "t": 2254,
  "pulse": 0,
  "header": "",
  "markers": [
   "1676 target",
   "Automations"
  ],
  "main": ""
 },
 {
  "t": 2381,
  "pulse": 0,
  "header": "",
  "markers": [
   "1676 target",
   "Tasks",
   "Automations"
  ],
  "main": ""
 },
 {
  "t": 2600,
  "pulse": 2,
  "header": "",
  "markers": [
   "Loading models",
   "Reply only with ok",
   "1676 target",
   "Tasks",
   "Automations"
  ],
  "main": "1676 target Reply only with ok. Provisioned thread ok Working... Loading models Project: qa Environment: Local Info Diff"
 },
 {
  "t": 2891,
  "pulse": 2,
  "header": "",
  "markers": [
   "Loading models",
   "Reply only with ok",
   "1676 target",
   "Tasks",
   "Automations"
  ],
  "main": "1676 target Reply only with ok. Provisioned thread ok Working... Loading models Project: qa Environment: Local main Info"
 },
 {
  "t": 3393,
  "pulse": 0,
  "header": "",
  "markers": [
   "5.6-Sol",
   "Medium",
   "Reply only with ok",
   "1676 target",
   "Tasks",
   "Automations"
  ],
  "main": "1676 target Reply only with ok. Provisioned thread ok Working... 5.6-Sol Medium Project: qa Environment: Local main Info"
 }
]

