probe installed at 141.30000001192093 ms; root children: 0
[
 {
  "t": 149,
  "pulse": 0,
  "header": "",
  "markers": [],
  "main": ""
 },
 {
  "t": 837,
  "pulse": 4,
  "header": "",
  "markers": [],
  "main": ""
 },
 {
  "t": 901,
  "pulse": 0,
  "header": "",
  "markers": [
   "1676 target"
  ],
  "main": ""
 },
 {
  "t": 1591,
  "pulse": 0,
  "header": "",
  "markers": [
   "1676 target",
   "Tasks"
  ],
  "main": ""
 },
 {
  "t": 1694,
  "pulse": 0,
  "header": "",
  "markers": [
   "1676 target",
   "Tasks",
   "Automations"
  ],
  "main": ""
 },
 {
  "t": 1882,
  "pulse": 39,
  "header": "Tasks",
  "markers": [
   "1676 target",
   "Tasks",
   "Automations"
  ],
  "main": "Tasks All tasks Active Manage All tasks New task Status Priority Sort"
 },
 {
  "t": 1912,
  "pulse": 0,
  "header": "Tasks",
  "markers": [
   "No projects yet",
   "1676 target",
   "Tasks",
   "Automations"
  ],
  "main": "Tasks All tasks 0 Active 0 Agent presets No presets yet. New preset Manage All tasks New task No projects yet Create a p"
 }
]

