sh -> shell
bash -> shell
shell -> shell
zsh -> shell
console -> undefined
h -> undefined
hpp -> undefined
less -> undefined
scss -> css
kotlin -> kotlin
kt -> kotlin
cc -> cpp
c++ -> cpp
cpp -> cpp
yaml -> yaml
toml -> toml
dockerfile -> dockerfile
sql -> sql
html -> html
markdown -> markdown
ts -> typescript
tsx -> typescript
js -> javascript
json -> json
diff -> diff
v2 shell tokens: [["comment","# install the plugin"],["comment",""],["identifier","bb"],["space"," "],["identifier","plugin"],["space"," "],["identifier","install"],["space"," "],["sign","."],["sign","/"],["identifier","plugins"],["sign","/"],["identifier","monokai"]]
