--- git worktree list
/tmp/bb-1595-probe/cosmos/.bare     (bare)
/tmp/bb-1595-probe/cosmos/feature-a 1cec1d1 [feature-a]
/tmp/bb-1595-probe/cosmos/feature-b 1cec1d1 [feature-b]
--- rev-parse --is-inside-work-tree
false
exit=0
--- rev-parse --is-bare-repository
true
--- rev-parse --is-inside-git-dir
false
--- rev-parse --git-dir
/tmp/bb-1595-probe/cosmos/.bare
--- symbolic-ref --short HEAD
main
--- rev-parse --verify HEAD
1cec1d18f0d97f5d6b856bdd95e2aeeed8317901
--- status --porcelain (fails in a bare repo)
fatal: this operation must be run in a work tree
exit=128
