
 RUN  v4.1.1 CHECKOUT/first/plugins/provider-pi

[
  {
    "length": 160,
    "mode": "answer",
    "providerAccepted": true,
    "forwarded": 1,
    "coreAccepted": true,
    "replies": [
      {
        "value": "Proceed"
      }
    ]
  },
  {
    "length": 161,
    "mode": "answer",
    "providerAccepted": true,
    "forwarded": 1,
    "coreAccepted": false,
    "replies": [
      {
        "cancelled": true
      }
    ]
  },
  {
    "length": 200,
    "mode": "answer",
    "providerAccepted": true,
    "forwarded": 1,
    "coreAccepted": false,
    "replies": [
      {
        "cancelled": true
      }
    ]
  },
  {
    "length": 201,
    "mode": "answer",
    "providerAccepted": false,
    "forwarded": 0,
    "coreAccepted": null,
    "replies": [
      {
        "cancelled": true
      }
    ]
  },
  {
    "length": 244,
    "mode": "answer",
    "providerAccepted": false,
    "forwarded": 0,
    "coreAccepted": null,
    "replies": [
      {
        "cancelled": true
      }
    ]
  },
  {
    "length": 160,
    "mode": "throw",
    "providerAccepted": true,
    "forwarded": 0,
    "coreAccepted": null,
    "replies": [
      {
        "cancelled": true
      }
    ]
  },
  {
    "length": 160,
    "mode": "cancel",
    "providerAccepted": true,
    "forwarded": 1,
    "coreAccepted": true,
    "replies": [
      {
        "cancelled": true
      }
    ]
  }
]
 ❯ |bb-plugin-provider-pi| issue-4264.test.ts (5 tests | 4 failed) 10ms
   × regression: validation failure at 161 must not claim user cancellation 3ms
   × regression: validation failure at 200 must not claim user cancellation 1ms
   × regression: validation failure at 201 must not claim user cancellation 1ms
   × regression: a transport exception must not claim user cancellation 0ms

⎯⎯⎯⎯⎯⎯⎯ Failed Tests 4 ⎯⎯⎯⎯⎯⎯⎯

 FAIL  |bb-plugin-provider-pi| issue-4264.test.ts > regression: validation failure at 161 must not claim user cancellation
 FAIL  |bb-plugin-provider-pi| issue-4264.test.ts > regression: validation failure at 200 must not claim user cancellation
 FAIL  |bb-plugin-provider-pi| issue-4264.test.ts > regression: validation failure at 201 must not claim user cancellation
AssertionError: expected [ { cancelled: true } ] to not deep equally contain { cancelled: true }

- Expected:
{
  "cancelled": true,
}

+ Received:
[
  {
    "cancelled": true,
  },
]

 ❯ issue-4264.test.ts:33:40
     31|
     32| it.each([161, 200, 201])("regression: validation failure at %i must no…
     33|   expect(exercise(length).replies).not.toContainEqual({ cancelled: tru…
       |                                        ^
     34| });
     35| it("regression: a transport exception must not claim user cancellation…

⎯⎯⎯⎯⎯⎯⎯⎯⎯⎯⎯⎯⎯⎯⎯⎯⎯⎯⎯⎯⎯⎯⎯⎯[1/4]⎯

 FAIL  |bb-plugin-provider-pi| issue-4264.test.ts > regression: a transport exception must not claim user cancellation
AssertionError: expected [ { cancelled: true } ] to not deep equally contain { cancelled: true }

- Expected:
{
  "cancelled": true,
}

+ Received:
[
  {
    "cancelled": true,
  },
]

 ❯ issue-4264.test.ts:36:46
     34| });
     35| it("regression: a transport exception must not claim user cancellation…
     36|   expect(exercise(160, "throw").replies).not.toContainEqual({ cancelle…
       |                                              ^
     37| });
     38|

⎯⎯⎯⎯⎯⎯⎯⎯⎯⎯⎯⎯⎯⎯⎯⎯⎯⎯⎯⎯⎯⎯⎯⎯[2/4]⎯


 Test Files  1 failed (1)
      Tests  4 failed | 1 passed (5)
   Start at  08:24:26
   Duration  169ms (transform 43ms, setup 0ms, import 78ms, tests 10ms, environment 0ms)

