[A:start] ->REQ initialize {"clientInfo":{"name":"bb-probe","version":"1.0.0","title":null},"capabilities":{"experimentalApi":true}}
[A:start] ->REQ thread/start {"cwd":"/tmp/bb-1727-verify/scratch","approvalPolicy":"never","sandbox":"read-only","ephemeral":false,"experimentalRawEvents":true}
[A:start] <-NOTIF remoteControl/status/changed {}
[A:start] <-NOTIF thread/started {}
[A] threadId=01a01536-0d5f-7271-8e1d-d334ea25b25e
[A:start] ->REQ turn/start {"threadId":"01a01536-0d5f-7271-8e1d-d334ea25b25e","input":[{"type":"text","text":"Reply only with ok."}]}
[A:start] <-NOTIF mcpServer/startupStatus/updated {"threadId":"01a01536-0d5f-7271-8e1d-d334ea25b25e"}
[A:start] <-NOTIF mcpServer/startupStatus/updated {"threadId":"01a01536-0d5f-7271-8e1d-d334ea25b25e"}
[A:start] <-NOTIF mcpServer/startupStatus/updated {"threadId":"01a01536-0d5f-7271-8e1d-d334ea25b25e"}
[A:start] <-NOTIF thread/status/changed {"threadId":"01a01536-0d5f-7271-8e1d-d334ea25b25e"}
[A:start] <-NOTIF turn/started {"threadId":"01a01536-0d5f-7271-8e1d-d334ea25b25e","turn":"01a01536-0e4d-7190-bd2c-42ebc5cd4a65"}
[A:start] <-NOTIF mcpServer/startupStatus/updated {"threadId":"01a01536-0d5f-7271-8e1d-d334ea25b25e"}
[A:start] <-NOTIF rawResponseItem/completed {"turnId":"01a01536-0e4d-7190-bd2c-42ebc5cd4a65","threadId":"01a01536-0d5f-7271-8e1d-d334ea25b25e"}
[A:start] <-NOTIF rawResponseItem/completed {"turnId":"01a01536-0e4d-7190-bd2c-42ebc5cd4a65","threadId":"01a01536-0d5f-7271-8e1d-d334ea25b25e"}
[A:start] <-NOTIF rawResponseItem/completed {"turnId":"01a01536-0e4d-7190-bd2c-42ebc5cd4a65","threadId":"01a01536-0d5f-7271-8e1d-d334ea25b25e"}
[A:start] <-NOTIF rawResponseItem/completed {"turnId":"01a01536-0e4d-7190-bd2c-42ebc5cd4a65","threadId":"01a01536-0d5f-7271-8e1d-d334ea25b25e"}
[A:start] <-NOTIF rawResponseItem/completed {"turnId":"01a01536-0e4d-7190-bd2c-42ebc5cd4a65","threadId":"01a01536-0d5f-7271-8e1d-d334ea25b25e"}
[A:start] <-NOTIF item/started {"turnId":"01a01536-0e4d-7190-bd2c-42ebc5cd4a65","threadId":"01a01536-0d5f-7271-8e1d-d334ea25b25e"}
[A:start] <-NOTIF item/completed {"turnId":"01a01536-0e4d-7190-bd2c-42ebc5cd4a65","threadId":"01a01536-0d5f-7271-8e1d-d334ea25b25e"}
[A:start] <-NOTIF item/started {"turnId":"01a01536-0e4d-7190-bd2c-42ebc5cd4a65","threadId":"01a01536-0d5f-7271-8e1d-d334ea25b25e"}
[A:start] <-NOTIF item/agentMessage/delta {"turnId":"01a01536-0e4d-7190-bd2c-42ebc5cd4a65","threadId":"01a01536-0d5f-7271-8e1d-d334ea25b25e"}
[A:start] <-NOTIF item/completed {"turnId":"01a01536-0e4d-7190-bd2c-42ebc5cd4a65","threadId":"01a01536-0d5f-7271-8e1d-d334ea25b25e"}
[A:start] <-NOTIF rawResponseItem/completed {"turnId":"01a01536-0e4d-7190-bd2c-42ebc5cd4a65","threadId":"01a01536-0d5f-7271-8e1d-d334ea25b25e"}
[A:start] <-NOTIF rawResponse/completed {"turnId":"01a01536-0e4d-7190-bd2c-42ebc5cd4a65","threadId":"01a01536-0d5f-7271-8e1d-d334ea25b25e"}
[A:start] <-NOTIF thread/tokenUsage/updated {"turnId":"01a01536-0e4d-7190-bd2c-42ebc5cd4a65","threadId":"01a01536-0d5f-7271-8e1d-d334ea25b25e","total":17511,"last":17511}
[A:start] <-NOTIF account/rateLimits/updated {}
[A:start] <-NOTIF thread/status/changed {"threadId":"01a01536-0d5f-7271-8e1d-d334ea25b25e"}
[A:start] <-NOTIF turn/completed {"threadId":"01a01536-0d5f-7271-8e1d-d334ea25b25e","turn":"01a01536-0e4d-7190-bd2c-42ebc5cd4a65"}
[B:resume] ->REQ initialize {"clientInfo":{"name":"bb-probe","version":"1.0.0","title":null},"capabilities":{"experimentalApi":true}}
[B] --- sending thread/resume ---
[B:resume] ->REQ thread/resume {"threadId":"01a01536-0d5f-7271-8e1d-d334ea25b25e","cwd":"/tmp/bb-1727-verify/scratch","approvalPolicy":"never","sandbox":"read-only"}
[B:resume] <-NOTIF remoteControl/status/changed {}
[B:resume] <-NOTIF mcpServer/startupStatus/updated {"threadId":"01a01536-0d5f-7271-8e1d-d334ea25b25e"}
[B:resume] <-NOTIF thread/status/changed {"threadId":"01a01536-0d5f-7271-8e1d-d334ea25b25e"}
[B:resume] <-NOTIF thread/tokenUsage/updated {"turnId":"01a01536-0e4d-7190-bd2c-42ebc5cd4a65","threadId":"01a01536-0d5f-7271-8e1d-d334ea25b25e","total":17511,"last":17511}
[B:resume] <-NOTIF thread/goal/cleared {"threadId":"01a01536-0d5f-7271-8e1d-d334ea25b25e"}
[B:resume] <-NOTIF mcpServer/startupStatus/updated {"threadId":"01a01536-0d5f-7271-8e1d-d334ea25b25e"}
[B:resume] <-NOTIF mcpServer/startupStatus/updated {"threadId":"01a01536-0d5f-7271-8e1d-d334ea25b25e"}
[B:resume] <-NOTIF mcpServer/startupStatus/updated {"threadId":"01a01536-0d5f-7271-8e1d-d334ea25b25e"}
[B] --- sending turn/start on resumed thread ---
[B:resume] ->REQ turn/start {"threadId":"01a01536-0d5f-7271-8e1d-d334ea25b25e","input":[{"type":"text","text":"Reply only with ok."}]}
[B:resume] <-NOTIF thread/status/changed {"threadId":"01a01536-0d5f-7271-8e1d-d334ea25b25e"}
[B:resume] <-NOTIF turn/started {"threadId":"01a01536-0d5f-7271-8e1d-d334ea25b25e","turn":"01a01536-2636-7432-a574-4f3bf2fa0590"}
[B:resume] <-NOTIF item/started {"turnId":"01a01536-2636-7432-a574-4f3bf2fa0590","threadId":"01a01536-0d5f-7271-8e1d-d334ea25b25e"}
[B:resume] <-NOTIF item/completed {"turnId":"01a01536-2636-7432-a574-4f3bf2fa0590","threadId":"01a01536-0d5f-7271-8e1d-d334ea25b25e"}
[B:resume] <-NOTIF item/started {"turnId":"01a01536-2636-7432-a574-4f3bf2fa0590","threadId":"01a01536-0d5f-7271-8e1d-d334ea25b25e"}
[B:resume] <-NOTIF item/agentMessage/delta {"turnId":"01a01536-2636-7432-a574-4f3bf2fa0590","threadId":"01a01536-0d5f-7271-8e1d-d334ea25b25e"}
[B:resume] <-NOTIF item/completed {"turnId":"01a01536-2636-7432-a574-4f3bf2fa0590","threadId":"01a01536-0d5f-7271-8e1d-d334ea25b25e"}
[B:resume] <-NOTIF thread/tokenUsage/updated {"turnId":"01a01536-2636-7432-a574-4f3bf2fa0590","threadId":"01a01536-0d5f-7271-8e1d-d334ea25b25e","total":35038,"last":17527}
[B:resume] <-NOTIF account/rateLimits/updated {}
[B:resume] <-NOTIF thread/status/changed {"threadId":"01a01536-0d5f-7271-8e1d-d334ea25b25e"}
[B:resume] <-NOTIF turn/completed {"threadId":"01a01536-0d5f-7271-8e1d-d334ea25b25e","turn":"01a01536-2636-7432-a574-4f3bf2fa0590"}
[C:fork] ->REQ initialize {"clientInfo":{"name":"bb-probe","version":"1.0.0","title":null},"capabilities":{"experimentalApi":true}}
[C] --- sending thread/fork ---
[C:fork] ->REQ thread/fork {"threadId":"01a01536-0d5f-7271-8e1d-d334ea25b25e","cwd":"/tmp/bb-1727-verify/scratch","approvalPolicy":"never","sandbox":"read-only"}
[C:fork] <-NOTIF remoteControl/status/changed {}
[C:fork] <-NOTIF mcpServer/startupStatus/updated {"threadId":"01a01536-2fa4-7181-a17b-4424e173d9ee"}
[C:fork] <-NOTIF thread/tokenUsage/updated {"turnId":"01a01536-2636-7432-a574-4f3bf2fa0590","threadId":"01a01536-2fa4-7181-a17b-4424e173d9ee","total":35038,"last":17527}
[C] forked threadId=01a01536-2fa4-7181-a17b-4424e173d9ee
[C:fork] <-NOTIF thread/started {}
[C:fork] <-NOTIF mcpServer/startupStatus/updated {"threadId":"01a01536-2fa4-7181-a17b-4424e173d9ee"}
[C:fork] <-NOTIF mcpServer/startupStatus/updated {"threadId":"01a01536-2fa4-7181-a17b-4424e173d9ee"}
[C:fork] <-NOTIF mcpServer/startupStatus/updated {"threadId":"01a01536-2fa4-7181-a17b-4424e173d9ee"}
[C] --- sending turn/start on forked thread ---
[C:fork] ->REQ turn/start {"threadId":"01a01536-2fa4-7181-a17b-4424e173d9ee","input":[{"type":"text","text":"Reply only with ok."}]}
[C:fork] <-NOTIF thread/status/changed {"threadId":"01a01536-2fa4-7181-a17b-4424e173d9ee"}
[C:fork] <-NOTIF turn/started {"threadId":"01a01536-2fa4-7181-a17b-4424e173d9ee","turn":"01a01536-3626-7ca1-8eca-5a87c972f8f2"}
[C:fork] <-NOTIF item/started {"turnId":"01a01536-3626-7ca1-8eca-5a87c972f8f2","threadId":"01a01536-2fa4-7181-a17b-4424e173d9ee"}
[C:fork] <-NOTIF item/completed {"turnId":"01a01536-3626-7ca1-8eca-5a87c972f8f2","threadId":"01a01536-2fa4-7181-a17b-4424e173d9ee"}
[C:fork] <-NOTIF item/started {"turnId":"01a01536-3626-7ca1-8eca-5a87c972f8f2","threadId":"01a01536-2fa4-7181-a17b-4424e173d9ee"}
[C:fork] <-NOTIF item/agentMessage/delta {"turnId":"01a01536-3626-7ca1-8eca-5a87c972f8f2","threadId":"01a01536-2fa4-7181-a17b-4424e173d9ee"}
[C:fork] <-NOTIF item/completed {"turnId":"01a01536-3626-7ca1-8eca-5a87c972f8f2","threadId":"01a01536-2fa4-7181-a17b-4424e173d9ee"}
[C:fork] <-NOTIF thread/tokenUsage/updated {"turnId":"01a01536-3626-7ca1-8eca-5a87c972f8f2","threadId":"01a01536-2fa4-7181-a17b-4424e173d9ee","total":52581,"last":17543}
[C:fork] <-NOTIF account/rateLimits/updated {}
[C:fork] <-NOTIF thread/status/changed {"threadId":"01a01536-2fa4-7181-a17b-4424e173d9ee"}
[C:fork] <-NOTIF turn/completed {"threadId":"01a01536-2fa4-7181-a17b-4424e173d9ee","turn":"01a01536-3626-7ca1-8eca-5a87c972f8f2"}
