attempt  1 full-daemon-headers    HTTP 200
attempt  1 authorization-only     HTTP 403
attempt  2 full-daemon-headers    HTTP 200
attempt  2 authorization-only     HTTP 403
attempt  3 full-daemon-headers    HTTP 200
attempt  3 authorization-only     HTTP 403
attempt  4 full-daemon-headers    HTTP 200
attempt  4 authorization-only     HTTP 403
attempt  5 full-daemon-headers    HTTP 200
attempt  5 authorization-only     HTTP 403
attempt  6 full-daemon-headers    HTTP 200
attempt  6 authorization-only     HTTP 403
attempt  7 full-daemon-headers    HTTP 200
attempt  7 authorization-only     HTTP 403
attempt  8 full-daemon-headers    HTTP 200
attempt  8 authorization-only     HTTP 403
attempt  9 full-daemon-headers    HTTP 200
attempt  9 authorization-only     HTTP 403
attempt 10 full-daemon-headers    HTTP 200
attempt 10 authorization-only     HTTP 200
tally: {"full-daemon-headers": {"200": 10}, "authorization-only": {"403": 9, "200": 1}}
