Skipping host requirements validation logic because `PLAYWRIGHT_SKIP_VALIDATE_HOST_REQUIREMENTS` env variable is set.
engine: webkit UA: Mozilla/5.0 (iPhone; CPU iPhone OS 11_0 like Mac OS X) AppleWebKit/604.1.38 (KHTML, like Gecko) Version/16.4 Mobile/15A372 Safari/604.1
viewport: {"width":414,"height":736} dpr: 3
after load: {"t":1787067139489,"text":"New thread Extensions Settings Report a bug Toggle Sidebar","errorBoundary":false,"buttons":8}
final: {"t":1787067147635,"text":"New thread Extensions Automations Threads No threads Settings Remote access Report a bug New thread Start a new conversation Automatically import my projects Find repos touched in the last 30 days New project Create one from a local folder ","errorBoundary":false,"buttons":20}
--- console errors / page errors ---
[console.error] Viewport argument key "interactive-widget" not recognized and ignored.
[console.warning] The resource http://localhost:45031/assets/chunk-jRWAZmH_.js was preloaded using link preload but not used within a few seconds from the window's load event. Please make sure it wasn't preloaded for nothing.
[console.warning] The resource http://localhost:45031/assets/preload-helper-DzyYoeor.js was preloaded using link preload but not used within a few seconds from the window's load event. Please make sure it wasn't preloaded for nothing.
[console.warning] The resource http://localhost:45031/assets/atomFamily-SooyRm32.js was preloaded using link preload but not used within a few seconds from the window's load event. Please make sure it wasn't preloaded for nothing.
[console.warning] The resource http://localhost:45031/assets/pill-v01_1v1X.js was preloaded using link preload but not used within a few seconds from the window's load event. Please make sure it wasn't preloaded for nothing.
[console.warning] The resource http://localhost:45031/assets/useTheme-Blk5ve81.js was preloaded using link preload but not used within a few seconds from the window's load event. Please make sure it wasn't preloaded for nothing.
[console.warning] The resource http://localhost:45031/assets/host-update-status-BVQS6lWw.js was preloaded using link preload but not used within a few seconds from the window's load event. Please make sure it wasn't preloaded for nothing.
[console.warning] The resource http://localhost:45031/assets/provider-cli-install-Dd1ekti8.js was preloaded using link preload but not used within a few seconds from the window's load event. Please make sure it wasn't preloaded for nothing.
[console.warning] The resource http://localhost:45031/assets/project-mutations-eE_GElRi.js was preloaded using link preload but not used within a few seconds from the window's load event. Please make sure it wasn't preloaded for nothing.
[console.warning] The resource http://localhost:45031/assets/host-path-queries-BTXlmWfB.js was preloaded using link preload but not used within a few seconds from the window's load event. Please make sure it wasn't preloaded for nothing.
[console.warning] The resource http://localhost:45031/assets/useAppTheme-C8TEs0O9.js was preloaded using link preload but not used within a few seconds from the window's load event. Please make sure it wasn't preloaded for nothing.
[console.warning] The resource http://localhost:45031/assets/plugin-settings-queries-BR1uvfFG.js was preloaded using link preload but not used within a few seconds from the window's load event. Please make sure it wasn't preloaded for nothing.
[console.warning] The resource http://localhost:45031/assets/foreign-dom-mutation-guard-0BNPNIfU.js was preloaded using link preload but not used within a few seconds from the window's load event. Please make sure it wasn't preloaded for nothing.
[console.warning] The resource http://localhost:45031/assets/useQueries-B8jyeLax.js was preloaded using link preload but not used within a few seconds from the window's load event. Please make sure it wasn't preloaded for nothing.
[console.warning] The resource http://localhost:45031/assets/SplitWorkspaceRoute-BtH4wpTK.js was preloaded using link preload but not used within a few seconds from the window's load event. Please make sure it wasn't preloaded for nothing.
[console.warning] The resource http://localhost:45031/assets/root-compose-create-preference-Dgv5yhDg.js was preloaded using link preload but not used within a few seconds from the window's load event. Please make sure it wasn't preloaded for nothing.
[console.warning] The resource http://localhost:45031/assets/ProjectMachineSetupDialog-Ut9X8xaP.js was preloaded using link preload but not used within a few seconds from the window's load event. Please make sure it wasn't preloaded for nothing.
[console.warning] The resource http://localhost:45031/assets/workspace-checkout-display-2ZaYoVXJ.js was preloaded using link preload but not used within a few seconds from the window's load event. Please make sure it wasn't preloaded for nothing.
[console.warning] The resource http://localhost:45031/assets/page-shell-C9N9VtLZ.js was preloaded using link preload but not used within a few seconds from the window's load event. Please make sure it wasn't preloaded for nothing.
[console.warning] The resource http://localhost:45031/assets/localhost-link-rewrite-preference-CNpYzPeF.js was preloaded using link preload but not used within a few seconds from the window's load event. Please make sure it wasn't preloaded for nothing.
[console.warning] The resource http://localhost:45031/assets/host-display-JQrwKVtc.js was preloaded using link preload but not used within a few seconds from the window's load event. Please make sure it wasn't preloaded for nothing.
[console.warning] The resource http://localhost:45031/assets/permission-mode-options-CCHrqGdE.js was preloaded using link preload but not used within a few seconds from the window's load event. Please make sure it wasn't preloaded for nothing.
[console.warning] The resource http://localhost:45031/assets/katex-BaASlWlt.js was preloaded using link preload but not used within a few seconds from the window's load event. Please make sure it wasn't preloaded for nothing.
[console.warning] The resource http://localhost:45031/assets/bb-logo-Ck3K005c.js was preloaded using link preload but not used within a few seconds from the window's load event. Please make sure it wasn't preloaded for nothing.
[console.warning] The resource http://localhost:45031/assets/workspace-open-target-preference-BJnPOKmu.js was preloaded using link preload but not used within a few seconds from the window's load event. Please make sure it wasn't preloaded for nothing.
