Skipping host requirements validation logic because `PLAYWRIGHT_SKIP_VALIDATE_HOST_REQUIREMENTS` env variable is set.
engine: webkit UA: Mozilla/5.0 (iPhone; CPU iPhone OS 11_0 like Mac OS X) AppleWebKit/604.1.38 (KHTML, like Gecko) Version/16.0 Mobile/15A372 Safari/604.1
viewport: {"width":414,"height":736} dpr: 3
after load: {"t":1787067085810,"text":"New thread Extensions Settings Report a bug Toggle Sidebar","errorBoundary":false,"buttons":8}
error boundary visible after ~1431 ms: {"t":1787067086821,"text":"bb hit an error and stopped A reload is safe. Your threads live on the server and an unsent draft is kept locally. If this repeats, open the browser console and send us the message below. Error details Reload bb","errorBoundary":true,"buttons":1}
final: {"t":1787067087126,"text":"bb hit an error and stopped A reload is safe. Your threads live on the server and an unsent draft is kept locally. If this repeats, open the browser console and send us the message below. Error details Invalid regular expression: invalid gr","errorBoundary":true,"buttons":1}
error details:
Invalid regular expression: invalid group specifier name
--- console errors / page errors ---
[console.error] Viewport argument key "interactive-widget" not recognized and ignored.
[console.warning] plugin runtime load failed: Invalid regular expression: invalid group specifier name
[console.error] SyntaxError: Invalid regular expression: invalid group specifier name
[console.error] [bb] the app crashed SyntaxError: Invalid regular expression: invalid group specifier name 
Lazy@unknown:0:0
On@http://localhost:45031/assets/atomFamily-SooyRm32.js:3:4081
Kn@http://localhost:45031/assets/atomFamily-SooyRm32.js:3:8752
Suspense@unknown:0:0
main@unknown:0:0
div@unknown:0:0
main@unknown:0:0
@http://localhost:45031/assets/index-BrddeseY.js:2:62141
div@unknown:0:0
TooltipProviderProvider@http://localhost:45031/assets/atomFamily-SooyRm32.js:24:136133
TooltipProvider@http://localhost:45031/assets/useTheme-Blk5ve81.js:1:4161
@http://localhost:45031/assets/index-BrddeseY.js:2:45720
Cb@http://localhost:45031/assets/index-BrddeseY.js:2:343094
mo@http://localhost:45031/assets/useAppTheme-C8TEs0O9.js:3:22961
$t@http://localhost:45031/assets/useAppTheme-C8TEs0O9.js:1:9718
an@http://localhost:45031/assets/useAppTheme-C8TEs0O9.js:1:12129
Wu@http://localhost:45031/assets/index-BrddeseY.js:2:116970
kb@http://localhost:45031/assets/index-BrddeseY.js:2:346684
fC@http://localhost:45031/assets/index-BrddeseY.js:2:391472
On@http://localhost:45031/assets/atomFamily-SooyRm32.js:3:4081
Kn@http://localhost:45031/assets/atomFamily-SooyRm32.js:3:8752
Ct@http://localhost:45031/assets/useAppTheme-C8TEs0O9.js:1:1809
Lr@http://localhost:45031/assets/useTheme-Blk5ve81.js:1:33753
id@http://localhost:45031/assets/index-BrddeseY.js:2:125929
pC@http://localhost:45031/assets/index-BrddeseY.js:2:395200
Gn@http://localhost:45031/assets/atomFamily-SooyRm32.js:3:7887
Pr@http://localhos
