• turbo 2.10.12

   • Packages in scope: @bb/app
   • Running test in 1 packages
   • Remote caching disabled, using shared worktree cache

//:ensure-native-modules: cache bypass, force executing ac89cc1285cef234
@bb/templates:generate:templates: cache miss, executing b1657f2437bc5d6b
@bb/templates:generate:plugin-scaffold: cache miss, executing 0bf58c50a0d00852
@bb/templates:generate:templates: 
@bb/templates:generate:templates: > @bb/templates@0.0.1 generate:templates /private/tmp/bb-repro-4234-a/packages/templates
@bb/templates:generate:templates: > node ./scripts/generate-templates.mjs
@bb/templates:generate:templates: 
@bb/templates:generate:plugin-scaffold: 
@bb/templates:generate:plugin-scaffold: > @bb/templates@0.0.1 generate:plugin-scaffold /private/tmp/bb-repro-4234-a/packages/templates
@bb/templates:generate:plugin-scaffold: > node ./scripts/generate-plugin-scaffold.mjs
@bb/templates:generate:plugin-scaffold: 
//:ensure-native-modules: 
//:ensure-native-modules: > bb@ ensure-native-modules /private/tmp/bb-repro-4234-a
//:ensure-native-modules: > node scripts/ensure-native-modules.mjs
//:ensure-native-modules: 
@bb/app:test: cache miss, executing 022dc668a4ed6094
@bb/app:test: 
@bb/app:test: > @bb/app@0.0.1 test /private/tmp/bb-repro-4234-a/apps/app
@bb/app:test: > node scripts/generate-pwa-icons.mjs --check && vitest run --config vitest.config.ts "BrowserTabDeck.browser-view-ordering"
@bb/app:test: 
@bb/app:test: 
@bb/app:test:  RUN  v4.1.1 /private/tmp/bb-repro-4234-a/apps/app
@bb/app:test: 
@bb/app:test:  ✓ |@bb/app:isolated| src/components/secondary-panel/BrowserTabDeck.browser-view-ordering.test.tsx (9 tests) 232ms
@bb/app:test: 
@bb/app:test:  Test Files  1 passed (1)
@bb/app:test:       Tests  9 passed (9)
@bb/app:test:    Start at  19:21:24
@bb/app:test:    Duration  7.63s (transform 3.96s, setup 461ms, import 5.27s, tests 232ms, environment 1.40s)
@bb/app:test: 

 Tasks:    4 successful, 4 total
Cached:    0 cached, 4 total
  Time:    12.263s 

