• turbo 2.10.12

   • Packages in scope: bb-plugin-workflows
   • Running test in 1 packages
   • Remote caching disabled, using shared worktree cache

@bb/plugin-build:generate: cache miss, executing fa0aef34c0e4ba22
//:ensure-native-modules: cache bypass, force executing ed981f42f952de09
@bb/templates:generate:templates: cache miss, executing 9e69f08686e2f9fc
@bb/templates:generate:plugin-scaffold: cache miss, executing d60dc4482fee0d26
//:ensure-native-modules: 
//:ensure-native-modules: > bb@ ensure-native-modules <checkout>
//:ensure-native-modules: > node scripts/ensure-native-modules.mjs
//:ensure-native-modules: 
@bb/plugin-build:generate: 
@bb/plugin-build:generate: > @bb/plugin-build@0.0.1 generate <checkout>/packages/plugin-build
@bb/plugin-build:generate: > node ./scripts/generate-plugin-theme.mjs && node ./scripts/generate-runtime-export-manifest.mjs
@bb/plugin-build:generate: 
@bb/templates:generate:templates: 
@bb/templates:generate:templates: > @bb/templates@0.0.1 generate:templates <checkout>/packages/templates
@bb/templates:generate:templates: > node ./scripts/generate-templates.mjs
@bb/templates:generate:templates: 
@bb/templates:generate:plugin-scaffold: 
@bb/templates:generate:plugin-scaffold: > @bb/templates@0.0.1 generate:plugin-scaffold <checkout>/packages/templates
@bb/templates:generate:plugin-scaffold: > node ./scripts/generate-plugin-scaffold.mjs
@bb/templates:generate:plugin-scaffold: 
@bb/plugin-build:generate: plugin-theme.generated.ts up to date
@get-bb/plugin-sdk:build: cache miss, executing e3041e4be10bc7d0
@get-bb/plugin-sdk:build: 
@get-bb/plugin-sdk:build: > @get-bb/plugin-sdk@0.5.29 build <checkout>/packages/plugin-sdk
@get-bb/plugin-sdk:build: > node scripts/build-runtime.mjs
@get-bb/plugin-sdk:build: 
@bb/plugin-build:generate: wrote <checkout>/packages/plugin-build/src/generated/runtime-export-manifest.generated.ts (react@19.2.4)
@get-bb/plugin-sdk:build: Built 18 @get-bb/plugin-sdk runtime entries.
bb-plugin-workflows:test: cache miss, executing 6095534d08e8f073
bb-plugin-workflows:test: 
bb-plugin-workflows:test: > bb-plugin-workflows@0.1.0 test <checkout>/plugins/workflows
bb-plugin-workflows:test: > vitest run --config vitest.config.ts "--testNamePattern=preserves an attached worker"
bb-plugin-workflows:test: 
bb-plugin-workflows:test: 
bb-plugin-workflows:test:  RUN  v4.1.1 <checkout>/plugins/workflows
bb-plugin-workflows:test: 
bb-plugin-workflows:test:  ↓ |bb-plugin-workflows| src/data.test.ts (18 tests | 18 skipped)
bb-plugin-workflows:test:  ↓ |bb-plugin-workflows| src/settings.test.ts (15 tests | 15 skipped)
bb-plugin-workflows:test:  ↓ |bb-plugin-workflows| src/cache.test.ts (24 tests | 24 skipped)
bb-plugin-workflows:test:  ↓ |bb-plugin-workflows| src/workflow-validation.test.ts (4 tests | 4 skipped)
bb-plugin-workflows:test:  ↓ |bb-plugin-workflows| src/validation.test.ts (15 tests | 15 skipped)
bb-plugin-workflows:test:  ↓ |bb-plugin-workflows| src/source-resolution.test.ts (7 tests | 7 skipped)
bb-plugin-workflows:test:  ↓ |bb-plugin-workflows| src/parser.test.ts (25 tests | 25 skipped)
bb-plugin-workflows:test:  ↓ |bb-plugin-workflows| src/runtime.test.ts (32 tests | 32 skipped)
bb-plugin-workflows:test:  ↓ |bb-plugin-workflows| src/ui-view.test.ts (2 tests | 2 skipped)
bb-plugin-workflows:test:  ↓ |bb-plugin-workflows| src/worker-abort-listeners.test.ts (2 tests | 2 skipped)
bb-plugin-workflows:test:  ↓ |bb-plugin-workflows| src/cli.test.ts (25 tests | 25 skipped)
bb-plugin-workflows:test:  ↓ |bb-plugin-workflows| src/server-harness.test.ts (15 tests | 15 skipped)
bb-plugin-workflows:test:  ↓ |bb-plugin-workflows| src/app.test.tsx (21 tests | 21 skipped)
bb-plugin-workflows:test:  ❯ |bb-plugin-workflows| src/service-policy.test.ts (44 tests | 1 failed | 43 skipped) 2177ms
bb-plugin-workflows:test:      ↓ applies live settings to future run snapshots without mutating existing runs
bb-plugin-workflows:test:      ↓ resolves named and path children on the origin host
bb-plugin-workflows:test:      ↓ cancels queued workflows when their origin was deleted while offline
bb-plugin-workflows:test:      ↓ serializes parallel nested preparation but launches child agents concurrently
bb-plugin-workflows:test:      ↓ recovers nested launch ordering after failure and queues inline with path sources
bb-plugin-workflows:test:      ↓ shares call ordering, cache identity, and limits with an inline child VM
bb-plugin-workflows:test:      ↓ uses global run concurrency and per-run agent concurrency settings
bb-plugin-workflows:test:      ↓ accepts JSON-labelled whole-output fences in the structured text fallback
bb-plugin-workflows:test:      ↓ accepts unlabelled whole-output fences in the structured text fallback
bb-plugin-workflows:test:      ↓ does not normalize an unterminated fence
bb-plugin-workflows:test:      ↓ does not normalize a fence with surrounding prose
bb-plugin-workflows:test:      ↓ keeps an awaited corrective turn alive until its valid retry completes
bb-plugin-workflows:test:      ↓ still cancels a genuinely detached call when its parent succeeds
bb-plugin-workflows:test:      ↓ rejects child schema failures and recursive grandchildren
bb-plugin-workflows:test:      ↓ rejects unsafe metadata schemas before queueing top-level or child work
bb-plugin-workflows:test:      ↓ cancels an executing nested child with its parent run
bb-plugin-workflows:test:      ↓ publishes a workflow-runs signal for the origin thread on start, claim, and cancel
bb-plugin-workflows:test:      ↓ does not create or orphan a call when cancellation wins catalog or spawn
bb-plugin-workflows:test:      ↓ lets later parallel siblings execute live after an identity failure
bb-plugin-workflows:test:      ↓ requires a terminal resume ancestor in the same environment
bb-plugin-workflows:test:      ↓ reconciles missed idle and deleted events from persisted running calls
bb-plugin-workflows:test:      ↓ keeps quiet workers alive until the total run timeout
bb-plugin-workflows:test:      ↓ leaves clean shutdown state recoverable without a false notification
bb-plugin-workflows:test:      ↓ retries an unsent terminal notification after service restart
bb-plugin-workflows:test:      ↓ retries a transient origin lookup before execution check 1
bb-plugin-workflows:test:      ↓ retries a transient origin lookup before execution check 2
bb-plugin-workflows:test:      ↓ amortizes discovery and does not poll origins of backed-off notifications
bb-plugin-workflows:test:      ↓ amortizes origin reconciliation across maintenance ticks
bb-plugin-workflows:test:      ↓ keeps cleanup pending after stop fails and completes it after restart
bb-plugin-workflows:test:      ↓ owns and archives every retry attempt before history expires
bb-plugin-workflows:test:      ↓ cancels in-flight work and retains history when the origin is archived
bb-plugin-workflows:test:      × preserves an attached worker after an earlier cleanup awaits stop 2176ms
bb-plugin-workflows:test:      ↓ does not retire a discovered worker while its spawn response is pending
bb-plugin-workflows:test:      ↓ owns a worker returned after cancellation wins the spawn race
bb-plugin-workflows:test:      ↓ recovers metadata ownership after a spawn response is lost and the service restarts
bb-plugin-workflows:test:      ↓ handles a notification 409 with archived origin = true
bb-plugin-workflows:test:      ↓ handles a notification 409 with archived origin = false
bb-plugin-workflows:test:      ↓ permanently settles a missing-origin notification
bb-plugin-workflows:test:      ↓ archives worker threads before it deletes their expired run
bb-plugin-workflows:test:      ↓ retains cleanup ownership after expired history is deleted and retries after restart
bb-plugin-workflows:test:      ↓ deletes expired resume chains leaf-first across bounded batches
bb-plugin-workflows:test:      ↓ bounds UTF-8 notifications while preserving the stable run marker
bb-plugin-workflows:test:      ↓ recognizes transient provider and network failures
bb-plugin-workflows:test:      ↓ does not retry deterministic failures
bb-plugin-workflows:test: 
bb-plugin-workflows:test: ⎯⎯⎯⎯⎯⎯⎯ Failed Tests 1 ⎯⎯⎯⎯⎯⎯⎯
bb-plugin-workflows:test: 
bb-plugin-workflows:test:  FAIL  |bb-plugin-workflows| src/service-policy.test.ts > workflow service policy integration > preserves an attached worker after an earlier cleanup awaits stop
bb-plugin-workflows:test: AssertionError: expected [ 'worker-a', 'worker-z' ] to not include 'worker-z'
bb-plugin-workflows:test:  ❯ src/service-policy.test.ts:1520:33
bb-plugin-workflows:test:     1518|       await eventually(() => expect(test.archived).toContain("worker-a…
bb-plugin-workflows:test:     1519|       await new Promise((resolve) => setTimeout(resolve, 100));
bb-plugin-workflows:test:     1520|       expect(test.archived).not.toContain("worker-z");
bb-plugin-workflows:test:        |                                 ^
bb-plugin-workflows:test:     1521|     } finally {
bb-plugin-workflows:test:     1522|       finishSpawn();
bb-plugin-workflows:test: 
bb-plugin-workflows:test: ⎯⎯⎯⎯⎯⎯⎯⎯⎯⎯⎯⎯⎯⎯⎯⎯⎯⎯⎯⎯⎯⎯⎯⎯[1/1]⎯
bb-plugin-workflows:test: 
bb-plugin-workflows:test: 
bb-plugin-workflows:test:  Test Files  1 failed | 13 skipped (14)
bb-plugin-workflows:test:       Tests  1 failed | 248 skipped (249)
bb-plugin-workflows:test:    Start at  14:26:10
bb-plugin-workflows:test:    Duration  2.74s (transform 1.88s, setup 0ms, import 4.38s, tests 2.18s, environment 992ms)
bb-plugin-workflows:test: 
bb-plugin-workflows:test:  ELIFECYCLE  Test failed. See above for more details.
bb-plugin-workflows#test:  ERROR  command (<checkout>/plugins/workflows) <local-tool-path> run test --testNamePattern=preserves an attached worker exited (1)

 Tasks:    5 successful, 6 total
Cached:    0 cached, 6 total
  Time:    4.058s 
Failed:    bb-plugin-workflows#test

 ERROR  run failed: command  exited (1)
