• turbo 2.8.3
• Packages in scope: @bb/cli
• Running build in 1 packages
• Remote caching disabled, using shared worktree cache
@bb/plugin-build:generate: cache bypass, force executing 3ef49b4bdd14fc8a
@bb/templates:generate:plugin-scaffold: cache bypass, force executing 98e909477d5a744b
@bb/templates:generate:templates: cache bypass, force executing e0588148a9ac9c5b
@bb/templates:generate:templates: 
@bb/templates:generate:templates: > @bb/templates@0.0.1 generate:templates /tmp/bb-report-2546-investigate-POu9Rx/packages/templates
@bb/templates:generate:templates: > node ./scripts/generate-templates.mjs
@bb/templates:generate:templates: 
@bb/plugin-build:generate: 
@bb/plugin-build:generate: > @bb/plugin-build@0.0.1 generate /tmp/bb-report-2546-investigate-POu9Rx/packages/plugin-build
@bb/plugin-build:generate: > node ./scripts/generate-plugin-theme.mjs && node ./scripts/generate-runtime-export-manifest.mjs
@bb/plugin-build:generate: 
@bb/templates:generate:plugin-scaffold: 
@bb/templates:generate:plugin-scaffold: > @bb/templates@0.0.1 generate:plugin-scaffold /tmp/bb-report-2546-investigate-POu9Rx/packages/templates
@bb/templates:generate:plugin-scaffold: > node ./scripts/generate-plugin-scaffold.mjs
@bb/templates:generate:plugin-scaffold: 
@bb/plugin-build:generate: plugin-theme.generated.ts up to date
@bb/plugin-build:generate: wrote /tmp/bb-report-2546-investigate-POu9Rx/packages/plugin-build/src/generated/runtime-export-manifest.generated.ts (react@19.2.4)
@bb/cli:build: cache bypass, force executing 01a54fd259cc64d9
@bb/cli:build: 
@bb/cli:build: > @bb/cli@0.0.1 build /tmp/bb-report-2546-investigate-POu9Rx/apps/cli
@bb/cli:build: > node ../../scripts/build-node-entry.mjs src/index.ts dist/index.js --clean-dist --split
@bb/cli:build: 

 Tasks:    4 successful, 4 total
Cached:    0 cached, 4 total
  Time:    1.969s 

