• turbo 2.8.3
• Packages in scope: @bb/cli, @bb/server, @bb/templates
• Running typecheck in 3 packages
• Remote caching disabled, using shared worktree cache
@bb/templates:generate:plugin-scaffold: cache bypass, force executing 98e909477d5a744b
@bb/plugin-build:generate: cache bypass, force executing 3ef49b4bdd14fc8a
@bb/templates:generate:templates: cache bypass, force executing e0588148a9ac9c5b
@bb/templates:generate:plugin-scaffold: 
@bb/templates:generate:plugin-scaffold: > @bb/templates@0.0.1 generate:plugin-scaffold /tmp/bb-report-2546-investigate-sfpuIF/packages/templates
@bb/templates:generate:plugin-scaffold: > node ./scripts/generate-plugin-scaffold.mjs
@bb/templates:generate:plugin-scaffold: 
@bb/templates:generate:templates: 
@bb/templates:generate:templates: > @bb/templates@0.0.1 generate:templates /tmp/bb-report-2546-investigate-sfpuIF/packages/templates
@bb/templates:generate:templates: > node ./scripts/generate-templates.mjs
@bb/templates:generate:templates: 
@bb/plugin-build:generate: 
@bb/plugin-build:generate: > @bb/plugin-build@0.0.1 generate /tmp/bb-report-2546-investigate-sfpuIF/packages/plugin-build
@bb/plugin-build:generate: > node ./scripts/generate-plugin-theme.mjs && node ./scripts/generate-runtime-export-manifest.mjs
@bb/plugin-build:generate: 
@bb/plugin-build:generate: plugin-theme.generated.ts up to date
@bb/templates:typecheck: cache bypass, force executing 747ca1ac5de09934
@bb/templates:typecheck: 
@bb/templates:typecheck: > @bb/templates@0.0.1 typecheck /tmp/bb-report-2546-investigate-sfpuIF/packages/templates
@bb/templates:typecheck: > tsc --noEmit
@bb/templates:typecheck: 
@bb/plugin-build:generate: wrote /tmp/bb-report-2546-investigate-sfpuIF/packages/plugin-build/src/generated/runtime-export-manifest.generated.ts (react@19.2.4)
@bb/cli:typecheck: cache bypass, force executing e2f6aa9f078a260a
@bb/server:typecheck: cache bypass, force executing 6b4d8d3ab3696791
@bb/cli:typecheck: 
@bb/cli:typecheck: > @bb/cli@0.0.1 typecheck /tmp/bb-report-2546-investigate-sfpuIF/apps/cli
@bb/cli:typecheck: > tsc --noEmit
@bb/cli:typecheck: 
@bb/server:typecheck: 
@bb/server:typecheck: > @bb/server@0.0.1 typecheck /tmp/bb-report-2546-investigate-sfpuIF/apps/server
@bb/server:typecheck: > tsc --noEmit
@bb/server:typecheck: 

 Tasks:    6 successful, 6 total
Cached:    0 cached, 6 total
  Time:    20.088s 

