
> @get-bb/plugin-sdk@0.4.24 prepack
> node scripts/build-bundled-dts.mjs && node scripts/build-runtime.mjs

Unchanged bundled-types/bb-plugin-sdk.d.ts
Unchanged bundled-types/bb-plugin-sdk-app.d.ts
Unchanged bundled-types/bb-plugin-sdk-provider-bridge.d.ts
Unchanged bundled-types/bb-plugin-sdk-ai-services.d.ts
Unchanged bundled-types/bb-plugin-sdk-provider-bridge-testing.d.ts
Unchanged bundled-types/bb-plugin-sdk-provider-bridge-acp.d.ts
Unchanged bundled-types/bb-plugin-sdk-host.d.ts
Unchanged bundled-types/bb-plugin-sdk-internal-composer-customization-validation.d.ts
Unchanged bundled-types/bb-plugin-sdk-internal-composer-view.d.ts
Unchanged bundled-types/bb-plugin-sdk-internal-file-navigation-validation.d.ts
Unchanged bundled-types/bb-plugin-sdk-internal-host-policy.d.ts
Unchanged bundled-types/bb-plugin-sdk-internal-plugin-app-collector.d.ts
Unchanged bundled-types/bb-plugin-sdk-testing.d.ts
Unchanged bundled-types/bb-plugin-sdk-testing-app.d.ts
Unchanged bundled-types/bb-plugin-sdk-testing-host.d.ts
Built 17 @get-bb/plugin-sdk runtime entries.
npm notice
npm notice 📦  @get-bb/plugin-sdk@0.4.24
npm notice Tarball Contents
npm notice 10.1kB README.md
npm notice 6.2kB bundled-types/bb-plugin-sdk-ai-services.d.ts
npm notice 103.0kB bundled-types/bb-plugin-sdk-app.d.ts
npm notice 27.1kB bundled-types/bb-plugin-sdk-host.d.ts
npm notice 2.7kB bundled-types/bb-plugin-sdk-internal-composer-customization-validation.d.ts
npm notice 457B bundled-types/bb-plugin-sdk-internal-composer-view.d.ts
npm notice 1.5kB bundled-types/bb-plugin-sdk-internal-file-navigation-validation.d.ts
npm notice 39.9kB bundled-types/bb-plugin-sdk-internal-host-policy.d.ts
npm notice 2.8kB bundled-types/bb-plugin-sdk-internal-plugin-app-collector.d.ts
npm notice 32.2kB bundled-types/bb-plugin-sdk-provider-bridge-acp.d.ts
npm notice 191.3kB bundled-types/bb-plugin-sdk-provider-bridge-testing.d.ts
npm notice 237.3kB bundled-types/bb-plugin-sdk-provider-bridge.d.ts
npm notice 13.9kB bundled-types/bb-plugin-sdk-testing-app.d.ts
npm notice 3.1kB bundled-types/bb-plugin-sdk-testing-host.d.ts
npm notice 41.1kB bundled-types/bb-plugin-sdk-testing.d.ts
npm notice 702.5kB bundled-types/bb-plugin-sdk.d.ts
npm notice 3.0kB dist/ai-services.js
npm notice 2.3kB dist/app.js
npm notice 545.4kB dist/host.js
npm notice 600B dist/index.js
npm notice 8.6kB dist/internal/composer-customization-validation.js
npm notice 185B dist/internal/composer-view.js
npm notice 5.3kB dist/internal/file-navigation-validation.js
npm notice 57.7kB dist/internal/host-policy.js
npm notice 24.9kB dist/internal/plugin-app-collector.js
npm notice 345.1kB dist/provider-bridge-acp.js
npm notice 262.6kB dist/provider-bridge-testing.js
npm notice 30.4kB dist/provider-bridge-worker-entry.mjs
npm notice 193.8kB dist/provider-bridge.js
npm notice 24.1kB dist/replay-provider-child.mjs
npm notice 64.8kB dist/testing/app.js
npm notice 6.0kB dist/testing/host.js
npm notice 112.8kB dist/testing/index.js
npm notice 6.3kB package.json
npm notice Tarball Details
npm notice name: @get-bb/plugin-sdk
npm notice version: 0.4.24
npm notice filename: get-bb-plugin-sdk-0.4.24.tgz
npm notice package size: 558.9 kB
npm notice unpacked size: 3.1 MB
npm notice shasum: e8ead43d9b19e4b05f12d046512402f255775399
npm notice integrity: sha512-IkOyToXQAvWa9[...]gpuqOAy7W1uzA==
npm notice total files: 34
npm notice
get-bb-plugin-sdk-0.4.24.tgz
