• turbo 2.10.12

   • Packages in scope: @bb/provider-bridge-acp
   • Running test in 1 packages
   • Remote caching disabled, using shared worktree cache

//:ensure-native-modules: cache bypass, force executing 45992cad299f5867
//:ensure-native-modules: 
//:ensure-native-modules: > bb@ ensure-native-modules <second-checkout>
//:ensure-native-modules: > node scripts/ensure-native-modules.mjs
//:ensure-native-modules: 
@bb/provider-bridge-acp:test: cache miss, executing 8de7f2f9275a179e
@bb/provider-bridge-acp:test: 
@bb/provider-bridge-acp:test: > @bb/provider-bridge-acp@0.0.1 test <second-checkout>/packages/provider-bridge-acp
@bb/provider-bridge-acp:test: > vitest run --config vitest.config.ts "--run" "src/grouped-options.repro.test.ts"
@bb/provider-bridge-acp:test: 
@bb/provider-bridge-acp:test: 
@bb/provider-bridge-acp:test:  RUN  v4.1.1 <second-checkout>/packages/provider-bridge-acp
@bb/provider-bridge-acp:test: 
@bb/provider-bridge-acp:test:  ❯ |@bb/provider-bridge-acp| src/grouped-options.repro.test.ts (3 tests | 2 failed) 8ms
@bb/provider-bridge-acp:test:      ✓ keeps flat model choices as a control 2ms
@bb/provider-bridge-acp:test:      × accepts grouped model choices during session creation 2ms
@bb/provider-bridge-acp:test:      × retains grouped choices for non-model settings 3ms
@bb/provider-bridge-acp:test: 
@bb/provider-bridge-acp:test: ⎯⎯⎯⎯⎯⎯⎯ Failed Tests 2 ⎯⎯⎯⎯⎯⎯⎯
@bb/provider-bridge-acp:test: 
@bb/provider-bridge-acp:test:  FAIL  |@bb/provider-bridge-acp| src/grouped-options.repro.test.ts > grouped selection regression > accepts grouped model choices during session creation
@bb/provider-bridge-acp:test: ZodError: [
@bb/provider-bridge-acp:test:   {
@bb/provider-bridge-acp:test:     "code": "custom",
@bb/provider-bridge-acp:test:     "message": "Invalid ACP model config option: [\n  {\n    \"expected\": \"string\",\n    \"code\": \"invalid_type\",\n    \"path\": [\n      \"options\",\n      0,\n      \"value\"\n    ],\n    \"message\": \"Invalid input: expected string, received undefined\"\n  }\n]",
@bb/provider-bridge-acp:test:     "path": [
@bb/provider-bridge-acp:test:       "configOptions"
@bb/provider-bridge-acp:test:     ]
@bb/provider-bridge-acp:test:   }
@bb/provider-bridge-acp:test: ]
@bb/provider-bridge-acp:test:  ❯ src/grouped-options.repro.test.ts:33:46
@bb/provider-bridge-acp:test:      31|
@bb/provider-bridge-acp:test:      32|   it("accepts grouped model choices during session creation", () => {
@bb/provider-bridge-acp:test:      33|     const parsed = acpSessionNewResultSchema.parse(response("model", t…
@bb/provider-bridge-acp:test:        |                                              ^
@bb/provider-bridge-acp:test:      34|     expect(parsed.configOptions?.[0].options).toEqual(choices);
@bb/provider-bridge-acp:test:      35|   });
@bb/provider-bridge-acp:test: 
@bb/provider-bridge-acp:test: ⎯⎯⎯⎯⎯⎯⎯⎯⎯⎯⎯⎯⎯⎯⎯⎯⎯⎯⎯⎯⎯⎯⎯⎯[1/2]⎯
@bb/provider-bridge-acp:test: 
@bb/provider-bridge-acp:test:  FAIL  |@bb/provider-bridge-acp| src/grouped-options.repro.test.ts > grouped selection regression > retains grouped choices for non-model settings
@bb/provider-bridge-acp:test: AssertionError: expected [] to deeply equal [ { value: 'local-fast', …(1) }, …(1) ]
@bb/provider-bridge-acp:test: 
@bb/provider-bridge-acp:test: - Expected
@bb/provider-bridge-acp:test: + Received
@bb/provider-bridge-acp:test: 
@bb/provider-bridge-acp:test: - [
@bb/provider-bridge-acp:test: -   {
@bb/provider-bridge-acp:test: -     "name": "Local fast",
@bb/provider-bridge-acp:test: -     "value": "local-fast",
@bb/provider-bridge-acp:test: -   },
@bb/provider-bridge-acp:test: -   {
@bb/provider-bridge-acp:test: -     "name": "Local careful",
@bb/provider-bridge-acp:test: -     "value": "local-careful",
@bb/provider-bridge-acp:test: -   },
@bb/provider-bridge-acp:test: - ]
@bb/provider-bridge-acp:test: + []
@bb/provider-bridge-acp:test: 
@bb/provider-bridge-acp:test:  ❯ src/grouped-options.repro.test.ts:39:47
@bb/provider-bridge-acp:test:      37|   it("retains grouped choices for non-model settings", () => {
@bb/provider-bridge-acp:test:      38|     const parsed = acpSessionNewResultSchema.parse(response("execution…
@bb/provider-bridge-acp:test:      39|     expect(parsed.configOptions?.[0].options).toEqual(choices);
@bb/provider-bridge-acp:test:        |                                               ^
@bb/provider-bridge-acp:test:      40|   });
@bb/provider-bridge-acp:test:      41| });
@bb/provider-bridge-acp:test: 
@bb/provider-bridge-acp:test: ⎯⎯⎯⎯⎯⎯⎯⎯⎯⎯⎯⎯⎯⎯⎯⎯⎯⎯⎯⎯⎯⎯⎯⎯[2/2]⎯
@bb/provider-bridge-acp:test: 
@bb/provider-bridge-acp:test: 
@bb/provider-bridge-acp:test:  Test Files  1 failed (1)
@bb/provider-bridge-acp:test:       Tests  2 failed | 1 passed (3)
@bb/provider-bridge-acp:test:    Start at  00:27:42
@bb/provider-bridge-acp:test:    Duration  215ms (transform 19ms, setup 0ms, import 71ms, tests 8ms, environment 0ms)
@bb/provider-bridge-acp:test: 
@bb/provider-bridge-acp:test:  ELIFECYCLE  Test failed. See above for more details.
@bb/provider-bridge-acp#test:  ERROR  command (<second-checkout>/packages/provider-bridge-acp) <work>/bin/pnpm run test --run src/grouped-options.repro.test.ts exited (1)

 Tasks:    1 successful, 2 total
Cached:    0 cached, 2 total
  Time:    2.335s 
Failed:    @bb/provider-bridge-acp#test

 ERROR  run failed: command  exited (1)
