• turbo 2.10.12

   • Packages in scope: @bb/desktop
   • Running test in 1 packages
   • Remote caching disabled, using shared worktree cache

@bb/templates:generate:templates: cache bypass, force executing 829732417bf18ef5
@bb/templates:generate:plugin-scaffold: cache bypass, force executing bf6762b41cd62b77
//:ensure-native-modules: cache bypass, force executing 69b05164fcc51929
@bb/templates:generate:templates: 
@bb/templates:generate:templates: > @bb/templates@0.0.1 generate:templates <temporary-work-directory>/check-b/packages/templates
@bb/templates:generate:templates: > node ./scripts/generate-templates.mjs
@bb/templates:generate:templates: 
//:ensure-native-modules: 
//:ensure-native-modules: > bb@ ensure-native-modules <temporary-work-directory>/check-b
//:ensure-native-modules: > node scripts/ensure-native-modules.mjs
//:ensure-native-modules: 
@bb/templates:generate:plugin-scaffold: 
@bb/templates:generate:plugin-scaffold: > @bb/templates@0.0.1 generate:plugin-scaffold <temporary-work-directory>/check-b/packages/templates
@bb/templates:generate:plugin-scaffold: > node ./scripts/generate-plugin-scaffold.mjs
@bb/templates:generate:plugin-scaffold: 
@bb/desktop:test: cache bypass, force executing 2fab4c080d6b16df
@bb/desktop:test: 
@bb/desktop:test: > @bb/desktop@0.44.0 test <temporary-work-directory>/check-b/apps/desktop
@bb/desktop:test: > vitest run --config vitest.config.ts "test/desktop-browser-view-manager.test.ts" "test/desktop-browser-main-ipc.test.ts"
@bb/desktop:test: 
@bb/desktop:test: 
@bb/desktop:test:  RUN  v4.1.1 <temporary-work-directory>/check-b/apps/desktop
@bb/desktop:test: 
@bb/desktop:test:  ✓ |@bb/desktop:isolated| test/desktop-browser-main-ipc.test.ts (5 tests) 6ms
@bb/desktop:test:  ✓ |@bb/desktop:isolated| test/desktop-browser-view-manager.test.ts (80 tests) 569ms
@bb/desktop:test: 
@bb/desktop:test:  Test Files  2 passed (2)
@bb/desktop:test:       Tests  85 passed (85)
@bb/desktop:test:    Start at  14:19:26
@bb/desktop:test:    Duration  999ms (transform 398ms, setup 0ms, import 701ms, tests 575ms, environment 0ms)
@bb/desktop:test: 

 Tasks:    4 successful, 4 total
Cached:    0 cached, 4 total
  Time:    1.625s 

