• turbo 2.10.12

   • Packages in scope: bb-app
   • Running test in 1 packages
   • Remote caching disabled, using shared worktree cache

//:ensure-native-modules: cache bypass, force executing a15cae4113441bf1
@bb/templates:generate:plugin-scaffold: cache miss, executing bb790436dd10a23b
@bb/templates:generate:templates: cache miss, executing f2a06dec89c082e2
//:ensure-native-modules: 
//:ensure-native-modules: > bb@ ensure-native-modules /tmp/reproduction/verify
//:ensure-native-modules: > node scripts/ensure-native-modules.mjs
//:ensure-native-modules: 
@bb/templates:generate:plugin-scaffold: 
@bb/templates:generate:plugin-scaffold: > @bb/templates@0.0.1 generate:plugin-scaffold /tmp/reproduction/verify/packages/templates
@bb/templates:generate:plugin-scaffold: > node ./scripts/generate-plugin-scaffold.mjs
@bb/templates:generate:plugin-scaffold: 
@bb/templates:generate:templates: 
@bb/templates:generate:templates: > @bb/templates@0.0.1 generate:templates /tmp/reproduction/verify/packages/templates
@bb/templates:generate:templates: > node ./scripts/generate-templates.mjs
@bb/templates:generate:templates: 
bb-app:test: cache miss, executing 698909c3ff8d2ccb
bb-app:test: 
bb-app:test: > bb-app@0.43.4 test /tmp/reproduction/verify/packages/bb-app
bb-app:test: > vitest run --config vitest.config.ts "index.test.ts" "-t" "uses managed config server URL over ambient env"
bb-app:test: 
bb-app:test: 
bb-app:test:  RUN  v4.1.1 /tmp/reproduction/verify/packages/bb-app
bb-app:test: 
bb-app:test:  ✓ |bb-app:isolated| test/index.test.ts (70 tests | 69 skipped) 8ms
bb-app:test: 
bb-app:test:  Test Files  1 passed (1)
bb-app:test:       Tests  1 passed | 69 skipped (70)
bb-app:test:    Start at  20:35:32
bb-app:test:    Duration  826ms (transform 485ms, setup 0ms, import 723ms, tests 8ms, environment 0ms)
bb-app:test: 

 Tasks:    4 successful, 4 total
Cached:    0 cached, 4 total
  Time:    2.013s 

