• turbo 2.10.12

   • Packages in scope: bb-app
   • Running test in 1 packages
   • Remote caching disabled, using shared worktree cache

//:ensure-native-modules: cache bypass, force executing 1675371d4abd2b5e
@bb/templates:generate:templates: cache hit, replaying logs 33b7a2e454fd61c5
@bb/templates:generate:templates: 
@bb/templates:generate:templates: > @bb/templates@0.0.1 generate:templates /tmp/reproduction/base/packages/templates
@bb/templates:generate:templates: > node ./scripts/generate-templates.mjs
@bb/templates:generate:templates: 
@bb/templates:generate:plugin-scaffold: cache hit, replaying logs 796cb0f34e13675b
@bb/templates:generate:plugin-scaffold: 
@bb/templates:generate:plugin-scaffold: > @bb/templates@0.0.1 generate:plugin-scaffold /tmp/reproduction/base/packages/templates
@bb/templates:generate:plugin-scaffold: > node ./scripts/generate-plugin-scaffold.mjs
@bb/templates:generate:plugin-scaffold: 
//:ensure-native-modules: 
//:ensure-native-modules: > bb@ ensure-native-modules /tmp/reproduction/verify
//:ensure-native-modules: > node scripts/ensure-native-modules.mjs
//:ensure-native-modules: 
bb-app:test: cache miss, executing 804d229de4e1e1d2
bb-app:test: 
bb-app:test: > bb-app@0.43.4 test /tmp/reproduction/verify/packages/bb-app
bb-app:test: > vitest run --config vitest.config.ts "issue-4243.test.ts"
bb-app:test: 
bb-app:test: 
bb-app:test:  RUN  v4.1.1 /tmp/reproduction/verify/packages/bb-app
bb-app:test: 
bb-app:test: stdout | test/issue-4243.test.ts > preserves the thread proxy destination when a managed server is configured
bb-app:test: {"baseline":"http://127.0.0.1:48762","configured":"https://saved-server.test"}
bb-app:test: 
bb-app:test:  ❯ |bb-app| test/issue-4243.test.ts (1 test | 1 failed) 7ms
bb-app:test:    × preserves the thread proxy destination when a managed server is configured 7ms
bb-app:test: 
bb-app:test: ⎯⎯⎯⎯⎯⎯⎯ Failed Tests 1 ⎯⎯⎯⎯⎯⎯⎯
bb-app:test: 
bb-app:test:  FAIL  |bb-app| test/issue-4243.test.ts > preserves the thread proxy destination when a managed server is configured
bb-app:test: AssertionError: expected 'https://saved-server.test' to be 'http://127.0.0.1:48762' // Object.is equality
bb-app:test: 
bb-app:test: Expected: "http://127.0.0.1:48762"
bb-app:test: Received: "https://saved-server.test"
bb-app:test: 
bb-app:test:  ❯ test/issue-4243.test.ts:24:42
bb-app:test:      22|     const configured = await resolve();
bb-app:test:      23|     console.log(JSON.stringify({ baseline: baseline.env.BB_SERVER_URL,…
bb-app:test:      24|     expect(configured.env.BB_SERVER_URL).toBe(proxyUrl);
bb-app:test:        |                                          ^
bb-app:test:      25|   } finally {
bb-app:test:      26|     await rm(dataDir, { recursive: true, force: true });
bb-app:test: 
bb-app:test: ⎯⎯⎯⎯⎯⎯⎯⎯⎯⎯⎯⎯⎯⎯⎯⎯⎯⎯⎯⎯⎯⎯⎯⎯[1/1]⎯
bb-app:test: 
bb-app:test: 
bb-app:test:  Test Files  1 failed (1)
bb-app:test:       Tests  1 failed (1)
bb-app:test:    Start at  20:35:04
bb-app:test:    Duration  529ms (transform 297ms, setup 0ms, import 436ms, tests 7ms, environment 0ms)
bb-app:test: 
bb-app:test:  ELIFECYCLE  Test failed. See above for more details.
bb-app#test:  ERROR  command (/tmp/reproduction/verify/packages/bb-app) /tmp/reproduction/bin/pnpm run test issue-4243.test.ts exited (1)

 Tasks:    3 successful, 4 total
Cached:    2 cached, 4 total
  Time:    1.293s 
Failed:    bb-app#test

 ERROR  run failed: command  exited (1)
