runtime: v24.5.0
proxy port: 31255
{
  "results": {
    "httpControl": "status 200",
    "httpsControl": "ERR_PROXY_TUNNEL",
    "ws-bare": "ENOTFOUND",
    "ws-headers": "ENOTFOUND",
    "wss-bare": "ENOTFOUND",
    "wss-headers": "ENOTFOUND",
    "machineAuthHttp": "status 200"
  },
  "proxyRequests": [
    "http://http-control.slopcop-4957.invalid/",
    "CONNECT https-control.slopcop-4957.invalid:443",
    "http://machine-auth.slopcop-4957.invalid/"
  ]
}
WebSocket requests reaching declared proxy: 0/4
node:internal/modules/run_main:107
    triggerUncaughtException(
    ^

AssertionError [ERR_ASSERTION]: daemon WebSocket dials must reach the declared proxy instead of resolving the synthetic host directly

0 !== 4

    at file://SCRATCH/reports/issues/4957/repro/proxy-routing.mjs:89:10 {
  generatedMessage: false,
  code: 'ERR_ASSERTION',
  actual: 0,
  expected: 4,
  operator: 'strictEqual'
}

Node.js v24.5.0
