npm warn Unknown env config "manage-package-manager-versions". This will stop working in the next major version of npm. See `npm help npmrc` for supported config options.
• turbo 2.10.12

   • Packages in scope: @bb/host-daemon
   • Running test in 1 packages
   • Remote caching disabled, using shared worktree cache

//:ensure-native-modules: cache bypass, force executing c988737bd5ffda1f
@bb/templates:generate:plugin-scaffold: cache miss, executing 6a245cd836e6c288
@bb/templates:generate:templates: cache miss, executing edb1297a9cf3b92a
@bb/plugin-build:generate: cache miss, executing 687d0a8f62014730
@bb/templates:generate:templates: 
@bb/templates:generate:templates: > @bb/templates@0.0.1 generate:templates <TEMP>/base/packages/templates
@bb/templates:generate:templates: > node ./scripts/generate-templates.mjs
@bb/templates:generate:templates: 
@bb/templates:generate:plugin-scaffold: 
@bb/templates:generate:plugin-scaffold: > @bb/templates@0.0.1 generate:plugin-scaffold <TEMP>/base/packages/templates
@bb/templates:generate:plugin-scaffold: > node ./scripts/generate-plugin-scaffold.mjs
@bb/templates:generate:plugin-scaffold: 
//:ensure-native-modules: 
//:ensure-native-modules: > bb@ ensure-native-modules <TEMP>/base
//:ensure-native-modules: > node scripts/ensure-native-modules.mjs
//:ensure-native-modules: 
@bb/plugin-build:generate: 
@bb/plugin-build:generate: > @bb/plugin-build@0.0.1 generate <TEMP>/base/packages/plugin-build
@bb/plugin-build:generate: > node ./scripts/generate-plugin-theme.mjs && node ./scripts/generate-runtime-export-manifest.mjs
@bb/plugin-build:generate: 
@bb/plugin-build:generate: plugin-theme.generated.ts up to date
@get-bb/plugin-sdk:build:types: cache miss, executing f45541c3669431dc
@get-bb/plugin-sdk:build:types: 
@get-bb/plugin-sdk:build:types: > @get-bb/plugin-sdk@0.4.99 build:types <TEMP>/base/packages/plugin-sdk
@get-bb/plugin-sdk:build:types: > node scripts/build-bundled-dts.mjs
@get-bb/plugin-sdk:build:types: 
@bb/plugin-build:generate: wrote <TEMP>/base/packages/plugin-build/src/generated/runtime-export-manifest.generated.ts (react@19.2.4)
@get-bb/plugin-sdk:build:types: Unchanged bundled-types/bb-plugin-sdk.d.ts
@get-bb/plugin-sdk:build:types: Unchanged bundled-types/bb-plugin-sdk-ai-services.d.ts
@get-bb/plugin-sdk:build:types: Unchanged bundled-types/bb-plugin-sdk-provider-bridge.d.ts
@get-bb/plugin-sdk:build:types: Unchanged bundled-types/bb-plugin-sdk-provider-bridge-testing.d.ts
@get-bb/plugin-sdk:build:types: Unchanged bundled-types/bb-plugin-sdk-provider-bridge-acp.d.ts
@get-bb/plugin-sdk:build:types: Unchanged bundled-types/bb-plugin-sdk-environment-provider.d.ts
@get-bb/plugin-sdk:build:types: Unchanged bundled-types/bb-plugin-sdk-machine-provider.d.ts
@get-bb/plugin-sdk:build:types: Unchanged bundled-types/bb-plugin-sdk-app.d.ts
@get-bb/plugin-sdk:build:types: Unchanged bundled-types/bb-plugin-sdk-host.d.ts
@get-bb/plugin-sdk:build:types: Unchanged bundled-types/bb-plugin-sdk-internal-composer-customization-validation.d.ts
@get-bb/plugin-sdk:build:types: Unchanged bundled-types/bb-plugin-sdk-internal-composer-view.d.ts
@get-bb/plugin-sdk:build:types: Unchanged bundled-types/bb-plugin-sdk-internal-file-navigation-validation.d.ts
@get-bb/plugin-sdk:build:types: Unchanged bundled-types/bb-plugin-sdk-internal-host-policy.d.ts
@get-bb/plugin-sdk:build:types: Unchanged bundled-types/bb-plugin-sdk-internal-plugin-app-collector.d.ts
@get-bb/plugin-sdk:build:types: Unchanged bundled-types/bb-plugin-sdk-testing.d.ts
@get-bb/plugin-sdk:build:types: Unchanged bundled-types/bb-plugin-sdk-testing-app.d.ts
@get-bb/plugin-sdk:build:types: Unchanged bundled-types/bb-plugin-sdk-testing-host.d.ts
@get-bb/plugin-sdk:build: cache miss, executing 4ce46c18386ebaee
@get-bb/plugin-sdk:build: 
@get-bb/plugin-sdk:build: > @get-bb/plugin-sdk@0.4.99 build <TEMP>/base/packages/plugin-sdk
@get-bb/plugin-sdk:build: > node scripts/build-runtime.mjs
@get-bb/plugin-sdk:build: 
@get-bb/plugin-sdk:build: Built 19 @get-bb/plugin-sdk runtime entries.
@bb/host-daemon:test: cache miss, executing 3ec62d8d4b9a9415
@bb/host-daemon:test: 
@bb/host-daemon:test: > @bb/host-daemon@0.0.1 test <TEMP>/base/apps/host-daemon
@bb/host-daemon:test: > vitest run --config vitest.config.ts "command-discovery.test.ts"
@bb/host-daemon:test: 
@bb/host-daemon:test: 
@bb/host-daemon:test:  RUN  v4.1.1 <TEMP>/base/apps/host-daemon
@bb/host-daemon:test: 
@bb/host-daemon:test:  ✓ |@bb/host-daemon| src/command-discovery.test.ts (26 tests) 275ms
@bb/host-daemon:test: 
@bb/host-daemon:test:  Test Files  1 passed (1)
@bb/host-daemon:test:       Tests  26 passed (26)
@bb/host-daemon:test:    Start at  10:27:04
@bb/host-daemon:test:    Duration  859ms (transform 331ms, setup 0ms, import 500ms, tests 275ms, environment 0ms)
@bb/host-daemon:test: 

 Tasks:    7 successful, 7 total
Cached:    0 cached, 7 total
  Time:    13.048s 

