npm warn Unknown env config "manage-package-manager-versions". This will stop working in the next major version of npm. See `npm help npmrc` for supported config options.
• turbo 2.10.12

   • Packages in scope: @bb/host-daemon
   • Running test in 1 packages
   • Remote caching disabled, using shared worktree cache

//:ensure-native-modules: cache bypass, force executing 2c555531c2594f80
@bb/templates:generate:templates: cache miss, executing 7a508a35d9cc830e
@bb/templates:generate:plugin-scaffold: cache miss, executing b11ea901daae0de3
@bb/plugin-build:generate: cache miss, executing 3f109c94fcd7e318
@bb/templates:generate:templates: 
@bb/templates:generate:templates: > @bb/templates@0.0.1 generate:templates <TEMP>/base/packages/templates
@bb/templates:generate:templates: > node ./scripts/generate-templates.mjs
@bb/templates:generate:templates: 
//:ensure-native-modules: 
//:ensure-native-modules: > bb@ ensure-native-modules <TEMP>/base
//:ensure-native-modules: > node scripts/ensure-native-modules.mjs
//:ensure-native-modules: 
@bb/templates:generate:plugin-scaffold: 
@bb/templates:generate:plugin-scaffold: > @bb/templates@0.0.1 generate:plugin-scaffold <TEMP>/base/packages/templates
@bb/templates:generate:plugin-scaffold: > node ./scripts/generate-plugin-scaffold.mjs
@bb/templates:generate:plugin-scaffold: 
@bb/plugin-build:generate: 
@bb/plugin-build:generate: > @bb/plugin-build@0.0.1 generate <TEMP>/base/packages/plugin-build
@bb/plugin-build:generate: > node ./scripts/generate-plugin-theme.mjs && node ./scripts/generate-runtime-export-manifest.mjs
@bb/plugin-build:generate: 
@bb/plugin-build:generate: plugin-theme.generated.ts up to date
@get-bb/plugin-sdk:build:types: cache miss, executing a26ac7a2c5e6d890
@bb/plugin-build:generate: wrote <TEMP>/base/packages/plugin-build/src/generated/runtime-export-manifest.generated.ts (react@19.2.4)
@get-bb/plugin-sdk:build:types: 
@get-bb/plugin-sdk:build:types: > @get-bb/plugin-sdk@0.4.99 build:types <TEMP>/base/packages/plugin-sdk
@get-bb/plugin-sdk:build:types: > node scripts/build-bundled-dts.mjs
@get-bb/plugin-sdk:build:types: 
@get-bb/plugin-sdk:build:types: Unchanged bundled-types/bb-plugin-sdk.d.ts
@get-bb/plugin-sdk:build:types: Unchanged bundled-types/bb-plugin-sdk-ai-services.d.ts
@get-bb/plugin-sdk:build:types: Unchanged bundled-types/bb-plugin-sdk-provider-bridge.d.ts
@get-bb/plugin-sdk:build:types: Unchanged bundled-types/bb-plugin-sdk-provider-bridge-testing.d.ts
@get-bb/plugin-sdk:build:types: Unchanged bundled-types/bb-plugin-sdk-provider-bridge-acp.d.ts
@get-bb/plugin-sdk:build:types: Unchanged bundled-types/bb-plugin-sdk-environment-provider.d.ts
@get-bb/plugin-sdk:build:types: Unchanged bundled-types/bb-plugin-sdk-machine-provider.d.ts
@get-bb/plugin-sdk:build:types: Unchanged bundled-types/bb-plugin-sdk-app.d.ts
@get-bb/plugin-sdk:build:types: Unchanged bundled-types/bb-plugin-sdk-host.d.ts
@get-bb/plugin-sdk:build:types: Unchanged bundled-types/bb-plugin-sdk-internal-composer-customization-validation.d.ts
@get-bb/plugin-sdk:build:types: Unchanged bundled-types/bb-plugin-sdk-internal-composer-view.d.ts
@get-bb/plugin-sdk:build:types: Unchanged bundled-types/bb-plugin-sdk-internal-file-navigation-validation.d.ts
@get-bb/plugin-sdk:build:types: Unchanged bundled-types/bb-plugin-sdk-internal-host-policy.d.ts
@get-bb/plugin-sdk:build:types: Unchanged bundled-types/bb-plugin-sdk-internal-plugin-app-collector.d.ts
@get-bb/plugin-sdk:build:types: Unchanged bundled-types/bb-plugin-sdk-testing.d.ts
@get-bb/plugin-sdk:build:types: Unchanged bundled-types/bb-plugin-sdk-testing-app.d.ts
@get-bb/plugin-sdk:build:types: Unchanged bundled-types/bb-plugin-sdk-testing-host.d.ts
@get-bb/plugin-sdk:build: cache miss, executing 8db67b265164becb
@get-bb/plugin-sdk:build: 
@get-bb/plugin-sdk:build: > @get-bb/plugin-sdk@0.4.99 build <TEMP>/base/packages/plugin-sdk
@get-bb/plugin-sdk:build: > node scripts/build-runtime.mjs
@get-bb/plugin-sdk:build: 
@get-bb/plugin-sdk:build: Built 19 @get-bb/plugin-sdk runtime entries.
@bb/host-daemon:test: cache miss, executing 7f166c2612cc28f7
@bb/host-daemon:test: 
@bb/host-daemon:test: > @bb/host-daemon@0.0.1 test <TEMP>/base/apps/host-daemon
@bb/host-daemon:test: > vitest run --config vitest.config.ts "issue-3856.test.ts"
@bb/host-daemon:test: 
@bb/host-daemon:test: 
@bb/host-daemon:test:  RUN  v4.1.1 <TEMP>/base/apps/host-daemon
@bb/host-daemon:test: 
@bb/host-daemon:test: stdout | src/issue-3856.test.ts > discovers an internal project directory alias with real and user controls
@bb/host-daemon:test: {"direct":["sample"],"user":["sample"],"project":[]}
@bb/host-daemon:test: 
@bb/host-daemon:test:  ❯ |@bb/host-daemon| src/issue-3856.test.ts (1 test | 1 failed) 8ms
@bb/host-daemon:test:    × discovers an internal project directory alias with real and user controls 8ms
@bb/host-daemon:test: 
@bb/host-daemon:test: ⎯⎯⎯⎯⎯⎯⎯ Failed Tests 1 ⎯⎯⎯⎯⎯⎯⎯
@bb/host-daemon:test: 
@bb/host-daemon:test:  FAIL  |@bb/host-daemon| src/issue-3856.test.ts > discovers an internal project directory alias with real and user controls
@bb/host-daemon:test: AssertionError: expected [] to deeply equal [ 'sample' ]
@bb/host-daemon:test: 
@bb/host-daemon:test: - Expected
@bb/host-daemon:test: + Received
@bb/host-daemon:test: 
@bb/host-daemon:test: - [
@bb/host-daemon:test: -   "sample",
@bb/host-daemon:test: - ]
@bb/host-daemon:test: + []
@bb/host-daemon:test: 
@bb/host-daemon:test:  ❯ src/issue-3856.test.ts:27:38
@bb/host-daemon:test:      25|     expect(direct.map(x => x.name)).toEqual(["sample"]);
@bb/host-daemon:test:      26|     expect(user.map(x => x.name)).toEqual(["sample"]);
@bb/host-daemon:test:      27|     expect(project.map(x => x.name)).toEqual(["sample"]);
@bb/host-daemon:test:        |                                      ^
@bb/host-daemon:test:      28|   } finally {
@bb/host-daemon:test:      29|     await rm(workspace, { recursive: true, force: true });
@bb/host-daemon:test: 
@bb/host-daemon:test: ⎯⎯⎯⎯⎯⎯⎯⎯⎯⎯⎯⎯⎯⎯⎯⎯⎯⎯⎯⎯⎯⎯⎯⎯[1/1]⎯
@bb/host-daemon:test: 
@bb/host-daemon:test: 
@bb/host-daemon:test:  Test Files  1 failed (1)
@bb/host-daemon:test:       Tests  1 failed (1)
@bb/host-daemon:test:    Start at  10:26:28
@bb/host-daemon:test:    Duration  175ms (transform 28ms, setup 0ms, import 63ms, tests 8ms, environment 0ms)
@bb/host-daemon:test: 
@bb/host-daemon:test:  ELIFECYCLE  Test failed. See above for more details.
@bb/host-daemon#test:  ERROR  command (<TEMP>/base/apps/host-daemon) <LOCAL-TOOL-PATH> run test issue-3856.test.ts exited (1)

 Tasks:    6 successful, 7 total
Cached:    0 cached, 7 total
  Time:    16.448s 
Failed:    @bb/host-daemon#test

 ERROR  run failed: command  exited (1)
