• turbo 2.10.12

   • Packages in scope: @bb/cli
   • Running test in 1 packages
   • Remote caching disabled, using shared worktree cache

//:ensure-native-modules: cache bypass, force executing 418ab1e0735701f3
@bb/plugin-build:generate: cache hit, replaying logs 66ffe1aea29d7e85
@bb/plugin-build:generate: 
@bb/plugin-build:generate: > @bb/plugin-build@0.0.1 generate /tmp/issue-3870/first/packages/plugin-build
@bb/plugin-build:generate: > node ./scripts/generate-plugin-theme.mjs && node ./scripts/generate-runtime-export-manifest.mjs
@bb/plugin-build:generate: 
@bb/plugin-build:generate: plugin-theme.generated.ts up to date
@bb/plugin-build:generate: wrote /tmp/issue-3870/first/packages/plugin-build/src/generated/runtime-export-manifest.generated.ts (react@19.2.4)
@bb/templates:generate:plugin-scaffold: cache hit, replaying logs a0164647ad957789
@bb/templates:generate:plugin-scaffold: 
@bb/templates:generate:plugin-scaffold: > @bb/templates@0.0.1 generate:plugin-scaffold /tmp/issue-3870/first/packages/templates
@bb/templates:generate:plugin-scaffold: > node ./scripts/generate-plugin-scaffold.mjs
@bb/templates:generate:plugin-scaffold: 
@bb/templates:generate:templates: cache hit, replaying logs 7ea4cdc1e15f7132
@bb/templates:generate:templates: 
@bb/templates:generate:templates: > @bb/templates@0.0.1 generate:templates /tmp/issue-3870/first/packages/templates
@bb/templates:generate:templates: > node ./scripts/generate-templates.mjs
@bb/templates:generate:templates: 
//:ensure-native-modules: 
//:ensure-native-modules: > bb@ ensure-native-modules /tmp/issue-3870/first
//:ensure-native-modules: > node scripts/ensure-native-modules.mjs
//:ensure-native-modules: 
@bb/cli:test: cache miss, executing e270f80e62047a7c
@bb/cli:test: 
@bb/cli:test: > @bb/cli@0.0.1 test /tmp/issue-3870/first/apps/cli
@bb/cli:test: > vitest run "src/__tests__/command-output/control-path.test.ts"
@bb/cli:test: 
@bb/cli:test: 
@bb/cli:test:  RUN  v4.1.1 /tmp/issue-3870/first/apps/cli
@bb/cli:test: 
@bb/cli:test: {"accepted":true,"preserved":true}
@bb/cli:test: {"output":"\nID                 Name          Path\n-----------------  ------------  ---------------------------------\nproj-verification  Verification  /tmp/verification-\u001b[35msample\u001b[0m\n","containsEscape":true}
@bb/cli:test:  ❯ |@bb/cli:isolated| src/__tests__/command-output/control-path.test.ts (2 tests | 2 failed) 19ms
@bb/cli:test:      × rejects terminal controls at the request boundary 5ms
@bb/cli:test:      × does not emit terminal controls from a project list response 14ms
@bb/cli:test: 
@bb/cli:test: ⎯⎯⎯⎯⎯⎯⎯ Failed Tests 2 ⎯⎯⎯⎯⎯⎯⎯
@bb/cli:test: 
@bb/cli:test:  FAIL  |@bb/cli:isolated| src/__tests__/command-output/control-path.test.ts > project path terminal safety > rejects terminal controls at the request boundary
@bb/cli:test: AssertionError: expected true to be false // Object.is equality
@bb/cli:test: 
@bb/cli:test: - Expected
@bb/cli:test: + Received
@bb/cli:test: 
@bb/cli:test: - false
@bb/cli:test: + true
@bb/cli:test: 
@bb/cli:test:  ❯ src/__tests__/command-output/control-path.test.ts:17:28
@bb/cli:test:      15|     });
@bb/cli:test:      16|     process.stderr.write(JSON.stringify({ accepted: parsed.success, pr…
@bb/cli:test:      17|     expect(parsed.success).toBe(false);
@bb/cli:test:        |                            ^
@bb/cli:test:      18|   });
@bb/cli:test:      19|
@bb/cli:test: 
@bb/cli:test: ⎯⎯⎯⎯⎯⎯⎯⎯⎯⎯⎯⎯⎯⎯⎯⎯⎯⎯⎯⎯⎯⎯⎯⎯[1/2]⎯
@bb/cli:test: 
@bb/cli:test:  FAIL  |@bb/cli:isolated| src/__tests__/command-output/control-path.test.ts > project path terminal safety > does not emit terminal controls from a project list response
@bb/cli:test: AssertionError: expected '\nID                 Name          Pa…' not to contain '\u001b'
@bb/cli:test: 
@bb/cli:test: - Expected
@bb/cli:test: + Received
@bb/cli:test: 
@bb/cli:test: - \u001b
@bb/cli:test: +
@bb/cli:test: + ID                 Name          Path
@bb/cli:test: + -----------------  ------------  ---------------------------------
@bb/cli:test: + proj-verification  Verification  /tmp/verification-\u001b[35msample\u001b[0m
@bb/cli:test: +
@bb/cli:test: 
@bb/cli:test:  ❯ src/__tests__/command-output/control-path.test.ts:29:24
@bb/cli:test:      27|     const output = collectLogPayloads(vi.mocked(console.log)).join("\n…
@bb/cli:test:      28|     process.stderr.write(JSON.stringify({ output, containsEscape: outp…
@bb/cli:test:      29|     expect(output).not.toContain(String.fromCharCode(27));
@bb/cli:test:        |                        ^
@bb/cli:test:      30|   });
@bb/cli:test:      31| });
@bb/cli:test: 
@bb/cli:test: ⎯⎯⎯⎯⎯⎯⎯⎯⎯⎯⎯⎯⎯⎯⎯⎯⎯⎯⎯⎯⎯⎯⎯⎯[2/2]⎯
@bb/cli:test: 
@bb/cli:test: 
@bb/cli:test:  Test Files  1 failed (1)
@bb/cli:test:       Tests  2 failed (2)
@bb/cli:test:    Start at  13:05:28
@bb/cli:test:    Duration  715ms (transform 404ms, setup 0ms, import 610ms, tests 19ms, environment 0ms)
@bb/cli:test: 
@bb/cli:test:  ELIFECYCLE  Test failed. See above for more details.
@bb/cli#test:  ERROR  command (/tmp/issue-3870/first/apps/cli) /tmp/issue-3870/bin/pnpm run test src/__tests__/command-output/control-path.test.ts exited (1)

 Tasks:    4 successful, 5 total
Cached:    3 cached, 5 total
  Time:    1.396s 
Failed:    @bb/cli#test

 ERROR  run failed: command  exited (1)
