bb-server pid 1862326
--- /api/v1/hosts with only bb-server running
[]
--- primaryHostId from /api/v1/system/config before daemon
"primaryHostId":null
bb-app host-daemon join (same data dir) pid 1862360
--- /api/v1/hosts after bb-app host-daemon
[{"id":"host_qpb8j6icgy","name":"bee","type":"persistent","status":"connected","maxPermissionMode":"full","lastSeenAt":1787032938444,"lastRejectedProtocolVersion":null,"createdAt":1787032938111,"updatedAt":1787032938444}]

--- host-id file in shared data dir:
host_qpb8j6icgy

--- primaryHostId from /api/v1/system/config after daemon
"primaryHostId":"host_qpb8j6icgy"
--- daemon log (tail)
     Press Ctrl+C to stop

[06:02:18] INFO: [host-daemon] Host daemon connecting {"serverUrl":"http://127.0.0.1:48881","dataDir":"/tmp/bb-1334-split-shared/shared-data"}
[06:02:18] INFO: [host-daemon] Connected to server {"serverUrl":"http://127.0.0.1:48881","sessionId":"hses_5kvmq2y3bx"}
[06:02:18] INFO: [host-daemon] Host daemon started {"serverUrl":"http://127.0.0.1:48881","identity":{"hostId":"host_qpb8j6icgy","hostName":"bee","instanceId":"a577c56d-8bd8-44fd-83c0-4c1b65e51eef"}}
[06:02:18] INFO: [host-daemon] Host plugin worker ready {"serverUrl":"http://127.0.0.1:48881","pluginId":"keep-awake","startupDurationMs":41}
--- stopping
done
