{
  "rawProbe": {
    "error": "spawnSync /tmp/bb-2343-shell-RzRI5T/slow-login-shell ETIMEDOUT",
    "signal": null,
    "status": 0,
    "stdout": "/tmp/bb-2343-shell-RzRI5T/user-tools:/usr/bin:/bin:/usr/sbin:/sbin",
    "elapsedMs": 2003,
    "shellPid": 801515,
    "shellAliveAfterTimeout": false,
    "pipeHoldingChildPid": 801516,
    "pipeHoldingChildAliveAfterTimeout": true
  },
  "productionProbe": {
    "elapsedMs": 2002,
    "result": {
      "kind": "unchanged",
      "reason": "shell-error"
    },
    "warning": "Could not load the user shell PATH for the packaged desktop app: spawnSync /tmp/bb-2343-shell-RzRI5T/slow-login-shell ETIMEDOUT. Continuing with the inherited PATH."
  },
  "paths": {
    "inheritedPath": "/usr/bin:/bin:/usr/sbin:/sbin",
    "recoveredPath": "/tmp/bb-2343-shell-RzRI5T/user-tools:/usr/bin:/bin:/usr/sbin:/sbin",
    "actualPath": "/usr/bin:/bin:/usr/sbin:/sbin",
    "failedChildPath": "/usr/bin:/bin:/usr/sbin:/sbin",
    "controlChildPath": "/tmp/bb-2343-shell-RzRI5T/user-tools:/usr/bin:/bin:/usr/sbin:/sbin"
  },
  "inheritedPathCommands": {
    "node": {
      "status": 127,
      "stderr": "env: 'node': No such file or directory\nenv: use -[v]S to pass options in shebang lines",
      "stdout": ""
    },
    "gh": {
      "status": 127,
      "stderr": "env: 'gh': No such file or directory\nenv: use -[v]S to pass options in shebang lines",
      "stdout": ""
    }
  },
  "recoveredPathControls": {
    "node": {
      "status": 0,
      "stderr": "",
      "stdout": "stub-node-ok"
    },
    "gh": {
      "status": 0,
      "stderr": "",
      "stdout": "stub-gh-ok"
    }
  }
}
