• turbo 2.10.12

   • Packages in scope: @bb/server
   • Running build in 1 packages
   • Remote caching disabled

@bb/plugin-build:generate: cache hit, replaying logs 32c13ed96268f96d
@bb/templates:generate:templates: cache hit, replaying logs bba3055acf18384d
@bb/server:generate:bb-official-marketplace: cache hit, replaying logs f326d482037c4128
@bb/templates:generate:templates:
@bb/templates:generate:templates: > @bb/templates@0.0.1 generate:templates <temporary-work-directory>/base/packages/templates
@bb/plugin-build:generate:
@bb/templates:generate:templates: > node ./scripts/generate-templates.mjs
@bb/server:generate:bb-official-marketplace:
@bb/templates:generate:plugin-scaffold: cache hit, replaying logs 48562c541b800ce5
@bb/plugin-build:generate: > @bb/plugin-build@0.0.1 generate <temporary-work-directory>/base/packages/plugin-build
@bb/templates:generate:templates:
@bb/server:generate:bb-official-marketplace: > @bb/server@0.0.1 generate:bb-official-marketplace <temporary-work-directory>/base/apps/server
@bb/templates:generate:plugin-scaffold:
@bb/server:generate:bb-official-marketplace: > node --conditions=source --import tsx scripts/generate-bb-official-marketplace.ts
@bb/plugin-build:generate: > node ./scripts/generate-plugin-theme.mjs && node ./scripts/generate-runtime-export-manifest.mjs
@bb/templates:generate:plugin-scaffold: > @bb/templates@0.0.1 generate:plugin-scaffold <temporary-work-directory>/base/packages/templates
@bb/server:generate:bb-official-marketplace:
@bb/plugin-build:generate:
@bb/plugin-build:generate: wrote packages/plugin-build/src/generated/plugin-theme.generated.ts
@bb/plugin-build:generate: wrote <temporary-work-directory>/base/packages/plugin-build/src/generated/runtime-export-manifest.generated.ts (react@19.2.4)
@bb/templates:generate:plugin-scaffold: > node ./scripts/generate-plugin-scaffold.mjs
@bb/templates:generate:plugin-scaffold:
@bb/server:build: cache miss, executing cc0872d839df42cd
@bb/server:build:
@bb/server:build: > @bb/server@0.0.1 build <temporary-work-directory>/base/apps/server
@bb/server:build: > node ../../scripts/build-node-entry.mjs src/index.ts dist/index.js --clean-dist --external ./start-server.js --copy-dir ../../packages/db/drizzle dist/drizzle --copy-dir src/assets dist/assets && node --import tsx scripts/copy-builtin-skills.ts && node ../../scripts/build-node-entry.mjs src/start-server.ts dist/start-server.js && node ../../scripts/build-node-entry.mjs ../../packages/plugin-sdk/src/index.ts dist/plugin-sdk-runtime.js && node ../../scripts/build-node-entry.mjs src/services/plugins/zod-runtime.ts dist/zod-runtime.js
@bb/server:build:

 Tasks:    5 successful, 5 total
Cached:    4 cached, 5 total
  Time:    1.732s
