• turbo 2.10.12

   • Packages in scope: @bb/app
   • Running test in 1 packages
   • Remote caching disabled

//:ensure-native-modules: cache bypass, force executing 60fedd3e56a422cd
@bb/templates:generate:plugin-scaffold: cache hit, replaying logs a6fcc6831556ece4
@bb/templates:generate:plugin-scaffold: 
@bb/templates:generate:plugin-scaffold: > @bb/templates@0.0.1 generate:plugin-scaffold <temporary directory>/base/packages/templates
@bb/templates:generate:plugin-scaffold: > node ./scripts/generate-plugin-scaffold.mjs
@bb/templates:generate:plugin-scaffold: 
@bb/templates:generate:templates: cache hit, replaying logs 8857ef04f7eed87f
@bb/templates:generate:templates: 
@bb/templates:generate:templates: > @bb/templates@0.0.1 generate:templates <temporary directory>/base/packages/templates
@bb/templates:generate:templates: > node ./scripts/generate-templates.mjs
@bb/templates:generate:templates: 
@bb/plugin-build:generate: cache hit, replaying logs 5e547476d7edc67b
@bb/plugin-build:generate: 
@bb/plugin-build:generate: > @bb/plugin-build@0.0.1 generate <temporary directory>/base/packages/plugin-build
@bb/plugin-build:generate: > node ./scripts/generate-plugin-theme.mjs && node ./scripts/generate-runtime-export-manifest.mjs
@bb/plugin-build:generate: 
@bb/plugin-build:generate: plugin-theme.generated.ts up to date
@bb/plugin-build:generate: wrote <temporary directory>/base/packages/plugin-build/src/generated/runtime-export-manifest.generated.ts (react@19.2.4)
//:ensure-native-modules: 
//:ensure-native-modules: > bb@ ensure-native-modules <temporary directory>/base
//:ensure-native-modules: > node scripts/ensure-native-modules.mjs
//:ensure-native-modules: 
@bb/app:test: cache miss, executing 55253570a877ab4c
@bb/app:test: 
@bb/app:test: > @bb/app@0.0.1 test <temporary directory>/base/apps/app
@bb/app:test: > node scripts/generate-pwa-icons.mjs --check && vitest run --config vitest.config.ts "ThreadRow.test.tsx"
@bb/app:test: 
@bb/app:test: 
@bb/app:test:  RUN  v4.1.1 <temporary directory>/base/apps/app
@bb/app:test: 
@bb/app:test:  ✓ |@bb/app:isolated| src/components/sidebar/ThreadRow.test.tsx (81 tests) 486ms
@bb/app:test: 
@bb/app:test:  Test Files  1 passed (1)
@bb/app:test:       Tests  81 passed (81)
@bb/app:test:    Start at  16:29:35
@bb/app:test:    Duration  2.62s (transform 840ms, setup 121ms, import 1.30s, tests 486ms, environment 609ms)
@bb/app:test: 

 Tasks:    5 successful, 5 total
Cached:    3 cached, 5 total
  Time:    4.256s 

