probe installed at 322.69999998807907 ms; root children: 0
[
 {
  "t": 331,
  "pulse": 0,
  "header": "",
  "markers": [],
  "main": ""
 },
 {
  "t": 993,
  "pulse": 4,
  "header": "",
  "markers": [],
  "main": ""
 },
 {
  "t": 1665,
  "pulse": 4,
  "header": "",
  "markers": [],
  "main": "Loading..."
 },
 {
  "t": 1690,
  "pulse": 4,
  "header": "",
  "markers": [],
  "main": "Loading…"
 },
 {
  "t": 1739,
  "pulse": 4,
  "header": "",
  "markers": [
   "Automations"
  ],
  "main": "Loading…"
 },
 {
  "t": 1825,
  "pulse": 4,
  "header": "",
  "markers": [
   "Tasks",
   "Automations"
  ],
  "main": "Loading…"
 },
 {
  "t": 6145,
  "pulse": 0,
  "header": "",
  "markers": [
   "5.6-Sol",
   "Medium",
   "1676 target",
   "Tasks",
   "Automations"
  ],
  "main": " 5.6-Sol Medium Work in a project Approve for me No thread details available."
 },
 {
  "t": 7147,
  "pulse": 2,
  "header": "",
  "markers": [
   "Loading models",
   "1676 target",
   "Tasks",
   "Automations"
  ],
  "main": " Loading models Work in a project Approve for me No thread details available."
 },
 {
  "t": 7446,
  "pulse": 0,
  "header": "",
  "markers": [
   "5.6-Sol",
   "Medium",
   "1676 target",
   "Tasks",
   "Automations"
  ],
  "main": " 5.6-Sol Medium Work in a project Approve for me No thread details available."
 }
]
/home/sawyer/.dev-browser/tmp/1676-sidebar-at4000.png (page time 4331 ms)
/home/sawyer/.dev-browser/tmp/1676-sidebar-at12000.png (page time 12329 ms)
