probe installed at 132.60000002384186 ms; root children: 0
[
 {
  "t": 141,
  "pulse": 0,
  "header": "",
  "markers": []
 },
 {
  "t": 792,
  "pulse": 4,
  "header": "",
  "markers": []
 },
 {
  "t": 865,
  "pulse": 0,
  "header": "",
  "markers": [
   "1676 target"
  ]
 },
 {
  "t": 1684,
  "pulse": 0,
  "header": "",
  "markers": [
   "1676 target",
   "Automations"
  ]
 },
 {
  "t": 1738,
  "pulse": 0,
  "header": "",
  "markers": [
   "1676 target",
   "Tasks",
   "Automations"
  ]
 },
 {
  "t": 1840,
  "pulse": 2,
  "header": "",
  "markers": [
   "Loading models",
   "1676 target",
   "Tasks",
   "Automations"
  ]
 },
 {
  "t": 2387,
  "pulse": 0,
  "header": "",
  "markers": [
   "1676 target",
   "Tasks",
   "Automations"
  ]
 },
 {
  "t": 2784,
  "pulse": 2,
  "header": "",
  "markers": [
   "Loading models",
   "1676 target",
   "Tasks",
   "Automations"
  ]
 },
 {
  "t": 2982,
  "pulse": 0,
  "header": "",
  "markers": [
   "1676 target",
   "Tasks",
   "Automations"
  ]
 }
]
/home/sawyer/.dev-browser/tmp/1676-home-burst0.png
/home/sawyer/.dev-browser/tmp/1676-home-burst1.png
/home/sawyer/.dev-browser/tmp/1676-home-burst2.png
/home/sawyer/.dev-browser/tmp/1676-home-burst3.png
/home/sawyer/.dev-browser/tmp/1676-home-burst4.png
/home/sawyer/.dev-browser/tmp/1676-home-burst5.png
