probe installed at 407.40000000596046 ms; root children: 0
[
 {
  "t": 416,
  "pulse": 0,
  "header": "",
  "markers": [],
  "main": ""
 },
 {
  "t": 5024,
  "pulse": 4,
  "header": "",
  "markers": [],
  "main": ""
 },
 {
  "t": 5099,
  "pulse": 0,
  "header": "",
  "markers": [
   "1676 target"
  ],
  "main": ""
 },
 {
  "t": 9605,
  "pulse": 0,
  "header": "",
  "markers": [
   "1676 target",
   "Tasks"
  ],
  "main": ""
 },
 {
  "t": 9724,
  "pulse": 0,
  "header": "",
  "markers": [
   "1676 target",
   "Tasks",
   "Automations"
  ],
  "main": ""
 },
 {
  "t": 10001,
  "pulse": 2,
  "header": "",
  "markers": [
   "Loading models",
   "Reply only with ok",
   "1676 target",
   "Tasks",
   "Automations"
  ],
  "main": "1676 target Reply only with ok. Provisioned thread ok Working... Loading models Project: qa Environment: Local Info Diff"
 },
 {
  "t": 10380,
  "pulse": 2,
  "header": "",
  "markers": [
   "Loading models",
   "Reply only with ok",
   "1676 target",
   "Tasks",
   "Automations"
  ],
  "main": "1676 target Reply only with ok. Provisioned thread ok Working... Loading models Project: qa Environment: Local main Info"
 },
 {
  "t": 10773,
  "pulse": 0,
  "header": "",
  "markers": [
   "5.6-Sol",
   "Medium",
   "Reply only with ok",
   "1676 target",
   "Tasks",
   "Automations"
  ],
  "main": "1676 target Reply only with ok. Provisioned thread ok Working... 5.6-Sol Medium Project: qa Environment: Local main Info"
 },
 {
  "t": 14031,
  "pulse": 0,
  "header": "",
  "markers": [
   "Extra High",
   "5.6-Sol",
   "Reply only with ok",
   "1676 target",
   "Tasks",
   "Automations"
  ],
  "main": "1676 target Reply only with ok. Provisioned thread ok Working... 5.6-Sol Extra High Project: qa Environment: Local main "
 }
]
/home/sawyer/.dev-browser/tmp/1676-thread-delayed-burst0.png
/home/sawyer/.dev-browser/tmp/1676-thread-delayed-burst1.png
/home/sawyer/.dev-browser/tmp/1676-thread-delayed-burst2.png
/home/sawyer/.dev-browser/tmp/1676-thread-delayed-burst3.png
/home/sawyer/.dev-browser/tmp/1676-thread-delayed-burst4.png
/home/sawyer/.dev-browser/tmp/1676-thread-delayed-burst5.png
