probe installed at 18.900000005960464 ms; root children: 0
[
 {
  "t": 27,
  "pulse": 0,
  "header": "",
  "markers": [],
  "main": ""
 },
 {
  "t": 1574,
  "pulse": 4,
  "header": "",
  "markers": [],
  "main": ""
 },
 {
  "t": 1718,
  "pulse": 0,
  "header": "",
  "markers": [
   "1676 target"
  ],
  "main": ""
 },
 {
  "t": 2758,
  "pulse": 0,
  "header": "",
  "markers": [
   "This plugin panel is not available",
   "1676 target",
   "not available"
  ],
  "main": "This plugin panel is not available. The plugin may still be loading, or it has been disabled or removed."
 },
 {
  "t": 7848,
  "pulse": 0,
  "header": "",
  "markers": [
   "This plugin panel is not available",
   "1676 target",
   "Automations",
   "not available"
  ],
  "main": "This plugin panel is not available. The plugin may still be loading, or it has been disabled or removed."
 },
 {
  "t": 7989,
  "pulse": 39,
  "header": "Tasks",
  "markers": [
   "1676 target",
   "Tasks",
   "Automations"
  ],
  "main": "Tasks All tasks Active Manage All tasks New task Status Priority Sort"
 }
]
/home/sawyer/.dev-browser/tmp/1676-plugin-route-at6000.png (page time 6038 ms)
/home/sawyer/.dev-browser/tmp/1676-plugin-route-at16000.png (page time 16036 ms)
