probe installed at 61.29999998211861 ms; root children: 0
[
 {
  "t": 70,
  "pulse": 0,
  "header": "",
  "markers": [],
  "main": ""
 },
 {
  "t": 1046,
  "pulse": 4,
  "header": "",
  "markers": [],
  "main": ""
 },
 {
  "t": 1183,
  "pulse": 0,
  "header": "",
  "markers": [
   "1676 target"
  ],
  "main": ""
 },
 {
  "t": 2425,
  "pulse": 0,
  "header": "",
  "markers": [
   "This plugin panel is not available",
   "1676 target",
   "not available"
  ],
  "main": "This plugin panel is not available. The plugin may still be loading, or it has been disabled or removed."
 },
 {
  "t": 2622,
  "pulse": 29,
  "header": "Tasks",
  "markers": [
   "1676 target",
   "Tasks"
  ],
  "main": "Tasks All tasks 1 Active Projects QA 1 New project Manage All tasks New task Status Priority Sort"
 },
 {
  "t": 2768,
  "pulse": 29,
  "header": "Tasks",
  "markers": [
   "1676 target",
   "Tasks",
   "Automations"
  ],
  "main": "Tasks All tasks 1 Active Projects QA 1 New project Manage All tasks New task Status Priority Sort"
 },
 {
  "t": 2869,
  "pulse": 0,
  "header": "Tasks",
  "markers": [
   "1676 target",
   "Tasks",
   "Automations"
  ],
  "main": "Tasks All tasks 1 Active 0 Projects QA 1 New project Agent presets No presets yet. New preset Manage All tasks New task "
 }
]

