probe installed at 65 ms; root children: 0
[
 {
  "t": 74,
  "pulse": 0,
  "header": "",
  "markers": [],
  "main": ""
 },
 {
  "t": 867,
  "pulse": 4,
  "header": "",
  "markers": [],
  "main": ""
 },
 {
  "t": 933,
  "pulse": 0,
  "header": "",
  "markers": [
   "1676 target"
  ],
  "main": ""
 },
 {
  "t": 1663,
  "pulse": 0,
  "header": "",
  "markers": [
   "This plugin panel is not available",
   "1676 target",
   "not available"
  ],
  "main": "Thi  plugin panel i  not available. The plugin may  till be loading, or it ha  been di abled or removed."
 },
 {
  "t": 1716,
  "pulse": 0,
  "header": "",
  "markers": [
   "This plugin panel is not available",
   "1676 target",
   "Automations",
   "not available"
  ],
  "main": "Thi  plugin panel i  not available. The plugin may  till be loading, or it ha  been di abled or removed."
 },
 {
  "t": 1904,
  "pulse": 39,
  "header": "Ta k ",
  "markers": [
   "1676 target",
   "Tasks",
   "Automations"
  ],
  "main": "Ta k \n\nAll ta k \nActive\nManage\nAll ta k \nNew ta k\nStatu \nPriority\nSort"
 },
 {
  "t": 1935,
  "pulse": 0,
  "header": "Ta k ",
  "markers": [
   "No projects yet",
   "1676 target",
   "Tasks",
   "Automations"
  ],
  "main": "Ta k \n\nAll ta k \n0\nActive\n0\nAgent pre et \nNo pre et  yet.\nNew pre et\nManage\nAll ta k \nNew ta k\n\nNo project  yet\n\nCreate "
 }
]
/home/sawyer/.dev-browser/tmp/1676-tasks-burst0.png
/home/sawyer/.dev-browser/tmp/1676-tasks-burst1.png
/home/sawyer/.dev-browser/tmp/1676-tasks-burst2.png
/home/sawyer/.dev-browser/tmp/1676-tasks-burst3.png
/home/sawyer/.dev-browser/tmp/1676-tasks-burst4.png
/home/sawyer/.dev-browser/tmp/1676-tasks-burst5.png
