probe installed at 332.7000000178814 ms; root children: 0
[
 {
  "t": 341,
  "pulse": 0,
  "header": "",
  "markers": [],
  "main": ""
 },
 {
  "t": 1044,
  "pulse": 4,
  "header": "",
  "markers": [],
  "main": ""
 },
 {
  "t": 1096,
  "pulse": 0,
  "header": "",
  "markers": [
   "1676 target"
  ],
  "main": ""
 },
 {
  "t": 1889,
  "pulse": 0,
  "header": "",
  "markers": [
   "1676 target",
   "Tasks"
  ],
  "main": ""
 },
 {
  "t": 2031,
  "pulse": 0,
  "header": "",
  "markers": [
   "1676 target",
   "Tasks",
   "Automations"
  ],
  "main": ""
 },
 {
  "t": 2226,
  "pulse": 2,
  "header": "",
  "markers": [
   "Loading models",
   "Reply only with ok",
   "1676 target",
   "Tasks",
   "Automations"
  ],
  "main": "1676 target Reply only with ok. Provisioned thread ok Working... Loading models Project: qa Environment: Local Info Diff"
 },
 {
  "t": 2497,
  "pulse": 2,
  "header": "",
  "markers": [
   "Loading models",
   "Reply only with ok",
   "1676 target",
   "Tasks",
   "Automations"
  ],
  "main": "1676 target Reply only with ok. Provisioned thread ok Working... Loading models Project: qa Environment: Local main Info"
 },
 {
  "t": 2895,
  "pulse": 0,
  "header": "",
  "markers": [
   "5.6-Sol",
   "Medium",
   "Reply only with ok",
   "1676 target",
   "Tasks",
   "Automations"
  ],
  "main": "1676 target Reply only with ok. Provisioned thread ok Working... 5.6-Sol Medium Project: qa Environment: Local main Info"
 },
 {
  "t": 7260,
  "pulse": 0,
  "header": "",
  "markers": [
   "Extra High",
   "5.6-Sol",
   "Reply only with ok",
   "1676 target",
   "Tasks",
   "Automations"
  ],
  "main": "1676 target Reply only with ok. Provisioned thread ok Working... 5.6-Sol Extra High Project: qa Environment: Local main "
 }
]
/home/sawyer/.dev-browser/tmp/1676-thread-reasoning-at4500.png (page time 4849 ms)
/home/sawyer/.dev-browser/tmp/1676-thread-reasoning-at12000.png (page time 12346 ms)
