probe installed at 81.59999999403954 ms; root children: 0
[
 {
  "t": 90,
  "pulse": 0,
  "header": "",
  "markers": [],
  "main": ""
 },
 {
  "t": 758,
  "pulse": 4,
  "header": "",
  "markers": [],
  "main": ""
 },
 {
  "t": 829,
  "pulse": 0,
  "header": "",
  "markers": [
   "1676 target"
  ],
  "main": ""
 },
 {
  "t": 1834,
  "pulse": 2,
  "header": "",
  "markers": [
   "Loading models",
   "Reply only with ok",
   "1676 target",
   "Automations"
  ],
  "main": "1676 target Reply only with ok. Provisioned thread ok Working... Loading models Project: qa Environment: Local Info Diff"
 },
 {
  "t": 2117,
  "pulse": 2,
  "header": "",
  "markers": [
   "Loading models",
   "Reply only with ok",
   "1676 target",
   "Tasks",
   "Automations"
  ],
  "main": "1676 target Reply only with ok. Provisioned thread ok Working... Loading models Project: qa Environment: Local Info Diff"
 },
 {
  "t": 2143,
  "pulse": 2,
  "header": "",
  "markers": [
   "Loading models",
   "Reply only with ok",
   "1676 target",
   "Tasks",
   "Automations"
  ],
  "main": "1676 target Reply only with ok. Provisioned thread ok Working... Loading models Project: qa Environment: Local Accept Ed"
 },
 {
  "t": 2163,
  "pulse": 2,
  "header": "",
  "markers": [
   "Loading models",
   "Reply only with ok",
   "1676 target",
   "Tasks",
   "Automations"
  ],
  "main": "1676 target Reply only with ok. Provisioned thread ok Working... Loading models Project: qa Environment: Local main Acce"
 },
 {
  "t": 2361,
  "pulse": 0,
  "header": "",
  "markers": [
   "Extra High",
   "5.6-Sol",
   "Reply only with ok",
   "1676 target",
   "Tasks",
   "Automations"
  ],
  "main": "1676 target Reply only with ok. Provisioned thread ok Working... 5.6-Sol Extra High Project: qa Environment: Local main "
 }
]
/home/sawyer/.dev-browser/tmp/1676-thread-burst0.png
/home/sawyer/.dev-browser/tmp/1676-thread-burst1.png
/home/sawyer/.dev-browser/tmp/1676-thread-burst2.png
/home/sawyer/.dev-browser/tmp/1676-thread-burst3.png
/home/sawyer/.dev-browser/tmp/1676-thread-burst4.png
/home/sawyer/.dev-browser/tmp/1676-thread-burst5.png
