probe installed at 84.59999999403954 ms; root children: 0
[
 {
  "t": 93,
  "pulse": 0,
  "header": "",
  "markers": [],
  "main": ""
 },
 {
  "t": 937,
  "pulse": 4,
  "header": "",
  "markers": [],
  "main": ""
 },
 {
  "t": 1031,
  "pulse": 0,
  "header": "",
  "markers": [
   "1676 target"
  ],
  "main": ""
 },
 {
  "t": 2249,
  "pulse": 0,
  "header": "",
  "markers": [
   "This plugin panel is not available",
   "1676 target",
   "not available"
  ],
  "main": "This plugin panel is not available. The plugin may still be loading, or it has been disabled or removed."
 },
 {
  "t": 2401,
  "pulse": 0,
  "header": "",
  "markers": [
   "This plugin panel is not available",
   "1676 target",
   "Automations",
   "not available"
  ],
  "main": "This plugin panel is not available. The plugin may still be loading, or it has been disabled or removed."
 },
 {
  "t": 2585,
  "pulse": 29,
  "header": "Tasks",
  "markers": [
   "1676 target",
   "Tasks",
   "Automations"
  ],
  "main": "Tasks All tasks 1 Active Projects QA 1 New project Manage All tasks New task Status Priority Sort"
 },
 {
  "t": 2670,
  "pulse": 0,
  "header": "Tasks",
  "markers": [
   "1676 target",
   "Tasks",
   "Automations"
  ],
  "main": "Tasks All tasks 1 Active 0 Projects QA 1 New project Agent presets No presets yet. New preset Manage All tasks New task "
 }
]

