ALL (settled): Tasks All tasks 1 Active 0 Projects QA 1 New project Agent presets No presets yet. New preset Manage All tasks New task Status Priority Sort 1 task Backlog 1 QA
ACTIVE (settled): Tasks All tasks 1 Active 0 Projects QA 1 New project Agent presets No presets yet. New preset Manage Active agents working now New task Status Priority Sort 0 t
/home/sawyer/.dev-browser/tmp/1676-tasks-all-after-active-early.png
/home/sawyer/.dev-browser/tmp/1676-tasks-all-after-active-settled.png
[
 {
  "t": 8,
  "s": "Tasks All tasks 1 Active 0 Projects QA 1 New project Agent presets No presets yet. New preset Manage Active agents working now New task Status Priority Sort 0 t"
 },
 {
  "t": 5108,
  "s": "Tasks All tasks 1 Active 0 Projects QA 1 New project Agent presets No presets yet. New preset Manage All tasks New task Status Priority Sort 0 tasks"
 },
 {
  "t": 5121,
  "s": "Tasks All tasks 1 Active 0 Projects QA 1 New project Agent presets No presets yet. New preset Manage All tasks New task Status Priority Sort 1 task"
 },
 {
  "t": 5141,
  "s": "Tasks All tasks 1 Active 0 Projects QA 1 New project Agent presets No presets yet. New preset Manage All tasks New task Status Priority Sort 1 task Backlog 1 QA"
 }
]
