• turbo 2.8.3
• Packages in scope: bb-plugin-tasks
• Running test in 1 packages
• Remote caching disabled
@bb/templates:generate:templates: cache miss, executing ace39d1f210e6412
@bb/plugin-build:generate: cache miss, executing 3b00a3fee47bb7aa
@bb/templates:generate:plugin-scaffold: cache miss, executing 027590ead5272aac
//:ensure-native-modules: cache bypass, force executing ff770c9b265d788e
@bb/plugin-build:generate: 
@bb/plugin-build:generate: > @bb/plugin-build@0.0.1 generate <scratch>/base/packages/plugin-build
@bb/plugin-build:generate: > node ./scripts/generate-plugin-theme.mjs && node ./scripts/generate-runtime-export-manifest.mjs
@bb/plugin-build:generate: 
@bb/templates:generate:plugin-scaffold: 
@bb/templates:generate:plugin-scaffold: > @bb/templates@0.0.1 generate:plugin-scaffold <scratch>/base/packages/templates
@bb/templates:generate:plugin-scaffold: > node ./scripts/generate-plugin-scaffold.mjs
@bb/templates:generate:plugin-scaffold: 
@bb/templates:generate:templates: 
@bb/templates:generate:templates: > @bb/templates@0.0.1 generate:templates <scratch>/base/packages/templates
@bb/templates:generate:templates: > node ./scripts/generate-templates.mjs
@bb/templates:generate:templates: 
//:ensure-native-modules: 
//:ensure-native-modules: > bb@ ensure-native-modules <scratch>/base
//:ensure-native-modules: > node scripts/ensure-native-modules.mjs
//:ensure-native-modules: 
@bb/plugin-build:generate: plugin-theme.generated.ts up to date
@bb/plugin-build:generate: wrote <scratch>/base/packages/plugin-build/src/generated/runtime-export-manifest.generated.ts (react@19.2.4)
bb-plugin-tasks:test: cache miss, executing 5b870efe1511ccc2
bb-plugin-tasks:test: 
bb-plugin-tasks:test: > bb-plugin-tasks@0.1.2 test <scratch>/base/plugins/tasks
bb-plugin-tasks:test: > vitest run --config vitest.config.ts "views/manage/manage.test.tsx"
bb-plugin-tasks:test: 
bb-plugin-tasks:test: 
bb-plugin-tasks:test:  RUN  v4.1.1 <scratch>/base/plugins/tasks
bb-plugin-tasks:test: 
bb-plugin-tasks:test:  ✓ |bb-plugin-tasks:isolated| views/manage/manage.test.tsx (31 tests) 2398ms
bb-plugin-tasks:test: 
bb-plugin-tasks:test:  Test Files  1 passed (1)
bb-plugin-tasks:test:       Tests  31 passed (31)
bb-plugin-tasks:test:    Start at  20:53:06
bb-plugin-tasks:test:    Duration  3.47s (transform 359ms, setup 74ms, import 584ms, tests 2.40s, environment 336ms)
bb-plugin-tasks:test: 

 Tasks:    5 successful, 5 total
Cached:    0 cached, 5 total
  Time:    4.737s 

