• turbo 2.8.3
• Packages in scope: bb-plugin-tasks
• Running test in 1 packages
• Remote caching disabled
@bb/templates:generate:plugin-scaffold: cache miss, executing d58244ed3e448273
@bb/templates:generate:templates: cache miss, executing ffcfbc1115bb9829
@bb/plugin-build:generate: cache miss, executing dfad8d1fc42e6722
//:ensure-native-modules: cache bypass, force executing 02498f2b536014b5
@bb/plugin-build:generate: 
@bb/plugin-build:generate: > @bb/plugin-build@0.0.1 generate <scratch>/base/packages/plugin-build
@bb/plugin-build:generate: > node ./scripts/generate-plugin-theme.mjs && node ./scripts/generate-runtime-export-manifest.mjs
@bb/plugin-build:generate: 
@bb/templates:generate:templates: 
@bb/templates:generate:templates: > @bb/templates@0.0.1 generate:templates <scratch>/base/packages/templates
@bb/templates:generate:templates: > node ./scripts/generate-templates.mjs
@bb/templates:generate:templates: 
//:ensure-native-modules: 
//:ensure-native-modules: > bb@ ensure-native-modules <scratch>/base
//:ensure-native-modules: > node scripts/ensure-native-modules.mjs
//:ensure-native-modules: 
@bb/plugin-build:generate: plugin-theme.generated.ts up to date
@bb/templates:generate:plugin-scaffold: 
@bb/templates:generate:plugin-scaffold: > @bb/templates@0.0.1 generate:plugin-scaffold <scratch>/base/packages/templates
@bb/templates:generate:plugin-scaffold: > node ./scripts/generate-plugin-scaffold.mjs
@bb/templates:generate:plugin-scaffold: 
@bb/plugin-build:generate: wrote <scratch>/base/packages/plugin-build/src/generated/runtime-export-manifest.generated.ts (react@19.2.4)
bb-plugin-tasks:test: cache miss, executing 86e80640c46e7936
bb-plugin-tasks:test: 
bb-plugin-tasks:test: > bb-plugin-tasks@0.1.2 test <scratch>/base/plugins/tasks
bb-plugin-tasks:test: > vitest run --config vitest.config.ts "views/manage/manage.test.tsx" "-t" "submits exactly once"
bb-plugin-tasks:test: 
bb-plugin-tasks:test: 
bb-plugin-tasks:test:  RUN  v4.1.1 <scratch>/base/plugins/tasks
bb-plugin-tasks:test: 
bb-plugin-tasks:test:  ❯ |bb-plugin-tasks:isolated| views/manage/manage.test.tsx (31 tests | 2 failed | 27 skipped) 3481ms
bb-plugin-tasks:test:      ↓ suggests initials for multi-word names and letters otherwise
bb-plugin-tasks:test:      × submits exactly once for 'Ctrl+Enter in title' 2157ms
bb-plugin-tasks:test:      × submits exactly once for 'Meta+Enter in title' 517ms
bb-plugin-tasks:test:      ✓ submits exactly once for 'Enter in title'  447ms
bb-plugin-tasks:test:      ✓ submits exactly once for 'Ctrl+Enter in due date'  358ms
bb-plugin-tasks:test:      ↓ creates a task in the route's project with column defaults and navigates to it
bb-plugin-tasks:test:      ↓ keeps the dialog open and clears the draft when Create more is on
bb-plugin-tasks:test:      ↓ surfaces domain errors returned by createTask
bb-plugin-tasks:test:      ↓ offers a compact create-label action when the query matches no label
bb-plugin-tasks:test:      ↓ uploads staged files to the created task and navigates on success
bb-plugin-tasks:test:      ↓ recovers from a failed upload with a retryable chip bound to the created task
bb-plugin-tasks:test:      ↓ blocks creation while an oversized file is staged, until it is removed
bb-plugin-tasks:test:      ↓ freezes the attachment tray while create and uploads are in flight
bb-plugin-tasks:test:      ↓ blocks accidental dismissal during recovery until skipped explicitly
bb-plugin-tasks:test:      ↓ runs retry single-flight so double activation uploads exactly once
bb-plugin-tasks:test:      ↓ summarizes worktree presets and falls back to defaults and raw ids
bb-plugin-tasks:test:      ↓ sends trimmed worktree targets on create
bb-plugin-tasks:test:      ↓ nulls stale targets when the kind is project-default
bb-plugin-tasks:test:      ↓ maps empty worktree targets to nulls (defaults)
bb-plugin-tasks:test:      ↓ shows the environment column and hydrates a worktree preset
bb-plugin-tasks:test:      ↓ hides worktree fields for project-default presets
bb-plugin-tasks:test:      ↓ saves the host picker's provider, model, reasoning, and tier together
bb-plugin-tasks:test:      ↓ deletes a folder after naming what the delete unfiles
bb-plugin-tasks:test:      ↓ withholds the delete impact until the project list has loaded
bb-plugin-tasks:test:      ↓ reports a failed project load instead of an empty folder
bb-plugin-tasks:test:      ↓ blocks deleting on stale rows after a refresh fails
bb-plugin-tasks:test:      ↓ surfaces a failed delete instead of silently closing
bb-plugin-tasks:test:      ↓ treats deleted: false as a conflict and refetches
bb-plugin-tasks:test:      ↓ derives the prefix from the name and creates the project
bb-plugin-tasks:test:      ↓ flags malformed prefixes before submit
bb-plugin-tasks:test:      ↓ links the personal project from the discovered project picker
bb-plugin-tasks:test: 
bb-plugin-tasks:test: ⎯⎯⎯⎯⎯⎯⎯ Failed Tests 2 ⎯⎯⎯⎯⎯⎯⎯
bb-plugin-tasks:test: 
bb-plugin-tasks:test:  FAIL  |bb-plugin-tasks:isolated| views/manage/manage.test.tsx > NewTaskDialog > submits exactly once for 'Ctrl+Enter in title'
bb-plugin-tasks:test:  FAIL  |bb-plugin-tasks:isolated| views/manage/manage.test.tsx > NewTaskDialog > submits exactly once for 'Meta+Enter in title'
bb-plugin-tasks:test: AssertionError: expected [ { …(8) }, { …(8) } ] to have a length of 1 but got 2
bb-plugin-tasks:test: 
bb-plugin-tasks:test: - Expected
bb-plugin-tasks:test: + Received
bb-plugin-tasks:test: 
bb-plugin-tasks:test: - 1
bb-plugin-tasks:test: + 2
bb-plugin-tasks:test: 
bb-plugin-tasks:test:  ❯ views/manage/manage.test.tsx:118:25
bb-plugin-tasks:test:     116|     });
bb-plugin-tasks:test:     117|     await waitFor(() => expect(slot.navigateCalls).not.toHaveLength(0)…
bb-plugin-tasks:test:     118|     expect(createCalls).toHaveLength(1);
bb-plugin-tasks:test:        |                         ^
bb-plugin-tasks:test:     119|     expect(createCalls[0]).toMatchObject({ title: "Keyboard submission…
bb-plugin-tasks:test:     120|   });
bb-plugin-tasks:test: 
bb-plugin-tasks:test: ⎯⎯⎯⎯⎯⎯⎯⎯⎯⎯⎯⎯⎯⎯⎯⎯⎯⎯⎯⎯⎯⎯⎯⎯[1/2]⎯
bb-plugin-tasks:test: 
bb-plugin-tasks:test: 
bb-plugin-tasks:test:  Test Files  1 failed (1)
bb-plugin-tasks:test:       Tests  2 failed | 2 passed | 27 skipped (31)
bb-plugin-tasks:test:    Start at  20:51:20
bb-plugin-tasks:test:    Duration  11.84s (transform 3.00s, setup 335ms, import 4.84s, tests 3.48s, environment 2.77s)
bb-plugin-tasks:test: 
bb-plugin-tasks:test:  ELIFECYCLE  Test failed. See above for more details.
bb-plugin-tasks:test: ERROR: command finished with error: command (<scratch>/base/plugins/tasks) <scratch>/bin/pnpm run test views/manage/manage.test.tsx -t submits exactly once exited (1)
bb-plugin-tasks#test: command (<scratch>/base/plugins/tasks) <scratch>/bin/pnpm run test views/manage/manage.test.tsx -t submits exactly once exited (1)

 Tasks:    4 successful, 5 total
Cached:    0 cached, 5 total
  Time:    16.631s 
Failed:    bb-plugin-tasks#test

 ERROR  run failed: command  exited (1)
