• turbo 2.8.3
• Packages in scope: bb-plugin-tasks
• Running build in 1 packages
• Remote caching disabled
@get-bb/plugin-sdk:build:types: cache miss, executing 16534ba9cd5387f1
@bb/templates:generate:templates: cache hit, replaying logs faf5178646d6a21e
@bb/templates:generate:templates: 
@bb/templates:generate:templates: > @bb/templates@0.0.1 generate:templates <scratch>/verify/packages/templates
@bb/templates:generate:templates: > node ./scripts/generate-templates.mjs
@bb/templates:generate:templates: 
@bb/plugin-build:generate: cache hit, replaying logs 1ed10c6d60e65cc0
@bb/plugin-build:generate: 
@bb/plugin-build:generate: > @bb/plugin-build@0.0.1 generate <scratch>/verify/packages/plugin-build
@bb/plugin-build:generate: > node ./scripts/generate-plugin-theme.mjs && node ./scripts/generate-runtime-export-manifest.mjs
@bb/plugin-build:generate: 
@bb/plugin-build:generate: wrote packages/plugin-build/src/generated/plugin-theme.generated.ts
@bb/plugin-build:generate: wrote <scratch>/verify/packages/plugin-build/src/generated/runtime-export-manifest.generated.ts (react@19.2.4)
@bb/templates:generate:plugin-scaffold: cache hit, replaying logs 5325a4f9af46630a
@bb/templates:generate:plugin-scaffold: 
@bb/templates:generate:plugin-scaffold: > @bb/templates@0.0.1 generate:plugin-scaffold <scratch>/verify/packages/templates
@bb/templates:generate:plugin-scaffold: > node ./scripts/generate-plugin-scaffold.mjs
@bb/templates:generate:plugin-scaffold: 
@get-bb/plugin-sdk:build:types: 
@get-bb/plugin-sdk:build:types: > @get-bb/plugin-sdk@0.4.52 build:types <scratch>/verify/packages/plugin-sdk
@get-bb/plugin-sdk:build:types: > node scripts/build-bundled-dts.mjs
@get-bb/plugin-sdk:build:types: 
@get-bb/plugin-sdk:build:types: Wrote bundled-types/bb-plugin-sdk.d.ts
@get-bb/plugin-sdk:build:types: Wrote bundled-types/bb-plugin-sdk-app.d.ts
@get-bb/plugin-sdk:build:types: Wrote bundled-types/bb-plugin-sdk-provider-bridge.d.ts
@get-bb/plugin-sdk:build:types: Wrote bundled-types/bb-plugin-sdk-ai-services.d.ts
@get-bb/plugin-sdk:build:types: Wrote bundled-types/bb-plugin-sdk-provider-bridge-testing.d.ts
@get-bb/plugin-sdk:build:types: Wrote bundled-types/bb-plugin-sdk-provider-bridge-acp.d.ts
@get-bb/plugin-sdk:build:types: Wrote bundled-types/bb-plugin-sdk-host.d.ts
@get-bb/plugin-sdk:build:types: Wrote bundled-types/bb-plugin-sdk-environment-provider.d.ts
@get-bb/plugin-sdk:build:types: Wrote bundled-types/bb-plugin-sdk-internal-composer-customization-validation.d.ts
@get-bb/plugin-sdk:build:types: Wrote bundled-types/bb-plugin-sdk-internal-composer-view.d.ts
@get-bb/plugin-sdk:build:types: Wrote bundled-types/bb-plugin-sdk-internal-file-navigation-validation.d.ts
@get-bb/plugin-sdk:build:types: Wrote bundled-types/bb-plugin-sdk-internal-host-policy.d.ts
@get-bb/plugin-sdk:build:types: Wrote bundled-types/bb-plugin-sdk-internal-plugin-app-collector.d.ts
@get-bb/plugin-sdk:build:types: Wrote bundled-types/bb-plugin-sdk-testing.d.ts
@get-bb/plugin-sdk:build:types: Wrote bundled-types/bb-plugin-sdk-testing-app.d.ts
@get-bb/plugin-sdk:build:types: Wrote bundled-types/bb-plugin-sdk-testing-host.d.ts
@get-bb/plugin-sdk:build: cache miss, executing 7c758a3320f9200b
@get-bb/plugin-sdk:build: 
@get-bb/plugin-sdk:build: > @get-bb/plugin-sdk@0.4.52 build <scratch>/verify/packages/plugin-sdk
@get-bb/plugin-sdk:build: > node scripts/build-runtime.mjs
@get-bb/plugin-sdk:build: 
@get-bb/plugin-sdk:build: Built 18 @get-bb/plugin-sdk runtime entries.
bb-plugin-tasks:build: cache miss, executing 9631ee235d460973
bb-plugin-tasks:build: 
bb-plugin-tasks:build: > bb-plugin-tasks@0.1.2 build <scratch>/verify/plugins/tasks
bb-plugin-tasks:build: > node --conditions=source --import tsx ../../scripts/build-official-plugins.mjs tasks
bb-plugin-tasks:build: 
bb-plugin-tasks:build: tasks: built <scratch>/verify/plugins/tasks/dist/server.js, <scratch>/verify/plugins/tasks/dist/server.meta.json, <scratch>/verify/plugins/tasks/dist/app.js, <scratch>/verify/plugins/tasks/dist/app.css, <scratch>/verify/plugins/tasks/dist/app.meta.json

 Tasks:    6 successful, 6 total
Cached:    3 cached, 6 total
  Time:    50.93s 

