• turbo 2.10.12

   • Packages in scope: @bb/agent-runtime
   • Running test in 1 packages
   • Remote caching disabled, using shared worktree cache

//:ensure-native-modules: cache bypass, force executing 815806011a82a2c7
@bb/templates:generate:templates: cache hit, replaying logs f7f0dfdd7c4834ed
@bb/plugin-build:generate: cache hit, replaying logs 342d7c1fefe4e55a
@bb/templates:generate:plugin-scaffold: cache hit, replaying logs 1d2008b0946282b7
@bb/plugin-build:generate: 
@bb/plugin-build:generate: > @bb/plugin-build@0.0.1 generate <checkout>/packages/plugin-build
@bb/templates:generate:templates: 
@bb/templates:generate:templates: > @bb/templates@0.0.1 generate:templates <checkout>/packages/templates
@bb/templates:generate:plugin-scaffold: 
@bb/templates:generate:templates: > node ./scripts/generate-templates.mjs
@bb/templates:generate:templates: 
@bb/plugin-build:generate: > node ./scripts/generate-plugin-theme.mjs && node ./scripts/generate-runtime-export-manifest.mjs
@bb/plugin-build:generate: 
@bb/templates:generate:plugin-scaffold: > @bb/templates@0.0.1 generate:plugin-scaffold <checkout>/packages/templates
@bb/templates:generate:plugin-scaffold: > node ./scripts/generate-plugin-scaffold.mjs
@bb/plugin-build:generate: plugin-theme.generated.ts up to date
@bb/plugin-build:generate: wrote <checkout>/packages/plugin-build/src/generated/runtime-export-manifest.generated.ts (react@19.2.4)
@bb/templates:generate:plugin-scaffold: 
@bb/agent-runtime:generate:test-bridges: cache miss, executing 0fb0b03b91f284a6
@bb/agent-runtime:generate:test-bridges: 
@bb/agent-runtime:generate:test-bridges: > @bb/agent-runtime@0.0.1 generate:test-bridges <checkout>/packages/agent-runtime
@bb/agent-runtime:generate:test-bridges: > node ./scripts/build-test-bridges.mjs
@bb/agent-runtime:generate:test-bridges: 
//:ensure-native-modules: 
//:ensure-native-modules: > bb@ ensure-native-modules <checkout>
//:ensure-native-modules: > node scripts/ensure-native-modules.mjs
//:ensure-native-modules: 
@bb/agent-runtime:test: cache miss, executing 54d4edced63b4f7c
@bb/agent-runtime:test: 
@bb/agent-runtime:test: > @bb/agent-runtime@0.0.1 test <checkout>/packages/agent-runtime
@bb/agent-runtime:test: > vitest run --config vitest.config.ts "src/runtime.turn-start-watchdog.test.ts"
@bb/agent-runtime:test: 
@bb/agent-runtime:test: 
@bb/agent-runtime:test:  RUN  v4.1.1 <checkout>/packages/agent-runtime
@bb/agent-runtime:test: 
@bb/agent-runtime:test:  ❯ |@bb/agent-runtime| src/runtime.turn-start-watchdog.test.ts (2 tests | 1 failed) 671ms
@bb/agent-runtime:test:      × surfaces a visible error when an accepted turn never starts 338ms
@bb/agent-runtime:test:      ✓ stays silent when the turn starts within the threshold  332ms
@bb/agent-runtime:test: 
@bb/agent-runtime:test: ⎯⎯⎯⎯⎯⎯⎯ Failed Tests 1 ⎯⎯⎯⎯⎯⎯⎯
@bb/agent-runtime:test: 
@bb/agent-runtime:test:  FAIL  |@bb/agent-runtime| src/runtime.turn-start-watchdog.test.ts > turn-start watchdog > surfaces a visible error when an accepted turn never starts
@bb/agent-runtime:test: AssertionError: watchdog must resolve the accepted turn with a terminal event: expected false to be true // Object.is equality
@bb/agent-runtime:test: 
@bb/agent-runtime:test: - Expected
@bb/agent-runtime:test: + Received
@bb/agent-runtime:test: 
@bb/agent-runtime:test: - true
@bb/agent-runtime:test: + false
@bb/agent-runtime:test: 
@bb/agent-runtime:test:  ❯ src/runtime.turn-start-watchdog.test.ts:103:7
@bb/agent-runtime:test:     101|       ),
@bb/agent-runtime:test:     102|       "watchdog must resolve the accepted turn with a terminal event",
@bb/agent-runtime:test:     103|     ).toBe(true);
@bb/agent-runtime:test:        |       ^
@bb/agent-runtime:test:     104|   });
@bb/agent-runtime:test:     105|
@bb/agent-runtime:test: 
@bb/agent-runtime:test: ⎯⎯⎯⎯⎯⎯⎯⎯⎯⎯⎯⎯⎯⎯⎯⎯⎯⎯⎯⎯⎯⎯⎯⎯[1/1]⎯
@bb/agent-runtime:test: 
@bb/agent-runtime:test: 
@bb/agent-runtime:test:  Test Files  1 failed (1)
@bb/agent-runtime:test:       Tests  1 failed | 1 passed (2)
@bb/agent-runtime:test:    Start at  15:28:43
@bb/agent-runtime:test:    Duration  1.03s (transform 185ms, setup 0ms, import 300ms, tests 671ms, environment 0ms)
@bb/agent-runtime:test: 
@bb/agent-runtime:test:  ELIFECYCLE  Test failed. See above for more details.
@bb/agent-runtime#test:  ERROR  command (<checkout>/packages/agent-runtime) <tool-path> run test src/runtime.turn-start-watchdog.test.ts exited (1)

 Tasks:    5 successful, 6 total
Cached:    3 cached, 6 total
  Time:    1.644s 
Failed:    @bb/agent-runtime#test

 ERROR  run failed: command  exited (1)
