• turbo 2.8.3
• Packages in scope: bb-plugin-github
• Running test in 1 packages
• Remote caching disabled, using shared worktree cache
//:ensure-native-modules: cache bypass, force executing 76e393ff2d3c02a2
@bb/templates:generate:plugin-scaffold: cache miss, executing 84d275019e18bccd
@bb/templates:generate:templates: cache miss, executing e51cbc34fcc865ab
@bb/templates:generate:plugin-scaffold: 
@bb/templates:generate:plugin-scaffold: > @bb/templates@0.0.1 generate:plugin-scaffold /tmp/bb-report-2540-investigate-Om1YRn/packages/templates
@bb/templates:generate:plugin-scaffold: > node ./scripts/generate-plugin-scaffold.mjs
@bb/templates:generate:plugin-scaffold: 
@bb/templates:generate:templates: 
@bb/templates:generate:templates: > @bb/templates@0.0.1 generate:templates /tmp/bb-report-2540-investigate-Om1YRn/packages/templates
@bb/templates:generate:templates: > node ./scripts/generate-templates.mjs
@bb/templates:generate:templates: 
//:ensure-native-modules: 
//:ensure-native-modules: > bb@ ensure-native-modules /tmp/bb-report-2540-investigate-Om1YRn
//:ensure-native-modules: > node scripts/ensure-native-modules.mjs
//:ensure-native-modules: 
bb-plugin-github:test: cache miss, executing 6a0e25616312b052
bb-plugin-github:test: 
bb-plugin-github:test: > bb-plugin-github@0.2.1 test /tmp/bb-report-2540-investigate-Om1YRn/plugins/github
bb-plugin-github:test: > vitest run --config vitest.config.ts "--run" "issue-2540-warning-repeat.test.ts"
bb-plugin-github:test: 
bb-plugin-github:test: 
bb-plugin-github:test:  RUN  v4.1.1 /tmp/bb-report-2540-investigate-Om1YRn/plugins/github
bb-plugin-github:test: 
bb-plugin-github:test: stdout | issue-2540-warning-repeat.test.ts > does not repeat the same extraRepos warning on each discovery
bb-plugin-github:test: [
bb-plugin-github:test:   {
bb-plugin-github:test:     "level": "warn",
bb-plugin-github:test:     "message": "extraRepos entry \"ACME/*\" is not an owner/repo name and tracks nothing. List each repository explicitly, for example \"owner/repo\"."
bb-plugin-github:test:   },
bb-plugin-github:test:   {
bb-plugin-github:test:     "level": "warn",
bb-plugin-github:test:     "message": "extraRepos entry \"ACME/*\" is not an owner/repo name and tracks nothing. List each repository explicitly, for example \"owner/repo\"."
bb-plugin-github:test:   }
bb-plugin-github:test: ]
bb-plugin-github:test: 
bb-plugin-github:test:  ❯ |bb-plugin-github| issue-2540-warning-repeat.test.ts (1 test | 1 failed) 419ms
bb-plugin-github:test:    × does not repeat the same extraRepos warning on each discovery 419ms
bb-plugin-github:test: 
bb-plugin-github:test: ⎯⎯⎯⎯⎯⎯⎯ Failed Tests 1 ⎯⎯⎯⎯⎯⎯⎯
bb-plugin-github:test: 
bb-plugin-github:test:  FAIL  |bb-plugin-github| issue-2540-warning-repeat.test.ts > does not repeat the same extraRepos warning on each discovery
bb-plugin-github:test: AssertionError: expected [ { level: 'warn', …(1) }, …(1) ] to have a length of 1 but got 2
bb-plugin-github:test: 
bb-plugin-github:test: - Expected
bb-plugin-github:test: + Received
bb-plugin-github:test: 
bb-plugin-github:test: - 1
bb-plugin-github:test: + 2
bb-plugin-github:test: 
bb-plugin-github:test:  ❯ issue-2540-warning-repeat.test.ts:20:20
bb-plugin-github:test:      18|   );
bb-plugin-github:test:      19|   console.info(JSON.stringify(warnings, null, 2));
bb-plugin-github:test:      20|   expect(warnings).toHaveLength(1);
bb-plugin-github:test:        |                    ^
bb-plugin-github:test:      21| });
bb-plugin-github:test:      22|
bb-plugin-github:test: 
bb-plugin-github:test: ⎯⎯⎯⎯⎯⎯⎯⎯⎯⎯⎯⎯⎯⎯⎯⎯⎯⎯⎯⎯⎯⎯⎯⎯[1/1]⎯
bb-plugin-github:test: 
bb-plugin-github:test: 
bb-plugin-github:test:  Test Files  1 failed (1)
bb-plugin-github:test:       Tests  1 failed (1)
bb-plugin-github:test:    Start at  17:22:16
bb-plugin-github:test:    Duration  1.08s (transform 349ms, setup 0ms, import 556ms, tests 419ms, environment 0ms)
bb-plugin-github:test: 
bb-plugin-github:test:  ELIFECYCLE  Test failed. See above for more details.
bb-plugin-github:test: ERROR: command finished with error: command (/tmp/bb-report-2540-investigate-Om1YRn/plugins/github) /home/sawyer/.local/share/pnpm/store/v11/links/@pnpm/exe/9.15.0/0cb0bed5359cd168a914de4ae70b4e04bc16c903df0764391acdba407e24b0c2/bin/pnpm run test --run issue-2540-warning-repeat.test.ts exited (1)
bb-plugin-github#test: command (/tmp/bb-report-2540-investigate-Om1YRn/plugins/github) /home/sawyer/.local/share/pnpm/store/v11/links/@pnpm/exe/9.15.0/0cb0bed5359cd168a914de4ae70b4e04bc16c903df0764391acdba407e24b0c2/bin/pnpm run test --run issue-2540-warning-repeat.test.ts exited (1)

 Tasks:    3 successful, 4 total
Cached:    0 cached, 4 total
  Time:    2.185s 
Failed:    bb-plugin-github#test

 ERROR  run failed: command  exited (1)
