• turbo 2.8.3
• Packages in scope: bb-plugin-github
• Running build in 1 packages
• Remote caching disabled, using shared worktree cache
@bb/templates:generate:templates: cache hit, replaying logs e0588148a9ac9c5b
@bb/templates:generate:templates: 
@bb/templates:generate:templates: > @bb/templates@0.0.1 generate:templates /tmp/bb-report-2546-investigate-sfpuIF/packages/templates
@bb/templates:generate:templates: > node ./scripts/generate-templates.mjs
@bb/templates:generate:templates: 
@bb/templates:generate:plugin-scaffold: cache hit, replaying logs 98e909477d5a744b
@bb/templates:generate:plugin-scaffold: 
@bb/templates:generate:plugin-scaffold: > @bb/templates@0.0.1 generate:plugin-scaffold /tmp/bb-report-2546-investigate-sfpuIF/packages/templates
@bb/templates:generate:plugin-scaffold: > node ./scripts/generate-plugin-scaffold.mjs
@bb/templates:generate:plugin-scaffold: 
bb-plugin-github:build: cache miss, executing 2cd57046e6b079e1
bb-plugin-github:build: 
bb-plugin-github:build: > bb-plugin-github@0.2.1 build /tmp/bb-report-2540-revise-Uv2DhB/plugins/github
bb-plugin-github:build: > node --conditions=source --import tsx ../../scripts/build-official-plugins.mjs github
bb-plugin-github:build: 
bb-plugin-github:build: github: built /tmp/bb-report-2540-revise-Uv2DhB/plugins/github/dist/server.js, /tmp/bb-report-2540-revise-Uv2DhB/plugins/github/dist/server.meta.json, /tmp/bb-report-2540-revise-Uv2DhB/plugins/github/dist/app.js, /tmp/bb-report-2540-revise-Uv2DhB/plugins/github/dist/app.css, /tmp/bb-report-2540-revise-Uv2DhB/plugins/github/dist/app.meta.json

 Tasks:    3 successful, 3 total
Cached:    2 cached, 3 total
  Time:    852ms 

