== workspace-checkout-display-2ZaYoVXJ.js: imported by
   SplitWorkspaceRoute-BtH4wpTK.js
   ToolsView-CCgxFyOF.js
   bb-logo-Ck3K005c.js
   index-BrddeseY.js
   plugin-frontend-h5V6qVZW.js
== worker-portable-DaFcwpf8.js: imported by
   SplitWorkspaceRoute-BtH4wpTK.js

== lookbehind literals in non-grammar chunks:
   chunk-O5CBEL6O-gVgZD9-q.js @12205: …)]|\((?:\\[\s\S]|[^\\\(\)])*\))*\)/).replace(`precode-`,ye?"(?<!`)()":"(^^|[^`])").replace(`code`,/(?<b>`+)[^`]+\k<b>(?!…
worker-portable-DaFcwpf8.js @735110 "ken:Ba(`atomic`,n)};if(n===`(?=`||n===`(?!`||n===`(?<=`||n===`(?<!`)return{token:Ba(n[2]===`<`?`lookbehind`:`l"
worker-portable-DaFcwpf8.js @735122 "ic`,n)};if(n===`(?=`||n===`(?!`||n===`(?<=`||n===`(?<!`)return{token:Ba(n[2]===`<`?`lookbehind`:`lookahead`,n,"
worker-portable-DaFcwpf8.js @768221 "bo(10)]})]}),t));else if(c===`line_start`)o(q(G(V`(?<=\\A|\\n(?!\\z))`,{skipLookbehindValidation:!0}),t));else if"
worker-portable-DaFcwpf8.js @768665 "else if(c===`word_boundary`){if(!p&&!u){let e=`(?:(?<=${U})(?!${U})|(?<!${U})(?=${U}))`,n=`(?:(?<=${U})(?=${U}"
worker-portable-DaFcwpf8.js @768683 "boundary`){if(!p&&!u){let e=`(?:(?<=${U})(?!${U})|(?<!${U})(?=${U}))`,n=`(?:(?<=${U})(?=${U})|(?<!${U})(?!${U}"
worker-portable-DaFcwpf8.js @768709 "e=`(?:(?<=${U})(?!${U})|(?<!${U})(?=${U}))`,n=`(?:(?<=${U})(?=${U})|(?<!${U})(?!${U}))`;o(q(G(l?n:e),t))}}else"
worker-portable-DaFcwpf8.js @768727 "${U})|(?<!${U})(?=${U}))`,n=`(?:(?<=${U})(?=${U})|(?<!${U})(?!${U}))`;o(q(G(l?n:e),t))}}else throw Error(`Unex"
worker-portable-DaFcwpf8.js @795246 "c),(()=>{try{return!1}catch{return!1}})();let Qc=/(?<=\\n)/,$c={dark:`pierre-dark`,light:`pierre-light`};Object"
workspace-checkout-display-2ZaYoVXJ.js @12093 "(?:,(\\d+))? \\+(\\d+)(?:,(\\d+))? @@(?: (.*))?/m,ja=/(?<=\\n)/,Ma=/^(---|\\+\\+\\+)\\s+([^\\t\\r\\n]+)/,Na=/^(---|\\+\\+\\+)"
workspace-checkout-display-2ZaYoVXJ.js @203733 "ken:qu(`atomic`,n)};if(n===`(?=`||n===`(?!`||n===`(?<=`||n===`(?<!`)return{token:qu(n[2]===`<`?`lookbehind`:`l"
workspace-checkout-display-2ZaYoVXJ.js @203745 "ic`,n)};if(n===`(?=`||n===`(?!`||n===`(?<=`||n===`(?<!`)return{token:qu(n[2]===`<`?`lookbehind`:`lookahead`,n,"
workspace-checkout-display-2ZaYoVXJ.js @237049 "10)]})]}),t));else if(c===`line_start`)o(Nf(Af(Vd`(?<=\\A|\\n(?!\\z))`,{skipLookbehindValidation:!0}),t));else if"
workspace-checkout-display-2ZaYoVXJ.js @237500 "else if(c===`word_boundary`){if(!p&&!u){let e=`(?:(?<=${Qd})(?!${Qd})|(?<!${Qd})(?=${Qd}))`,n=`(?:(?<=${Qd})(?"
workspace-checkout-display-2ZaYoVXJ.js @237520 "undary`){if(!p&&!u){let e=`(?:(?<=${Qd})(?!${Qd})|(?<!${Qd})(?=${Qd}))`,n=`(?:(?<=${Qd})(?=${Qd})|(?<!${Qd})(?"
workspace-checkout-display-2ZaYoVXJ.js @237548 "?:(?<=${Qd})(?!${Qd})|(?<!${Qd})(?=${Qd}))`,n=`(?:(?<=${Qd})(?=${Qd})|(?<!${Qd})(?!${Qd}))`;o(Nf(Af(l?n:e),t))"
workspace-checkout-display-2ZaYoVXJ.js @237568 ")|(?<!${Qd})(?=${Qd}))`,n=`(?:(?<=${Qd})(?=${Qd})|(?<!${Qd})(?!${Qd}))`;o(Nf(Af(l?n:e),t))}}else throw Error(`"
workspace-checkout-display-2ZaYoVXJ.js @1638058 "?:\\/\\/|www(?=\\.))([-.\\w]+)([^ \\t\\r\\n]*)/gi,Pbe],[/(?<=^|\\s|\\p{P}|\\p{S})([-.\\w+]+)@([-\\w]+(?:\\.[-\\w]+)+)/gu,Fbe"
