start 2026-08-18T15:39:43+00:00
== harness: /tmp/bb-1603-wk-fresh   browsers: /tmp/bb-1603-wk-fresh/browsers
== 1. npm deps

added 4 packages in 47s
npm warn allow-scripts 1 package has install scripts not yet covered by allowScripts:
npm warn allow-scripts   playwright@1.27.1 (install: node install.js)
npm warn allow-scripts
npm warn allow-scripts Run `npm approve-scripts --allow-scripts-pending` to review, or `npm approve-scripts <pkg>` to allow.

added 2 packages in 3m
npm warn allow-scripts 1 package has install scripts not yet covered by allowScripts:
npm warn allow-scripts   playwright@1.33.0 (install: node install.js)
npm warn allow-scripts
npm warn allow-scripts Run `npm approve-scripts --allow-scripts-pending` to review, or `npm approve-scripts <pkg>` to allow.
playwright@1.27.1 webkit rev 1724
playwright@1.33.0 webkit rev 1837
== 2. download the two WebKit builds
/tmp/bb-1603-wk-fresh/browsers/webkit-1724
/tmp/bb-1603-wk-fresh/browsers/webkit-1837
== 3a. host-distro packages (newer sonames the old builds also need)
Get:1 http://us.archive.ubuntu.com/ubuntu resolute/main amd64 libabsl20260107 amd64 20260107.0-4 [588 kB]
Fetched 588 kB in 1s (615 kB/s)
Get:1 http://us.archive.ubuntu.com/ubuntu resolute/universe amd64 libavif16 amd64 1.3.0-1ubuntu4 [119 kB]
Fetched 119 kB in 0s (270 kB/s)
Get:1 http://us.archive.ubuntu.com/ubuntu resolute/universe amd64 libbacktrace0 amd64 0.1-4build1 [41.7 kB]
Fetched 41.7 kB in 1s (81.9 kB/s)
Get:1 http://us.archive.ubuntu.com/ubuntu resolute/main amd64 libcairo-script-interpreter2 amd64 1.18.4-3 [61.4 kB]
Fetched 61.4 kB in 1s (121 kB/s)
Get:1 http://us.archive.ubuntu.com/ubuntu resolute/main amd64 libegl-mesa0 amd64 26.0.3-1ubuntu1 [134 kB]
Fetched 134 kB in 0s (291 kB/s)
Get:1 http://us.archive.ubuntu.com/ubuntu resolute/main amd64 libegl1 amd64 1.7.0-3 [29.7 kB]
Fetched 29.7 kB in 0s (103 kB/s)
Get:1 http://us.archive.ubuntu.com/ubuntu resolute/main amd64 libenchant-2-2 amd64 2.8.2+dfsg1-3build1 [59.2 kB]
Fetched 59.2 kB in 1s (116 kB/s)
Get:1 http://us.archive.ubuntu.com/ubuntu resolute/main amd64 libevent-2.1-7t64 amd64 2.1.12-stable-10build2 [145 kB]
Fetched 145 kB in 0s (312 kB/s)
Get:1 http://us.archive.ubuntu.com/ubuntu resolute/universe amd64 libgav1-2 amd64 0.20.0-2build1 [402 kB]
Fetched 402 kB in 1s (567 kB/s)
Get:1 http://us.archive.ubuntu.com/ubuntu resolute/main amd64 libgles2 amd64 1.7.0-3 [17.5 kB]
Fetched 17.5 kB in 0s (68.0 kB/s)
Get:1 http://us.archive.ubuntu.com/ubuntu resolute/main amd64 libgraphene-1.0-0 amd64 1.10.8-5build1 [46.2 kB]
Fetched 46.2 kB in 0s (109 kB/s)
Get:1 http://us.archive.ubuntu.com/ubuntu resolute/main amd64 libgstreamer-gl1.0-0 amd64 1.28.2-1 [230 kB]
Fetched 230 kB in 1s (377 kB/s)
Get:1 http://us.archive.ubuntu.com/ubuntu resolute-updates/universe amd64 libgstreamer-plugins-bad1.0-0 amd64 1.28.2-1ubuntu1.1 [546 kB]
Fetched 546 kB in 1s (760 kB/s)
Get:1 http://us.archive.ubuntu.com/ubuntu resolute/main amd64 libgstreamer-plugins-base1.0-0 amd64 1.28.2-1 [921 kB]
Fetched 921 kB in 1s (1,334 kB/s)
Get:1 http://us.archive.ubuntu.com/ubuntu resolute-updates/main amd64 libgstreamer-plugins-extra1.0-0 amd64 1.28.2-1ubuntu1.1 [510 kB]
Fetched 510 kB in 1s (709 kB/s)
Get:1 http://us.archive.ubuntu.com/ubuntu resolute-updates/main amd64 libgtk-4-1 amd64 4.22.4+ds-0ubuntu0.1 [3,552 kB]
Fetched 3,552 kB in 1s (3,344 kB/s)
Get:1 http://us.archive.ubuntu.com/ubuntu resolute/main amd64 libharfbuzz-icu0 amd64 12.3.2-2 [11.8 kB]
Fetched 11.8 kB in 0s (67.0 kB/s)
Get:1 http://us.archive.ubuntu.com/ubuntu resolute/main amd64 libharfbuzz-subset0 amd64 12.3.2-2 [492 kB]
Fetched 492 kB in 1s (682 kB/s)
Get:1 http://us.archive.ubuntu.com/ubuntu resolute/universe amd64 libhidapi-hidraw0 amd64 0.15.0-2 [14.0 kB]
Fetched 14.0 kB in 0s (79.3 kB/s)
Get:1 http://us.archive.ubuntu.com/ubuntu resolute/main amd64 libhyphen0 amd64 2.8.8-7build4 [26.7 kB]
Fetched 26.7 kB in 0s (98.4 kB/s)
Get:1 http://us.archive.ubuntu.com/ubuntu resolute/universe amd64 libmanette-0.2-0 amd64 0.2.13-1 [46.7 kB]
Fetched 46.7 kB in 0s (137 kB/s)
Get:1 http://us.archive.ubuntu.com/ubuntu resolute/main amd64 liborc-0.4-0t64 amd64 1:0.4.42-2 [283 kB]
Fetched 283 kB in 1s (509 kB/s)
Get:1 http://us.archive.ubuntu.com/ubuntu resolute/main amd64 libsecret-1-0 amd64 0.21.7-2build1 [119 kB]
Fetched 119 kB in 0s (269 kB/s)
Get:1 http://us.archive.ubuntu.com/ubuntu resolute/main amd64 libsoup-3.0-0 amd64 3.6.6-1 [297 kB]
Fetched 297 kB in 1s (535 kB/s)
Get:1 http://us.archive.ubuntu.com/ubuntu resolute/main amd64 libwayland-server0 amd64 1.24.0-2 [35.9 kB]
Fetched 35.9 kB in 0s (127 kB/s)
Get:1 http://us.archive.ubuntu.com/ubuntu resolute/main amd64 libwebpdemux2 amd64 1.5.0-0.1build1 [12.8 kB]
Fetched 12.8 kB in 0s (73.6 kB/s)
Get:1 http://us.archive.ubuntu.com/ubuntu resolute/main amd64 libyuv0 amd64 0.0.1922.20260106-1 [184 kB]
Fetched 184 kB in 0s (375 kB/s)
== 3b. jammy-only packages (old sonames: libicu70, libsoup-2.4, libxml2.so.2 (2.9), libvpx7, libwoff1, libpcre3)
ok libicu70 -> pool/main/i/icu/libicu70_70.1-2_amd64.deb
ok libpcre3 -> pool/main/p/pcre3/libpcre3_8.39-13build5_amd64.deb
ok libsoup2.4-1 -> pool/main/libs/libsoup2.4/libsoup2.4-1_2.74.2-3_amd64.deb
ok libvpx7 -> pool/main/libv/libvpx/libvpx7_1.11.0-2ubuntu2_amd64.deb
ok libwoff1 -> pool/main/w/woff2/libwoff1_1.0.2-1build4_amd64.deb
ok libxml2 -> pool/main/libx/libxml2/libxml2_2.9.13+dfsg-1build1_amd64.deb
== 4. drop the libs into both WebKit bundles, move bundled glib 2.70 aside
prepared /tmp/bb-1603-wk-fresh/browsers/webkit-1724/minibrowser-wpe (332 files in sys/lib)
prepared /tmp/bb-1603-wk-fresh/browsers/webkit-1837/minibrowser-wpe (332 files in sys/lib)
== 5. smoke test both engines
cp: '/tmp/bb-1603-wk-fresh/run/ua.mjs' and '/tmp/bb-1603-wk-fresh/run/ua.mjs' are the same file
Skipping host requirements validation logic because `PLAYWRIGHT_SKIP_VALIDATE_HOST_REQUIREMENTS` env variable is set.
Mozilla/5.0 (Macintosh; Intel Mac OS X 10_15_7) AppleWebKit/605.1.15 (KHTML, like Gecko) Version/16.0 Safari/605.1.15 | lookbehind: no | v flag: no
Skipping host requirements validation logic because `PLAYWRIGHT_SKIP_VALIDATE_HOST_REQUIREMENTS` env variable is set.
Mozilla/5.0 (Macintosh; Intel Mac OS X 10_15_7) AppleWebKit/605.1.15 (KHTML, like Gecko) Version/16.4 Safari/605.1.15 | lookbehind: yes | v flag: yes
== done. Use: BB1603_HARNESS=/tmp/bb-1603-wk-fresh PLAYWRIGHT_BROWSERS_PATH=/tmp/bb-1603-wk-fresh/browsers bash run-old-webkit160.sh <script.mjs> ...

real	3m40.336s
user	0m17.808s
sys	0m6.956s
exit=0 end 2026-08-18T15:43:24+00:00
2.1G	/tmp/bb-1603-wk-fresh
