Skipping host requirements validation logic because `PLAYWRIGHT_SKIP_VALIDATE_HOST_REQUIREMENTS` env variable is set.
engine: webkit UA: Mozilla/5.0 (iPhone; CPU iPhone OS 11_0 like Mac OS X) AppleWebKit/604.1.38 (KHTML, like Gecko) Version/16.0 Mobile/15A372 Safari/604.1
viewport: {"width":414,"height":736} dpr: 3
{
  "ua": "Mozilla/5.0 (iPhone; CPU iPhone OS 11_0 like Mac OS X) AppleWebKit/604.1.38 (KHTML, like Gecko) Version/16.0 Mobile/15A372 Safari/604.1",
  "inner": [
    414,
    736
  ],
  "html": {
    "w": 414,
    "h": 736,
    "display": "block",
    "visibility": "visible",
    "opacity": "1",
    "children": 2
  },
  "body": {
    "w": 414,
    "h": 736,
    "display": "block",
    "visibility": "visible",
    "opacity": "1",
    "children": 1
  },
  "root": {
    "w": 414,
    "h": 736,
    "display": "block",
    "visibility": "visible",
    "opacity": "1",
    "children": 1
  },
  "rootFirstChild": {
    "w": 414,
    "h": 736,
    "display": "flex",
    "visibility": "visible",
    "opacity": "1",
    "children": 1
  },
  "buttons": 1,
  "links": 0,
  "visibleTextPreview": "bb hit an error and stopped\nA reload is safe. Your threads live on the server and an unsent draft is kept locally. If this repeats, open the browser console and send us the message below.\nError details\nReload bb",
  "supports": {
    "dvh": true,
    "colorMix": true,
    "oklch": true,
    "has": true,
    "container": true,
    "nesting": false,
    "property": false
  }
}
--- page logs ---
[console.error] Viewport argument key "interactive-widget" not recognized and ignored.
[console.error] Origin http://localhost:17999 is not allowed by Access-Control-Allow-Origin. Status code: 403
[pageerror] /127.0.0.1:33265/status due to access control checks.
[requestfailed] http://127.0.0.1:33265/status Origin http://localhost:17999 is not allowed by Access-Control-Allow-Origin. Status code: 403
[console.error] Failed to load resource: Origin http://localhost:17999 is not allowed by Access-Control-Allow-Origin. Status code: 403
[console.error] WebSocket connection to 'ws://localhost:17999/ws' failed: The server did not accept the WebSocket handshake.
[console.warning] plugin runtime load failed: Invalid regular expression: invalid group specifier name
[console.error] SyntaxError: Invalid regular expression: invalid group specifier name
[console.error] [bb] the app crashed SyntaxError: Invalid regular expression: invalid group specifier name 
Lazy@unknown:0:0
On@http://localhost:17999/assets/atomFamily-SooyRm32.js:3:4081
Kn@http://localhost:17999/assets/atomFamily-SooyRm32.js:3:8752
Suspense@unknown:0:0
main@unknown:0:0
div@unknown:0:0
main@unknown:0:0
@http://localhost:17999/assets/index-BrddeseY.js:2:62141
div@unknown:0:0
TooltipProviderProvider@http://localhost:17999/assets/atomFamily-SooyRm32.js:24:136133
TooltipProvider@http://localhost:17999/assets/useTheme-Blk5ve81.js:1:4161
@http://localhost:17999/assets/index-BrddeseY.js:2:45720
Cb@http://localhost:17999/assets/index-BrddeseY.js:2:343094
mo@http://localhost:17999/assets/useAppTheme-C8TEs0O9.js:3:22961
$t@http://localhost:17999/assets/useAppTheme-C8TEs0O9.js:1:9718
an@http://localhost:17999/assets/useAppTheme-C8TEs0O9.js:1:12129
Wu@http://localhost:17999/assets/index-BrddeseY.js:2:116970
kb@http://localhost:17999/assets/index-BrddeseY.js:2:346684
fC@http://localhost:17999/assets/index-BrddeseY.js:2:391472
On@http://localhost:17999/assets/atomFamily-SooyRm32.js:3:4081
Kn@http://localhost:17999/assets/atomFamily-SooyRm32.js:3:8752
Ct@http://localhost:17999/assets/useAppTheme-C8TEs0O9.js:1:1809
Lr@http://localhost:17999/assets/useTheme-Blk5ve81.js:1:33753
id@http://localhost:17999/assets/index-BrddeseY.js:2:125929
pC@http://localhost:17999/assets/index-BrddeseY.js:2:395200
Gn@http://localhost:17999/assets/atomFamily-SooyRm32.js:3:7887
Pr@http://localhost:17999/assets/atomFamily-SooyRm32.js:3:17754
Re@http://localhost:17999/assets/atomFamily-SooyRm32.js:1:36269
mC@
[requestfailed] http://localhost:17999/api/v1/hosts/host_gzuipk6jyv/provider-clis/status Load request cancelled
[console.error] Origin http://localhost:17999 is not allowed by Access-Control-Allow-Origin. Status code: 403
[pageerror] /127.0.0.1:33265/status due to access control checks.
[requestfailed] http://127.0.0.1:33265/status Origin http://localhost:17999 is not allowed by Access-Control-Allow-Origin. Status code: 403
[console.error] Failed to load resource: Origin http://localhost:17999 is not allowed by Access-Control-Allow-Origin. Status code: 403
[console.error] Origin http://localhost:17999 is not allowed by Access-Control-Allow-Origin. Status code: 403
[pageerror] /127.0.0.1:33265/status due to access control checks.
[requestfailed] http://127.0.0.1:33265/status Origin http://localhost:17999 is not allowed by Access-Control-Allow-Origin. Status code: 403
[console.error] Failed to load resource: Origin http://localhost:17999 is not allowed by Access-Control-Allow-Origin. Status code: 403
[console.error] Origin http://localhost:17999 is not allowed by Access-Control-Allow-Origin. Status code: 403
[pageerror] /127.0.0.1:33265/status due to access control checks.
[requestfailed] http://127.0.0.1:33265/status Origin http://localhost:17999 is not allowed by Access-Control-Allow-Origin. Status code: 403
[console.error] Failed to load resource: Origin http://localhost:17999 is not allowed by Access-Control-Allow-Origin. Status code: 403
[console.error] WebSocket connection to 'ws://localhost:17999/ws' failed: The server did not accept the WebSocket handshake.
[console.error] Origin http://localhost:17999 is not allowed by Access-Control-Allow-Origin. Status code: 403
[pageerror] /127.0.0.1:33265/status due to access control checks.
[requestfailed] http://127.0.0.1:33265/status Origin http://localhost:17999 is not allowed by Access-Control-Allow-Origin. Status code: 403
[console.error] Failed to load resource: Origin http://localhost:17999 is not allowed by Access-Control-Allow-Origin. Status code: 403
[console.error] WebSocket connection to 'ws://localhost:17999/ws' failed: The server did not accept the WebSocket handshake.
[console.error] WebSocket connection to 'ws://localhost:17999/ws' failed: The server did not accept the WebSocket handshake.
