Skipping host requirements validation logic because `PLAYWRIGHT_SKIP_VALIDATE_HOST_REQUIREMENTS` env variable is set.
engine: webkit UA: Mozilla/5.0 (iPhone; CPU iPhone OS 11_0 like Mac OS X) AppleWebKit/604.1.38 (KHTML, like Gecko) Version/16.4 Mobile/15A372 Safari/604.1
viewport: {"width":414,"height":736} dpr: 3
{
  "ua": "Mozilla/5.0 (iPhone; CPU iPhone OS 11_0 like Mac OS X) AppleWebKit/604.1.38 (KHTML, like Gecko) Version/16.4 Mobile/15A372 Safari/604.1",
  "inner": [
    414,
    736
  ],
  "html": {
    "w": 414,
    "h": 736,
    "display": "block",
    "visibility": "visible",
    "opacity": "1",
    "children": 2
  },
  "body": {
    "w": 414,
    "h": 736,
    "display": "block",
    "visibility": "visible",
    "opacity": "1",
    "children": 3
  },
  "root": {
    "w": 414,
    "h": 736,
    "display": "block",
    "visibility": "visible",
    "opacity": "1",
    "children": 2
  },
  "rootFirstChild": {
    "w": 414,
    "h": 736,
    "display": "flex",
    "visibility": "visible",
    "opacity": "1",
    "children": 4
  },
  "buttons": 20,
  "links": 1,
  "visibleTextPreview": "New thread\n\n\nExtensions\n\n\nAutomations\n\nThreads\n\n\n\n\nNo threads\nSettings\nRemote access\nReport a bug\n\n\n\nNew thread\nStart a new conversation\n\nAutomatically import my projects\nFind repos touched in the last 30 days\n\nNew project\nCreate one from a local folder\n\nLearn what bb can do\nGet a tour of its capabi",
  "supports": {
    "dvh": true,
    "colorMix": true,
    "oklch": true,
    "has": true,
    "container": true,
    "nesting": true,
    "property": true
  }
}
--- page logs ---
[console.error] Viewport argument key "interactive-widget" not recognized and ignored.
[console.error] Origin http://localhost:17999 is not allowed by Access-Control-Allow-Origin. Status code: 403
[pageerror] /127.0.0.1:33265/status due to access control checks.
[requestfailed] http://127.0.0.1:33265/status Origin http://localhost:17999 is not allowed by Access-Control-Allow-Origin. Status code: 403
[console.error] Failed to load resource: Origin http://localhost:17999 is not allowed by Access-Control-Allow-Origin. Status code: 403
[console.error] WebSocket connection to 'ws://localhost:17999/ws' failed: The server did not accept the WebSocket handshake.
[console.error] Origin http://localhost:17999 is not allowed by Access-Control-Allow-Origin. Status code: 403
[pageerror] /127.0.0.1:33265/status due to access control checks.
[requestfailed] http://127.0.0.1:33265/status Origin http://localhost:17999 is not allowed by Access-Control-Allow-Origin. Status code: 403
[console.error] Failed to load resource: Origin http://localhost:17999 is not allowed by Access-Control-Allow-Origin. Status code: 403
[console.error] Origin http://localhost:17999 is not allowed by Access-Control-Allow-Origin. Status code: 403
[pageerror] /127.0.0.1:33265/status due to access control checks.
[requestfailed] http://127.0.0.1:33265/status Origin http://localhost:17999 is not allowed by Access-Control-Allow-Origin. Status code: 403
[console.error] Failed to load resource: Origin http://localhost:17999 is not allowed by Access-Control-Allow-Origin. Status code: 403
[console.error] WebSocket connection to 'ws://localhost:17999/ws' failed: The server did not accept the WebSocket handshake.
[console.error] Origin http://localhost:17999 is not allowed by Access-Control-Allow-Origin. Status code: 403
[pageerror] /127.0.0.1:33265/status due to access control checks.
[requestfailed] http://127.0.0.1:33265/status Origin http://localhost:17999 is not allowed by Access-Control-Allow-Origin. Status code: 403
[console.error] Failed to load resource: Origin http://localhost:17999 is not allowed by Access-Control-Allow-Origin. Status code: 403
[console.error] Origin http://localhost:17999 is not allowed by Access-Control-Allow-Origin. Status code: 403
[pageerror] /127.0.0.1:33265/status due to access control checks.
[requestfailed] http://127.0.0.1:33265/status Origin http://localhost:17999 is not allowed by Access-Control-Allow-Origin. Status code: 403
[console.error] Failed to load resource: Origin http://localhost:17999 is not allowed by Access-Control-Allow-Origin. Status code: 403
[console.error] WebSocket connection to 'ws://localhost:17999/ws' failed: The server did not accept the WebSocket handshake.
[console.warning] The resource http://localhost:17999/assets/chunk-jRWAZmH_.js was preloaded using link preload but not used within a few seconds from the window's load event. Please make sure it wasn't preloaded for nothing.
[console.warning] The resource http://localhost:17999/assets/preload-helper-DzyYoeor.js was preloaded using link preload but not used within a few seconds from the window's load event. Please make sure it wasn't preloaded for nothing.
[console.warning] The resource http://localhost:17999/assets/atomFamily-SooyRm32.js was preloaded using link preload but not used within a few seconds from the window's load event. Please make sure it wasn't preloaded for nothing.
[console.warning] The resource http://localhost:17999/assets/pill-v01_1v1X.js was preloaded using link preload but not used within a few seconds from the window's load event. Please make sure it wasn't preloaded for nothing.
[console.warning] The resource http://localhost:17999/assets/useTheme-Blk5ve81.js was preloaded using link preload but not used within a few seconds from the window's load event. Please make sure it wasn't preloaded for nothing.
[console.warning] The resource http://localhost:17999/assets/host-update-status-BVQS6lWw.js was preloaded using link preload but not used within a few seconds from the window's load event. Please make sure it wasn't preloaded for nothing.
[console.warning] The resource http://localhost:17999/assets/provider-cli-install-Dd1ekti8.js was preloaded using link preload but not used within a few seconds from the window's load event. Please make sure it wasn't preloaded for nothing.
[console.warning] The resource http://localhost:17999/assets/project-mutations-eE_GElRi.js was preloaded using link preload but not used within a few seconds from the window's load event. Please make sure it wasn't preloaded for nothing.
[console.warning] The resource http://localhost:17999/assets/host-path-queries-BTXlmWfB.js was preloaded using link preload but not used within a few seconds from the window's load event. Please make sure it wasn't preloaded for nothing.
[console.warning] The resource http://localhost:17999/assets/useAppTheme-C8TEs0O9.js was preloaded using link preload but not used within a few seconds from the window's load event. Please make sure it wasn't preloaded for nothing.
[console.warning] The resource http://localhost:17999/assets/plugin-settings-queries-BR1uvfFG.js was preloaded using link preload but not used within a few seconds from the window's load event. Please make sure it wasn't preloaded for nothing.
[console.warning] The resource http://localhost:17999/assets/foreign-dom-mutation-guard-0BNPNIfU.js was preloaded using link preload but not used within a few seconds from the window's load event. Please make sure it wasn't preloaded for nothing.
[console.warning] The resource http://localhost:17999/assets/useQueries-B8jyeLax.js was preloaded using link preload but not used within a few seconds from the window's load event. Please make sure it wasn't preloaded for nothing.
[console.warning] The resource http://localhost:17999/assets/SplitWorkspaceRoute-BtH4wpTK.js was preloaded using link preload but not used within a few seconds from the window's load event. Please make sure it wasn't preloaded for nothing.
[console.warning] The resource http://localhost:17999/assets/root-compose-create-preference-Dgv5yhDg.js was preloaded using link preload but not used within a few seconds from the window's load event. Please make sure it wasn't preloaded for nothing.
[console.warning] The resource http://localhost:17999/assets/ProjectMachineSetupDialog-Ut9X8xaP.js was preloaded using link preload but not used within a few seconds from the window's load event. Please make sure it wasn't preloaded for nothing.
[console.warning] The resource http://localhost:17999/assets/workspace-checkout-display-2ZaYoVXJ.js was preloaded using link preload but not used within a few seconds from the window's load event. Please make sure it wasn't preloaded for nothing.
[console.warning] The resource http://localhost:17999/assets/page-shell-C9N9VtLZ.js was preloaded using link preload but not used within a few seconds from the window's load event. Please make sure it wasn't preloaded for nothing.
[console.warning] The resource http://localhost:17999/assets/localhost-link-rewrite-preference-CNpYzPeF.js was preloaded using link preload but not used within a few seconds from the window's load event. Please make sure it wasn't preloaded for nothing.
[console.warning] The resource http://localhost:17999/assets/host-display-JQrwKVtc.js was preloaded using link preload but not used within a few seconds from the window's load event. Please make sure it wasn't preloaded for nothing.
[console.warning] The resource http://localhost:17999/assets/permission-mode-options-CCHrqGdE.js was preloaded using link preload but not used within a few seconds from the window's load event. Please make sure it wasn't preloaded for nothing.
[console.warning] The resource http://localhost:17999/assets/katex-BaASlWlt.js was preloaded using link preload but not used within a few seconds from the window's load event. Please make sure it wasn't preloaded for nothing.
[console.warning] The resource http://localhost:17999/assets/bb-logo-Ck3K005c.js was preloaded using link preload but not used within a few seconds from the window's load event. Please make sure it wasn't preloaded for nothing.
[console.warning] The resource http://localhost:17999/assets/workspace-open-target-preference-BJnPOKmu.js was preloaded using link preload but not used within a few seconds from the window's load event. Please make sure it wasn't preloaded for nothing.
[console.error] WebSocket connection to 'ws://localhost:17999/ws' failed: The server did not accept the WebSocket handshake.
