Skipping host requirements validation logic because `PLAYWRIGHT_SKIP_VALIDATE_HOST_REQUIREMENTS` env variable is set.
UA: Mozilla/5.0 (iPhone; CPU iPhone OS 11_0 like Mac OS X) AppleWebKit/604.1.38 (KHTML, like Gecko) Version/16.4 Mobile/15A372 Safari/604.1
engine v-flag support (native): yes
after load: {"text":"New thread Extensions Settings Report a bug Toggle Sidebar","errorBoundary":false}
error boundary after ~1000 ms
final: {"text":"bb hit an error and stopped A reload is safe. Your threads live on the server and an unsent draft is kept locally. If this repeats, open the browser console and send us the message below. Error detail","errorBoundary":true}
error details:
RegExp@web-inspector://bootstrap.js:6:28
module code@http://localhost:45031/assets/workspace-checkout-display-2ZaYoVXJ.js:60:4148
--- errors ---
[console.error] Viewport argument key "interactive-widget" not recognized and ignored.
[console.error] SyntaxError: Invalid flags supplied to RegExp constructor.
[console.error] [bb] the app crashed SyntaxError: Invalid flags supplied to RegExp constructor. 
Lazy@unknown:0:0
On@http://localhost:45031/assets/atomFamily-SooyRm32.js:3:4081
Kn@http://localhost:45031/assets/atomFamily-SooyRm32.js:3:8752
Suspense@unknown:0:0
main@unknown:0:0
div@unknown:0:0
main@unknown:0:0
@http://localhost:45031/assets/index-BrddeseY.js:2:62141
div@unknown:0:0
TooltipProviderProvider@http://localhost:45031/assets/atomFamily-SooyRm32.js:24:136133
TooltipProvider@http://localhost:45031/assets/useTheme-Blk5ve81.js:1:4161
@http://localhost:45031/assets/index-BrddeseY.js:2:45720
Cb@http://localhost:45031/assets/index-BrddeseY.js:2:343094
mo@http://localhost:45031/assets/useAppTheme-C8TEs0O9.js:3:22961
$t@http://localhost:45031/assets/useAppTheme-C8TEs0O9.js:1:9718
an@http:/
