• turbo 2.10.12

   • Packages in scope: @bb/host-daemon
   • Running test in 1 packages
   • Remote caching disabled

@bb/templates:generate:plugin-scaffold: cache miss, executing 1cc3ea7afa318053
@bb/templates:generate:templates: cache miss, executing bb7cefa0ce3c30b5
//:ensure-native-modules: cache bypass, force executing 3903a203d9262f05
@bb/plugin-build:generate: cache miss, executing 1eee330f26b4ef92
//:ensure-native-modules: 
//:ensure-native-modules: > bb@ ensure-native-modules <CHECKOUT>
//:ensure-native-modules: > node scripts/ensure-native-modules.mjs
//:ensure-native-modules: 
@bb/plugin-build:generate: 
@bb/plugin-build:generate: > @bb/plugin-build@0.0.1 generate <CHECKOUT>/packages/plugin-build
@bb/plugin-build:generate: > node ./scripts/generate-plugin-theme.mjs && node ./scripts/generate-runtime-export-manifest.mjs
@bb/plugin-build:generate: 
@bb/templates:generate:plugin-scaffold: 
@bb/templates:generate:plugin-scaffold: > @bb/templates@0.0.1 generate:plugin-scaffold <CHECKOUT>/packages/templates
@bb/templates:generate:templates: 
@bb/templates:generate:templates: > @bb/templates@0.0.1 generate:templates <CHECKOUT>/packages/templates
@bb/templates:generate:templates: > node ./scripts/generate-templates.mjs
@bb/templates:generate:templates: 
@bb/templates:generate:plugin-scaffold: > node ./scripts/generate-plugin-scaffold.mjs
@bb/templates:generate:plugin-scaffold: 
@bb/plugin-build:generate: plugin-theme.generated.ts up to date
@get-bb/plugin-sdk:build: cache miss, executing eb3ecf2256fa441b
@get-bb/plugin-sdk:build: 
@get-bb/plugin-sdk:build: > @get-bb/plugin-sdk@0.6.16 build <CHECKOUT>/packages/plugin-sdk
@get-bb/plugin-sdk:build: > node scripts/build-runtime.mjs
@get-bb/plugin-sdk:build: 
@bb/plugin-build:generate: wrote <CHECKOUT>/packages/plugin-build/src/generated/runtime-export-manifest.generated.ts (react@19.2.4)
@get-bb/plugin-sdk:build: Built 19 @get-bb/plugin-sdk runtime entries.
@bb/host-daemon:test: cache miss, executing 8d7348f032b7862d
@bb/host-daemon:test: 
@bb/host-daemon:test: > @bb/host-daemon@0.0.1 test <CHECKOUT>/apps/host-daemon
@bb/host-daemon:test: > vitest run --config vitest.config.ts "src/issue-4865-repro.test.ts"
@bb/host-daemon:test: 
@bb/host-daemon:test: 
@bb/host-daemon:test:  RUN  v4.1.1 <CHECKOUT>/apps/host-daemon
@bb/host-daemon:test: 
@bb/host-daemon:test: stdout | src/issue-4865-repro.test.ts > publishes skill-store despite a modeled Windows transient rename denial
@bb/host-daemon:test: {"root":"skill-store","failure":"transient","first":"rejected: EPERM","firstRenameAttempts":1,"remainingTemps":0,"resubmission":"published intact bytes"}
@bb/host-daemon:test: 
@bb/host-daemon:test: stdout | src/issue-4865-repro.test.ts > publishes global-skills despite a modeled Windows transient rename denial
@bb/host-daemon:test: {"root":"global-skills","failure":"transient","first":"rejected: EPERM","firstRenameAttempts":1,"remainingTemps":0,"resubmission":"published intact bytes"}
@bb/host-daemon:test: 
@bb/host-daemon:test: stdout | src/issue-4865-repro.test.ts > publishes skill-store despite a modeled Windows collision rename denial
@bb/host-daemon:test: {"root":"skill-store","failure":"collision","first":"rejected: EPERM","firstRenameAttempts":1,"remainingTemps":0,"resubmission":"published intact bytes"}
@bb/host-daemon:test: 
@bb/host-daemon:test: stdout | src/issue-4865-repro.test.ts > publishes global-skills despite a modeled Windows collision rename denial
@bb/host-daemon:test: {"root":"global-skills","failure":"collision","first":"rejected: EPERM","firstRenameAttempts":1,"remainingTemps":0,"resubmission":"published intact bytes"}
@bb/host-daemon:test: 
@bb/host-daemon:test:  ❯ |@bb/host-daemon| src/issue-4865-repro.test.ts (4 tests | 4 failed) 58ms
@bb/host-daemon:test:    × publishes skill-store despite a modeled Windows transient rename denial 23ms
@bb/host-daemon:test:    × publishes global-skills despite a modeled Windows transient rename denial 9ms
@bb/host-daemon:test:    × publishes skill-store despite a modeled Windows collision rename denial 13ms
@bb/host-daemon:test:    × publishes global-skills despite a modeled Windows collision rename denial 11ms
@bb/host-daemon:test: 
@bb/host-daemon:test: ⎯⎯⎯⎯⎯⎯⎯ Failed Tests 4 ⎯⎯⎯⎯⎯⎯⎯
@bb/host-daemon:test: 
@bb/host-daemon:test:  FAIL  |@bb/host-daemon| src/issue-4865-repro.test.ts > publishes skill-store despite a modeled Windows transient rename denial
@bb/host-daemon:test:  FAIL  |@bb/host-daemon| src/issue-4865-repro.test.ts > publishes global-skills despite a modeled Windows transient rename denial
@bb/host-daemon:test:  FAIL  |@bb/host-daemon| src/issue-4865-repro.test.ts > publishes skill-store despite a modeled Windows collision rename denial
@bb/host-daemon:test:  FAIL  |@bb/host-daemon| src/issue-4865-repro.test.ts > publishes global-skills despite a modeled Windows collision rename denial
@bb/host-daemon:test: AssertionError: expected 'rejected: EPERM' to be 'fulfilled' // Object.is equality
@bb/host-daemon:test: 
@bb/host-daemon:test: Expected: "fulfilled"
@bb/host-daemon:test: Received: "rejected: EPERM"
@bb/host-daemon:test: 
@bb/host-daemon:test:  ❯ src/issue-4865-repro.test.ts:121:21
@bb/host-daemon:test:     119|       );
@bb/host-daemon:test:     120|       expect(publishedText).toBe(skillText);
@bb/host-daemon:test:     121|       expect(first).toBe("fulfilled");
@bb/host-daemon:test:        |                     ^
@bb/host-daemon:test:     122|     } finally {
@bb/host-daemon:test:     123|       rename.mockRestore();
@bb/host-daemon:test: 
@bb/host-daemon:test: ⎯⎯⎯⎯⎯⎯⎯⎯⎯⎯⎯⎯⎯⎯⎯⎯⎯⎯⎯⎯⎯⎯⎯⎯[1/4]⎯
@bb/host-daemon:test: 
@bb/host-daemon:test: 
@bb/host-daemon:test:  Test Files  1 failed (1)
@bb/host-daemon:test:       Tests  4 failed (4)
@bb/host-daemon:test:    Start at  20:50:51
@bb/host-daemon:test:    Duration  675ms (transform 279ms, setup 0ms, import 424ms, tests 58ms, environment 0ms)
@bb/host-daemon:test: 
@bb/host-daemon:test:  ELIFECYCLE  Test failed. See above for more details.
@bb/host-daemon#test:  ERROR  command (<CHECKOUT>/apps/host-daemon) /usr/local/bin/pnpm run test src/issue-4865-repro.test.ts exited (1)

 Tasks:    5 successful, 6 total
Cached:    0 cached, 6 total
  Time:    2.921s 
Failed:    @bb/host-daemon#test

 ERROR  run failed: command  exited (1)
