Scope: all 97 workspace projects
Lockfile is up to date, resolution step is skipped
Progress: resolved 1, reused 0, downloaded 0, added 0
Packages: +2304
++++++++++++++++++++++++++++++++++++++++++++++++++++++++++++++++++++++++++++++++
Progress: resolved 2304, reused 1044, downloaded 0, added 0
Progress: resolved 2304, reused 1521, downloaded 0, added 0
Progress: resolved 2304, reused 1621, downloaded 0, added 0
Progress: resolved 2304, reused 1724, downloaded 0, added 0
Progress: resolved 2304, reused 2180, downloaded 0, added 0
Progress: resolved 2304, reused 2275, downloaded 0, added 294
Progress: resolved 2304, reused 2275, downloaded 0, added 765
Progress: resolved 2304, reused 2275, downloaded 0, added 1219
Progress: resolved 2304, reused 2275, downloaded 0, added 1581
Progress: resolved 2304, reused 2275, downloaded 0, added 1698
Progress: resolved 2304, reused 2275, downloaded 0, added 1804
Progress: resolved 2304, reused 2275, downloaded 0, added 2017
Progress: resolved 2304, reused 2275, downloaded 0, added 2166
Progress: resolved 2304, reused 2275, downloaded 0, added 2300
Progress: resolved 2304, reused 2275, downloaded 0, added 2304, done
.../node_modules/better-sqlite3 install$ node-gyp rebuild
.../node_modules/better-sqlite3 install: node:internal/modules/cjs/loader:1433
.../node_modules/better-sqlite3 install:   throw err;
.../node_modules/better-sqlite3 install:   ^
.../node_modules/better-sqlite3 install: Error: Cannot find module '<home>/.cache/node/corepack/v1/pnpm/9.15.0/dist/node_modules/node-gyp/bin/node-gyp.js'
.../node_modules/better-sqlite3 install:     at Function._resolveFilename (node:internal/modules/cjs/loader:1430:15)
.../node_modules/better-sqlite3 install:     at defaultResolveImpl (node:internal/modules/cjs/loader:1040:19)
.../node_modules/better-sqlite3 install:     at resolveForCJSWithHooks (node:internal/modules/cjs/loader:1045:22)
.../node_modules/better-sqlite3 install:     at Function._load (node:internal/modules/cjs/loader:1216:25)
.../node_modules/better-sqlite3 install:     at wrapModuleLoad (node:internal/modules/cjs/loader:254:19)
.../node_modules/better-sqlite3 install:     at Function.executeUserEntryPoint [as runMain] (node:internal/modules/run_main:171:5)
.../node_modules/better-sqlite3 install:     at node:internal/main/run_main_module:36:49 {
.../node_modules/better-sqlite3 install:   code: 'MODULE_NOT_FOUND',
.../node_modules/better-sqlite3 install:   requireStack: []
.../node_modules/better-sqlite3 install: }
.../node_modules/better-sqlite3 install: Node.js v22.22.3
.../node_modules/better-sqlite3 install: Failed
 ELIFECYCLE  Command failed with exit code 1.
