mounted: {"rows":197,"nodes":5925,"markdownAnchors":0}
{
 "cfg": {
  "pageName": "a-v-base-big-clean-1787067001",
  "url": "http://localhost:12763/projects/proj_rgsz9s6cf9/threads/thr_e5upw3jres",
  "loadAll": true,
  "hook": false,
  "text": "The quick brown fox jumps over the lazy dog and keeps typing more words",
  "out": "1304-all-v-base-big-clean.json",
  "shot": "1304-all-v-base-big-clean.png"
 },
 "mounted": {
  "rows": 197,
  "nodes": 5925,
  "markdownAnchors": 0
 },
 "chars": 71,
 "wallMs": 3653,
 "scheduleMs": 1775,
 "overheadPerKeyMs": 26.5,
 "metricsDelta": {
  "ScriptDuration": 1395,
  "LayoutDuration": 19,
  "RecalcStyleDuration": 1,
  "TaskDuration": 2229,
  "LayoutCount": 71,
  "RecalcStyleCount": 65
 },
 "cpuBusyMs": 2201,
 "cpuBusyPerKeyMs": 31,
 "commits": 0,
 "renderedFibersPerKey": 0,
 "renderedTop": [],
 "renderedMarkdown": [],
 "changedProviders": [],
 "probes": {
  "ThreadDetailViewInternal": 142,
  "ThreadDetailSecondaryContentBody": 284,
  "ThreadTimelinePane": 142,
  "EmbeddedThreadChatHostedFooter": 142,
  "ThreadTimelineSurface": 142,
  "ThreadDetailPromptArea": 142,
  "PromptBoxInternal": 284
 },
 "longTasks": [],
 "namedSelfMs": {
  "ThreadDetailViewInternal": 11.7,
  "propagateParentContextChanges": 134.7,
  "ThreadDetailPromptArea": 3.7,
  "caretPositionFromPoint": 20.4,
  "PromptBoxInternal": 4.7
 },
 "topSelf": [
  "  2289.9 ms  (idle) @ ",
  "   762.7 ms  (program) @ ",
  "   459.5 ms  exports.jsxDEV @ react_jsx-dev-runtime.js",
  "   134.7 ms  propagateParentContextChanges @ react-dom_client.js",
  "   106.0 ms  exports.jsx @ react_jsx-runtime.js",
  "    54.4 ms  run @ ",
  "    52.4 ms  (garbage collector) @ ",
  "    27.4 ms  jsxDEVImpl @ react_jsx-dev-runtime.js",
  "    20.7 ms  addEventListener @ ",
  "    20.4 ms  caretPositionFromPoint @ ",
  "    20.4 ms  createTask @ ",
  "    20.1 ms  renderWithHooks @ react-dom_client.js",
  "    17.8 ms  prepareFreshStack @ react-dom_client.js",
  "    14.9 ms  measure @ ",
  "    13.3 ms  jsxDEVImpl @ react_jsx-runtime.js",
  "    12.5 ms  exports.createElement @ react.js",
  "    12.0 ms  addObjectDiffToProperties @ react-dom_client.js",
  "    11.7 ms  ThreadDetailViewInternal @ ThreadDetailView.tsx",
  "    10.9 ms  useBaseQuery @ @tanstack_react-query.js",
  "    10.3 ms  updateEffectImpl @ react-dom_client.js",
  "     7.9 ms  logComponentRender @ react-dom_client.js",
  "     7.7 ms  ReactStrictModeWarnings.recordLegacyContextWarning @ react-dom_client.js",
  "     7.5 ms  intersectsNode @ ",
  "     7.2 ms  (anonymous) @ @tanstack_react-query.js",
  "     7.1 ms  createWorkInProgress @ react-dom_client.js"
 ]
}
shot: /home/sawyer/.dev-browser/tmp/1304-all-v-base-big-clean.png
