== npm on PATH: /home/sawyer/.nvm/versions/node/v24.18.0/bin/npm -> 11.16.0; node v24.18.0; HOME=/tmp/1120/home-inst-npm11; BB_DATA_DIR=/tmp/1120/machine-inst-npm11
== join code response: {"joinCode":"bbde_TzqraIvsmoSrzgLmAuqPfVydQqFUZwmEYZPjbaRdNrmUXzCWEEMjviPfObmNlLMu","hostId":"host_44k34yk6av","expiresAt":1787040358033}
== $ curl -fsSL http://localhost:24167/install.sh | sh -s -- --join-code <code> --host-id host_44k34yk6av --server http://localhost:24167

  bb machine setup

  ○  Setting up this machine as host_44k34yk6av for http://localhost:24167
  ✓  Using local host-daemon port 38888
  ○  Downloading the server's bb-app package (timeout: 5 minutes)
  ✓  Downloaded the server's bb-app package
  ○  Installing the server's bb-app build

added 316 packages in 11s

26 packages are looking for funding
  run `npm fund` for details
npm warn allow-scripts 7 packages have install scripts not yet covered by allowScripts:
npm warn allow-scripts   @parcel/watcher@2.5.6 (install: node scripts/build-from-source.js)
npm warn allow-scripts   better-sqlite3@12.10.0 (install: prebuild-install || node-gyp rebuild --release)
npm warn allow-scripts   node-pty@1.1.0 (install: node scripts/prebuild.js || node-gyp rebuild; postinstall: node scripts/post-install.js)
npm warn allow-scripts   @google/genai@1.52.0 (preinstall: echo 'preinstall: no-op')
npm warn allow-scripts   protobufjs@7.6.5 (postinstall: node scripts/postinstall)
npm warn allow-scripts   @google/genai@1.52.0 (preinstall: echo 'preinstall: no-op')
npm warn allow-scripts   protobufjs@7.6.5 (postinstall: node scripts/postinstall)
npm warn allow-scripts
npm warn allow-scripts Run `npm approve-scripts --allow-scripts-pending` to review, or `npm approve-scripts <pkg>` to allow.
npm notice
npm notice New major version of npm available! 11.16.0 -> 12.0.2
npm notice Changelog: https://github.com/npm/cli/releases/tag/v12.0.2
npm notice To update run: npm install -g npm@12.0.2
npm notice
  ✓  Installed the server's bb-app build
  ○  Joining http://localhost:24167 as host_44k34yk6av
     Join progress is logged to /tmp/1120/machine-inst-npm11/install-join.log
  ○  Waiting for the temporary host daemon to connect (up to about 2 minutes)
  ✓  Joined successfully
  !  Service installation skipped; daemon PID 2584093 is still running.
== installer exit: 0
== PRESENT better-sqlite3/build/Release/better_sqlite3.node
== PRESENT node-pty/build/Release/pty.node
== install-join.log:

  [1mbb host-daemon[0m

[2K  [2m○[0m  Enrolling and starting daemon[2K  [32m✓[0m  Host daemon running

  [32m●[0m  [1mbb host-daemon is ready[0m

     [2mserver[0m [36mhttp://localhost:24167[0m
     [2mdaemon[0m 38888
     [2mdata  [0m /tmp/1120/machine-inst-npm11
     [2mlogs  [0m /tmp/1120/machine-inst-npm11/logs/
     [2mlock  [0m /tmp/1120/machine-inst-npm11/daemon.lock
== killed temporary daemon
== host status on server:
{"id":"host_44k34yk6av","name":"bee","type":"persistent","status":"disconnected","maxPermissionMode":"full","lastSeenAt":1787039470609,"lastRejectedProtocolVersion":null,"createdAt":1787039470190,"updatedAt":1787039470609}
