== npm on PATH: /tmp/1120/npm12/node_modules/.bin/npm -> 12.0.2; node v24.18.0; HOME=/tmp/1120/home-inst-npm12-fixed; BB_DATA_DIR=/tmp/1120/machine-inst-npm12-fixed
== join code response: {"joinCode":"bbde_dibPzEVGLNTJywXfpUorDWSqYaniXqSTvMLechFAsNOmbalPzlTLgfNwrTFpCPDs","hostId":"host_yfnrjxiaff","expiresAt":1787040498554}
== $ curl -fsSL http://localhost:24167/install.sh | sh -s -- --join-code <code> --host-id host_yfnrjxiaff --server http://localhost:24167

  bb machine setup

  ○  Setting up this machine as host_yfnrjxiaff for http://localhost:24167
  ✓  Using local host-daemon port 38888
  ○  Downloading the server's bb-app package (timeout: 5 minutes)
  ✓  Downloaded the server's bb-app package
  ○  Installing the server's bb-app build

added 200 packages in 10s

26 packages are looking for funding
  run `npm fund` for details
npm warn install-scripts 2 packages had install scripts blocked because they are not covered by allowScripts:
npm warn install-scripts   @google/genai@1.52.0 (preinstall: echo 'preinstall: no-op')
npm warn install-scripts   protobufjs@7.6.5 (postinstall: node scripts/postinstall)
npm warn install-scripts
npm warn install-scripts Run `npm install -g --allow-scripts=@google/genai,protobufjs` to allow these scripts once, or `npm config set allow-scripts=@google/genai,protobufjs --location=user` to allow them for all global installs.
  ✓  Installed the server's bb-app build
  ○  Joining http://localhost:24167 as host_yfnrjxiaff
     Join progress is logged to /tmp/1120/machine-inst-npm12-fixed/install-join.log
  ○  Waiting for the temporary host daemon to connect (up to about 2 minutes)
  ✓  Joined successfully
  !  Service installation skipped; daemon PID 2610364 is still running.
== installer exit: 0
== PRESENT better-sqlite3/build/Release/better_sqlite3.node
== PRESENT node-pty/build/Release/pty.node
== install-join.log:

  [1mbb host-daemon[0m

[2K  [2m○[0m  Enrolling and starting daemon[2K  [32m✓[0m  Host daemon running

  [32m●[0m  [1mbb host-daemon is ready[0m

     [2mserver[0m [36mhttp://localhost:24167[0m
     [2mdaemon[0m 38888
     [2mdata  [0m /tmp/1120/machine-inst-npm12-fixed
     [2mlogs  [0m /tmp/1120/machine-inst-npm12-fixed/logs/
     [2mlock  [0m /tmp/1120/machine-inst-npm12-fixed/daemon.lock
== killed temporary daemon
== host status on server:
{"id":"host_yfnrjxiaff","name":"bee","type":"persistent","status":"connected","maxPermissionMode":"full","lastSeenAt":1787039609684,"lastRejectedProtocolVersion":null,"createdAt":1787039609224,"updatedAt":1787039609684}
