== npm on PATH: /home/sawyer/.nvm/versions/node/v24.18.0/bin/npm -> 11.16.0; node v24.18.0; HOME=/tmp/1120/home-inst-npm11-ignorescripts-fixed; BB_DATA_DIR=/tmp/1120/machine-inst-npm11-ignorescripts-fixed
== join code response: {"joinCode":"bbde_REDACTED_JOIN_CODE","hostId":"host_a4jq9ahrhx","expiresAt":1787040517034}
== $ curl -fsSL http://localhost:24167/install.sh | sh -s -- --join-code <code> --host-id host_a4jq9ahrhx --server http://localhost:24167

  bb machine setup

  ○  Setting up this machine as host_a4jq9ahrhx for http://localhost:24167
  ✓  Using local host-daemon port 38888
  ○  Downloading the server's bb-app package (timeout: 5 minutes)
  ✓  Downloaded the server's bb-app package
  ○  Installing the server's bb-app build

added 316 packages in 10s

26 packages are looking for funding
  run `npm fund` for details
npm notice
npm notice New major version of npm available! 11.16.0 -> 12.0.2
npm notice Changelog: https://github.com/npm/cli/releases/tag/v12.0.2
npm notice To update run: npm install -g npm@12.0.2
npm notice
  ✓  Installed the server's bb-app build
  ✗  npm installed bb-app, but its native add-ons (better-sqlite3, node-pty) were not built.
     npm did not run their install scripts. Check the npm warnings above; if it mentions allowScripts or ignore-scripts, rerun with: npm_config_allow_scripts=better-sqlite3,node-pty,@parcel/watcher npm_config_ignore_scripts=false <this command>
== installer exit: 1
== MISSING better-sqlite3/build/Release/better_sqlite3.node
== MISSING node-pty/build/Release/pty.node
== install-join.log:
== host status on server:
{"code":"host_not_found","message":"Host not found"}
