== npm: 11.17.0  node: v24.18.0  HOME=/tmp/1120/home-npm11.17  prefix=/tmp/1120/g-npm11.17
== ~/.npmrc present? no
== $ /tmp/1120/npm1117/node_modules/.bin/npm install -g --prefix /tmp/1120/g-npm11.17 bb-app@latest 

added 316 packages in 10s

26 packages are looking for funding
  run `npm fund` for details
npm warn allow-scripts 7 packages have install scripts not yet covered by allowScripts:
npm warn allow-scripts   @parcel/watcher@2.5.6 (install: node scripts/build-from-source.js)
npm warn allow-scripts   better-sqlite3@12.10.0 (install: prebuild-install || node-gyp rebuild --release)
npm warn allow-scripts   node-pty@1.1.0 (install: node scripts/prebuild.js || node-gyp rebuild; postinstall: node scripts/post-install.js)
npm warn allow-scripts   @google/genai@1.52.0 (preinstall: echo 'preinstall: no-op')
npm warn allow-scripts   protobufjs@7.6.5 (postinstall: node scripts/postinstall)
npm warn allow-scripts   @google/genai@1.52.0 (preinstall: echo 'preinstall: no-op')
npm warn allow-scripts   protobufjs@7.6.5 (postinstall: node scripts/postinstall)
npm warn allow-scripts
npm warn allow-scripts Run `npm install -g --allow-scripts=@parcel/watcher,better-sqlite3,node-pty,@google/genai,protobufjs,@google/genai,protobufjs` to allow these scripts once, or `npm config set allow-scripts=@parcel/watcher,better-sqlite3,node-pty,@google/genai,protobufjs,@google/genai,protobufjs --location=user` to allow them for all global installs.
== npm exit code: 0
== installed bb-app version: 0.38.0
== PRESENT better-sqlite3/build/Release/better_sqlite3.node
== PRESENT node-pty/build/Release/pty.node
== @parcel/watcher-* prebuilt platform packages: 1
== $ BB_DATA_DIR=/tmp/1120/data-npm11.17 BB_SERVER_PORT=39871 /tmp/1120/g-npm11.17/bin/bb-server   (background, then curl /api/v1/hosts after 6s)
== curl http://127.0.0.1:39871/api/v1/hosts -> HTTP 200
== bb-server exit: 1
== first 20 lines of bb-server stdout/stderr:
[07:52:08] INFO: [server] Server listening {"bindHost":"127.0.0.1","port":39871,"dataDir":"/tmp/1120/data-npm11.17"}
node:events:487
      throw er; // Unhandled 'error' event
      ^

Error: listen EADDRINUSE: address already in use 127.0.0.1:39871
    at Server.setupListenHandle [as _listen2] (node:net:2009:16)
    at listenInCluster (node:net:2066:12)
    at node:net:2275:7
    at process.processTicksAndRejections (node:internal/process/task_queues:90:21)
Emitted 'error' event on Server instance at:
    at emitErrorNT (node:net:2045:8)
    at process.processTicksAndRejections (node:internal/process/task_queues:90:21) {
  code: 'EADDRINUSE',
  errno: -98,
  syscall: 'listen',
  address: '127.0.0.1',
  port: 39871
}

