== npm: 11.16.0  node: v24.18.0  HOME=/tmp/1120/home-npm11  prefix=/tmp/1120/g-npm11
== ~/.npmrc present? no
== $ npm install -g --prefix /tmp/1120/g-npm11 bb-app@latest 
npm warn deprecated prebuild-install@7.1.3: No longer maintained. Please contact the author of the relevant native addon; alternatives are available.
npm warn deprecated node-domexception@1.0.0: Use your platform's native DOMException instead
npm warn deprecated node-domexception@1.0.0: Use your platform's native DOMException instead

added 316 packages in 11s

26 packages are looking for funding
  run `npm fund` for details
npm warn allow-scripts 7 packages have install scripts not yet covered by allowScripts:
npm warn allow-scripts   @parcel/watcher@2.5.6 (install: node scripts/build-from-source.js)
npm warn allow-scripts   better-sqlite3@12.10.0 (install: prebuild-install || node-gyp rebuild --release)
npm warn allow-scripts   node-pty@1.1.0 (install: node scripts/prebuild.js || node-gyp rebuild; postinstall: node scripts/post-install.js)
npm warn allow-scripts   @google/genai@1.52.0 (preinstall: echo 'preinstall: no-op')
npm warn allow-scripts   protobufjs@7.6.5 (postinstall: node scripts/postinstall)
npm warn allow-scripts   @google/genai@1.52.0 (preinstall: echo 'preinstall: no-op')
npm warn allow-scripts   protobufjs@7.6.5 (postinstall: node scripts/postinstall)
npm warn allow-scripts
npm warn allow-scripts Run `npm approve-scripts --allow-scripts-pending` to review, or `npm approve-scripts <pkg>` to allow.
npm notice
npm notice New major version of npm available! 11.16.0 -> 12.0.2
npm notice Changelog: https://github.com/npm/cli/releases/tag/v12.0.2
npm notice To update run: npm install -g npm@12.0.2
npm notice
== npm exit code: 0
== installed bb-app version: 0.38.0
== PRESENT better-sqlite3/build/Release/better_sqlite3.node
== PRESENT node-pty/build/Release/pty.node
== @parcel/watcher-* prebuilt platform packages: 1
== $ BB_DATA_DIR=/tmp/1120/data-npm11 /tmp/1120/g-npm11/bin/bb-server (5s timeout)
Error: BB_SERVER_PORT must be a valid TCP port
    at validatePortNumber (file:///tmp/1120/g-npm11/lib/node_modules/bb-app/dist/bb-server.js:17538:9)
    at parsePortValue (file:///tmp/1120/g-npm11/lib/node_modules/bb-app/dist/bb-server.js:17529:10)
    at resolvePortFromEnv (file:///tmp/1120/g-npm11/lib/node_modules/bb-app/dist/bb-server.js:17545:10)
    at resolvePort (file:///tmp/1120/g-npm11/lib/node_modules/bb-app/dist/bb-server.js:17944:10)
    at resolveBbAppStartContext (file:///tmp/1120/g-npm11/lib/node_modules/bb-app/dist/bb-server.js:18071:22)
    at resolveBbAppRuntimeState (file:///tmp/1120/g-npm11/lib/node_modules/bb-app/dist/bb-server.js:18108:26)
    at runBbServer (file:///tmp/1120/g-npm11/lib/node_modules/bb-app/dist/bb-server.js:18262:25)
    at file:///tmp/1120/g-npm11/lib/node_modules/bb-app/dist/bb-server.js:18298:6
    at ModuleJob.run (node:internal/modules/esm/module_job:439:25)
    at async node:internal/modules/esm/loader:643:26
== bb-server exit: 0
