== npx: 12.0.2  node: v24.18.0  HOME=/tmp/1120/home-npx12-allow
== $ BB_DATA_DIR=/tmp/1120/data-npx12-allow BB_SERVER_PORT=39872 BB_HOST_DAEMON_PORT=39873 /tmp/1120/npm12/node_modules/.bin/npx --yes --allow-scripts=better-sqlite3,node-pty,@parcel/watcher bb-app@latest   (40s timeout)
npm notice run npx
npm notice run 'bb-app'

  [1mbb[0m

[2K  [2m○[0m  Starting server[2K  [32m✓[0m  Server listening on [36mhttp://127.0.0.1:39872[0m
[2K  [2m○[0m  Starting host daemon[2K  [32m✓[0m  Host daemon running

  [32m●[0m  [1mbb is ready[0m

     [2mapp   [0m [36mhttp://127.0.0.1:39872[0m
     [2mdaemon[0m 39873
     [2mdata  [0m /tmp/1120/data-npx12-allow
     [2mdb    [0m /tmp/1120/data-npx12-allow/bb.db
     [2mlogs  [0m /tmp/1120/data-npx12-allow/logs/
     [2mlock  [0m /tmp/1120/data-npx12-allow/daemon.lock

     [2mPress Ctrl+C to stop[0m

[07:48:11] INFO: [server] Server listening {"bindHost":"127.0.0.1","port":39872,"dataDir":"/tmp/1120/data-npx12-allow"}
[07:48:12] INFO: [server] plugin automations@0.1.0 loaded
[07:48:13] INFO: [server] plugin connect@0.1.0 loaded
[07:48:13] INFO: [host-daemon] Host daemon connecting {"serverUrl":"http://127.0.0.1:39872","dataDir":"/tmp/1120/data-npx12-allow"}
[07:48:14] INFO: [server] plugin custom-instructions@0.1.0 loaded
[07:48:14] INFO: [server] Session opened {"sessionId":"hses_7smps7fdbh","hostId":"host_jzaqv9qaej","replacedSessionId":null}
[07:48:14] INFO: [server] plugin inline-vis@0.1.0 loaded
[07:48:14] WARN: [server] marketplace bb-community entry "cascade" icon https://getbb.app/marketplace/v1/icons/cascade-7b651515.svg was rejected: 
[07:48:14] WARN: [server] marketplace bb-community entry "ntfy" icon https://getbb.app/marketplace/v1/icons/ntfy-2ef77317.svg was rejected: 
[07:48:14] WARN: [server] marketplace bb-community entry "slopcop" icon https://getbb.app/marketplace/v1/icons/slopcop-35963518.svg was rejected: 
[07:48:14] WARN: [server] marketplace bb-community entry "sticky-notes" icon https://getbb.app/marketplace/v1/icons/sticky-notes-5dc1948a.svg was rejected: 
== exit: 0
