== npx: 12.0.2  node: v24.18.0  HOME=/tmp/1120/home-npx12
== $ BB_DATA_DIR=/tmp/1120/data-npx12 BB_SERVER_PORT=39872 BB_HOST_DAEMON_PORT=39873 /tmp/1120/npm12/node_modules/.bin/npx --yes bb-app@latest   (30s timeout)
npm notice run npx
npm notice run 'bb-app'

  [1mbb[0m

[2K  [2m○[0m  Starting serverError: Could not locate the bindings file. Tried:
 → /tmp/1120/cache-npx12/_npx/614ebd23ff24de90/node_modules/better-sqlite3/build/better_sqlite3.node
 → /tmp/1120/cache-npx12/_npx/614ebd23ff24de90/node_modules/better-sqlite3/build/Debug/better_sqlite3.node
 → /tmp/1120/cache-npx12/_npx/614ebd23ff24de90/node_modules/better-sqlite3/build/Release/better_sqlite3.node
 → /tmp/1120/cache-npx12/_npx/614ebd23ff24de90/node_modules/better-sqlite3/out/Debug/better_sqlite3.node
 → /tmp/1120/cache-npx12/_npx/614ebd23ff24de90/node_modules/better-sqlite3/Debug/better_sqlite3.node
 → /tmp/1120/cache-npx12/_npx/614ebd23ff24de90/node_modules/better-sqlite3/out/Release/better_sqlite3.node
 → /tmp/1120/cache-npx12/_npx/614ebd23ff24de90/node_modules/better-sqlite3/Release/better_sqlite3.node
 → /tmp/1120/cache-npx12/_npx/614ebd23ff24de90/node_modules/better-sqlite3/build/default/better_sqlite3.node
 → /tmp/1120/cache-npx12/_npx/614ebd23ff24de90/node_modules/better-sqlite3/compiled/24.18.0/linux/x64/better_sqlite3.node
 → /tmp/1120/cache-npx12/_npx/614ebd23ff24de90/node_modules/better-sqlite3/addon-build/release/install-root/better_sqlite3.node
 → /tmp/1120/cache-npx12/_npx/614ebd23ff24de90/node_modules/better-sqlite3/addon-build/debug/install-root/better_sqlite3.node
 → /tmp/1120/cache-npx12/_npx/614ebd23ff24de90/node_modules/better-sqlite3/addon-build/default/install-root/better_sqlite3.node
 → /tmp/1120/cache-npx12/_npx/614ebd23ff24de90/node_modules/better-sqlite3/lib/binding/node-v137-linux-x64/better_sqlite3.node
    at bindings (/tmp/1120/cache-npx12/_npx/614ebd23ff24de90/node_modules/bindings/bindings.js:126:9)
    at new Database (/tmp/1120/cache-npx12/_npx/614ebd23ff24de90/node_modules/better-sqlite3/lib/database.js:48:64)
    at createConnection (file:///tmp/1120/cache-npx12/_npx/614ebd23ff24de90/node_modules/bb-app/server/dist/start-server.js:28217:18)
    at initDb (file:///tmp/1120/cache-npx12/_npx/614ebd23ff24de90/node_modules/bb-app/server/dist/start-server.js:284058:14)
    at Module.runServer (file:///tmp/1120/cache-npx12/_npx/614ebd23ff24de90/node_modules/bb-app/server/dist/start-server.js:324008:14)
    at main (file:///tmp/1120/cache-npx12/_npx/614ebd23ff24de90/node_modules/bb-app/server/dist/index.js:18499:22)
[2K  [31m✗[0m  Server failed to start (health check timed out)
     [2mCheck logs: /tmp/1120/data-npx12/logs/[0m


  [2m●[0m  Shutting down
== exit: 0
