=== page1: rows 84 -> 251, sampled 1712ms ===
665.0ms  (program) @ :-1
435.7ms  (idle) @ :-1
99.9ms  readOverflowMeasurement @ conversation-message-overflow.tsx:8
90.8ms  (garbage collector) @ :-1
68.5ms  exports.jsxDEV @ react_jsx-dev-runtime.js:190
44.2ms  exports.jsx @ react_jsx-runtime.js:190
21.2ms  run @ :-1
13.0ms  exports.createElement @ react.js:590
9.8ms  addObjectToProperties @ react-dom_client.js:2332
9.8ms  getMaxScrollOffset @ bottom-anchored-scroll-body.tsx:48
8.6ms  react_stack_bottom_frame @ react-dom_client.js:12863
8.2ms  ReactElement @ react_jsx-dev-runtime.js:103
6.9ms  addValueToProperties @ react-dom_client.js:2335
6.9ms  ReactElement @ react_jsx-runtime.js:103
6.2ms  addObjectDiffToProperties @ react-dom_client.js:2408
5.7ms  setAttribute @ :-1
5.4ms  now @ :-1
5.4ms  createTask @ :-1
5.0ms  ReactStrictModeWarnings.recordLegacyContextWarning @ react-dom_client.js:12834
4.7ms  runWithFiberInDEV @ react-dom_client.js:846
4.4ms  propagateParentContextChanges @ react-dom_client.js:3162
3.8ms  ReactElement @ react.js:131
3.8ms  syntaxExtension @ blank-line-CbzQQYtI.js:188
3.6ms  logComponentRender @ react-dom_client.js:2460
3.1ms  createElementNS @ :-1
2.9ms  mergeProps @ @radix-ui_react-slot.js:56
2.9ms  splice @ blank-line-CbzQQYtI.js:106
2.9ms  validateProperty @ react-dom_client.js:1874
2.9ms  getComponentNameFromType @ react_jsx-dev-runtime.js:14
2.9ms  jsxDEVImpl @ react_jsx-dev-runtime.js:147
--- by script ---
665.0ms  (program))
435.7ms  (idle))
123.6ms  react-dom_client.js
100.5ms  conversation-message-overflow.tsx
90.8ms  (garbage collector))
83.6ms  react_jsx-dev-runtime.js
54.1ms  react_jsx-runtime.js
21.2ms  run)
20.9ms  react.js
16.2ms  react-markdown.js
10.5ms  bottom-anchored-scroll-body.tsx
7.7ms  blank-line-CbzQQYtI.js
5.7ms  setAttribute)
5.4ms  now)
5.4ms  createTask)
=== page2: rows 251 -> 388, sampled 1408ms ===
422.3ms  (program) @ :-1
422.3ms  (idle) @ :-1
156.8ms  readOverflowMeasurement @ conversation-message-overflow.tsx:8
69.6ms  exports.jsxDEV @ react_jsx-dev-runtime.js:190
39.8ms  run @ :-1
38.6ms  exports.jsx @ react_jsx-runtime.js:190
19.8ms  (garbage collector) @ :-1
13.8ms  addValueToProperties @ react-dom_client.js:2335
10.2ms  addObjectToProperties @ react-dom_client.js:2332
10.1ms  propagateParentContextChanges @ react-dom_client.js:3162
10.0ms  exports.createElement @ react.js:590
8.5ms  getMaxScrollOffset @ bottom-anchored-scroll-body.tsx:48
7.8ms  addObjectDiffToProperties @ react-dom_client.js:2408
7.6ms  now @ :-1
7.2ms  ReactElement @ react_jsx-runtime.js:103
6.4ms  createTask @ :-1
5.9ms  setAttribute @ :-1
5.5ms  react_stack_bottom_frame @ react-dom_client.js:12863
4.6ms  ReactElement @ react_jsx-dev-runtime.js:103
3.4ms  logComponentRender @ react-dom_client.js:2460
3.3ms  runWithFiberInDEV @ react-dom_client.js:846
3.3ms  ReactElement @ react.js:131
3.1ms  visitParents @ lib-CvsIybF7.js:385
2.9ms  reconcileChildFibersImpl @ react-dom_client.js:3776
2.6ms  measure @ :-1
2.5ms  ReactStrictModeWarnings.recordLegacyContextWarning @ react-dom_client.js:12834
2.4ms  validatePropertiesInDevelopment @ react-dom_client.js:9493
2.4ms  validateProperty @ react-dom_client.js:1874
2.3ms  completeWork @ react-dom_client.js:6275
1.8ms  jsxDEVImpl @ react_jsx-dev-runtime.js:147
--- by script ---
422.3ms  (program))
422.3ms  (idle))
157.5ms  conversation-message-overflow.tsx
111.2ms  react-dom_client.js
79.8ms  react_jsx-dev-runtime.js
48.4ms  react_jsx-runtime.js
39.8ms  run)
19.8ms  (garbage collector))
15.9ms  react.js
11.7ms  react-markdown.js
9.7ms  bottom-anchored-scroll-body.tsx
7.6ms  now)
6.4ms  createTask)
5.9ms  setAttribute)
4.4ms  blank-line-CbzQQYtI.js
=== pageLate: rows 820 -> 820, sampled 16091ms ===
13495.4ms  (idle) @ :-1
1239.6ms  querySelectorAll @ :-1
1124.1ms  (program) @ :-1
215.5ms  (garbage collector) @ :-1
8.3ms  requestAnimationFrame @ :-1
4.0ms  (anon) @ :0
1.5ms  next @ :24
0.8ms  predicate @ :2
0.4ms  getNearestMountedFiber @ react-dom_client.js:336
0.3ms  dispatchEventForPluginEventSystem @ react-dom_client.js:9213
0.3ms  isTextInputElement @ react-dom_client.js:2171
0.3ms  evaluate @ :283
0.3ms  (anon) @ react-dom_client.js:9239
0.3ms  partialMatchKey @ @tanstack_react-query.js:118
--- by script ---
13495.4ms  (idle))
1239.6ms  querySelectorAll)
1124.1ms  (program))
215.5ms  (garbage collector))
8.3ms  requestAnimationFrame)
4.0ms  )
1.5ms  next)
1.2ms  react-dom_client.js
0.8ms  predicate)
0.3ms  evaluate)
0.3ms  @tanstack_react-query.js
RuntimeError: Aborted(Assertion failed: list_empty(&rt->gc_obj_list), at: ../../vendor/quickjs/quickjs.c,2036,JS_FreeRuntime). Build with -sASSERTIONS for more info.
    at N (file:///home/sawyer/.dev-browser/node_modules/@jitl/quickjs-wasmfile-release-sync/dist/emscripten-module.mjs:6:61)
    at b (file:///home/sawyer/.dev-browser/node_modules/@jitl/quickjs-wasmfile-release-sync/dist/emscripten-module.mjs:14:33)
    at wasm://wasm/001eb57a:wasm-function[656]:0x3bd88
    at wasm://wasm/001eb57a:wasm-function[1017]:0x54cec
    at _Lifetime.disposer (file:///home/sawyer/.dev-browser/node_modules/quickjs-emscripten-core/dist/chunk-V2S4ZYJR.mjs:6:1587)
    at _Lifetime.dispose (file:///home/sawyer/.dev-browser/node_modules/quickjs-emscripten-core/dist/chunk-V2S4ZYJR.mjs:1:4471)
    at _Scope.dispose (file:///home/sawyer/.dev-browser/node_modules/quickjs-emscripten-core/dist/chunk-V2S4ZYJR.mjs:4:1114)
    at QuickJSRuntime.dispose (file:///home/sawyer/.dev-browser/node_modules/quickjs-emscripten-core/dist/chunk-V2S4ZYJR.mjs:5:3564)
    at _QuickJSHost.dispose (file:///home/sawyer/.dev-browser/daemon.mjs:5616:19)
    at QuickJSSandbox.dispose (file:///home/sawyer/.dev-browser/daemon.mjs:6549:19)
