• turbo 2.10.12

   • Packages in scope: @bb/app
   • Running test in 1 packages
   • Remote caching disabled, using shared worktree cache

//:ensure-native-modules: cache bypass, force executing 9ccb584af1c975da
@bb/templates:generate:plugin-scaffold: cache hit, replaying logs 4ab55110f407361f
@bb/templates:generate:plugin-scaffold: 
@bb/templates:generate:plugin-scaffold: > @bb/templates@0.0.1 generate:plugin-scaffold <clean-checkout-A>/packages/templates
@bb/templates:generate:plugin-scaffold: > node ./scripts/generate-plugin-scaffold.mjs
@bb/templates:generate:plugin-scaffold: 
@bb/templates:generate:templates: cache hit, replaying logs 231b7400f8085a77
@bb/templates:generate:templates: 
@bb/templates:generate:templates: > @bb/templates@0.0.1 generate:templates <clean-checkout-A>/packages/templates
@bb/templates:generate:templates: > node ./scripts/generate-templates.mjs
@bb/templates:generate:templates: 
@bb/plugin-build:generate: cache hit, replaying logs d7c9e139099000fe
@bb/plugin-build:generate: 
@bb/plugin-build:generate: > @bb/plugin-build@0.0.1 generate <clean-checkout-A>/packages/plugin-build
@bb/plugin-build:generate: > node ./scripts/generate-plugin-theme.mjs && node ./scripts/generate-runtime-export-manifest.mjs
@bb/plugin-build:generate: 
@bb/plugin-build:generate: plugin-theme.generated.ts up to date
@bb/plugin-build:generate: wrote <clean-checkout-A>/packages/plugin-build/src/generated/runtime-export-manifest.generated.ts (react@19.2.4)
//:ensure-native-modules: 
//:ensure-native-modules: > bb@ ensure-native-modules <clean-checkout-B>
//:ensure-native-modules: > node scripts/ensure-native-modules.mjs
//:ensure-native-modules: 
@bb/app:test: cache miss, executing d067405ad7e44e11
@bb/app:test: 
@bb/app:test: > @bb/app@0.0.1 test <clean-checkout-B>/apps/app
@bb/app:test: > node scripts/generate-pwa-icons.mjs --check && vitest run --config vitest.config.ts "src/components/plugin/PluginPanelRightPanelHost.test.tsx" "-t" "maximizes and restores an ordinary"
@bb/app:test: 
@bb/app:test: 
@bb/app:test:  RUN  v4.1.1 <clean-checkout-B>/apps/app
@bb/app:test: 
@bb/app:test:  ❯ |@bb/app:isolated| src/components/plugin/PluginPanelRightPanelHost.test.tsx (23 tests | 1 failed | 22 skipped) 498ms
@bb/app:test:      ↓ shows the side-panel glyph on the trigger for a compact viewport
@bb/app:test:      ↓ shows the side-panel glyph on the trigger for a wide viewport
@bb/app:test:      ↓ keeps one panel toggle and retains the panel after its first opening
@bb/app:test:      × maximizes and restores an ordinary plugin page panel and resets on close 496ms
@bb/app:test:      ↓ opens plugin detail links in a header-controlled tab without leaving the plugin page
@bb/app:test:      ↓ restores closed plugin details before older content tabs
@bb/app:test:      ↓ accepts sidebar detail requests before the plugin panel registers
@bb/app:test:      ↓ observes only the selected detail tab while retaining inactive tab metadata
@bb/app:test:      ↓ closes every plugin detail tab when several close in one event
@bb/app:test:      ↓ closes the compact drawer when its remaining tab closes
@bb/app:test:      ↓ uses the shared panel state and explicit icons for plugin fixed tabs
@bb/app:test:      ↓ retains a validated fixed-tab target across panel and route remounts for the app session
@bb/app:test:      ↓ opens every explicit live-file identity through the shared panel host
@bb/app:test:      ↓ gives plugin-page file openers the full content region
@bb/app:test:      ↓ lets a restored padded action own its single padded scroll frame
@bb/app:test:      ↓ does not reopen fixed tabs after navigating away and back
@bb/app:test:      ↓ preserves a closed fixed tab while its plugin registration is loading
@bb/app:test:      ↓ opens Browser with address focus without a plugin allowlist
@bb/app:test:      ↓ closes an open panel when refresh leaves no persisted tabs
@bb/app:test:      ↓ starts a terminal on the machine selected in the New tab row
@bb/app:test:      ↓ opens a plugin-created terminal once, targeted at its own scope
@bb/app:test:      ↓ refuses plugin terminals while the page's panel is not registered
@bb/app:test:      ↓ keeps a restored thread-targeted terminal out of thread tab sync
@bb/app:test: 
@bb/app:test: ⎯⎯⎯⎯⎯⎯⎯ Failed Tests 1 ⎯⎯⎯⎯⎯⎯⎯
@bb/app:test: 
@bb/app:test:  FAIL  |@bb/app:isolated| src/components/plugin/PluginPanelRightPanelHost.test.tsx > PluginPanelRightPanelHost > maximizes and restores an ordinary plugin page panel and resets on close
@bb/app:test: TestingLibraryElementError: Unable to find an accessible element with the role "button" and name "Restore split"
@bb/app:test: 
@bb/app:test: Here are the accessible roles:
@bb/app:test: 
@bb/app:test:   status:
@bb/app:test: 
@bb/app:test:   Name "":
@bb/app:test:   <output
@bb/app:test:     data-testid="current-path"
@bb/app:test:   />
@bb/app:test: 
@bb/app:test:   --------------------------------------------------
@bb/app:test:   link:
@bb/app:test: 
@bb/app:test:   Name "Open Secrets plugin":
@bb/app:test:   <a
@bb/app:test:     href="/plugins/secrets"
@bb/app:test:   />
@bb/app:test: 
@bb/app:test:   Name "Open Automations plugin":
@bb/app:test:   <a
@bb/app:test:     href="/plugins/automations"
@bb/app:test:   />
@bb/app:test: 
@bb/app:test:   --------------------------------------------------
@bb/app:test:   button:
@bb/app:test: 
@bb/app:test:   Name "Open workspace file":
@bb/app:test:   <button
@bb/app:test:     type="button"
@bb/app:test:   />
@bb/app:test: 
@bb/app:test:   Name "Open host file":
@bb/app:test:   <button
@bb/app:test:     type="button"
@bb/app:test:   />
@bb/app:test: 
@bb/app:test:   Name "Open storage file":
@bb/app:test:   <button
@bb/app:test:     type="button"
@bb/app:test:   />
@bb/app:test: 
@bb/app:test:   Name "Open worktree terminal":
@bb/app:test:   <button
@bb/app:test:     type="button"
@bb/app:test:   />
@bb/app:test: 
@bb/app:test:   Name "Open targeted fixed tab":
@bb/app:test:   <button
@bb/app:test:     type="button"
@bb/app:test:   />
@bb/app:test: 
@bb/app:test:   Name "Open invalid fixed tab target":
@bb/app:test:   <button
@bb/app:test:     type="button"
@bb/app:test:   />
@bb/app:test: 
@bb/app:test:   Name "New tab":
@bb/app:test:   <button
@bb/app:test:     type="button"
@bb/app:test:   />
@bb/app:test: 
@bb/app:test:   Name "Close New tab":
@bb/app:test:   <button
@bb/app:test:     aria-label="Close New tab"
@bb/app:test:     type="button"
@bb/app:test:   />
@bb/app:test: 
@bb/app:test:   Name "Close all tabs":
@bb/app:test:   <button
@bb/app:test:     type="button"
@bb/app:test:   />
@bb/app:test: 
@bb/app:test:   Name "Add tab":
@bb/app:test:   <button
@bb/app:test:     type="button"
@bb/app:test:   />
@bb/app:test: 
@bb/app:test:   Name "Hide right panel":
@bb/app:test:   <button
@bb/app:test:     aria-label="Hide right panel"
@bb/app:test:     type="button"
@bb/app:test:   />
@bb/app:test: 
@bb/app:test:   Name "Maximize pane":
@bb/app:test:   <button
@bb/app:test:     aria-label="Maximize pane"
@bb/app:test:     aria-pressed="false"
@bb/app:test:     type="button"
@bb/app:test:   />
@bb/app:test: 
@bb/app:test:   Name "Start terminal":
@bb/app:test:   <button
@bb/app:test:     type="button"
@bb/app:test:   />
@bb/app:test: 
@bb/app:test:   Name "Machine":
@bb/app:test:   <button
@bb/app:test:     aria-expanded="false"
@bb/app:test:     aria-haspopup="menu"
@bb/app:test:     aria-label="Machine"
@bb/app:test:     class="inline-flex cursor-pointer whitespace-nowrap font-medium duration-150 hover:duration-0 focus-visible:outline-none focus-visible:ring-1 focus-visible:ring-ring disabled:pointer-events-none disabled:opacity-50 [&_[data-icon-root]]:pointer-events-none [&_[data-icon-root]]:size-4 [&_[data-icon-root]]:shrink-0 hover:bg-state-hover aria-pressed:bg-state-active aria-pressed:text-foreground aria-pressed:hover:bg-state-active data-[state=open]:bg-state-active data-[state=open]:text-foreground data-[state=open]:hover:bg-state-active rounded-md select-none w-fit min-w-0 items-center justify-start gap-1 border-none bg-transparent shadow-none transition-none text-muted-foreground hover:text-muted-foreground h-6 max-w-40 px-1.5 text-xs"
@bb/app:test:     data-state="closed"
@bb/app:test:     id="radix-_r_1_"
@bb/app:test:     type="button"
@bb/app:test:   />
@bb/app:test: 
@bb/app:test:   --------------------------------------------------
@bb/app:test:   complementary:
@bb/app:test: 
@bb/app:test:   Name "":
@bb/app:test:   <aside
@bb/app:test:     data-file-tab-content-fills-region="false"
@bb/app:test:     data-testid="shared-thread-secondary-panel"
@bb/app:test:   />
@bb/app:test: 
@bb/app:test:   --------------------------------------------------
@bb/app:test: 
@bb/app:test: Ignored nodes: comments, script, style
@bb/app:test: <body>
@bb/app:test:   <div>
@bb/app:test:     <output
@bb/app:test:       data-testid="current-path"
@bb/app:test:     >
@bb/app:test:       /plugins/demo/board
@bb/app:test:     </output>
@bb/app:test:     <div
@bb/app:test:       data-plugin-right-panel-toggle-portal="plugin-panel:demo:board:standalone"
@bb/app:test:     />
@bb/app:test:     <div
@bb/app:test:       class="flex min-h-0 min-w-0 flex-1 flex-col overflow-hidden h-full"
@bb/app:test:     >
@bb/app:test:       <div
@bb/app:test:         data-testid="shared-secondary-panel-layout"
@bb/app:test:       >
@bb/app:test:         <div>
@bb/app:test:           Plugin page
@bb/app:test:         </div>
@bb/app:test:         <div>
@bb/app:test:           <a
@bb/app:test:             href="/plugins/secrets"
@bb/app:test:           >
@bb/app:test:             Open Secrets plugin
@bb/app:test:           </a>
@bb/app:test:           <a
@bb/app:test:             href="/plugins/automations"
@bb/app:test:           >
@bb/app:test:             Open Automations plugin
@bb/app:test:           </a>
@bb/app:test:         </div>
@bb/app:test:         <button
@bb/app:test:           type="button"
@bb/app:test:         >
@bb/app:test:           Open workspace file
@bb/app:test:         </button>
@bb/app:test:         <button
@bb/app:test:           type="button"
@bb/app:test:         >
@bb/app:test:           Open host file
@bb/app:test:         </button>
@bb/app:test:         <button
@bb/app:test:           type="button"
@bb/app:test:         >
@bb/app:test:           Open storage file
@bb/app:test:         </button>
@bb/app:test:         <button
@bb/app:test:           type="button"
@bb/app:test:         >
@bb/app:test:           Open worktree terminal
@bb/app:test:         </button>
@bb/app:test:         <button
@bb/app:test:           type="button"
@bb/app:test:         >
@bb/app:test:           Open targeted fixed tab
@bb/app:test:         </button>
@bb/app:test:         <button
@bb/app:test:           type="button"
@bb/app:test:         >
@bb/app:test:           Open invalid fixed tab target
@bb/app:test:         </button>
@bb/app:test:         <div
@bb/app:test:           data-testid="shared-secondary-panel-region"
@bb/app:test:         >
@bb/app:test:           <aside
@bb/app:test:             data-file-tab-content-fills-region="false"
@bb/app:test:             data-testid="shared-thread-secondary-panel"
@bb/app:test:           >
@bb/app:test:             <div>
@bb/app:test:               <button
@bb/app:test:                 type="button"
@bb/app:test:               >
@bb/app:test:                 New tab
@bb/app:test:               </button>
@bb/app:test:               <button
@bb/app:test:                 aria-label="Close New tab"
@bb/app:test:                 type="button"
@bb/app:test:               />
@bb/app:test:             </div>
@bb/app:test:             <button
@bb/app:test:               type="button"
@bb/app:test:             >
@bb/app:test:               Close all tabs
@bb/app:test:             </button>
@bb/app:test:             <button
@bb/app:test:               type="button"
@bb/app:test:             >
@bb/app:test:               Add tab
@bb/app:test:             </button>
@bb/app:test:             <button
@bb/app:test:               aria-label="Hide right panel"
@bb/app:test:               type="button"
@bb/app:test:             />
@bb/app:test:             <button
@bb/app:test:               aria-label="Maximize pane"
@bb/app:test:               aria-pressed="false"
@bb/app:test:               type="button"
@bb/app:test:             />
@bb/app:test:             <div
@bb/app:test:               data-testid="plugin-page-new-tab"
@bb/app:test:             >
@bb/app:test:               <button
@bb/app:test:                 type="button"
@bb/app:test:               >
@bb/app:test:                 Start terminal
@bb/app:test:               </button>
@bb/app:test:               <button
@bb/app:test:                 aria-expanded="false"
@bb/app:test:                 aria-haspopup="menu"
@bb/app:test:                 aria-label="Machine"
@bb/app:test:                 class="inline-flex cursor-pointer whitespace-nowrap font-medium duration-150 hover:duration-0 focus-visible:outline-none focus-visible:ring-1 focus-visible:ring-ring disabled:pointer-events-none disabled:opacity-50 [&_[data-icon-root]]:pointer-events-none [&_[data-icon-root]]:size-4 [&_[data-icon-root]]:shrink-0 hover:bg-state-hover aria-pressed:bg-state-active aria-pressed:text-foreground aria-pressed:hover:bg-state-active data-[state=open]:bg-state-active data-[state=open]:text-foreground data-[state=open]:hover:bg-state-active rounded-md select-none w-fit min-w-0 items-center justify-start gap-1 border-none bg-transparent shadow-none transition-none text-muted-foreground hover:text-muted-foreground h-6 max-w-40 px-1.5 text-xs"
@bb/app:test:                 data-state="closed"
@bb/app:test:                 id="radix-_r_1_"
@bb/app:test:                 type="button"
@bb/app:test:               >
@bb/app:test:                 <span
@bb/app:test:                   class="contents"
@bb/app:test:                   title="Machine: Studio"
@bb/app:test:                 >
@bb/app:test:                   <span
@bb/app:test:                     class="min-w-0 truncate"
@bb/app:test:                   >
@bb/app:test:                     Studio
@bb/app:test:                   </span>
@bb/app:test:                 </span>
@bb/app:test:                 <svg
@bb/app:test:                   class="size-3.5 shrink-0 text-muted-foreground"
@bb/app:test:                   color="currentColor"
@bb/app:test:                   data-icon="ChevronDown"
@bb/app:test:                   data-icon-root=""
@bb/app:test:                   fill="none"
@bb/app:test:                   height="24"
@bb/app:test:                   viewBox="0 0 24 24"
@bb/app:test:                   width="24"
@bb/app:test:                   xmlns="http://www.w3.org/2000/svg"
@bb/app:test:                 >
@bb/app:test:                   <path
@bb/app:test:                     d="M18 9.00005C18 9.00005 13.5811 15 12 15C10.4188 15 6 9 6 9"
@bb/app:test:                     stroke="currentColor"
@bb/app:test:                     stroke-linecap="round"
@bb/app:test:                     stroke-linejoin="round"
@bb/app:test:                     stroke-width="1.5"
@bb/app:test:                   />
@bb/app:test:                 </svg>
@bb/app:test:               </button>
@bb/app:test:             </div>
@bb/app:test:           </aside>
@bb/app:test:         </div>
@bb/app:test:       </div>
@bb/app:test:     </div>
@bb/app:test:   </div>
@bb/app:test: </body>
@bb/app:test:  ❯ Object.getElementError ../../node_modules/.pnpm/@testing-library+dom@10.4.1/node_modules/@testing-library/dom/dist/config.js:37:19
@bb/app:test:  ❯ ../../node_modules/.pnpm/@testing-library+dom@10.4.1/node_modules/@testing-library/dom/dist/query-helpers.js:76:38
@bb/app:test:  ❯ ../../node_modules/.pnpm/@testing-library+dom@10.4.1/node_modules/@testing-library/dom/dist/query-helpers.js:52:17
@bb/app:test:  ❯ ../../node_modules/.pnpm/@testing-library+dom@10.4.1/node_modules/@testing-library/dom/dist/query-helpers.js:95:19
@bb/app:test:  ❯ src/components/plugin/PluginPanelRightPanelHost.test.tsx:853:14
@bb/app:test:     851|     fireEvent.click(screen.getByRole("button", { name: "Maximize pane"…
@bb/app:test:     852|     expect(
@bb/app:test:     853|       screen.getByRole("button", { name: "Restore split" }).getAttribu…
@bb/app:test:        |              ^
@bb/app:test:     854|     ).toBe("true");
@bb/app:test:     855|     fireEvent.click(screen.getByRole("button", { name: "Restore split"…
@bb/app:test: 
@bb/app:test: ⎯⎯⎯⎯⎯⎯⎯⎯⎯⎯⎯⎯⎯⎯⎯⎯⎯⎯⎯⎯⎯⎯⎯⎯[1/1]⎯
@bb/app:test: 
@bb/app:test: 
@bb/app:test:  Test Files  1 failed (1)
@bb/app:test:       Tests  1 failed | 22 skipped (23)
@bb/app:test:    Start at  14:05:11
@bb/app:test:    Duration  3.80s (transform 2.09s, setup 169ms, import 2.51s, tests 498ms, environment 480ms)
@bb/app:test: 
@bb/app:test:  ELIFECYCLE  Test failed. See above for more details.
@bb/app#test:  ERROR  command (<clean-checkout-B>/apps/app) /usr/local/bin/pnpm run test src/components/plugin/PluginPanelRightPanelHost.test.tsx -t maximizes and restores an ordinary exited (1)

 Tasks:    4 successful, 5 total
Cached:    3 cached, 5 total
  Time:    5.599s 
Failed:    @bb/app#test

 ERROR  run failed: command  exited (1)
