• turbo 2.10.12

   • Packages in scope: @bb/server
   • Running build in 1 packages
   • Remote caching disabled

@bb/server:generate:bb-official-marketplace: cache hit, replaying logs 66d97b197bf02154
@bb/server:generate:bb-official-marketplace: 
@bb/server:generate:bb-official-marketplace: > @bb/server@0.0.1 generate:bb-official-marketplace <work>/first/apps/server
@bb/server:generate:bb-official-marketplace: > node --conditions=source --import tsx scripts/generate-bb-official-marketplace.ts
@bb/server:generate:bb-official-marketplace: 
@bb/plugin-build:generate: cache hit, replaying logs 70fa16b36b1cf0df
@bb/plugin-build:generate: 
@bb/plugin-build:generate: > @bb/plugin-build@0.0.1 generate <work>/first/packages/plugin-build
@bb/plugin-build:generate: > node ./scripts/generate-plugin-theme.mjs && node ./scripts/generate-runtime-export-manifest.mjs
@bb/plugin-build:generate: 
@bb/plugin-build:generate: wrote packages/plugin-build/src/generated/plugin-theme.generated.ts
@bb/plugin-build:generate: wrote <work>/first/packages/plugin-build/src/generated/runtime-export-manifest.generated.ts (react@19.2.4)
@bb/templates:generate:templates: cache hit, replaying logs 3c1c3079059b48fb
@bb/templates:generate:templates: 
@bb/templates:generate:templates: > @bb/templates@0.0.1 generate:templates <work>/first/packages/templates
@bb/templates:generate:templates: > node ./scripts/generate-templates.mjs
@bb/templates:generate:templates: 
@bb/templates:generate:plugin-scaffold: cache hit, replaying logs 04eb6e9f1a623385
@bb/templates:generate:plugin-scaffold: 
@bb/templates:generate:plugin-scaffold: > @bb/templates@0.0.1 generate:plugin-scaffold <work>/first/packages/templates
@bb/templates:generate:plugin-scaffold: > node ./scripts/generate-plugin-scaffold.mjs
@bb/templates:generate:plugin-scaffold: 
@bb/server:build: cache miss, executing 83bc40218d95322c
@bb/server:build: 
@bb/server:build: > @bb/server@0.0.1 build <work>/first/apps/server
@bb/server:build: > node ../../scripts/build-node-entry.mjs src/index.ts dist/index.js --clean-dist --external ./start-server.js --copy-dir ../../packages/db/drizzle dist/drizzle --copy-dir src/assets dist/assets && node --import tsx scripts/copy-builtin-skills.ts && node ../../scripts/build-node-entry.mjs src/start-server.ts dist/start-server.js && node ../../scripts/build-node-entry.mjs ../../packages/plugin-sdk/src/index.ts dist/plugin-sdk-runtime.js && node ../../scripts/build-node-entry.mjs src/services/plugins/zod-runtime.ts dist/zod-runtime.js
@bb/server:build: 

 Tasks:    5 successful, 5 total
Cached:    4 cached, 5 total
  Time:    17.59s 

