• turbo 2.8.3
• Packages in scope: bb-plugin-provider-pi
• Running test in 1 packages
• Remote caching disabled, using shared worktree cache
@bb/templates:generate:plugin-scaffold: cache hit, replaying logs 11c1ee9294ea92e0
@bb/templates:generate:plugin-scaffold: 
@bb/templates:generate:plugin-scaffold: > @bb/templates@0.0.1 generate:plugin-scaffold [HOME]/.bb-machines/bee.getbb.app/worktrees/env_amkn9a9ydg/bb/packages/templates
@bb/templates:generate:plugin-scaffold: > node ./scripts/generate-plugin-scaffold.mjs
@bb/templates:generate:plugin-scaffold: 
//:ensure-native-modules: cache bypass, force executing 8f9652d181688c13
@bb/templates:generate:templates: cache hit, replaying logs cc6176ce8565254c
@bb/templates:generate:templates: 
@bb/templates:generate:templates: > @bb/templates@0.0.1 generate:templates [HOME]/.bb-machines/bee.getbb.app/worktrees/env_amkn9a9ydg/bb/packages/templates
@bb/templates:generate:templates: > node ./scripts/generate-templates.mjs
@bb/templates:generate:templates: 
//:ensure-native-modules: 
//:ensure-native-modules: > bb@ ensure-native-modules [HOME]/.bb-machines/bee.getbb.app/worktrees/env_amkn9a9ydg/bb
//:ensure-native-modules: > node scripts/ensure-native-modules.mjs
//:ensure-native-modules: 
bb-plugin-provider-pi:test: cache miss, executing 7a32d2e0fefc919f
bb-plugin-provider-pi:test: 
bb-plugin-provider-pi:test: > bb-plugin-provider-pi@0.1.0 test [HOME]/.bb-machines/bee.getbb.app/worktrees/env_amkn9a9ydg/bb/plugins/provider-pi
bb-plugin-provider-pi:test: > vitest run --config vitest.config.ts "--run" "src/bridge/provider-maintenance.bun.test.ts"
bb-plugin-provider-pi:test: 
bb-plugin-provider-pi:test: 
bb-plugin-provider-pi:test:  RUN  v4.1.1 [HOME]/.bb-machines/bee.getbb.app/worktrees/env_amkn9a9ydg/bb/plugins/provider-pi
bb-plugin-provider-pi:test: 
bb-plugin-provider-pi:test:  ❯ |bb-plugin-provider-pi:isolated| src/bridge/provider-maintenance.bun.test.ts (1 test | 1 failed) 619ms
bb-plugin-provider-pi:test:      × updates through Bun when the resolved Pi command is a wrapper around Bun's global binary 618ms
bb-plugin-provider-pi:test: 
bb-plugin-provider-pi:test: ⎯⎯⎯⎯⎯⎯⎯ Failed Tests 1 ⎯⎯⎯⎯⎯⎯⎯
bb-plugin-provider-pi:test: 
bb-plugin-provider-pi:test:  FAIL  |bb-plugin-provider-pi:isolated| src/bridge/provider-maintenance.bun.test.ts > Pi provider maintenance with a Bun-managed executable > updates through Bun when the resolved Pi command is a wrapper around Bun's global binary
bb-plugin-provider-pi:test: AssertionError: expected 'npm install -g @earendil-works/pi-cod…' to be 'bun add -g @earendil-works/pi-coding-…' // Object.is equality
bb-plugin-provider-pi:test: 
bb-plugin-provider-pi:test: Expected: "bun add -g @earendil-works/pi-coding-agent@latest"
bb-plugin-provider-pi:test: Received: "npm install -g @earendil-works/pi-coding-agent@latest"
bb-plugin-provider-pi:test: 
bb-plugin-provider-pi:test:  ❯ src/bridge/provider-maintenance.bun.test.ts:76:43
bb-plugin-provider-pi:test:      74|     const run = await getPiProviderInstallationRun("update");
bb-plugin-provider-pi:test:      75|
bb-plugin-provider-pi:test:      76|     expect(status.installAction?.command).toBe(
bb-plugin-provider-pi:test:        |                                           ^
bb-plugin-provider-pi:test:      77|       "bun add -g @earendil-works/pi-coding-agent@latest",
bb-plugin-provider-pi:test:      78|     );
bb-plugin-provider-pi:test: 
bb-plugin-provider-pi:test: ⎯⎯⎯⎯⎯⎯⎯⎯⎯⎯⎯⎯⎯⎯⎯⎯⎯⎯⎯⎯⎯⎯⎯⎯[1/1]⎯
bb-plugin-provider-pi:test: 
bb-plugin-provider-pi:test: 
bb-plugin-provider-pi:test:  Test Files  1 failed (1)
bb-plugin-provider-pi:test:       Tests  1 failed (1)
bb-plugin-provider-pi:test:    Start at  04:30:46
bb-plugin-provider-pi:test:    Duration  1.03s (transform 225ms, setup 0ms, import 339ms, tests 619ms, environment 0ms)
bb-plugin-provider-pi:test: 
bb-plugin-provider-pi:test:  ELIFECYCLE  Test failed. See above for more details.
bb-plugin-provider-pi:test: ERROR: command finished with error: command ([HOME]/.bb-machines/bee.getbb.app/worktrees/env_amkn9a9ydg/bb/plugins/provider-pi) [HOME]/Library/pnpm/.tools/pnpm/9.15.0/bin/pnpm run test --run src/bridge/provider-maintenance.bun.test.ts exited (1)
bb-plugin-provider-pi#test: command ([HOME]/.bb-machines/bee.getbb.app/worktrees/env_amkn9a9ydg/bb/plugins/provider-pi) [HOME]/Library/pnpm/.tools/pnpm/9.15.0/bin/pnpm run test --run src/bridge/provider-maintenance.bun.test.ts exited (1)

 Tasks:    3 successful, 4 total
Cached:    2 cached, 4 total
  Time:    1.997s 
Failed:    bb-plugin-provider-pi#test

 ERROR  run failed: command  exited (1)
