• turbo 2.10.12

   • Packages in scope: bb-plugin-monaco-editor
   • Running test, typecheck in 1 packages
   • Remote caching disabled, using shared worktree cache

//:ensure-native-modules: cache bypass, force executing 534e2191fcea7ebe
@bb/plugin-build:generate: cache hit, replaying logs 1575543f7dc3bb63
@bb/plugin-build:generate: 
@bb/plugin-build:generate: > @bb/plugin-build@0.0.1 generate <second-checkout>/packages/plugin-build
@bb/plugin-build:generate: > node ./scripts/generate-plugin-theme.mjs && node ./scripts/generate-runtime-export-manifest.mjs
@bb/plugin-build:generate: 
@bb/plugin-build:generate: plugin-theme.generated.ts up to date
@bb/plugin-build:generate: wrote <second-checkout>/packages/plugin-build/src/generated/runtime-export-manifest.generated.ts (react@19.2.4)
@bb/templates:generate:templates: cache hit, replaying logs 011a0a1c275df763
@bb/templates:generate:plugin-scaffold: cache hit, replaying logs 14865b6ac390d628
@bb/templates:generate:templates: 
@bb/templates:generate:templates: > @bb/templates@0.0.1 generate:templates <second-checkout>/packages/templates
@bb/templates:generate:templates: > node ./scripts/generate-templates.mjs
@bb/templates:generate:templates: 
@bb/templates:generate:plugin-scaffold: 
@bb/templates:generate:plugin-scaffold: > @bb/templates@0.0.1 generate:plugin-scaffold <second-checkout>/packages/templates
@bb/templates:generate:plugin-scaffold: > node ./scripts/generate-plugin-scaffold.mjs
@bb/templates:generate:plugin-scaffold: 
@get-bb/plugin-sdk:build:types: cache hit, replaying logs 6dc027bbde16cb99
@get-bb/plugin-sdk:build:types: 
@get-bb/plugin-sdk:build:types: > @get-bb/plugin-sdk@0.4.88 build:types <host-tool-path>
@get-bb/plugin-sdk:build:types: > node scripts/build-bundled-dts.mjs
@get-bb/plugin-sdk:build:types: 
@get-bb/plugin-sdk:build:types: Wrote bundled-types/bb-plugin-sdk.d.ts
@get-bb/plugin-sdk:build:types: Wrote bundled-types/bb-plugin-sdk-ai-services.d.ts
@get-bb/plugin-sdk:build:types: Wrote bundled-types/bb-plugin-sdk-provider-bridge.d.ts
@get-bb/plugin-sdk:build:types: Wrote bundled-types/bb-plugin-sdk-provider-bridge-testing.d.ts
@get-bb/plugin-sdk:build:types: Wrote bundled-types/bb-plugin-sdk-provider-bridge-acp.d.ts
@get-bb/plugin-sdk:build:types: Wrote bundled-types/bb-plugin-sdk-environment-provider.d.ts
@get-bb/plugin-sdk:build:types: Wrote bundled-types/bb-plugin-sdk-machine-provider.d.ts
@get-bb/plugin-sdk:build:types: Wrote bundled-types/bb-plugin-sdk-app.d.ts
@get-bb/plugin-sdk:build:types: Wrote bundled-types/bb-plugin-sdk-host.d.ts
@get-bb/plugin-sdk:build:types: Wrote bundled-types/bb-plugin-sdk-internal-composer-customization-validation.d.ts
@get-bb/plugin-sdk:build:types: Wrote bundled-types/bb-plugin-sdk-internal-composer-view.d.ts
@get-bb/plugin-sdk:build:types: Wrote bundled-types/bb-plugin-sdk-internal-file-navigation-validation.d.ts
@get-bb/plugin-sdk:build:types: Wrote bundled-types/bb-plugin-sdk-internal-host-policy.d.ts
@get-bb/plugin-sdk:build:types: Wrote bundled-types/bb-plugin-sdk-internal-plugin-app-collector.d.ts
@get-bb/plugin-sdk:build:types: Wrote bundled-types/bb-plugin-sdk-testing.d.ts
@get-bb/plugin-sdk:build:types: Wrote bundled-types/bb-plugin-sdk-testing-app.d.ts
@get-bb/plugin-sdk:build:types: Wrote bundled-types/bb-plugin-sdk-testing-host.d.ts
bb-plugin-monaco-editor:typecheck: cache miss, executing 6d5a4d2771de5a6b
//:ensure-native-modules: 
//:ensure-native-modules: > bb@ ensure-native-modules <checkout>
//:ensure-native-modules: > node scripts/ensure-native-modules.mjs
//:ensure-native-modules: 
bb-plugin-monaco-editor:typecheck: 
bb-plugin-monaco-editor:typecheck: > bb-plugin-monaco-editor@0.1.0 typecheck <checkout>/plugins/monaco-editor
bb-plugin-monaco-editor:typecheck: > tsc --noEmit -p tsconfig.json
bb-plugin-monaco-editor:typecheck: 
bb-plugin-monaco-editor:test: cache miss, executing 5685b6e469bf1d67
bb-plugin-monaco-editor:test: 
bb-plugin-monaco-editor:test: > bb-plugin-monaco-editor@0.1.0 test <checkout>/plugins/monaco-editor
bb-plugin-monaco-editor:test: > vitest run --config vitest.config.ts
bb-plugin-monaco-editor:test: 
bb-plugin-monaco-editor:test: 
bb-plugin-monaco-editor:test:  RUN  v4.1.1 <checkout>/plugins/monaco-editor
bb-plugin-monaco-editor:test: 
bb-plugin-monaco-editor:test:  ✓ |bb-plugin-monaco-editor| lib/monaco-theme.test.ts (14 tests) 4ms
bb-plugin-monaco-editor:test:  ✓ |bb-plugin-monaco-editor| lib/languages.test.ts (2 tests) 4ms
bb-plugin-monaco-editor:test:  ✓ |bb-plugin-monaco-editor| lib/file-tree.test.ts (9 tests) 5ms
bb-plugin-monaco-editor:test:  ✓ |bb-plugin-monaco-editor| server.test.ts (3 tests) 7ms
bb-plugin-monaco-editor:test:  ✓ |bb-plugin-monaco-editor| app.test.tsx (9 tests) 375ms
bb-plugin-monaco-editor:test: 
bb-plugin-monaco-editor:test:  Test Files  5 passed (5)
bb-plugin-monaco-editor:test:       Tests  37 passed (37)
bb-plugin-monaco-editor:test:    Start at  03:38:42
bb-plugin-monaco-editor:test:    Duration  1.11s (transform 471ms, setup 0ms, import 812ms, tests 395ms, environment 365ms)
bb-plugin-monaco-editor:test: 

 Tasks:    7 successful, 7 total
Cached:    4 cached, 7 total
  Time:    1.802s 

