• turbo 2.10.12

   • Packages in scope: @bb/agent-runtime
   • Running test in 1 packages
   • Remote caching disabled, using shared worktree cache

@bb/templates:generate:plugin-scaffold: cache bypass, force executing 1d2008b0946282b7
@bb/plugin-build:generate: cache bypass, force executing 342d7c1fefe4e55a
@bb/templates:generate:templates: cache bypass, force executing f7f0dfdd7c4834ed
//:ensure-native-modules: cache bypass, force executing 815806011a82a2c7
@bb/templates:generate:templates: 
@bb/templates:generate:templates: > @bb/templates@0.0.1 generate:templates <second-checkout>/packages/templates
@bb/templates:generate:templates: > node ./scripts/generate-templates.mjs
@bb/templates:generate:templates: 
//:ensure-native-modules: 
//:ensure-native-modules: > bb@ ensure-native-modules <second-checkout>
//:ensure-native-modules: > node scripts/ensure-native-modules.mjs
//:ensure-native-modules: 
@bb/plugin-build:generate: 
@bb/plugin-build:generate: > @bb/plugin-build@0.0.1 generate <second-checkout>/packages/plugin-build
@bb/plugin-build:generate: > node ./scripts/generate-plugin-theme.mjs && node ./scripts/generate-runtime-export-manifest.mjs
@bb/plugin-build:generate: 
@bb/templates:generate:plugin-scaffold: 
@bb/templates:generate:plugin-scaffold: > @bb/templates@0.0.1 generate:plugin-scaffold <second-checkout>/packages/templates
@bb/templates:generate:plugin-scaffold: > node ./scripts/generate-plugin-scaffold.mjs
@bb/templates:generate:plugin-scaffold: 
@bb/plugin-build:generate: plugin-theme.generated.ts up to date
@bb/plugin-build:generate: wrote <second-checkout>/packages/plugin-build/src/generated/runtime-export-manifest.generated.ts (react@19.2.4)
@bb/agent-runtime:generate:test-bridges: cache bypass, force executing 2b48cc73bd0b2005
@bb/agent-runtime:generate:test-bridges: 
@bb/agent-runtime:generate:test-bridges: > @bb/agent-runtime@0.0.1 generate:test-bridges <second-checkout>/packages/agent-runtime
@bb/agent-runtime:generate:test-bridges: > node ./scripts/build-test-bridges.mjs
@bb/agent-runtime:generate:test-bridges: 
@bb/agent-runtime:test: cache bypass, force executing e68fd9a4f5dcb324
@bb/agent-runtime:test: 
@bb/agent-runtime:test: > @bb/agent-runtime@0.0.1 test <second-checkout>/packages/agent-runtime
@bb/agent-runtime:test: > vitest run --config vitest.config.ts "src/runtime.turn-start-watchdog.test.ts"
@bb/agent-runtime:test: 
@bb/agent-runtime:test: 
@bb/agent-runtime:test:  RUN  v4.1.1 <second-checkout>/packages/agent-runtime
@bb/agent-runtime:test: 
@bb/agent-runtime:test: stdout | src/runtime.turn-start-watchdog.test.ts > turn-start watchdog > surfaces a visible error when an accepted turn never starts
@bb/agent-runtime:test: timeout recovery {"warnings":1,"starts":0,"completions":0}
@bb/agent-runtime:test: 
@bb/agent-runtime:test:  ❯ |@bb/agent-runtime| src/runtime.turn-start-watchdog.test.ts (2 tests | 1 failed) 795ms
@bb/agent-runtime:test:      × surfaces a visible error when an accepted turn never starts 461ms
@bb/agent-runtime:test:      ✓ stays silent when the turn starts within the threshold  333ms
@bb/agent-runtime:test: 
@bb/agent-runtime:test: ⎯⎯⎯⎯⎯⎯⎯ Failed Tests 1 ⎯⎯⎯⎯⎯⎯⎯
@bb/agent-runtime:test: 
@bb/agent-runtime:test:  FAIL  |@bb/agent-runtime| src/runtime.turn-start-watchdog.test.ts > turn-start watchdog > surfaces a visible error when an accepted turn never starts
@bb/agent-runtime:test: AssertionError: promise rejected "CompetingTurnError: Refusing to start a c…" instead of resolving
@bb/agent-runtime:test:  ❯ src/runtime.turn-start-watchdog.test.ts:89:8
@bb/agent-runtime:test:      87|       input: [promptTextInput({ text: "retry" })],
@bb/agent-runtime:test:      88|       options: fullRuntimeOptions,
@bb/agent-runtime:test:      89|     })).resolves.toBeUndefined();
@bb/agent-runtime:test:        |        ^
@bb/agent-runtime:test:      90|     expect(events.some((event) => event.type === "turn/started")).toBe…
@bb/agent-runtime:test:      91|
@bb/agent-runtime:test: 
@bb/agent-runtime:test: Caused by: CompetingTurnError: Refusing to start a competing turn for thread "t1" while another turn is active or starting
@bb/agent-runtime:test:  ❯ assertThreadCanStartTurn src/runtime.ts:793:13
@bb/agent-runtime:test:  ❯ Object.work src/runtime.ts:1997:11
@bb/agent-runtime:test:  ❯ runThreadOperation src/runtime.ts:782:25
@bb/agent-runtime:test:  ❯ Object.runTurn src/runtime.ts:1992:14
@bb/agent-runtime:test:  ❯ src/runtime.turn-start-watchdog.test.ts:84:26
@bb/agent-runtime:test: 
@bb/agent-runtime:test: ⎯⎯⎯⎯⎯⎯⎯⎯⎯⎯⎯⎯⎯⎯⎯⎯⎯⎯⎯⎯⎯⎯⎯⎯[1/1]⎯
@bb/agent-runtime:test: 
@bb/agent-runtime:test: 
@bb/agent-runtime:test:  Test Files  1 failed (1)
@bb/agent-runtime:test:       Tests  1 failed | 1 passed (2)
@bb/agent-runtime:test:    Start at  19:17:45
@bb/agent-runtime:test:    Duration  1.17s (transform 189ms, setup 0ms, import 305ms, tests 795ms, environment 0ms)
@bb/agent-runtime:test: 
@bb/agent-runtime:test:  ELIFECYCLE  Test failed. See above for more details.
@bb/agent-runtime#test:  ERROR  command (<second-checkout>/packages/agent-runtime) <local-checkout> run test src/runtime.turn-start-watchdog.test.ts exited (1)

 Tasks:    5 successful, 6 total
Cached:    0 cached, 6 total
  Time:    2.176s 
Failed:    @bb/agent-runtime#test

 ERROR  run failed: command  exited (1)
