
  [1mbb[0m

  [33m![0m  Daemon lock exists - waiting or reclaiming if stale
     [2mlock: /tmp/bb-1747-npx/data/daemon.lock.lock[0m
     [2mIf startup fails, stop the other bb process or remove it.[0m

  [33m![0m  Another bb already runs on this data directory
     [2mrecord: /tmp/bb-1747-npx/data/bb-app-runtime.json[0m
     [2mRun `bb-app stop` to stop it.[0m

[2K  [2m○[0m  Starting server[2K  [32m✓[0m  Server listening on [36mhttp://127.0.0.1:49901[0m
[2K  [2m○[0m  Starting host daemon[2K  [32m✓[0m  Host daemon running

  [32m●[0m  [1mbb is ready[0m

     [2mapp   [0m [36mhttp://127.0.0.1:49901[0m
     [2mdaemon[0m 49902
     [2mdata  [0m /tmp/bb-1747-npx/data
     [2mdb    [0m /tmp/bb-1747-npx/data/bb.db
     [2mlogs  [0m /tmp/bb-1747-npx/data/logs/
     [2mlock  [0m /tmp/bb-1747-npx/data/daemon.lock

     [2mPress Ctrl+C to stop[0m

[04:45:59] INFO: [server] Server listening {"bindHost":"127.0.0.1","port":49901,"dataDir":"/tmp/bb-1747-npx/data"}
node:events:487
      throw er; // Unhandled 'error' event
      ^

Error: listen EADDRINUSE: address already in use 127.0.0.1:49901
    at Server.setupListenHandle [as _listen2] (node:net:2009:16)
    at listenInCluster (node:net:2066:12)
    at node:net:2275:7
    at process.processTicksAndRejections (node:internal/process/task_queues:90:21)
Emitted 'error' event on Server instance at:
    at emitErrorNT (node:net:2045:8)
    at process.processTicksAndRejections (node:internal/process/task_queues:90:21) {
  code: 'EADDRINUSE',
  errno: -98,
  syscall: 'listen',
  address: '127.0.0.1',
  port: 49901
}

Node.js v24.18.0
  [33m![0m  server exited with code 1 - restarting server
[2K  [2m○[0m  Restarting server[2K  [32m✓[0m  Server restarted
[04:46:01] INFO: [server] Server listening {"bindHost":"127.0.0.1","port":49901,"dataDir":"/tmp/bb-1747-npx/data"}
node:events:487
      throw er; // Unhandled 'error' event
      ^

Error: listen EADDRINUSE: address already in use 127.0.0.1:49901
    at Server.setupListenHandle [as _listen2] (node:net:2009:16)
    at listenInCluster (node:net:2066:12)
    at node:net:2275:7
    at process.processTicksAndRejections (node:internal/process/task_queues:90:21)
Emitted 'error' event on Server instance at:
    at emitErrorNT (node:net:2045:8)
    at process.processTicksAndRejections (node:internal/process/task_queues:90:21) {
  code: 'EADDRINUSE',
  errno: -98,
  syscall: 'listen',
  address: '127.0.0.1',
  port: 49901
}

Node.js v24.18.0
  [33m![0m  server exited with code 1 - restarting server
[2K  [2m○[0m  Restarting server[2K  [32m✓[0m  Server restarted
[04:46:02] INFO: [server] Server listening {"bindHost":"127.0.0.1","port":49901,"dataDir":"/tmp/bb-1747-npx/data"}
node:events:487
      throw er; // Unhandled 'error' event
      ^

Error: listen EADDRINUSE: address already in use 127.0.0.1:49901
    at Server.setupListenHandle [as _listen2] (node:net:2009:16)
    at listenInCluster (node:net:2066:12)
    at node:net:2275:7
    at process.processTicksAndRejections (node:internal/process/task_queues:90:21)
Emitted 'error' event on Server instance at:
    at emitErrorNT (node:net:2045:8)
    at process.processTicksAndRejections (node:internal/process/task_queues:90:21) {
  code: 'EADDRINUSE',
  errno: -98,
  syscall: 'listen',
  address: '127.0.0.1',
  port: 49901
}

Node.js v24.18.0
  [33m![0m  server exited with code 1 - restarting server
[2K  [2m○[0m  Restarting server[2K  [32m✓[0m  Server restarted
[04:46:04] INFO: [server] Server listening {"bindHost":"127.0.0.1","port":49901,"dataDir":"/tmp/bb-1747-npx/data"}
node:events:487
      throw er; // Unhandled 'error' event
      ^

Error: listen EADDRINUSE: address already in use 127.0.0.1:49901
    at Server.setupListenHandle [as _listen2] (node:net:2009:16)
    at listenInCluster (node:net:2066:12)
    at node:net:2275:7
    at process.processTicksAndRejections (node:internal/process/task_queues:90:21)
Emitted 'error' event on Server instance at:
    at emitErrorNT (node:net:2045:8)
    at process.processTicksAndRejections (node:internal/process/task_queues:90:21) {
  code: 'EADDRINUSE',
  errno: -98,
  syscall: 'listen',
  address: '127.0.0.1',
  port: 49901
}

Node.js v24.18.0
  [33m![0m  server exited with code 1 - restarting server
[2K  [2m○[0m  Restarting server[2K  [32m✓[0m  Server restarted
[04:46:06] INFO: [server] Server listening {"bindHost":"127.0.0.1","port":49901,"dataDir":"/tmp/bb-1747-npx/data"}
node:events:487
      throw er; // Unhandled 'error' event
      ^

Error: listen EADDRINUSE: address already in use 127.0.0.1:49901
    at Server.setupListenHandle [as _listen2] (node:net:2009:16)
    at listenInCluster (node:net:2066:12)
    at node:net:2275:7
    at process.processTicksAndRejections (node:internal/process/task_queues:90:21)
Emitted 'error' event on Server instance at:
    at emitErrorNT (node:net:2045:8)
    at process.processTicksAndRejections (node:internal/process/task_queues:90:21) {
  code: 'EADDRINUSE',
  errno: -98,
  syscall: 'listen',
  address: '127.0.0.1',
  port: 49901
}

Node.js v24.18.0
  [33m![0m  server exited with code 1 - restarting server
[2K  [2m○[0m  Restarting server[2K  [32m✓[0m  Server restarted
[04:46:08] INFO: [server] Server listening {"bindHost":"127.0.0.1","port":49901,"dataDir":"/tmp/bb-1747-npx/data"}
node:events:487
      throw er; // Unhandled 'error' event
      ^

Error: listen EADDRINUSE: address already in use 127.0.0.1:49901
    at Server.setupListenHandle [as _listen2] (node:net:2009:16)
    at listenInCluster (node:net:2066:12)
    at node:net:2275:7
    at process.processTicksAndRejections (node:internal/process/task_queues:90:21)
Emitted 'error' event on Server instance at:
    at emitErrorNT (node:net:2045:8)
    at process.processTicksAndRejections (node:internal/process/task_queues:90:21) {
  code: 'EADDRINUSE',
  errno: -98,
  syscall: 'listen',
  address: '127.0.0.1',
  port: 49901
}

Node.js v24.18.0
  [33m![0m  server exited with code 1 - restarting server
[2K  [2m○[0m  Restarting server[2K  [32m✓[0m  Server restarted
[04:46:09] INFO: [server] Server listening {"bindHost":"127.0.0.1","port":49901,"dataDir":"/tmp/bb-1747-npx/data"}
node:events:487
      throw er; // Unhandled 'error' event
      ^

Error: listen EADDRINUSE: address already in use 127.0.0.1:49901
    at Server.setupListenHandle [as _listen2] (node:net:2009:16)
    at listenInCluster (node:net:2066:12)
    at node:net:2275:7
    at process.processTicksAndRejections (node:internal/process/task_queues:90:21)
Emitted 'error' event on Server instance at:
    at emitErrorNT (node:net:2045:8)
    at process.processTicksAndRejections (node:internal/process/task_queues:90:21) {
  code: 'EADDRINUSE',
  errno: -98,
  syscall: 'listen',
  address: '127.0.0.1',
  port: 49901
}

Node.js v24.18.0
  [33m![0m  server exited with code 1 - restarting server
[2K  [2m○[0m  Restarting server[2K  [32m✓[0m  Server restarted
[04:46:11] INFO: [server] Server listening {"bindHost":"127.0.0.1","port":49901,"dataDir":"/tmp/bb-1747-npx/data"}
node:events:487
      throw er; // Unhandled 'error' event
      ^

Error: listen EADDRINUSE: address already in use 127.0.0.1:49901
    at Server.setupListenHandle [as _listen2] (node:net:2009:16)
    at listenInCluster (node:net:2066:12)
    at node:net:2275:7
    at process.processTicksAndRejections (node:internal/process/task_queues:90:21)
Emitted 'error' event on Server instance at:
    at emitErrorNT (node:net:2045:8)
    at process.processTicksAndRejections (node:internal/process/task_queues:90:21) {
  code: 'EADDRINUSE',
  errno: -98,
  syscall: 'listen',
  address: '127.0.0.1',
  port: 49901
}

Node.js v24.18.0
  [33m![0m  server exited with code 1 - restarting server
Error: Lock file is already being held
    at file:///tmp/bb-1747-npx/npm-cache/_npx/614ebd23ff24de90/node_modules/bb-app/host-daemon/dist/daemon-bundle.mjs:476:11881
    at E (file:///tmp/bb-1747-npx/npm-cache/_npx/614ebd23ff24de90/node_modules/bb-app/host-daemon/dist/daemon-bundle.mjs:475:29486)
    at FSReqCallback.oncomplete (node:fs:197:5)
[2K  [2m○[0m  Restarting server[2K  [32m✓[0m  Server restarted
  [33m![0m  host daemon exited with code 1 - restarting host daemon
[04:46:13] INFO: [server] Server listening {"bindHost":"127.0.0.1","port":49901,"dataDir":"/tmp/bb-1747-npx/data"}
node:events:487
      throw er; // Unhandled 'error' event
      ^

Error: listen EADDRINUSE: address already in use 127.0.0.1:49901
    at Server.setupListenHandle [as _listen2] (node:net:2009:16)
    at listenInCluster (node:net:2066:12)
    at node:net:2275:7
    at process.processTicksAndRejections (node:internal/process/task_queues:90:21)
Emitted 'error' event on Server instance at:
    at emitErrorNT (node:net:2045:8)
    at process.processTicksAndRejections (node:internal/process/task_queues:90:21) {
  code: 'EADDRINUSE',
  errno: -98,
  syscall: 'listen',
  address: '127.0.0.1',
  port: 49901
}

Node.js v24.18.0
[2K  [2m○[0m  Restarting host daemon[2K  [32m✓[0m  Host daemon restarted
  [33m![0m  server exited with code 1 - restarting server
[2K  [2m○[0m  Restarting server[2K  [32m✓[0m  Server restarted
[04:46:15] INFO: [server] Server listening {"bindHost":"127.0.0.1","port":49901,"dataDir":"/tmp/bb-1747-npx/data"}
node:events:487
      throw er; // Unhandled 'error' event
      ^

Error: listen EADDRINUSE: address already in use 127.0.0.1:49901
    at Server.setupListenHandle [as _listen2] (node:net:2009:16)
    at listenInCluster (node:net:2066:12)
    at node:net:2275:7
    at process.processTicksAndRejections (node:internal/process/task_queues:90:21)
Emitted 'error' event on Server instance at:
    at emitErrorNT (node:net:2045:8)
    at process.processTicksAndRejections (node:internal/process/task_queues:90:21) {
  code: 'EADDRINUSE',
  errno: -98,
  syscall: 'listen',
  address: '127.0.0.1',
  port: 49901
}

Node.js v24.18.0
  [33m![0m  server exited with code 1 - restarting server
[2K  [2m○[0m  Restarting server[2K  [32m✓[0m  Server restarted
[04:46:16] INFO: [server] Server listening {"bindHost":"127.0.0.1","port":49901,"dataDir":"/tmp/bb-1747-npx/data"}
node:events:487
      throw er; // Unhandled 'error' event
      ^

Error: listen EADDRINUSE: address already in use 127.0.0.1:49901
    at Server.setupListenHandle [as _listen2] (node:net:2009:16)
    at listenInCluster (node:net:2066:12)
    at node:net:2275:7
    at process.processTicksAndRejections (node:internal/process/task_queues:90:21)
Emitted 'error' event on Server instance at:
    at emitErrorNT (node:net:2045:8)
    at process.processTicksAndRejections (node:internal/process/task_queues:90:21) {
  code: 'EADDRINUSE',
  errno: -98,
  syscall: 'listen',
  address: '127.0.0.1',
  port: 49901
}

Node.js v24.18.0
  [33m![0m  server exited with code 1 - restarting server
[2K  [2m○[0m  Restarting server[2K  [32m✓[0m  Server restarted
[04:46:18] INFO: [server] Server listening {"bindHost":"127.0.0.1","port":49901,"dataDir":"/tmp/bb-1747-npx/data"}
node:events:487
      throw er; // Unhandled 'error' event
      ^

Error: listen EADDRINUSE: address already in use 127.0.0.1:49901
    at Server.setupListenHandle [as _listen2] (node:net:2009:16)
    at listenInCluster (node:net:2066:12)
    at node:net:2275:7
    at process.processTicksAndRejections (node:internal/process/task_queues:90:21)
Emitted 'error' event on Server instance at:
    at emitErrorNT (node:net:2045:8)
    at process.processTicksAndRejections (node:internal/process/task_queues:90:21) {
  code: 'EADDRINUSE',
  errno: -98,
  syscall: 'listen',
  address: '127.0.0.1',
  port: 49901
}

Node.js v24.18.0
  [33m![0m  server exited with code 1 - restarting server
[2K  [2m○[0m  Restarting server[2K  [32m✓[0m  Server restarted
[04:46:20] INFO: [server] Server listening {"bindHost":"127.0.0.1","port":49901,"dataDir":"/tmp/bb-1747-npx/data"}
node:events:487
      throw er; // Unhandled 'error' event
      ^

Error: listen EADDRINUSE: address already in use 127.0.0.1:49901
    at Server.setupListenHandle [as _listen2] (node:net:2009:16)
    at listenInCluster (node:net:2066:12)
    at node:net:2275:7
    at process.processTicksAndRejections (node:internal/process/task_queues:90:21)
Emitted 'error' event on Server instance at:
    at emitErrorNT (node:net:2045:8)
    at process.processTicksAndRejections (node:internal/process/task_queues:90:21) {
  code: 'EADDRINUSE',
  errno: -98,
  syscall: 'listen',
  address: '127.0.0.1',
  port: 49901
}

Node.js v24.18.0
  [33m![0m  server exited with code 1 - restarting server
[2K  [2m○[0m  Restarting server[2K  [32m✓[0m  Server restarted
[04:46:22] INFO: [server] Server listening {"bindHost":"127.0.0.1","port":49901,"dataDir":"/tmp/bb-1747-npx/data"}
node:events:487
      throw er; // Unhandled 'error' event
      ^

Error: listen EADDRINUSE: address already in use 127.0.0.1:49901
    at Server.setupListenHandle [as _listen2] (node:net:2009:16)
    at listenInCluster (node:net:2066:12)
    at node:net:2275:7
    at process.processTicksAndRejections (node:internal/process/task_queues:90:21)
Emitted 'error' event on Server instance at:
    at emitErrorNT (node:net:2045:8)
    at process.processTicksAndRejections (node:internal/process/task_queues:90:21) {
  code: 'EADDRINUSE',
  errno: -98,
  syscall: 'listen',
  address: '127.0.0.1',
  port: 49901
}

Node.js v24.18.0
  [33m![0m  server exited with code 1 - restarting server
[2K  [2m○[0m  Restarting server[2K  [32m✓[0m  Server restarted
[04:46:23] INFO: [server] Server listening {"bindHost":"127.0.0.1","port":49901,"dataDir":"/tmp/bb-1747-npx/data"}
node:events:487
      throw er; // Unhandled 'error' event
      ^

Error: listen EADDRINUSE: address already in use 127.0.0.1:49901
    at Server.setupListenHandle [as _listen2] (node:net:2009:16)
    at listenInCluster (node:net:2066:12)
    at node:net:2275:7
    at process.processTicksAndRejections (node:internal/process/task_queues:90:21)
Emitted 'error' event on Server instance at:
    at emitErrorNT (node:net:2045:8)
    at process.processTicksAndRejections (node:internal/process/task_queues:90:21) {
  code: 'EADDRINUSE',
  errno: -98,
  syscall: 'listen',
  address: '127.0.0.1',
  port: 49901
}

Node.js v24.18.0
  [33m![0m  server exited with code 1 - restarting server
[2K  [2m○[0m  Restarting server[2K  [32m✓[0m  Server restarted
[04:46:25] INFO: [server] Server listening {"bindHost":"127.0.0.1","port":49901,"dataDir":"/tmp/bb-1747-npx/data"}
node:events:487
      throw er; // Unhandled 'error' event
      ^

Error: listen EADDRINUSE: address already in use 127.0.0.1:49901
    at Server.setupListenHandle [as _listen2] (node:net:2009:16)
    at listenInCluster (node:net:2066:12)
    at node:net:2275:7
    at process.processTicksAndRejections (node:internal/process/task_queues:90:21)
Emitted 'error' event on Server instance at:
    at emitErrorNT (node:net:2045:8)
    at process.processTicksAndRejections (node:internal/process/task_queues:90:21) {
  code: 'EADDRINUSE',
  errno: -98,
  syscall: 'listen',
  address: '127.0.0.1',
  port: 49901
}

Node.js v24.18.0
  [33m![0m  server exited with code 1 - restarting server
[2K  [2m○[0m  Restarting server[2K  [32m✓[0m  Server restarted
Error: Lock file is already being held
    at file:///tmp/bb-1747-npx/npm-cache/_npx/614ebd23ff24de90/node_modules/bb-app/host-daemon/dist/daemon-bundle.mjs:476:11881
    at E (file:///tmp/bb-1747-npx/npm-cache/_npx/614ebd23ff24de90/node_modules/bb-app/host-daemon/dist/daemon-bundle.mjs:475:29486)
    at FSReqCallback.oncomplete (node:fs:197:5)
  [33m![0m  host daemon exited with code 1 - restarting host daemon
[04:46:27] INFO: [server] Server listening {"bindHost":"127.0.0.1","port":49901,"dataDir":"/tmp/bb-1747-npx/data"}
node:events:487
      throw er; // Unhandled 'error' event
      ^

Error: listen EADDRINUSE: address already in use 127.0.0.1:49901
    at Server.setupListenHandle [as _listen2] (node:net:2009:16)
    at listenInCluster (node:net:2066:12)
    at node:net:2275:7
    at process.processTicksAndRejections (node:internal/process/task_queues:90:21)
Emitted 'error' event on Server instance at:
    at emitErrorNT (node:net:2045:8)
    at process.processTicksAndRejections (node:internal/process/task_queues:90:21) {
  code: 'EADDRINUSE',
  errno: -98,
  syscall: 'listen',
  address: '127.0.0.1',
  port: 49901
}

Node.js v24.18.0

[killed]

  [2m●[0m  Shutting down
