• turbo 2.10.12

   • Packages in scope: bb-plugin-provider-pi
   • Running test in 1 packages
   • Remote caching disabled

@bb/plugin-build:generate: cache miss, executing ac1c4c95bf464338
@bb/templates:generate:templates: cache miss, executing 68a2e99a9140937a
//:ensure-native-modules: cache bypass, force executing 7362439783e6568f
@bb/templates:generate:plugin-scaffold: cache miss, executing 5e2a841944932c53
@bb/templates:generate:plugin-scaffold: 
@bb/templates:generate:plugin-scaffold: > @bb/templates@0.0.1 generate:plugin-scaffold <work>/base/packages/templates
@bb/templates:generate:plugin-scaffold: > node ./scripts/generate-plugin-scaffold.mjs
@bb/templates:generate:plugin-scaffold: 
@bb/plugin-build:generate: 
@bb/plugin-build:generate: > @bb/plugin-build@0.0.1 generate <work>/base/packages/plugin-build
@bb/plugin-build:generate: > node ./scripts/generate-plugin-theme.mjs && node ./scripts/generate-runtime-export-manifest.mjs
@bb/plugin-build:generate: 
@bb/templates:generate:templates: 
@bb/templates:generate:templates: > @bb/templates@0.0.1 generate:templates <work>/base/packages/templates
@bb/templates:generate:templates: > node ./scripts/generate-templates.mjs
@bb/templates:generate:templates: 
//:ensure-native-modules: 
//:ensure-native-modules: > bb@ ensure-native-modules <work>/base
//:ensure-native-modules: > node scripts/ensure-native-modules.mjs
//:ensure-native-modules: 
@bb/plugin-build:generate: plugin-theme.generated.ts up to date
@bb/plugin-build:generate: wrote <work>/base/packages/plugin-build/src/generated/runtime-export-manifest.generated.ts (react@19.2.4)
bb-plugin-provider-pi:test: cache miss, executing 9a585e1a1f5cf1a2
bb-plugin-provider-pi:test: 
bb-plugin-provider-pi:test: > bb-plugin-provider-pi@0.1.0 test <work>/base/plugins/provider-pi
bb-plugin-provider-pi:test: > vitest run --config vitest.config.ts "--run" "src/bridge/bridge.round2.test.ts"
bb-plugin-provider-pi:test: 
bb-plugin-provider-pi:test: 
bb-plugin-provider-pi:test:  RUN  v4.1.1 <work>/base/plugins/provider-pi
bb-plugin-provider-pi:test: 
bb-plugin-provider-pi:test:  ✓ |bb-plugin-provider-pi:isolated| src/bridge/bridge.round2.test.ts (12 tests) 8865ms
bb-plugin-provider-pi:test:    ✓ a child that dies mid-run does not take the bridge down: the next write is answered, not thrown  992ms
bb-plugin-provider-pi:test:    ✓ refuses a manual compaction while pi reports a run still streaming  491ms
bb-plugin-provider-pi:test:    ✓ a steer consumed by the run is reported accepted and named in the reply  487ms
bb-plugin-provider-pi:test:    ✓ a steer's ack precedes the event pi wrote in the same chunk as the prompt response  474ms
bb-plugin-provider-pi:test:    ✓ a steer still queued when the run ends is reported dropped through the delivery barrier, not a timer  479ms
bb-plugin-provider-pi:test:    ✓ recovers from one transient model mismatch by respawning  1205ms
bb-plugin-provider-pi:test:    ✓ a child whose extension never reports ready is a construction error, not a hung tool call  1957ms
bb-plugin-provider-pi:test:    ✓ evicts an idle catalog child  1342ms
bb-plugin-provider-pi:test:    ✓ reports a bash call's cwd as the thread's working directory, never an empty string  474ms
bb-plugin-provider-pi:test:    ✓ a resumed thread reports the session header's cwd, not the cwd bb asked for  472ms
bb-plugin-provider-pi:test:    ✓ resumes at bb's requested cwd when the session header's cwd was removed  478ms
bb-plugin-provider-pi:test: 
bb-plugin-provider-pi:test:  Test Files  1 passed (1)
bb-plugin-provider-pi:test:       Tests  12 passed (12)
bb-plugin-provider-pi:test:    Start at  05:50:11
bb-plugin-provider-pi:test:    Duration  9.45s (transform 351ms, setup 0ms, import 501ms, tests 8.87s, environment 0ms)
bb-plugin-provider-pi:test: 

 Tasks:    5 successful, 5 total
Cached:    0 cached, 5 total
  Time:    10.501s 

