• turbo 2.10.12

   • Packages in scope: bb-plugin-provider-pi
   • Running test in 1 packages
   • Remote caching disabled

//:ensure-native-modules: cache bypass, force executing c3658605a3a294c9
@bb/templates:generate:templates: cache hit, replaying logs de596e2333b851b9
@bb/plugin-build:generate: cache hit, replaying logs 44b295f8260f2857
@bb/templates:generate:plugin-scaffold: cache hit, replaying logs b70399fadc4fd45b
@bb/templates:generate:templates: 
@bb/templates:generate:plugin-scaffold: 
@bb/plugin-build:generate: 
@bb/templates:generate:templates: > @bb/templates@0.0.1 generate:templates <work>/base/packages/templates
@bb/templates:generate:templates: > node ./scripts/generate-templates.mjs
@bb/templates:generate:plugin-scaffold: > @bb/templates@0.0.1 generate:plugin-scaffold <work>/base/packages/templates
@bb/templates:generate:plugin-scaffold: > node ./scripts/generate-plugin-scaffold.mjs
@bb/templates:generate:plugin-scaffold: 
@bb/plugin-build:generate: > @bb/plugin-build@0.0.1 generate <work>/base/packages/plugin-build
@bb/plugin-build:generate: > node ./scripts/generate-plugin-theme.mjs && node ./scripts/generate-runtime-export-manifest.mjs
@bb/plugin-build:generate: 
@bb/plugin-build:generate: plugin-theme.generated.ts up to date
@bb/plugin-build:generate: wrote <work>/base/packages/plugin-build/src/generated/runtime-export-manifest.generated.ts (react@19.2.4)
@bb/templates:generate:templates: 
//:ensure-native-modules: 
//:ensure-native-modules: > bb@ ensure-native-modules <work>/base
//:ensure-native-modules: > node scripts/ensure-native-modules.mjs
//:ensure-native-modules: 
bb-plugin-provider-pi:test: cache miss, executing 0a5a8ecf3f0a7c4b
bb-plugin-provider-pi:test: 
bb-plugin-provider-pi:test: > bb-plugin-provider-pi@0.1.0 test <work>/base/plugins/provider-pi
bb-plugin-provider-pi:test: > vitest run --config vitest.config.ts "--run" "src/bridge/issue-3634.test.ts"
bb-plugin-provider-pi:test: 
bb-plugin-provider-pi:test: 
bb-plugin-provider-pi:test:  RUN  v4.1.1 <work>/base/plugins/provider-pi
bb-plugin-provider-pi:test: 
bb-plugin-provider-pi:test: pi[867]: Stored session working directory does not exist: <scratch>/old
bb-plugin-provider-pi:test: Session file: <scratch>/sessions/thr-3634.jsonl
bb-plugin-provider-pi:test: Current working directory: <scratch>/new
bb-plugin-provider-pi:test: stdout | src/bridge/issue-3634.test.ts > resumes a saved session in the current directory after the original directory is removed
bb-plugin-provider-pi:test: {"jsonrpc":"2.0","id":3634,"error":{"code":-32000,"message":"pi exited (code 1, signal null): Stored session working directory does not exist: <scratch>/old\nSession file: <scratch>/sessions/thr-3634.jsonl\nCurrent working directory: /private<scratch>/new"}}
bb-plugin-provider-pi:test: 
bb-plugin-provider-pi:test:  ❯ |bb-plugin-provider-pi:isolated| src/bridge/issue-3634.test.ts (1 test | 1 failed) 1208ms
bb-plugin-provider-pi:test:    × resumes a saved session in the current directory after the original directory is removed 1207ms
bb-plugin-provider-pi:test: 
bb-plugin-provider-pi:test: ⎯⎯⎯⎯⎯⎯⎯ Failed Tests 1 ⎯⎯⎯⎯⎯⎯⎯
bb-plugin-provider-pi:test: 
bb-plugin-provider-pi:test:  FAIL  |bb-plugin-provider-pi:isolated| src/bridge/issue-3634.test.ts > resumes a saved session in the current directory after the original directory is removed
bb-plugin-provider-pi:test: AssertionError: expected { code: -32000, …(1) } to be undefined
bb-plugin-provider-pi:test: 
bb-plugin-provider-pi:test: - Expected:
bb-plugin-provider-pi:test: undefined
bb-plugin-provider-pi:test: 
bb-plugin-provider-pi:test: + Received:
bb-plugin-provider-pi:test: {
bb-plugin-provider-pi:test:   "code": -32000,
bb-plugin-provider-pi:test:   "message": "pi exited (code 1, signal null): Stored session working directory does not exist: <scratch>/old
bb-plugin-provider-pi:test: Session file: <scratch>/sessions/thr-3634.jsonl
bb-plugin-provider-pi:test: Current working directory: <scratch>/new",
bb-plugin-provider-pi:test: }
bb-plugin-provider-pi:test: 
bb-plugin-provider-pi:test:  ❯ src/bridge/issue-3634.test.ts:30:28
bb-plugin-provider-pi:test:      28|     });
bb-plugin-provider-pi:test:      29|     console.log(JSON.stringify(response).replaceAll(harness.workspaceD…
bb-plugin-provider-pi:test:      30|     expect(response.error).toBeUndefined();
bb-plugin-provider-pi:test:        |                            ^
bb-plugin-provider-pi:test:      31|   } finally {
bb-plugin-provider-pi:test:      32|     await harness.teardown();
bb-plugin-provider-pi:test: 
bb-plugin-provider-pi:test: ⎯⎯⎯⎯⎯⎯⎯⎯⎯⎯⎯⎯⎯⎯⎯⎯⎯⎯⎯⎯⎯⎯⎯⎯[1/1]⎯
bb-plugin-provider-pi:test: 
bb-plugin-provider-pi:test: 
bb-plugin-provider-pi:test:  Test Files  1 failed (1)
bb-plugin-provider-pi:test:       Tests  1 failed (1)
bb-plugin-provider-pi:test:    Start at  05:49:51
bb-plugin-provider-pi:test:    Duration  1.72s (transform 314ms, setup 0ms, import 443ms, tests 1.21s, environment 0ms)
bb-plugin-provider-pi:test: 
bb-plugin-provider-pi:test:  ELIFECYCLE  Test failed. See above for more details.
bb-plugin-provider-pi#test:  ERROR  command (<work>/base/plugins/provider-pi) <work>/bin/pnpm run test --run src/bridge/issue-3634.test.ts exited (1)

 Tasks:    4 successful, 5 total
Cached:    3 cached, 5 total
  Time:    2.419s 
Failed:    bb-plugin-provider-pi#test

 ERROR  run failed: command  exited (1)
