• turbo 2.10.12

   • Packages in scope: @bb/server
   • Running test in 1 packages
   • Remote caching disabled

@bb/plugin-build:generate: cache miss, executing e2f017a9b45138e6
@bb/templates:generate:templates: cache miss, executing e8ac9b0a34da708d
@bb/server:generate:bb-official-marketplace: cache miss, executing bbc649e949ab9853
//:ensure-native-modules: cache bypass, force executing a61a699bb8ad1b24
@bb/templates:generate:plugin-scaffold: cache miss, executing 85a673541fd2a509
@bb/templates:generate:templates: 
@bb/templates:generate:templates: > @bb/templates@0.0.1 generate:templates $FIRST_CHECKOUT/packages/templates
@bb/templates:generate:templates: > node ./scripts/generate-templates.mjs
@bb/templates:generate:templates: 
@bb/plugin-build:generate: 
@bb/plugin-build:generate: > @bb/plugin-build@0.0.1 generate $FIRST_CHECKOUT/packages/plugin-build
@bb/plugin-build:generate: > node ./scripts/generate-plugin-theme.mjs && node ./scripts/generate-runtime-export-manifest.mjs
@bb/plugin-build:generate: 
//:ensure-native-modules: 
//:ensure-native-modules: > bb@ ensure-native-modules $FIRST_CHECKOUT
//:ensure-native-modules: > node scripts/ensure-native-modules.mjs
//:ensure-native-modules: 
@bb/server:generate:bb-official-marketplace: 
@bb/server:generate:bb-official-marketplace: > @bb/server@0.0.1 generate:bb-official-marketplace $FIRST_CHECKOUT/apps/server
@bb/server:generate:bb-official-marketplace: > node --conditions=source --import tsx scripts/generate-bb-official-marketplace.ts
@bb/server:generate:bb-official-marketplace: 
@bb/templates:generate:plugin-scaffold: 
@bb/templates:generate:plugin-scaffold: > @bb/templates@0.0.1 generate:plugin-scaffold $FIRST_CHECKOUT/packages/templates
@bb/templates:generate:plugin-scaffold: > node ./scripts/generate-plugin-scaffold.mjs
@bb/templates:generate:plugin-scaffold: 
@bb/plugin-build:generate: plugin-theme.generated.ts up to date
//:ensure-native-modules: [ensure-native-modules] Detached hardlinked better-sqlite3 binary before verification
@get-bb/plugin-sdk:build: cache miss, executing 317975eb6845bfa7
@get-bb/plugin-sdk:build:types: cache miss, executing 9f7289dcb787da7a
@bb/plugin-build:generate: wrote $FIRST_CHECKOUT/packages/plugin-build/src/generated/runtime-export-manifest.generated.ts (react@19.2.4)
@get-bb/plugin-sdk:build: 
@get-bb/plugin-sdk:build: > @get-bb/plugin-sdk@0.6.23 build $FIRST_CHECKOUT/packages/plugin-sdk
@get-bb/plugin-sdk:build: > node scripts/build-runtime.mjs
@get-bb/plugin-sdk:build: 
@get-bb/plugin-sdk:build:types: 
@get-bb/plugin-sdk:build:types: > @get-bb/plugin-sdk@0.6.23 build:types $FIRST_CHECKOUT/packages/plugin-sdk
@get-bb/plugin-sdk:build:types: > node scripts/build-bundled-dts.mjs
@get-bb/plugin-sdk:build:types: 
@bb/agent-runtime:generate:test-bridges: cache miss, executing 5f78abaee28468af
@bb/agent-runtime:generate:test-bridges: 
@bb/agent-runtime:generate:test-bridges: > @bb/agent-runtime@0.0.1 generate:test-bridges $FIRST_CHECKOUT/packages/agent-runtime
@bb/agent-runtime:generate:test-bridges: > node ./scripts/build-test-bridges.mjs
@bb/agent-runtime:generate:test-bridges: 
@get-bb/plugin-sdk:build: Built 19 @get-bb/plugin-sdk runtime entries.
@get-bb/plugin-sdk:build:types: Wrote bundled-types/bb-plugin-sdk.d.ts
@get-bb/plugin-sdk:build:types: Wrote bundled-types/bb-plugin-sdk-provider-bridge.d.ts
@get-bb/plugin-sdk:build:types: Wrote bundled-types/bb-plugin-sdk-provider-bridge-testing.d.ts
@get-bb/plugin-sdk:build:types: Wrote bundled-types/bb-plugin-sdk-provider-bridge-acp.d.ts
@get-bb/plugin-sdk:build:types: Wrote bundled-types/bb-plugin-sdk-environment-provider.d.ts
@get-bb/plugin-sdk:build:types: Wrote bundled-types/bb-plugin-sdk-machine-provider.d.ts
@get-bb/plugin-sdk:build:types: Wrote bundled-types/bb-plugin-sdk-app.d.ts
@get-bb/plugin-sdk:build:types: Wrote bundled-types/bb-plugin-sdk-host.d.ts
@get-bb/plugin-sdk:build:types: Wrote bundled-types/bb-plugin-sdk-internal-composer-customization-validation.d.ts
@get-bb/plugin-sdk:build:types: Wrote bundled-types/bb-plugin-sdk-internal-composer-handle.d.ts
@get-bb/plugin-sdk:build:types: Wrote bundled-types/bb-plugin-sdk-internal-composer-view.d.ts
@get-bb/plugin-sdk:build:types: Wrote bundled-types/bb-plugin-sdk-internal-file-navigation-validation.d.ts
@get-bb/plugin-sdk:build:types: Wrote bundled-types/bb-plugin-sdk-internal-host-policy.d.ts
@get-bb/plugin-sdk:build:types: Wrote bundled-types/bb-plugin-sdk-internal-plugin-app-collector.d.ts
@get-bb/plugin-sdk:build:types: Wrote bundled-types/bb-plugin-sdk-testing.d.ts
@get-bb/plugin-sdk:build:types: Wrote bundled-types/bb-plugin-sdk-testing-app.d.ts
@get-bb/plugin-sdk:build:types: Wrote bundled-types/bb-plugin-sdk-testing-host.d.ts
@bb/server:test: cache miss, executing 323164e12c64a11d
@bb/server:test: 
@bb/server:test: > @bb/server@0.0.1 test $FIRST_CHECKOUT/apps/server
@bb/server:test: > vitest run --config vitest.config.ts "test/system/thread-pruning-sweep.test.ts" "-t" "prunes settled history while another thread"
@bb/server:test: 
@bb/server:test: 
@bb/server:test:  RUN  v4.1.1 $FIRST_CHECKOUT/apps/server
@bb/server:test: 
@bb/server:test: (node:2435) ExperimentalWarning: SQLite is an experimental feature and might change at any time
@bb/server:test: (Use `node --trace-warnings ...` to show where the warning was created)
@bb/server:test:  ❯ |@bb/server| test/system/thread-pruning-sweep.test.ts (10 tests | 4 failed | 6 skipped) 1091ms
@bb/server:test:      × prunes settled history while another thread is active, then revisits it when idle 67ms
@bb/server:test:      × prunes settled history while another thread is starting, then revisits it when idle 49ms
@bb/server:test:      × prunes settled history while another thread is pending, then revisits it when idle 45ms
@bb/server:test:      × prunes settled history while another thread is resolving, then revisits it when idle 45ms
@bb/server:test:      ↓ skips busy work and rechecks activity after a committed advance
@bb/server:test:      ↓ keeps notifications for earlier commits when the next transaction fails, then resumes
@bb/server:test:      ↓ notifies one history compaction per thread and answers every earlier viewer with a full timeline
@bb/server:test:      ↓ stops at the elapsed budget between advances
@bb/server:test:      ↓ reports an advance that overruns the elapsed budget and then yields
@bb/server:test:      ↓ rotates durable policy progress and honors the advance budget
@bb/server:test: 
@bb/server:test: ⎯⎯⎯⎯⎯⎯⎯ Failed Tests 4 ⎯⎯⎯⎯⎯⎯⎯
@bb/server:test: 
@bb/server:test:  FAIL  |@bb/server| test/system/thread-pruning-sweep.test.ts > thread pruning sweep > prunes settled history while another thread is active, then revisits it when idle
@bb/server:test:  FAIL  |@bb/server| test/system/thread-pruning-sweep.test.ts > thread pruning sweep > prunes settled history while another thread is starting, then revisits it when idle
@bb/server:test:  FAIL  |@bb/server| test/system/thread-pruning-sweep.test.ts > thread pruning sweep > prunes settled history while another thread is pending, then revisits it when idle
@bb/server:test:  FAIL  |@bb/server| test/system/thread-pruning-sweep.test.ts > thread pruning sweep > prunes settled history while another thread is resolving, then revisits it when idle
@bb/server:test: AssertionError: expected [ 1, 2, 3 ] to deeply equal [ 3 ]
@bb/server:test: 
@bb/server:test: - Expected
@bb/server:test: + Received
@bb/server:test: 
@bb/server:test:   [
@bb/server:test: +   1,
@bb/server:test: +   2,
@bb/server:test:     3,
@bb/server:test:   ]
@bb/server:test: 
@bb/server:test:  ❯ test/system/thread-pruning-sweep.test.ts:116:45
@bb/server:test:     114|         await runThreadPruningSweep(harness.deps, UNTIMED_SWEEP_LIMITS…
@bb/server:test:     115|         expect(sequences(busyThread.id)).toEqual([1, 2, 3]);
@bb/server:test:     116|         expect(sequences(settledThread.id)).toEqual([3]);
@bb/server:test:        |                                             ^
@bb/server:test:     117|         harness.db
@bb/server:test:     118|           .update(threads)
@bb/server:test:  ❯ withTestHarness test/helpers/test-app.ts:367:12
@bb/server:test:  ❯ test/system/thread-pruning-sweep.test.ts:84:7
@bb/server:test: 
@bb/server:test: ⎯⎯⎯⎯⎯⎯⎯⎯⎯⎯⎯⎯⎯⎯⎯⎯⎯⎯⎯⎯⎯⎯⎯⎯[1/4]⎯
@bb/server:test: 
@bb/server:test: 
@bb/server:test:  Test Files  1 failed (1)
@bb/server:test:       Tests  4 failed | 6 skipped (10)
@bb/server:test:    Start at  06:25:15
@bb/server:test:    Duration  8.06s (transform 5.06s, setup 1.68s, import 4.97s, tests 1.09s, environment 0ms)
@bb/server:test: 
@bb/server:test:  ELIFECYCLE  Test failed. See above for more details.
@bb/server#test:  ERROR  command ($FIRST_CHECKOUT/apps/server) pnpm run test test/system/thread-pruning-sweep.test.ts -t prunes settled history while another thread exited (1)

 Tasks:    8 successful, 9 total
Cached:    0 cached, 9 total
  Time:    42.87s 
Failed:    @bb/server#test

 ERROR  run failed: command  exited (1)
