--- 0.39.0-style build (no absWorkingDir, no minify), process.cwd()=/home/sawyer
// ../../tmp/bb2029-plugin/src/provider-marks.ts
var MARK = "provider-mark-v2";

// ../../tmp/bb2029-plugin/src/app.tsx
function setup(_app) {
  globalThis.__collabMark = MARK;
}
export {
  setup as default
};

--- same, absWorkingDir=/tmp/bb2029-plugin (what bb plugin build does when cwd differs)
// src/provider-marks.ts
var MARK = "provider-mark-v2";

// src/app.tsx
function setup(_app) {
  globalThis.__collabMark = MARK;
}
export {
  setup as default
};

