== author a new version: edit src/provider-marks.ts, bb plugin build, commit (v2) ==
v1=d9c74f9 v2=f3fe72a
== deploy: git checkout v1, then git checkout v2 (what a deploy does on the host) ==
== git status after checkout (clean) ==
== mtimes after checkout: git writes files in index order, dist/ before src/ ==
2026-08-20 14:42:02.585420134 +0000 dist/app.js
2026-08-20 14:41:51.671300923 +0000 src/app.tsx
2026-08-20 14:42:02.585420134 +0000 src/provider-marks.ts
2026-08-20 14:41:51.670020634 +0000 src/server.ts
== sha256 of committed dist before reload ==
a7ca6f1b4131f93bd0d6f48640465ccd5b5f2cd8d2083142bc844b67f389b579  dist/app.js
6fb89e29f98d48b2bf3285b51e79c7f21a89f929d8a92f634aff27ff0cecdbdb  dist/app.css
f7a63a24cb59b7d1a5c5cee5d415664c111d8cec2adc6f3c85fe8f9fbc461aef  dist/app.meta.json
== bb plugin reload collab-fixture ==
collab-fixture@0.1.0  degraded  (service lane-watcher did not stop)
  source: path:/tmp/bb2029-plugin
exit=0
== git status after reload ==
== git diff after reload ==
== mtimes after reload ==
2026-08-20 14:42:02.585420134 +0000 dist/app.js
2026-08-20 14:42:01.554440345 +0000 dist/app.css
2026-08-20 14:42:01.554440345 +0000 dist/app.meta.json
2026-08-20 14:42:01.465442089 +0000 dist/server.js
== sha256 after reload ==
a7ca6f1b4131f93bd0d6f48640465ccd5b5f2cd8d2083142bc844b67f389b579  dist/app.js
6fb89e29f98d48b2bf3285b51e79c7f21a89f929d8a92f634aff27ff0cecdbdb  dist/app.css
f7a63a24cb59b7d1a5c5cee5d415664c111d8cec2adc6f3c85fe8f9fbc461aef  dist/app.meta.json
