== committed meta ==
  "sdkVersion": "0.4.1",
    "bbVersion": "0.39.0",
== mtimes: every dist file newer than every source ==
2026-08-20 14:41:51.670020634 +0000 src/server.ts
2026-08-20 14:41:51.671300923 +0000 src/app.tsx
2026-08-20 14:42:01.465442089 +0000 dist/server.js
2026-08-20 14:43:46.163389660 +0000 src/provider-marks.ts
2026-08-20 14:44:16.934786434 +0000 dist/app.js
2026-08-20 14:44:17.018784788 +0000 dist/app.css
2026-08-20 14:44:17.018784788 +0000 dist/app.meta.json
== bb plugin list ==
collab-fixture@0.1.0  running
  source: path:/tmp/bb2029-plugin
== git status / diff after the server loaded the plugin ==
 M dist/app.meta.json
diff --git a/dist/app.meta.json b/dist/app.meta.json
index 0cee571..658daf9 100644
--- a/dist/app.meta.json
+++ b/dist/app.meta.json
@@ -1,11 +1,11 @@
 {
   "sdkMajor": 0,
-  "sdkVersion": "0.4.1",
+  "sdkVersion": "0.4.9",
   "artifactFormatVersion": 1,
   "pluginId": "collab-fixture",
   "pluginVersion": "0.1.0",
   "builtWith": {
-    "bbVersion": "0.39.0",
+    "bbVersion": "0.0.0-dev",
     "pluginSdkVersion": "0.4.9"
   }
 }
== dist mtimes after load (server.js untouched) ==
2026-08-20 14:44:16.934786434 +0000 dist/app.js
2026-08-20 14:44:17.018784788 +0000 dist/app.css
2026-08-20 14:44:17.018784788 +0000 dist/app.meta.json
2026-08-20 14:42:01.465442089 +0000 dist/server.js
== server log ==
@bb/server:dev: [14:44:16] INFO: [server] plugin collab-fixture: rebuilding frontend bundle (built with SDK unknown, running SDK is 0.4.9)
