== (a) source newer than dist/app.js: touch src/provider-marks.ts, then reload ==
(git clean above)
2026-08-20 14:42:02.585420134 +0000 dist/app.js
2026-08-20 14:42:01.465442089 +0000 dist/server.js
2026-08-20 14:43:46.163389660 +0000 src/provider-marks.ts
collab-fixture@0.1.0  degraded  (service lane-watcher did not stop)
-- dist mtimes after reload --
2026-08-20 14:43:46.387385269 +0000 dist/app.js
2026-08-20 14:43:46.478383485 +0000 dist/app.css
2026-08-20 14:43:46.479383466 +0000 dist/app.meta.json
2026-08-20 14:42:01.465442089 +0000 dist/server.js
-- git status / diff after reload --
 M dist/app.meta.json
diff --git a/dist/app.meta.json b/dist/app.meta.json
index 36591ef..658daf9 100644
--- a/dist/app.meta.json
+++ b/dist/app.meta.json
@@ -5,7 +5,7 @@
   "pluginId": "collab-fixture",
   "pluginVersion": "0.1.0",
   "builtWith": {
-    "bbVersion": "0.39.0",
+    "bbVersion": "0.0.0-dev",
     "pluginSdkVersion": "0.4.9"
   }
 }
@bb/server:dev: [14:43:46] INFO: [server] plugin collab-fixture: rebuilding frontend bundle (plugin source is newer than dist/app.js)

== (b) committed meta says another SDK version; dist mtimes are NEWER than every source ==
-- newest source vs dist/app.js --
2026-08-20 14:41:51.670020634 +0000 src/server.ts
2026-08-20 14:41:51.671300923 +0000 src/app.tsx
2026-08-20 14:42:01.465442089 +0000 dist/server.js
2026-08-20 14:43:46.163389660 +0000 src/provider-marks.ts
2026-08-20 14:43:51.531284428 +0000 dist/app.js
(git clean above)
collab-fixture@0.1.0  degraded  (service lane-watcher did not stop)
-- git status / diff after reload --
@bb/server:dev: [14:43:46] INFO: [server] plugin collab-fixture: rebuilding frontend bundle (plugin source is newer than dist/app.js)
