== before install: git status --short (empty = clean) ==
== dist mtimes before ==
-rw-rw-r-- 1 sawyer sawyer 1899 2026-08-20 14:15:40.832473384 +0000 app.css
-rw-rw-r-- 1 sawyer sawyer   87 2026-08-20 14:15:40.745475093 +0000 app.js
-rw-rw-r-- 1 sawyer sawyer  216 2026-08-20 14:15:40.832473384 +0000 app.meta.json
-rw-rw-r-- 1 sawyer sawyer 1083 2026-08-20 14:15:40.737475251 +0000 server.js
-rw-rw-r-- 1 sawyer sawyer 1599 2026-08-20 14:15:40.737475251 +0000 server.js.map
-rw-rw-r-- 1 sawyer sawyer  216 2026-08-20 14:15:40.739475211 +0000 server.meta.json
== bb plugin install /tmp/bb2029-plugin --yes ==
Installing bb-plugin-collab-fixture@0.1.0 from /tmp/bb2029-plugin
Plugins are full-trust code running inside the BB server. They can read all local BB data, including other plugins' secrets.
Installed:
collab-fixture@0.1.0  running
  source: path:/tmp/bb2029-plugin
  service lane-watcher: running
  command: bb collab — collab fixture command
== after install: git status --short ==
 M dist/app.meta.json
== git diff ==
diff --git a/dist/app.meta.json b/dist/app.meta.json
index 36591ef..658daf9 100644
--- a/dist/app.meta.json
+++ b/dist/app.meta.json
@@ -5,7 +5,7 @@
   "pluginId": "collab-fixture",
   "pluginVersion": "0.1.0",
   "builtWith": {
-    "bbVersion": "0.39.0",
+    "bbVersion": "0.0.0-dev",
     "pluginSdkVersion": "0.4.9"
   }
 }
== dist mtimes after ==
-rw-rw-r-- 1 sawyer sawyer 1899 2026-08-20 14:16:17.655749886 +0000 app.css
-rw-rw-r-- 1 sawyer sawyer   87 2026-08-20 14:16:17.648750023 +0000 app.js
-rw-rw-r-- 1 sawyer sawyer  219 2026-08-20 14:16:17.655749886 +0000 app.meta.json
-rw-rw-r-- 1 sawyer sawyer 1083 2026-08-20 14:15:40.737475251 +0000 server.js
-rw-rw-r-- 1 sawyer sawyer 1599 2026-08-20 14:15:40.737475251 +0000 server.js.map
-rw-rw-r-- 1 sawyer sawyer  216 2026-08-20 14:15:40.739475211 +0000 server.meta.json
