• turbo 2.8.3
• Packages in scope: @bb/host-daemon
• Running typecheck in 1 packages
• Remote caching disabled, using shared worktree cache
@bb/templates:generate:templates: cache hit, replaying logs e0588148a9ac9c5b
@bb/templates:generate:templates: 
@bb/templates:generate:templates: > @bb/templates@0.0.1 generate:templates /home/sawyer/.bb/report-worktrees/bb-report-2343-investigate-MAmo7J/packages/templates
@bb/templates:generate:templates: > node ./scripts/generate-templates.mjs
@bb/templates:generate:templates: 
@bb/templates:generate:plugin-scaffold: cache hit, replaying logs 98e909477d5a744b
@bb/templates:generate:plugin-scaffold: 
@bb/templates:generate:plugin-scaffold: > @bb/templates@0.0.1 generate:plugin-scaffold /tmp/bb-report-2547-investigate-SQfjR0/packages/templates
@bb/templates:generate:plugin-scaffold: > node ./scripts/generate-plugin-scaffold.mjs
@bb/templates:generate:plugin-scaffold: 
@bb/plugin-build:generate: cache hit, replaying logs 3ef49b4bdd14fc8a
@bb/plugin-build:generate: 
@bb/plugin-build:generate: > @bb/plugin-build@0.0.1 generate /home/sawyer/.bb/worktrees/env_ztm86jgquh/bb/packages/plugin-build
@bb/plugin-build:generate: > node ./scripts/generate-plugin-theme.mjs && node ./scripts/generate-runtime-export-manifest.mjs
@bb/plugin-build:generate: 
@bb/plugin-build:generate: wrote packages/plugin-build/src/generated/plugin-theme.generated.ts
@bb/plugin-build:generate: wrote /home/sawyer/.bb/worktrees/env_ztm86jgquh/bb/packages/plugin-build/src/generated/runtime-export-manifest.generated.ts (react@19.2.4)
@bb/host-daemon:typecheck: cache miss, executing 077ab1449e83ad51
@bb/host-daemon:typecheck: 
@bb/host-daemon:typecheck: > @bb/host-daemon@0.0.1 typecheck /tmp/bb-report-2362-investigate-THVgrm/apps/host-daemon
@bb/host-daemon:typecheck: > tsc --noEmit
@bb/host-daemon:typecheck: 

 Tasks:    4 successful, 4 total
Cached:    3 cached, 4 total
  Time:    3.313s 

