• turbo 2.8.3
• Packages in scope: @bb/host-daemon
• Running test in 1 packages
• Remote caching disabled, using shared worktree cache
@bb/templates:generate:templates: cache bypass, force executing cdbd659c27aaf782
@bb/templates:generate:plugin-scaffold: cache bypass, force executing 29eb2abb55615220
@bb/plugin-build:generate: cache bypass, force executing c0c03337ddbdf562
@get-bb/plugin-sdk:build:types: cache bypass, force executing 4affc3b3fcda6b2a
//:ensure-native-modules: cache bypass, force executing c32f89245a899b0a
@bb/templates:generate:plugin-scaffold: 
@bb/templates:generate:plugin-scaffold: > @bb/templates@0.0.1 generate:plugin-scaffold /tmp/bb-report-2362-investigate-THVgrm/packages/templates
@bb/templates:generate:plugin-scaffold: > node ./scripts/generate-plugin-scaffold.mjs
@bb/templates:generate:plugin-scaffold: 
@bb/plugin-build:generate: 
@get-bb/plugin-sdk:build:types: 
@bb/plugin-build:generate: > @bb/plugin-build@0.0.1 generate /tmp/bb-report-2362-investigate-THVgrm/packages/plugin-build
@bb/plugin-build:generate: > node ./scripts/generate-plugin-theme.mjs && node ./scripts/generate-runtime-export-manifest.mjs
@get-bb/plugin-sdk:build:types: > @get-bb/plugin-sdk@0.4.24 build:types /tmp/bb-report-2362-investigate-THVgrm/packages/plugin-sdk
@bb/plugin-build:generate: 
@get-bb/plugin-sdk:build:types: > node scripts/build-bundled-dts.mjs
@get-bb/plugin-sdk:build:types: 
@bb/templates:generate:templates: 
@bb/templates:generate:templates: > @bb/templates@0.0.1 generate:templates /tmp/bb-report-2362-investigate-THVgrm/packages/templates
@bb/templates:generate:templates: > node ./scripts/generate-templates.mjs
@bb/templates:generate:templates: 
//:ensure-native-modules: 
//:ensure-native-modules: > bb@ ensure-native-modules /tmp/bb-report-2362-investigate-THVgrm
//:ensure-native-modules: > node scripts/ensure-native-modules.mjs
//:ensure-native-modules: 
@bb/plugin-build:generate: plugin-theme.generated.ts up to date
@bb/plugin-build:generate: wrote /tmp/bb-report-2362-investigate-THVgrm/packages/plugin-build/src/generated/runtime-export-manifest.generated.ts (react@19.2.4)
@get-bb/plugin-sdk:build:types: Wrote bundled-types/bb-plugin-sdk.d.ts
@get-bb/plugin-sdk:build:types: Wrote bundled-types/bb-plugin-sdk-app.d.ts
@get-bb/plugin-sdk:build:types: Unchanged bundled-types/bb-plugin-sdk-provider-bridge.d.ts
@get-bb/plugin-sdk:build:types: Unchanged bundled-types/bb-plugin-sdk-ai-services.d.ts
@get-bb/plugin-sdk:build:types: Wrote bundled-types/bb-plugin-sdk-provider-bridge-testing.d.ts
@get-bb/plugin-sdk:build:types: Wrote bundled-types/bb-plugin-sdk-provider-bridge-acp.d.ts
@get-bb/plugin-sdk:build:types: Unchanged bundled-types/bb-plugin-sdk-host.d.ts
@get-bb/plugin-sdk:build:types: Unchanged bundled-types/bb-plugin-sdk-internal-composer-customization-validation.d.ts
@get-bb/plugin-sdk:build:types: Unchanged bundled-types/bb-plugin-sdk-internal-composer-view.d.ts
@get-bb/plugin-sdk:build:types: Unchanged bundled-types/bb-plugin-sdk-internal-file-navigation-validation.d.ts
@get-bb/plugin-sdk:build:types: Wrote bundled-types/bb-plugin-sdk-internal-host-policy.d.ts
@get-bb/plugin-sdk:build:types: Unchanged bundled-types/bb-plugin-sdk-internal-plugin-app-collector.d.ts
@get-bb/plugin-sdk:build:types: Unchanged bundled-types/bb-plugin-sdk-testing.d.ts
@get-bb/plugin-sdk:build:types: Wrote bundled-types/bb-plugin-sdk-testing-app.d.ts
@get-bb/plugin-sdk:build:types: Unchanged bundled-types/bb-plugin-sdk-testing-host.d.ts
@get-bb/plugin-sdk:build: cache bypass, force executing 845e485291d80acf
@get-bb/plugin-sdk:build: 
@get-bb/plugin-sdk:build: > @get-bb/plugin-sdk@0.4.24 build /tmp/bb-report-2362-investigate-THVgrm/packages/plugin-sdk
@get-bb/plugin-sdk:build: > node scripts/build-runtime.mjs
@get-bb/plugin-sdk:build: 
@get-bb/plugin-sdk:build: Built 17 @get-bb/plugin-sdk runtime entries.
@bb/host-daemon:test: cache bypass, force executing c2c89a7ea813b9a2
@bb/host-daemon:test: 
@bb/host-daemon:test: > @bb/host-daemon@0.0.1 test /tmp/bb-report-2362-investigate-THVgrm/apps/host-daemon
@bb/host-daemon:test: > vitest run --config vitest.config.ts
@bb/host-daemon:test: 
@bb/host-daemon:test: 
@bb/host-daemon:test:  RUN  v4.1.1 /tmp/bb-report-2362-investigate-THVgrm/apps/host-daemon
@bb/host-daemon:test: 
@bb/host-daemon:test: 
@bb/host-daemon:test:  Test Files  45 passed (45)
@bb/host-daemon:test:       Tests  560 passed (560)
@bb/host-daemon:test:    Start at  16:01:56
@bb/host-daemon:test:    Duration  14.89s (transform 21.66s, setup 0ms, import 36.22s, tests 40.76s, environment 4ms)
@bb/host-daemon:test: 

 Tasks:    7 successful, 7 total
Cached:    0 cached, 7 total
  Time:    48.026s 

