• turbo 2.10.12

   • Packages in scope: @bb/host-workspace
   • Running test in 1 packages
   • Remote caching disabled, using shared worktree cache

//:ensure-native-modules: cache bypass, force executing f883d57172348129
@bb/templates:generate:plugin-scaffold: cache hit, replaying logs d12f279364035b88
@bb/templates:generate:plugin-scaffold:
@bb/templates:generate:plugin-scaffold: > @bb/templates@0.0.1 generate:plugin-scaffold <checkout-one>/packages/templates
@bb/templates:generate:plugin-scaffold: > node ./scripts/generate-plugin-scaffold.mjs
@bb/templates:generate:plugin-scaffold:
@bb/templates:generate:templates: cache hit, replaying logs 8c4605e6dfdcae58
@bb/templates:generate:templates:
@bb/templates:generate:templates: > @bb/templates@0.0.1 generate:templates <checkout-one>/packages/templates
@bb/templates:generate:templates: > node ./scripts/generate-templates.mjs
@bb/templates:generate:templates:
//:ensure-native-modules:
//:ensure-native-modules: > bb@ ensure-native-modules <checkout-two>
//:ensure-native-modules: > node scripts/ensure-native-modules.mjs
//:ensure-native-modules:
//:ensure-native-modules: [ensure-native-modules] Detached hardlinked better-sqlite3 binary before verification
@bb/host-workspace:test: cache miss, executing c572417f3945df76
@bb/host-workspace:test:
@bb/host-workspace:test: > @bb/host-workspace@0.0.1 test <checkout-two>/packages/host-workspace
@bb/host-workspace:test: > vitest run --config vitest.config.ts "test/issue-5331-repro.test.ts"
@bb/host-workspace:test:
@bb/host-workspace:test:
@bb/host-workspace:test:  RUN  v4.1.1 <checkout-two>/packages/host-workspace
@bb/host-workspace:test:
@bb/host-workspace:test: stdout | test/issue-5331-repro.test.ts > keeps status below a diagnostic payload budget with many untracked files
@bb/host-workspace:test: STATUS_PROBE [{"sample":"clean","files":0,"untracked":0,"payloadBytes":342,"durationMs":89,"lineStatsComplete":true},{"sample":"tracked-only","files":19,"untracked":0,"payloadBytes":1636,"durationMs":78,"lineStatsComplete":true},{"sample":"1000-artifacts","files":1019,"untracked":1000,"payloadBytes":195527,"durationMs":76,"lineStatsComplete":false},{"sample":"7000-artifacts","files":7019,"untracked":7000,"payloadBytes":1365527,"durationMs":90,"lineStatsComplete":false},{"sample":"update-0","files":7020,"untracked":7001,"payloadBytes":1365717,"durationMs":93,"lineStatsComplete":false},{"sample":"update-1","files":7021,"untracked":7002,"payloadBytes":1365907,"durationMs":76,"lineStatsComplete":false},{"sample":"update-2","files":7022,"untracked":7003,"payloadBytes":1366097,"durationMs":78,"lineStatsComplete":false}]
@bb/host-workspace:test:
@bb/host-workspace:test:  ❯ |@bb/host-workspace| test/issue-5331-repro.test.ts (1 test | 1 failed) 1535ms
@bb/host-workspace:test:    × keeps status below a diagnostic payload budget with many untracked files 1534ms
@bb/host-workspace:test:
@bb/host-workspace:test: ⎯⎯⎯⎯⎯⎯⎯ Failed Tests 1 ⎯⎯⎯⎯⎯⎯⎯
@bb/host-workspace:test:
@bb/host-workspace:test:  FAIL  |@bb/host-workspace| test/issue-5331-repro.test.ts > keeps status below a diagnostic payload budget with many untracked files
@bb/host-workspace:test: AssertionError: expected 1365527 to be less than 65536
@bb/host-workspace:test:
@bb/host-workspace:test:  ❯ test/issue-5331-repro.test.ts:108:7
@bb/host-workspace:test:  Test Files  1 failed (1)
@bb/host-workspace:test:       Tests  1 failed (1)
@bb/host-workspace:test:    Start at  15:59:54
@bb/host-workspace:test:    Duration  4.14s (transform 2.17s, setup 0ms, import 2.42s, tests 1.53s, environment 0ms)
@bb/host-workspace:test:
@bb/host-workspace:test:     106|       snapshots.find((entry) => entry.sample === "7000-artifacts")
@bb/host-workspace:test:     107|         ?.payloadBytes,
@bb/host-workspace:test:     108|     ).toBeLessThan(64 * 1024);
@bb/host-workspace:test:        |       ^
@bb/host-workspace:test:     109|   } finally {
@bb/host-workspace:test:     110|     await fs.rm(temporaryRoot, { recursive: true, force: true });
@bb/host-workspace:test:
@bb/host-workspace:test: ⎯⎯⎯⎯⎯⎯⎯⎯⎯⎯⎯⎯⎯⎯⎯⎯⎯⎯⎯⎯⎯⎯⎯⎯[1/1]⎯
@bb/host-workspace:test:
@bb/host-workspace:test:  ELIFECYCLE  Test failed. See above for more details.
@bb/host-workspace#test:  ERROR  command (<checkout-two>/packages/host-workspace) /usr/local/bin/pnpm run test test/issue-5331-repro.test.ts exited (1)

 Tasks:    3 successful, 4 total
Cached:    2 cached, 4 total
  Time:    5.653s
Failed:    @bb/host-workspace#test

 ERROR  run failed: command  exited (1)
