
 RUN  v4.1.1 <first-clean-checkout>/plugins/workflows

 ❯ |bb-plugin-workflows:isolated| src/app.test.tsx (21 tests | 1 failed | 20 skipped) 128ms
     × opens actionable worker rows and leaves rows without a child thread inert 128ms

⎯⎯⎯⎯⎯⎯⎯ Failed Tests 1 ⎯⎯⎯⎯⎯⎯⎯

 FAIL  |bb-plugin-workflows:isolated| src/app.test.tsx > workflow-preview directive > opens actionable worker rows and leaves rows without a child thread inert
TestingLibraryElementError: Unable to find an accessible element with the role "button" and name `/adversarial review/i`

Here are the accessible roles:

  region:

  Name "Workflow":
  [36m<section[39m
    [33maria-label[39m=[32m"Workflow"[39m
    [33mclass[39m=[32m"my-2 overflow-hidden rounded-lg border border-border bg-surface-recessed"[39m
    [33mtitle[39m=[32m"::workflow-preview{run=\"wfr_11111111-1111-4111-8111-111111111111\"}"[39m
  [36m/>[39m

  Name "Workflow: Review the release":
  [36m<section[39m
    [33maria-hidden[39m=[32m"false"[39m
    [33maria-labelledby[39m=[32m"_r_1_"[39m
    [33mclass[39m=[32m"grid overflow-hidden transition-[grid-template-rows,opacity,border-color] duration-200 ease-out grid-rows-[1fr] border-t border-border opacity-100"[39m
    [33mid[39m=[32m"_r_0_"[39m
    [33mrole[39m=[32m"region"[39m
  [36m/>[39m

  --------------------------------------------------
  button:

  Name "Workflow: Review the release":
  [36m<button[39m
    [33maria-controls[39m=[32m"_r_0_"[39m
    [33maria-expanded[39m=[32m"true"[39m
    [33maria-label[39m=[32m"Workflow: Review the release"[39m
    [33mclass[39m=[32m"bg-background/70 shadow-xs ring-1 ring-border/60 flex min-h-8 w-full min-w-0 cursor-pointer items-center gap-1.5 rounded-none px-3 py-1.5 text-xs text-foreground transition-colors hover:bg-background/80"[39m
    [33mid[39m=[32m"_r_1_"[39m
    [33mtype[39m=[32m"button"[39m
  [36m/>[39m

  Name "Discover1/1":
  [36m<button[39m
    [33maria-expanded[39m=[32m"false"[39m
    [33mclass[39m=[32m"flex w-full items-center gap-1.5 text-left transition-colors hover:bg-state-hover rounded-md px-2 py-0.5"[39m
    [33mtype[39m=[32m"button"[39m
  [36m/>[39m

  Name "Review0/1":
  [36m<button[39m
    [33maria-expanded[39m=[32m"true"[39m
    [33mclass[39m=[32m"flex w-full items-center gap-1.5 text-left transition-colors hover:bg-state-hover rounded-md bg-background/70 px-2 py-1 ring-border/60 shadow-none ring-0"[39m
    [33mtype[39m=[32m"button"[39m
  [36m/>[39m

  Name "Open in right panel":
  [36m<button[39m
    [33mclass[39m=[32m"inline-flex cursor-pointer items-center justify-center gap-2 whitespace-nowrap font-medium transition-colors duration-150 hover:duration-0 focus-visible:outline-none focus-visible:ring-1 focus-visible:ring-ring disabled:pointer-events-none disabled:opacity-50 [&_svg]:pointer-events-none [&_svg]:size-4 [&_svg]:shrink-0 hover:bg-state-hover hover:text-foreground aria-pressed:bg-state-active aria-pressed:text-foreground aria-pressed:hover:bg-state-active data-[state=open]:bg-state-active data-[state=open]:text-foreground data-[state=open]:hover:bg-state-active rounded-md h-7 px-2 text-xs"[39m
    [33mtype[39m=[32m"button"[39m
  [36m/>[39m

  --------------------------------------------------

Ignored nodes: comments, script, style
[36m<body>[39m
  [36m<div>[39m
    [36m<section[39m
      [33maria-label[39m=[32m"Workflow"[39m
      [33mclass[39m=[32m"my-2 overflow-hidden rounded-lg border border-border bg-surface-recessed"[39m
      [33mtitle[39m=[32m"::workflow-preview{run=\"wfr_11111111-1111-4111-8111-111111111111\"}"[39m
    [36m>[39m
      [36m<button[39m
        [33maria-controls[39m=[32m"_r_0_"[39m
        [33maria-expanded[39m=[32m"true"[39m
        [33maria-label[39m=[32m"Workflow: Review the release"[39m
        [33mclass[39m=[32m"bg-background/70 shadow-xs ring-1 ring-border/60 flex min-h-8 w-full min-w-0 cursor-pointer items-center gap-1.5 rounded-none px-3 py-1.5 text-xs text-foreground transition-colors hover:bg-background/80"[39m
        [33mid[39m=[32m"_r_1_"[39m
        [33mtype[39m=[32m"button"[39m
      [36m>[39m
        [36m<svg[39m
          [33maria-hidden[39m=[32m"true"[39m
          [33mclass[39m=[32m"animate-shine-icon text-foreground size-3.5 shrink-0"[39m
          [33mcolor[39m=[32m"currentColor"[39m
          [33mdata-icon[39m=[32m"Workflow"[39m
          [33mfill[39m=[32m"none"[39m
          [33mheight[39m=[3...
 ❯ Object.getElementError ../../node_modules/.pnpm/@testing-library+dom@10.4.1/node_modules/@testing-library/dom/dist/config.js:37:19
 ❯ ../../node_modules/.pnpm/@testing-library+dom@10.4.1/node_modules/@testing-library/dom/dist/query-helpers.js:76:38
 ❯ ../../node_modules/.pnpm/@testing-library+dom@10.4.1/node_modules/@testing-library/dom/dist/query-helpers.js:52:17
 ❯ ../../node_modules/.pnpm/@testing-library+dom@10.4.1/node_modules/@testing-library/dom/dist/query-helpers.js:95:19
 ❯ src/app.test.tsx:455:26
    453|
    454|     await slot.findByText("Adversarial review");
    455|     fireEvent.click(slot.getByRole("button", { name: /adversarial revi…
       |                          ^
    456|     expect(slot.navigateCalls).toContainEqual({
    457|       method: "toThread",

⎯⎯⎯⎯⎯⎯⎯⎯⎯⎯⎯⎯⎯⎯⎯⎯⎯⎯⎯⎯⎯⎯⎯⎯[1/1]⎯


 Test Files  1 failed (1)
      Tests  1 failed | 20 skipped (21)
   Start at  15:57:00
   Duration  4.28s (transform 204ms, setup 0ms, import 601ms, tests 128ms, environment 3.39s)

exit status: 1
